14:41:03.863  INFO     Connecting to 100.122.9.49:5000...
14:41:03.873  INFO     Network connection established
14:41:03.873  INFO     RX        6 T:107] MR.[C: 90 F:106 T:107] BR.[C: 90 F:106 T:107] BL.[C: 90 F:106 T:107] ML.[C: 90 F:106 T:107] FL.[C: 90 F:106 T:107]
14:41:05.444  DEBUG    TX /CONTROLL/0,0,0,0,0,0,0,0,0
14:41:07.050  DEBUG    TX /CONTROLL/0,0,0,-45,0,0,0,0,0
14:41:08.663  DEBUG    TX /CONTROLL/0,0,0,-34,0,0,0,0,0
14:41:10.271  DEBUG    TX /CONTROLL/0,0,0,0,0,0,0,0,0
14:41:11.879  DEBUG    TX /CONTROLL/0,0,0,-25,0,0,0,0,0
14:41:13.489  DEBUG    TX /CONTROLL/0,0,0,0,0,0,0,0,0
14:41:15.105  DEBUG    TX /CONTROLL/0,0,0,-15,0,0,0,0,0
14:41:16.710  DEBUG    TX /CONTROLL/0,0,0,-29,0,0,0,0,0
14:41:18.321  DEBUG    TX /CONTROLL/0,0,0,-34,0,0,0,0,0
14:41:19.928  DEBUG    TX /CONTROLL/0,0,0,-34,0,0,0,0,0
14:41:21.541  DEBUG    TX /CONTROLL/0,0,0,-52,0,0,0,0,0
14:41:23.150  DEBUG    TX /CONTROLL/0,0,0,0,0,0,0,0,0
14:41:24.755  DEBUG    TX /CONTROLL/0,0,0,0,0,0,0,0,0
14:41:26.365  DEBUG    TX /CONTROLL/0,0,0,0,0,0,0,0,0
14:41:26.898  INFO     RX        /BATTERY/VDDA/12861 mV
14:41:26.898  INFO     RX        === Hexapod Mainboard ===
14:41:26.916  INFO     RX        PCA9685 Right: OK
14:41:26.950  INFO     RX        PCA9685 Left:  OK
14:41:26.984  INFO     RX        LSM6DSO IMU:   OK
14:41:27.127  INFO     RX        VL53L1X ToF:   OK
14:41:27.161  INFO     RX        Locomotion:    INIT (UN_ARMED, printf mode)
14:41:27.161  INFO     RX        Press L1 to arm, R1 to disarm at any time.
14:41:27.161  INFO     RX        Ready.
14:41:27.976  DEBUG    TX /CONTROLL/0,0,0,0,0,0,0,0,0
14:41:29.584  DEBUG    TX /CONTROLL/0,0,0,0,0,0,0,0,0
14:41:31.190  DEBUG    TX /CONTROLL/0,0,0,0,0,0,0,0,0
14:41:32.796  DEBUG    TX /CONTROLL/0,0,0,0,0,0,0,0,0
14:41:34.405  DEBUG    TX /CONTROLL/0,0,0,-27,0,0,0,0,0
14:41:36.017  DEBUG    TX /CONTROLL/0,0,0,0,0,0,0,0,0
14:41:37.632  DEBUG    TX /CONTROLL/0,0,0,0,0,0,0,0,0
14:41:39.244  DEBUG    TX /CONTROLL/0,0,0,-20,0,0,0,0,0
14:41:40.856  DEBUG    TX /CONTROLL/0,0,0,-20,0,0,0,0,0
14:41:42.469  DEBUG    TX /CONTROLL/0,0,0,-20,0,0,0,0,0
14:41:44.076  DEBUG    TX /CONTROLL/0,0,0,-19,0,0,0,0,0
14:41:45.683  DEBUG    TX /CONTROLL/0,0,0,-16,0,0,0,0,0
14:41:47.299  DEBUG    TX /CONTROLL/0,0,0,-100,0,0,0,0,0
14:41:48.912  DEBUG    TX /CONTROLL/0,0,0,-100,0,0,0,0,0
14:41:50.525  DEBUG    TX /CONTROLL/0,0,0,0,0,0,0,0,0
14:41:52.138  DEBUG    TX /CONTROLL/56,-21,0,-27,0,0,0,0,0
14:41:53.745  DEBUG    TX /CONTROLL/0,0,0,0,0,0,0,0,0
14:41:55.352  DEBUG    TX /CONTROLL/0,0,0,0,0,0,0,0,0
14:41:56.957  DEBUG    TX /CONTROLL/0,0,0,0,0,0,0,0,0
14:41:58.567  DEBUG    TX /CONTROLL/0,0,0,-35,0,0,0,0,0
14:42:00.179  DEBUG    TX /CONTROLL/0,0,0,-34,0,0,0,0,0
14:42:01.786  DEBUG    TX /CONTROLL/0,0,0,0,0,0,0,0,0
14:42:03.399  DEBUG    TX /CONTROLL/0,0,0,0,0,0,0,0,0
14:42:05.012  DEBUG    TX /CONTROLL/0,0,0,-47,0,0,0,0,0
14:42:06.624  DEBUG    TX /CONTROLL/0,0,0,-100,0,0,0,0,0
14:42:08.235  DEBUG    TX /CONTROLL/0,0,0,0,0,0,0,0,0
14:42:09.842  DEBUG    TX /CONTROLL/0,0,0,0,0,0,0,0,0
14:42:11.450  DEBUG    TX /CONTROLL/0,0,0,0,0,0,0,0,0
14:42:13.058  DEBUG    TX /CONTROLL/0,0,0,0,0,0,0,0,0
14:42:14.666  DEBUG    TX /CONTROLL/0,0,0,-31,0,0,0,0,0
14:42:16.281  DEBUG    TX /CONTROLL/0,0,0,-30,0,0,0,0,0
14:42:17.889  DEBUG    TX /CONTROLL/0,0,0,0,0,0,0,0,0
14:42:19.494  DEBUG    TX /CONTROLL/0,0,0,-98,0,0,0,0,0
14:42:21.103  DEBUG    TX /CONTROLL/0,0,0,0,0,0,0,0,0
14:42:22.712  DEBUG    TX /CONTROLL/0,0,0,0,0,0,0,0,0
14:42:24.323  DEBUG    TX /CONTROLL/0,0,0,-80,0,0,0,0,0
14:42:25.932  DEBUG    TX /CONTROLL/40,-35,0,-80,0,0,0,0,0
14:42:27.539  DEBUG    TX /CONTROLL/0,0,0,-80,0,0,0,0,0
14:42:29.152  DEBUG    TX /CONTROLL/0,0,0,0,0,0,0,0,0
14:42:30.759  DEBUG    TX /CONTROLL/0,0,0,0,0,0,0,0,0
14:42:32.367  DEBUG    TX /CONTROLL/0,0,0,0,0,0,0,0,0
14:42:33.977  DEBUG    TX /CONTROLL/0,0,0,0,0,0,0,0,0
14:42:35.586  DEBUG    TX /CONTROLL/0,0,0,0,0,0,0,0,0
14:42:37.196  DEBUG    TX /CONTROLL/0,0,0,0,0,0,0,0,0
14:42:38.802  DEBUG    TX /CONTROLL/0,0,0,0,0,0,0,0,0
14:42:40.407  DEBUG    TX /CONTROLL/0,0,0,0,0,0,0,0,0
14:42:42.016  DEBUG    TX /CONTROLL/0,0,0,0,0,0,0,0,0
14:42:43.624  DEBUG    TX /CONTROLL/0,0,0,0,0,0,0,0,0
14:42:45.235  DEBUG    TX /CONTROLL/0,0,0,0,0,0,0,0,0
14:42:46.848  DEBUG    TX /CONTROLL/0,0,0,0,0,0,0,0,0
14:42:48.461  DEBUG    TX /CONTROLL/0,0,0,0,0,0,0,0,0
14:42:50.069  DEBUG    TX /CONTROLL/0,0,0,0,0,0,0,0,0
14:42:51.677  DEBUG    TX /CONTROLL/0,0,0,0,0,0,0,0,0
14:42:53.287  DEBUG    TX /CONTROLL/0,0,0,0,0,0,0,0,0
14:42:54.896  DEBUG    TX /CONTROLL/0,0,0,0,0,0,0,0,0
14:42:56.508  DEBUG    TX /CONTROLL/0,0,0,0,0,0,0,0,0
14:42:58.118  DEBUG    TX /CONTROLL/0,0,0,0,0,0,0,0,0
14:42:59.732  DEBUG    TX /CONTROLL/0,0,0,0,0,0,0,0,0
14:43:01.338  DEBUG    TX /CONTROLL/0,0,0,0,0,0,0,0,0
14:43:02.954  DEBUG    TX /CONTROLL/0,0,0,0,0,0,0,0,0
14:43:04.563  DEBUG    TX /CONTROLL/0,0,0,0,0,0,0,0,0
14:43:06.174  DEBUG    TX /CONTROLL/0,0,0,0,0,0,0,0,0
14:43:07.782  DEBUG    TX /CONTROLL/0,0,0,0,0,0,0,0,0
14:43:09.389  DEBUG    TX /CONTROLL/0,0,0,0,0,0,0,0,0
14:43:10.997  DEBUG    TX /CONTROLL/0,0,0,0,0,0,0,0,0
14:43:12.609  DEBUG    TX /CONTROLL/0,0,0,0,0,0,0,0,0
14:43:14.223  DEBUG    TX /CONTROLL/0,0,0,0,0,0,0,0,0
14:43:15.833  DEBUG    TX /CONTROLL/0,0,0,0,0,0,0,0,0
14:43:17.443  DEBUG    TX /CONTROLL/0,0,0,0,0,0,0,0,0
14:43:19.052  DEBUG    TX /CONTROLL/0,0,0,-18,0,0,0,0,0
14:43:20.660  DEBUG    TX /CONTROLL/0,0,0,-87,0,0,0,0,0
14:43:22.264  DEBUG    TX /CONTROLL/0,0,0,0,0,0,0,0,0
14:43:23.867  DEBUG    TX /CONTROLL/0,0,0,0,0,0,0,0,0
14:43:25.474  DEBUG    TX /CONTROLL/0,0,0,0,0,0,0,0,0
14:43:27.079  DEBUG    TX /CONTROLL/0,0,0,0,0,0,0,0,0
14:43:27.744  INFO     RX        SERVO FR.[C: 90/BATTERY/VDDA/12861 mV
14:43:27.744  INFO     RX        === Hexapod Mainboard ===
14:43:27.762  INFO     RX        PCA9685 Right: OK
14:43:27.790  INFO     RX        PCA9685 Left:  OK
14:43:27.825  INFO     RX        LSM6DSO IMU:   OK
14:43:27.971  INFO     RX        VL53L1X ToF:   OK
14:43:28.001  INFO     RX        Locomotion:    INIT (UN_ARMED, printf mode)
14:43:28.015  INFO     RX        Press L1 to arm, R1 to disarm at any time.
14:43:28.015  INFO     RX        Ready.
14:43:28.687  DEBUG    TX /CONTROLL/0,0,0,0,0,0,0,0,0
14:43:30.300  DEBUG    TX /CONTROLL/0,0,0,0,0,0,0,0,0
14:43:31.907  DEBUG    TX /CONTROLL/0,0,0,0,0,0,0,0,0
14:43:32.418  WARNING  Connection closed by remote
14:43:33.515  DEBUG    TX /CONTROLL/0,0,0,0,0,0,0,0,0
14:43:35.125  DEBUG    TX /CONTROLL/0,0,0,0,0,0,0,0,0
14:43:36.738  DEBUG    TX /CONTROLL/0,0,0,0,0,0,0,0,0
14:43:38.351  DEBUG    TX /CONTROLL/0,0,0,0,0,0,0,0,0
