15:07:24.644  INFO     Connecting to 100.122.9.49:5000...
15:07:26.234  DEBUG    TX /CONTROLL/0,0,0,0,0,0,0,0,0
15:07:27.842  DEBUG    TX /CONTROLL/0,0,0,0,0,0,0,0,0
15:07:29.454  DEBUG    TX /CONTROLL/0,0,0,0,0,0,0,0,0
15:07:31.064  DEBUG    TX /CONTROLL/0,0,0,0,0,0,0,0,0
15:07:32.205  INFO     Network connection established
15:07:32.205  INFO     RX        /BATTERY/VDDA/12867 mV
15:07:32.205  INFO     RX        === Hexapod Mainboard ===
15:07:32.219  INFO     RX        PCA9685 Right: OK
15:07:32.237  INFO     RX        PCA9685 Left:  OK
15:07:32.429  INFO     RX        VL53L1X ToF:   OK
15:07:32.482  INFO     RX        Locomotion:    INIT (UN_ARMED, printf mode)
15:07:32.482  INFO     RX        Press L1 to arm, R1 to disarm at any time.
15:07:32.482  INFO     RX        Ready.
15:07:32.671  DEBUG    TX /CONTROLL/0,0,0,0,0,0,0,0,0
15:07:34.284  DEBUG    TX /CONTROLL/0,0,0,0,0,0,0,0,4
15:07:35.905  DEBUG    TX /CONTROLL/0,0,0,-16,0,0,0,0,0
15:07:37.517  DEBUG    TX /CONTROLL/0,0,0,-46,0,0,0,0,0
15:07:39.137  DEBUG    TX /CONTROLL/0,0,0,0,0,0,0,0,0
15:07:40.746  DEBUG    TX /CONTROLL/0,0,0,-25,0,0,0,0,0
15:07:42.361  DEBUG    TX /CONTROLL/0,0,0,0,0,0,0,0,0
15:07:43.972  DEBUG    TX /CONTROLL/0,0,0,-16,0,0,0,0,0
15:07:45.585  DEBUG    TX /CONTROLL/0,0,0,-16,0,0,0,0,0
15:07:47.195  DEBUG    TX /CONTROLL/0,0,0,-26,0,0,0,0,0
15:07:48.807  DEBUG    TX /CONTROLL/0,0,0,0,0,0,0,0,0
15:07:50.421  DEBUG    TX /CONTROLL/0,0,0,0,0,0,0,0,0
15:07:52.036  DEBUG    TX /CONTROLL/0,0,0,0,0,0,0,0,0
15:07:53.645  DEBUG    TX /CONTROLL/0,12,-45,0,0,0,0,0,0
15:07:55.256  DEBUG    TX /CONTROLL/0,0,-12,0,0,0,0,0,0
15:07:56.865  DEBUG    TX /CONTROLL/0,0,0,0,0,0,0,0,0
15:07:58.476  DEBUG    TX /CONTROLL/0,0,0,0,0,0,0,0,0
15:08:00.090  DEBUG    TX /CONTROLL/0,0,22,0,0,0,0,0,0
15:08:01.698  DEBUG    TX /CONTROLL/0,0,0,0,0,0,0,0,0
15:08:03.308  DEBUG    TX /CONTROLL/0,0,-23,0,0,0,0,0,0
15:08:04.921  DEBUG    TX /CONTROLL/0,0,0,0,0,0,0,0,0
15:08:06.536  DEBUG    TX /CONTROLL/0,0,0,0,0,0,0,0,0
15:08:08.147  DEBUG    TX /CONTROLL/0,0,0,0,0,0,0,0,0
15:08:09.760  DEBUG    TX /CONTROLL/0,0,0,0,0,0,0,0,0
15:08:11.374  DEBUG    TX /CONTROLL/0,0,0,0,0,0,0,0,0
15:08:12.989  DEBUG    TX /CONTROLL/0,0,0,0,0,0,0,0,0
15:08:14.596  DEBUG    TX /CONTROLL/0,0,0,0,0,0,0,0,0
15:08:16.205  DEBUG    TX /CONTROLL/0,0,0,0,0,0,0,0,0
15:08:17.813  DEBUG    TX /CONTROLL/0,0,0,0,0,0,0,0,0
15:08:19.426  DEBUG    TX /CONTROLL/0,0,0,0,0,0,0,0,0
15:08:21.041  DEBUG    TX /CONTROLL/0,0,0,0,0,0,0,0,0
15:08:22.652  DEBUG    TX /CONTROLL/0,0,0,0,0,0,0,0,0
15:08:24.265  DEBUG    TX /CONTROLL/0,0,0,0,0,0,0,0,0
15:08:25.875  DEBUG    TX /CONTROLL/0,0,0,0,0,0,0,0,0
15:08:27.490  DEBUG    TX /CONTROLL/0,0,0,0,0,0,0,0,0
15:08:29.104  DEBUG    TX /CONTROLL/0,0,0,-14,0,0,0,0,0
15:08:30.714  DEBUG    TX /CONTROLL/0,0,0,-23,0,0,0,0,0
15:08:32.335  DEBUG    TX /CONTROLL/0,0,0,-23,0,0,0,0,0
15:08:33.946  DEBUG    TX /CONTROLL/0,0,0,-23,0,0,0,0,0
15:08:35.560  DEBUG    TX /CONTROLL/0,0,0,-23,0,0,0,0,0
15:08:37.169  DEBUG    TX /CONTROLL/0,0,0,0,0,0,0,0,0
15:08:38.784  DEBUG    TX /CONTROLL/0,0,0,0,0,0,0,0,0
15:08:40.397  DEBUG    TX /CONTROLL/0,0,0,-25,0,0,0,0,0
15:08:42.007  DEBUG    TX /CONTROLL/0,0,0,-27,0,0,0,0,0
15:08:43.614  DEBUG    TX /CONTROLL/0,0,0,0,0,0,0,0,0
15:08:45.224  DEBUG    TX /CONTROLL/0,0,0,0,0,0,0,0,0
15:08:46.838  DEBUG    TX /CONTROLL/0,0,0,0,0,0,0,0,0
15:08:48.438  DEBUG    TX /CONTROLL/0,0,0,0,0,0,0,0,0
15:08:50.046  DEBUG    TX /CONTROLL/0,0,0,0,0,0,0,0,0
15:08:51.659  DEBUG    TX /CONTROLL/0,0,0,0,0,0,0,0,0
15:08:53.267  DEBUG    TX /CONTROLL/0,0,0,0,0,0,0,0,0
15:08:54.875  DEBUG    TX /CONTROLL/0,0,0,0,0,0,0,0,0
15:08:56.486  DEBUG    TX /CONTROLL/0,0,0,0,0,0,0,0,0
15:08:58.097  DEBUG    TX /CONTROLL/0,0,0,0,0,0,0,0,0
15:08:59.709  DEBUG    TX /CONTROLL/0,0,0,0,0,0,0,0,0
15:09:01.322  DEBUG    TX /CONTROLL/0,0,0,0,0,0,0,0,0
15:09:02.936  DEBUG    TX /CONTROLL/0,0,0,0,0,0,0,0,0
15:09:04.545  DEBUG    TX /CONTROLL/0,0,0,0,0,0,0,0,0
15:09:06.157  DEBUG    TX /CONTROLL/0,0,0,0,0,0,0,0,0
15:09:07.767  DEBUG    TX /CONTROLL/0,0,0,0,0,0,0,0,0
15:09:09.375  DEBUG    TX /CONTROLL/0,0,0,0,0,0,0,0,0
15:09:10.989  DEBUG    TX /CONTROLL/0,0,0,0,0,0,0,0,0
15:09:12.596  DEBUG    TX /CONTROLL/0,0,0,0,0,0,0,0,0
15:09:14.205  DEBUG    TX /CONTROLL/0,0,0,0,0,0,0,0,0
15:09:15.817  DEBUG    TX /CONTROLL/0,0,0,0,0,0,0,0,0
15:09:17.425  DEBUG    TX /CONTROLL/0,0,0,0,0,0,0,0,0
15:09:19.036  DEBUG    TX /CONTROLL/0,0,0,0,0,0,0,0,0
15:09:20.651  DEBUG    TX /CONTROLL/0,0,0,0,0,0,0,0,0
15:09:22.259  DEBUG    TX /CONTROLL/0,0,0,0,0,0,0,0,0
15:09:23.869  DEBUG    TX /CONTROLL/0,0,0,0,0,0,0,0,0
15:09:25.482  DEBUG    TX /CONTROLL/0,0,0,0,0,0,0,0,0
15:09:27.090  DEBUG    TX /CONTROLL/0,0,0,0,0,0,0,0,0
15:09:28.700  DEBUG    TX /CONTROLL/0,0,0,0,0,0,0,0,0
15:09:30.311  DEBUG    TX /CONTROLL/0,0,0,0,0,0,0,0,0
15:09:31.924  DEBUG    TX /CONTROLL/0,0,0,0,0,0,0,0,0
15:09:33.535  DEBUG    TX /CONTROLL/0,0,0,0,0,0,0,0,0
15:09:35.143  DEBUG    TX /CONTROLL/0,0,0,0,0,0,0,0,0
15:09:36.756  DEBUG    TX /CONTROLL/0,0,0,0,0,0,0,0,0
15:09:38.361  DEBUG    TX /CONTROLL/0,0,0,0,0,0,0,0,0
15:09:39.965  DEBUG    TX /CONTROLL/0,0,0,0,0,0,0,0,0
15:09:41.573  DEBUG    TX /CONTROLL/0,0,0,0,0,0,0,0,0
15:09:43.183  DEBUG    TX /CONTROLL/0,0,0,0,0,0,0,0,0
15:09:44.792  DEBUG    TX /CONTROLL/0,0,0,0,0,0,0,0,0
15:09:46.395  DEBUG    TX /CONTROLL/0,0,0,0,0,0,0,0,0
15:09:48.003  DEBUG    TX /CONTROLL/0,0,0,0,0,0,0,0,0
15:09:49.609  DEBUG    TX /CONTROLL/0,0,0,0,0,0,0,0,0
15:09:51.219  DEBUG    TX /CONTROLL/0,0,0,0,0,0,0,0,0
15:09:52.834  DEBUG    TX /CONTROLL/0,0,0,0,0,0,0,0,0
15:09:54.439  DEBUG    TX /CONTROLL/0,0,0,0,0,0,0,0,0
15:09:56.051  DEBUG    TX /CONTROLL/0,0,0,0,0,0,0,0,0
15:09:57.662  DEBUG    TX /CONTROLL/0,0,0,0,0,0,0,0,0
15:09:59.272  DEBUG    TX /CONTROLL/0,0,0,0,0,0,0,0,0
15:10:00.880  DEBUG    TX /CONTROLL/0,0,0,0,0,0,0,0,0
15:10:02.494  DEBUG    TX /CONTROLL/0,0,0,0,0,0,0,0,0
15:10:04.100  DEBUG    TX /CONTROLL/0,0,0,0,0,0,0,0,0
15:10:05.710  DEBUG    TX /CONTROLL/0,0,0,0,0,0,0,0,0
15:10:07.317  DEBUG    TX /CONTROLL/0,0,0,0,0,0,0,0,0
15:10:08.923  DEBUG    TX /CONTROLL/0,0,0,0,0,0,0,0,0
15:10:10.532  DEBUG    TX /CONTROLL/0,0,0,0,0,0,0,0,0
15:10:12.147  DEBUG    TX /CONTROLL/0,0,0,0,0,0,0,0,0
15:10:13.756  DEBUG    TX /CONTROLL/0,0,0,0,0,0,0,0,0
15:10:15.368  DEBUG    TX /CONTROLL/0,0,0,0,0,0,0,0,0
15:10:16.979  DEBUG    TX /CONTROLL/0,0,0,0,0,0,0,0,0
15:10:18.591  DEBUG    TX /CONTROLL/0,0,0,0,0,0,0,0,0
15:10:20.197  DEBUG    TX /CONTROLL/0,0,0,0,0,0,0,0,0
15:10:21.808  DEBUG    TX /CONTROLL/0,0,0,0,0,0,0,0,0
15:10:23.414  DEBUG    TX /CONTROLL/0,0,0,0,0,0,0,0,0
15:10:25.021  DEBUG    TX /CONTROLL/0,0,0,0,0,0,0,0,0
15:10:26.632  DEBUG    TX /CONTROLL/0,0,0,0,0,0,0,0,0
15:10:28.242  DEBUG    TX /CONTROLL/0,0,0,0,0,0,0,0,0
15:10:29.853  DEBUG    TX /CONTROLL/0,0,0,0,0,0,0,0,0
15:10:31.468  DEBUG    TX /CONTROLL/0,0,0,0,0,0,0,0,0
15:10:33.085  DEBUG    TX /CONTROLL/0,0,0,0,0,0,0,0,0
15:10:34.696  DEBUG    TX /CONTROLL/0,0,0,0,0,0,0,0,0
15:10:36.302  DEBUG    TX /CONTROLL/0,0,0,0,0,0,0,0,0
15:10:37.912  DEBUG    TX /CONTROLL/0,0,0,0,0,0,0,0,0
15:10:39.523  DEBUG    TX /CONTROLL/0,0,0,0,0,0,0,0,0
15:10:41.141  DEBUG    TX /CONTROLL/0,0,0,0,0,0,0,0,0
15:10:42.752  DEBUG    TX /CONTROLL/0,0,0,0,0,0,0,0,0
15:10:44.364  DEBUG    TX /CONTROLL/0,0,0,0,0,0,0,0,0
15:10:45.974  DEBUG    TX /CONTROLL/0,0,0,0,0,0,0,0,0
15:10:47.581  DEBUG    TX /CONTROLL/0,0,0,0,0,0,0,0,0
15:10:49.194  DEBUG    TX /CONTROLL/0,0,0,0,0,0,0,0,0
15:10:50.808  DEBUG    TX /CONTROLL/0,0,0,0,0,0,0,0,0
15:10:52.414  DEBUG    TX /CONTROLL/0,0,0,0,0,0,0,0,0
15:10:54.026  DEBUG    TX /CONTROLL/0,0,0,0,0,0,0,0,0
15:10:55.635  DEBUG    TX /CONTROLL/0,0,0,0,0,0,0,0,0
15:10:57.243  DEBUG    TX /CONTROLL/0,0,0,0,0,0,0,0,0
15:10:58.856  DEBUG    TX /CONTROLL/0,0,0,0,0,0,0,0,0
15:11:00.472  DEBUG    TX /CONTROLL/0,0,0,0,0,0,0,0,0
15:11:02.085  DEBUG    TX /CONTROLL/0,0,0,0,0,0,0,0,0
15:11:03.701  DEBUG    TX /CONTROLL/0,0,0,0,0,0,0,0,0
15:11:05.311  DEBUG    TX /CONTROLL/0,0,0,0,0,0,0,0,0
15:11:06.918  DEBUG    TX /CONTROLL/0,0,0,0,0,0,0,0,0
15:11:08.525  DEBUG    TX /CONTROLL/0,0,0,0,0,0,0,0,0
15:11:10.130  DEBUG    TX /CONTROLL/0,0,0,0,0,0,0,0,0
15:11:11.739  DEBUG    TX /CONTROLL/0,0,0,0,0,0,0,0,0
15:11:13.344  DEBUG    TX /CONTROLL/0,0,0,0,0,0,0,0,0
15:11:14.954  DEBUG    TX /CONTROLL/0,0,0,0,0,0,0,0,0
15:11:16.566  DEBUG    TX /CONTROLL/0,0,0,0,0,0,0,0,0
15:11:18.181  DEBUG    TX /CONTROLL/0,0,0,0,0,0,0,0,0
15:11:19.787  DEBUG    TX /CONTROLL/0,0,0,0,0,0,0,0,0
15:11:21.396  DEBUG    TX /CONTROLL/0,0,0,0,0,0,0,0,0
15:11:23.000  DEBUG    TX /CONTROLL/0,0,0,0,0,0,0,0,0
15:11:24.609  DEBUG    TX /CONTROLL/0,0,0,0,0,0,0,0,0
15:11:26.220  DEBUG    TX /CONTROLL/0,0,0,0,0,0,0,0,0
15:11:27.826  DEBUG    TX /CONTROLL/0,0,0,0,0,0,0,0,0
15:11:29.432  DEBUG    TX /CONTROLL/0,0,0,0,0,0,0,0,0
15:11:31.031  DEBUG    TX /CONTROLL/0,0,0,0,0,0,0,0,0
15:11:32.641  DEBUG    TX /CONTROLL/0,0,0,0,0,0,0,0,0
15:11:34.254  DEBUG    TX /CONTROLL/0,0,0,-16,0,0,0,0,0
15:11:35.866  DEBUG    TX /CONTROLL/0,0,0,-18,0,0,0,0,0
15:11:37.471  DEBUG    TX /CONTROLL/0,0,0,0,0,0,0,0,0
15:11:39.080  DEBUG    TX /CONTROLL/0,0,0,-62,0,0,0,0,0
15:11:39.728  INFO     RX        /ERR/LOKO/0x00000002
15:11:39.728  INFO     RX        /ERR/LOKO/0x00000002
15:11:39.759  INFO     RX        /ERR/LOKO/0x00000002
15:11:39.759  INFO     RX        /ERR/LOKO/0x00000002
15:11:39.760  INFO     RX        /ERR/LOKO/0x00000002
15:11:39.795  INFO     RX        /ERR/LOKO/0x00000002
15:11:39.795  INFO     RX        /ERR/LOKO/0x00000002
15:11:39.795  INFO     RX        /ERR/LOKO/0x00000002
15:11:39.824  INFO     RX        /ERR/LOKO/0x00000002
15:11:39.824  INFO     RX        /ERR/LOKO/0x00000002
15:11:39.855  INFO     RX        /ERR/LOKO/0x00000002
15:11:39.855  INFO     RX        /ERR/LOKO/0x00000002
15:11:39.855  INFO     RX        /ERR/LOKO/0x00000002
15:11:39.890  INFO     RX        /ERR/LOKO/0x00000002
15:11:39.890  INFO     RX        /ERR/LOKO/0x00000002
15:11:39.890  INFO     RX        /ERR/LOKO/0x00000002
15:11:39.920  INFO     RX        /ERR/LOKO/0x00000002
15:11:39.920  INFO     RX        /ERR/LOKO/0x00000002
15:11:39.955  INFO     RX        /ERR/LOKO/0x00000002
15:11:39.955  INFO     RX        /ERR/LOKO/0x00000002
15:11:39.955  INFO     RX        /ERR/LOKO/0x00000002
15:11:39.987  INFO     RX        /ERR/LOKO/0x00000002
15:11:39.987  INFO     RX        /ERR/LOKO/0x00000002
15:11:39.987  INFO     RX        /ERR/LOKO/0x00000002
15:11:40.020  INFO     RX        /ERR/LOKO/0x00000002
15:11:40.020  INFO     RX        /ERR/LOKO/0x00000002
15:11:40.020  INFO     RX        /ERR/LOKO/0x00000002
15:11:40.048  INFO     RX        /ERR/LOKO/0x00000002
15:11:40.048  INFO     RX        /ERR/LOKO/0x00000002
15:11:40.083  INFO     RX        /ERR/LOKO/0x00000002
15:11:40.084  INFO     RX        /ERR/LOKO/0x00000002
15:11:40.084  INFO     RX        /ERR/LOKO/0x00000002
15:11:40.115  INFO     RX        /ERR/LOKO/0x00000002
15:11:40.115  INFO     RX        /ERR/LOKO/0x00000002
15:11:40.115  INFO     RX        /ERR/LOKO/0x00000002
15:11:40.147  INFO     RX        /ERR/LOKO/0x00000002
15:11:40.147  INFO     RX        /ERR/LOKO/0x00000002
15:11:40.147  INFO     RX        /ERR/LOKO/0x00000002
15:11:40.179  INFO     RX        /ERR/LOKO/0x00000002
15:11:40.179  INFO     RX        /ERR/LOKO/0x00000002
15:11:40.180  INFO     RX        /ERR/LOKO/0x00000002
15:11:40.211  INFO     RX        /ERR/LOKO/0x00000002
15:11:40.212  INFO     RX        /ERR/LOKO/0x00000002
15:11:40.244  INFO     RX        /ERR/LOKO/0x00000002
15:11:40.245  INFO     RX        /ERR/LOKO/0x00000002
15:11:40.245  INFO     RX        /ERR/LOKO/0x00000002
15:11:40.274  INFO     RX        /ERR/LOKO/0x00000002
15:11:40.274  INFO     RX        /ERR/LOKO/0x00000002
15:11:40.274  INFO     RX        /ERR/LOKO/0x00000002
15:11:40.310  INFO     RX        /ERR/LOKO/0x00000002
15:11:40.310  INFO     RX        /ERR/LOKO/0x00000002
15:11:40.310  INFO     RX        /ERR/LOKO/0x00000002
15:11:40.338  INFO     RX        /ERR/LOKO/0x00000002
15:11:40.338  INFO     RX        /ERR/LOKO/0x00000002
15:11:40.369  INFO     RX        /ERR/LOKO/0x00000002
15:11:40.370  INFO     RX        /ERR/LOKO/0x00000002
15:11:40.370  INFO     RX        /ERR/LOKO/0x00000002
15:11:40.404  INFO     RX        /ERR/LOKO/0x00000002
15:11:40.404  INFO     RX        /ERR/LOKO/0x00000002
15:11:40.404  INFO     RX        /ERR/LOKO/0x00000002
15:11:40.434  INFO     RX        /ERR/LOKO/0x00000002
15:11:40.434  INFO     RX        /ERR/LOKO/0x00000002
15:11:40.434  INFO     RX        /ERR/LOKO/0x00000002
15:11:40.470  INFO     RX        /ERR/LOKO/0x00000002
15:11:40.470  INFO     RX        /ERR/LOKO/0x00000002
15:11:40.470  INFO     RX        /ERR/LOKO/0x00000002
15:11:40.502  INFO     RX        /ERR/LOKO/0x00000002
15:11:40.688  DEBUG    TX /CONTROLL/0,0,0,0,0,0,0,0,0
15:11:41.790  INFO     RX        /ERR/LOKO/0x00000002
15:11:41.790  INFO     RX        /ERR/LOKO/0x00000002
15:11:41.817  INFO     RX        /ERR/LOKO/0x00000002
15:11:41.817  INFO     RX        /ERR/LOKO/0x00000002
15:11:41.817  INFO     RX        /ERR/LOKO/0x00000002
15:11:41.852  INFO     RX        /ERR/LOKO/0x00000002
15:11:41.852  INFO     RX        /ERR/LOKO/0x00000002
15:11:41.852  INFO     RX        /ERR/LOKO/0x00000002
15:11:41.882  INFO     RX        /ERR/LOKO/0x00000002
15:11:41.882  INFO     RX        /ERR/LOKO/0x00000002
15:11:41.883  INFO     RX        /ERR/LOKO/0x00000002
15:11:41.917  INFO     RX        /ERR/LOKO/0x00000002
15:11:41.917  INFO     RX        /ERR/LOKO/0x00000002
15:11:41.917  INFO     RX        /ERR/LOKO/0x00000002
15:11:41.947  INFO     RX        /ERR/LOKO/0x00000002
15:11:41.947  INFO     RX        /ERR/LOKO/0x00000002
15:11:41.982  INFO     RX        /ERR/LOKO/0x00000002
15:11:41.982  INFO     RX        /ERR/LOKO/0x00000002
15:11:41.982  INFO     RX        /ERR/LOKO/0x00000002
15:11:42.012  INFO     RX        /ERR/LOKO/0x00000002
15:11:42.012  INFO     RX        /ERR/LOKO/0x00000002
15:11:42.012  INFO     RX        /ERR/LOKO/0x00000002
15:11:42.047  INFO     RX        /ERR/LOKO/0x00000002
15:11:42.047  INFO     RX        /ERR/LOKO/0x00000002
15:11:42.047  INFO     RX        /ERR/LOKO/0x00000002
15:11:42.079  INFO     RX        /ERR/LOKO/0x00000002
15:11:42.079  INFO     RX        /ERR/LOKO/0x00000002
15:11:42.112  INFO     RX        /ERR/LOKO/0x00000002
15:11:42.113  INFO     RX        /ERR/LOKO/0x00000002
15:11:42.113  INFO     RX        /ERR/LOKO/0x00000002
15:11:42.141  INFO     RX        /ERR/LOKO/0x00000002
15:11:42.141  INFO     RX        /ERR/LOKO/0x00000002
15:11:42.141  INFO     RX        /ERR/LOKO/0x00000002
15:11:42.175  INFO     RX        /ERR/LOKO/0x00000002
15:11:42.175  INFO     RX        /ERR/LOKO/0x00000002
15:11:42.175  INFO     RX        /ERR/LOKO/0x00000002
15:11:42.208  INFO     RX        /ERR/LOKO/0x00000002
15:11:42.208  INFO     RX        /ERR/LOKO/0x00000002
15:11:42.208  INFO     RX        /ERR/LOKO/0x00000002
15:11:42.237  INFO     RX        /ERR/LOKO/0x00000002
15:11:42.238  INFO     RX        /ERR/LOKO/0x00000002
15:11:42.272  INFO     RX        /ERR/LOKO/0x00000002
15:11:42.272  INFO     RX        /ERR/LOKO/0x00000002
15:11:42.272  INFO     RX        /ERR/LOKO/0x00000002
15:11:42.299  DEBUG    TX /CONTROLL/0,0,0,0,0,0,0,0,0
15:11:42.302  INFO     RX        /ERR/LOKO/0x00000002
15:11:42.302  INFO     RX        /ERR/LOKO/0x00000002
15:11:42.302  INFO     RX        /ERR/LOKO/0x00000002
15:11:42.336  INFO     RX        /ERR/LOKO/0x00000002
15:11:42.336  INFO     RX        /ERR/LOKO/0x00000002
15:11:42.336  INFO     RX        /ERR/LOKO/0x00000002
15:11:42.366  INFO     RX        /ERR/LOKO/0x00000002
15:11:42.366  INFO     RX        /ERR/LOKO/0x00000002
15:11:42.400  INFO     RX        /ERR/LOKO/0x00000002
15:11:42.400  INFO     RX        /ERR/LOKO/0x00000002
15:11:42.400  INFO     RX        /ERR/LOKO/0x00000002
15:11:42.430  INFO     RX        /ERR/LOKO/0x00000002
15:11:42.430  INFO     RX        /ERR/LOKO/0x00000002
15:11:42.430  INFO     RX        /ERR/LOKO/0x00000002
15:11:42.465  INFO     RX        /ERR/LOKO/0x00000002
15:11:42.465  INFO     RX        /ERR/LOKO/0x00000002
15:11:42.465  INFO     RX        /ERR/LOKO/0x00000002
15:11:42.495  INFO     RX        /ERR/LOKO/0x00000002
15:11:42.495  INFO     RX        /ERR/LOKO/0x00000002
15:11:42.530  INFO     RX        /ERR/LOKO/0x00000002
15:11:42.530  INFO     RX        /ERR/LOKO/0x00000002
15:11:42.530  INFO     RX        /ERR/LOKO/0x00000002
15:11:42.560  INFO     RX        /ERR/LOKO/0x00000002
15:11:42.561  INFO     RX        /ERR/LOKO/0x00000002
15:11:42.561  INFO     RX        /ERR/LOKO/0x00000002
15:11:42.594  INFO     RX        /ERR/LOKO/0x00000002
15:11:42.594  INFO     RX        /ERR/LOKO/0x00000002
15:11:42.594  INFO     RX        /ERR/LOKO/0x00000002
15:11:42.623  INFO     RX        /ERR/LOKO/0x00000002
15:11:42.623  INFO     RX        /ERR/LOKO/0x00000002
15:11:42.659  INFO     RX        /ERR/LOKO/0x00000002
15:11:42.659  INFO     RX        /ERR/LOKO/0x00000002
15:11:42.659  INFO     RX        /ERR/LOKO/0x00000002
15:11:42.691  INFO     RX        /ERR/LOKO/0x00000002
15:11:42.691  INFO     RX        /ERR/LOKO/0x00000002
15:11:42.691  INFO     RX        /ERR/LOKO/0x00000002
15:11:42.724  INFO     RX        /ERR/LOKO/0x00000002
15:11:42.724  INFO     RX        /ERR/LOKO/0x00000002
15:11:42.724  INFO     RX        /ERR/LOKO/0x00000002
15:11:42.755  INFO     RX        /ERR/LOKO/0x00000002
15:11:42.756  INFO     RX        /ERR/LOKO/0x00000002
15:11:42.756  INFO     RX        /ERR/LOKO/0x00000002
15:11:42.789  INFO     RX        /ERR/LOKO/0x00000002
15:11:42.790  INFO     RX        /ERR/LOKO/0x00000002
15:11:42.790  INFO     RX        /ERR/LOKO/0x00000002
15:11:42.817  INFO     RX        /ERR/LOKO/0x00000002
15:11:42.817  INFO     RX        /ERR/LOKO/0x00000002
15:11:42.852  INFO     RX        /ERR/LOKO/0x00000002
15:11:42.852  INFO     RX        /ERR/LOKO/0x00000002
15:11:42.852  INFO     RX        /ERR/LOKO/0x00000002
15:11:42.883  INFO     RX        /ERR/LOKO/0x00000002
15:11:42.884  INFO     RX        /ERR/LOKO/0x00000002
15:11:42.884  INFO     RX        /ERR/LOKO/0x00000002
15:11:42.918  INFO     RX        /ERR/LOKO/0x00000002
15:11:42.918  INFO     RX        /ERR/LOKO/0x00000002
15:11:42.918  INFO     RX        /ERR/LOKO/0x00000002
15:11:42.946  INFO     RX        /ERR/LOKO/0x00000002
15:11:42.946  INFO     RX        /ERR/LOKO/0x00000002
15:11:42.981  INFO     RX        /ERR/LOKO/0x00000002
15:11:42.981  INFO     RX        /ERR/LOKO/0x00000002
15:11:42.981  INFO     RX        /ERR/LOKO/0x00000002
15:11:43.010  INFO     RX        /ERR/LOKO/0x00000002
15:11:43.908  DEBUG    TX /CONTROLL/0,0,0,-31,0,0,0,0,0
15:11:45.517  DEBUG    TX /CONTROLL/0,0,0,0,0,0,0,0,0
15:11:45.749  INFO     RX        /ERR/LOKO/0x00000002
15:11:45.750  INFO     RX        /ERR/LOKO/0x00000002
15:11:45.780  INFO     RX        /ERR/LOKO/0x00000002
15:11:45.780  INFO     RX        /ERR/LOKO/0x00000002
15:11:45.816  INFO     RX        /ERR/LOKO/0x00000002
15:11:45.816  INFO     RX        /ERR/LOKO/0x00000002
15:11:45.816  INFO     RX        /ERR/LOKO/0x00000002
15:11:45.847  INFO     RX        /ERR/LOKO/0x00000002
15:11:45.847  INFO     RX        /ERR/LOKO/0x00000002
15:11:45.847  INFO     RX        /ERR/LOKO/0x00000002
15:11:45.880  INFO     RX        /ERR/LOKO/0x00000002
15:11:45.880  INFO     RX        /ERR/LOKO/0x00000002
15:11:45.880  INFO     RX        /ERR/LOKO/0x00000002
15:11:45.909  INFO     RX        /ERR/LOKO/0x00000002
15:11:45.909  INFO     RX        /ERR/LOKO/0x00000002
15:11:45.943  INFO     RX        /ERR/LOKO/0x00000002
15:11:45.943  INFO     RX        /ERR/LOKO/0x00000002
15:11:45.943  INFO     RX        /ERR/LOKO/0x00000002
15:11:45.974  INFO     RX        /ERR/LOKO/0x00000002
15:11:45.974  INFO     RX        /ERR/LOKO/0x00000002
15:11:45.974  INFO     RX        /ERR/LOKO/0x00000002
15:11:46.007  INFO     RX        /ERR/LOKO/0x00000002
15:11:46.007  INFO     RX        /ERR/LOKO/0x00000002
15:11:46.007  INFO     RX        /ERR/LOKO/0x00000002
15:11:46.040  INFO     RX        /ERR/LOKO/0x00000002
15:11:46.040  INFO     RX        /ERR/LOKO/0x00000002
15:11:46.040  INFO     RX        /ERR/LOKO/0x00000002
15:11:46.073  INFO     RX        /ERR/LOKO/0x00000002
15:11:46.073  INFO     RX        /ERR/LOKO/0x00000002
15:11:46.073  INFO     RX        /ERR/LOKO/0x00000002
15:11:46.102  INFO     RX        /ERR/LOKO/0x00000002
15:11:46.103  INFO     RX        /ERR/LOKO/0x00000002
15:11:46.137  INFO     RX        /ERR/LOKO/0x00000002
15:11:46.137  INFO     RX        /ERR/LOKO/0x00000002
15:11:46.137  INFO     RX        /ERR/LOKO/0x00000002
15:11:46.167  INFO     RX        /ERR/LOKO/0x00000002
15:11:46.167  INFO     RX        /ERR/LOKO/0x00000002
15:11:46.167  INFO     RX        /ERR/LOKO/0x00000002
15:11:46.203  INFO     RX        /ERR/LOKO/0x00000002
15:11:46.203  INFO     RX        /ERR/LOKO/0x00000002
15:11:46.203  INFO     RX        /ERR/LOKO/0x00000002
15:11:46.232  INFO     RX        /ERR/LOKO/0x00000002
15:11:46.232  INFO     RX        /ERR/LOKO/0x00000002
15:11:46.263  INFO     RX        /ERR/LOKO/0x00000002
15:11:46.263  INFO     RX        /ERR/LOKO/0x00000002
15:11:46.263  INFO     RX        /ERR/LOKO/0x00000002
15:11:46.299  INFO     RX        /ERR/LOKO/0x00000002
15:11:46.299  INFO     RX        /ERR/LOKO/0x00000002
15:11:46.299  INFO     RX        /ERR/LOKO/0x00000002
15:11:46.327  INFO     RX        /ERR/LOKO/0x00000002
15:11:46.327  INFO     RX        /ERR/LOKO/0x00000002
15:11:46.363  INFO     RX        /ERR/LOKO/0x00000002
15:11:46.363  INFO     RX        /ERR/LOKO/0x00000002
15:11:46.363  INFO     RX        /ERR/LOKO/0x00000002
15:11:46.363  INFO     RX        /ERR/LOKO/0x00000002
15:11:46.396  INFO     RX        /ERR/LOKO/0x00000002
15:11:46.396  INFO     RX        /ERR/LOKO/0x00000002
15:11:46.427  INFO     RX        /ERR/LOKO/0x00000002
15:11:46.427  INFO     RX        /ERR/LOKO/0x00000002
15:11:46.427  INFO     RX        /ERR/LOKO/0x00000002
15:11:46.461  INFO     RX        /ERR/LOKO/0x00000002
15:11:46.462  INFO     RX        /ERR/LOKO/0x00000002
15:11:46.462  INFO     RX        /ERR/LOKO/0x00000002
15:11:46.491  INFO     RX        /ERR/LOKO/0x00000002
15:11:46.492  INFO     RX        /ERR/LOKO/0x00000002
15:11:46.492  INFO     RX        /ERR/LOKO/0x00000002
15:11:46.526  INFO     RX        /ERR/LOKO/0x00000002
15:11:46.526  INFO     RX        /ERR/LOKO/0x00000002
15:11:46.526  INFO     RX        /ERR/LOKO/0x00000002
15:11:46.556  INFO     RX        /ERR/LOKO/0x00000002
15:11:46.556  INFO     RX        /ERR/LOKO/0x00000002
15:11:46.591  INFO     RX        /ERR/LOKO/0x00000002
15:11:46.591  INFO     RX        /ERR/LOKO/0x00000002
15:11:46.591  INFO     RX        /ERR/LOKO/0x00000002
15:11:46.620  INFO     RX        /ERR/LOKO/0x00000002
15:11:46.620  INFO     RX        /ERR/LOKO/0x00000002
15:11:46.620  INFO     RX        /ERR/LOKO/0x00000002
15:11:46.654  INFO     RX        /ERR/LOKO/0x00000002
15:11:46.654  INFO     RX        /ERR/LOKO/0x00000002
15:11:46.654  INFO     RX        /ERR/LOKO/0x00000002
15:11:46.686  INFO     RX        /ERR/LOKO/0x00000002
15:11:46.687  INFO     RX        /ERR/LOKO/0x00000002
15:11:46.719  INFO     RX        /ERR/LOKO/0x00000002
15:11:46.719  INFO     RX        /ERR/LOKO/0x00000002
15:11:46.719  INFO     RX        /ERR/LOKO/0x00000002
15:11:46.751  INFO     RX        /ERR/LOKO/0x00000002
15:11:46.751  INFO     RX        /ERR/LOKO/0x00000002
15:11:46.751  INFO     RX        /ERR/LOKO/0x00000002
15:11:46.783  INFO     RX        /ERR/LOKO/0x00000002
15:11:46.783  INFO     RX        /ERR/LOKO/0x00000002
15:11:46.783  INFO     RX        /ERR/LOKO/0x00000002
15:11:46.816  INFO     RX        /ERR/LOKO/0x00000002
15:11:46.816  INFO     RX        /ERR/LOKO/0x00000002
15:11:46.816  INFO     RX        /ERR/LOKO/0x00000002
15:11:46.846  INFO     RX        /ERR/LOKO/0x00000002
15:11:46.846  INFO     RX        /ERR/LOKO/0x00000002
15:11:46.883  INFO     RX        /ERR/LOKO/0x00000002
15:11:46.883  INFO     RX        /ERR/LOKO/0x00000002
15:11:46.883  INFO     RX        /ERR/LOKO/0x00000002
15:11:46.910  INFO     RX        /ERR/LOKO/0x00000002
15:11:46.910  INFO     RX        /ERR/LOKO/0x00000002
15:11:46.910  INFO     RX        /ERR/LOKO/0x00000002
15:11:46.945  INFO     RX        /ERR/LOKO/0x00000002
15:11:46.945  INFO     RX        /ERR/LOKO/0x00000002
15:11:46.945  INFO     RX        /ERR/LOKO/0x00000002
15:11:46.976  INFO     RX        /ERR/LOKO/0x00000002
15:11:46.976  INFO     RX        /ERR/LOKO/0x00000002
15:11:47.009  INFO     RX        /ERR/LOKO/0x00000002
15:11:47.009  INFO     RX        /ERR/LOKO/0x00000002
15:11:47.009  INFO     RX        /ERR/LOKO/0x00000002
15:11:47.038  INFO     RX        /ERR/LOKO/0x00000002
15:11:47.038  INFO     RX        /ERR/LOKO/0x00000002
15:11:47.038  INFO     RX        /ERR/LOKO/0x00000002
15:11:47.073  INFO     RX        /ERR/LOKO/0x00000002
15:11:47.073  INFO     RX        /ERR/LOKO/0x00000002
15:11:47.073  INFO     RX        /ERR/LOKO/0x00000002
15:11:47.101  INFO     RX        /ERR/LOKO/0x00000002
15:11:47.102  INFO     RX        /ERR/LOKO/0x00000002
15:11:47.131  DEBUG    TX /CONTROLL/0,0,0,63,0,0,0,0,0
15:11:47.136  INFO     RX        /ERR/LOKO/0x00000002
15:11:47.136  INFO     RX        /ERR/LOKO/0x00000002
15:11:47.137  INFO     RX        /ERR/LOKO/0x00000002
15:11:47.166  INFO     RX        /ERR/LOKO/0x00000002
15:11:47.166  INFO     RX        /ERR/LOKO/0x00000002
15:11:47.166  INFO     RX        /ERR/LOKO/0x00000002
15:11:47.201  INFO     RX        /ERR/LOKO/0x00000002
15:11:47.201  INFO     RX        /ERR/LOKO/0x00000002
15:11:47.201  INFO     RX        /ERR/LOKO/0x00000002
15:11:47.230  INFO     RX        /ERR/LOKO/0x00000002
15:11:47.231  INFO     RX        /ERR/LOKO/0x00000002
15:11:47.265  INFO     RX        /ERR/LOKO/0x00000002
15:11:47.265  INFO     RX        /ERR/LOKO/0x00000002
15:11:47.265  INFO     RX        /ERR/LOKO/0x00000002
15:11:47.295  INFO     RX        /ERR/LOKO/0x00000002
15:11:47.295  INFO     RX        /ERR/LOKO/0x00000002
15:11:47.295  INFO     RX        /ERR/LOKO/0x00000002
15:11:47.330  INFO     RX        /ERR/LOKO/0x00000002
15:11:47.330  INFO     RX        /ERR/LOKO/0x00000002
15:11:47.330  INFO     RX        /ERR/LOKO/0x00000002
15:11:47.363  INFO     RX        /ERR/LOKO/0x00000002
15:11:47.363  INFO     RX        /ERR/LOKO/0x00000002
15:11:47.363  INFO     RX        /ERR/LOKO/0x00000002
15:11:47.395  INFO     RX        /ERR/LOKO/0x00000002
15:11:47.395  INFO     RX        /ERR/LOKO/0x00000002
15:11:47.427  INFO     RX        /ERR/LOKO/0x00000002
15:11:47.427  INFO     RX        /ERR/LOKO/0x00000002
15:11:48.740  DEBUG    TX /CONTROLL/0,0,0,0,0,0,1,0,0
15:11:50.351  DEBUG    TX /CONTROLL/0,0,0,-68,0,0,0,0,0
15:11:51.964  DEBUG    TX /CONTROLL/0,0,0,0,0,0,0,0,0
15:11:53.574  DEBUG    TX /CONTROLL/0,0,0,-23,0,0,0,0,0
15:11:54.157  INFO     RX        /ERR/LOKO/0x00000002
15:11:54.157  INFO     RX        /ERR/LOKO/0x00000002
15:11:54.186  INFO     RX        /ERR/LOKO/0x00000002
15:11:54.186  INFO     RX        /ERR/LOKO/0x00000002
15:11:54.221  INFO     RX        /ERR/LOKO/0x00000002
15:11:54.221  INFO     RX        /ERR/LOKO/0x00000002
15:11:54.221  INFO     RX        /ERR/LOKO/0x00000002
15:11:54.250  INFO     RX        /ERR/LOKO/0x00000002
15:11:54.250  INFO     RX        /ERR/LOKO/0x00000002
15:11:54.250  INFO     RX        /ERR/LOKO/0x00000002
15:11:54.284  INFO     RX        /ERR/LOKO/0x00000002
15:11:54.284  INFO     RX        /ERR/LOKO/0x00000002
15:11:54.316  INFO     RX        /ERR/LOKO/0x00000002
15:11:54.317  INFO     RX        /ERR/LOKO/0x00000002
15:11:54.317  INFO     RX        /ERR/LOKO/0x00000002
15:11:54.346  INFO     RX        /ERR/LOKO/0x00000002
15:11:54.346  INFO     RX        /ERR/LOKO/0x00000002
15:11:54.346  INFO     RX        /ERR/LOKO/0x00000002
15:11:54.381  INFO     RX        /ERR/LOKO/0x00000002
15:11:54.381  INFO     RX        /ERR/LOKO/0x00000002
15:11:54.381  INFO     RX        /ERR/LOKO/0x00000002
15:11:54.410  INFO     RX        /ERR/LOKO/0x00000002
15:11:54.410  INFO     RX        /ERR/LOKO/0x00000002
15:11:54.445  INFO     RX        /ERR/LOKO/0x00000002
15:11:54.445  INFO     RX        /ERR/LOKO/0x00000002
15:11:54.445  INFO     RX        /ERR/LOKO/0x00000002
15:11:54.474  INFO     RX        /ERR/LOKO/0x00000002
15:11:54.474  INFO     RX        /ERR/LOKO/0x00000002
15:11:54.474  INFO     RX        /ERR/LOKO/0x00000002
15:11:54.509  INFO     RX        /ERR/LOKO/0x00000002
15:11:54.509  INFO     RX        /ERR/LOKO/0x00000002
15:11:54.509  INFO     RX        /ERR/LOKO/0x00000002
15:11:54.538  INFO     RX        /ERR/LOKO/0x00000002
15:11:54.538  INFO     RX        /ERR/LOKO/0x00000002
15:11:54.574  INFO     RX        /ERR/LOKO/0x00000002
15:11:54.574  INFO     RX        /ERR/LOKO/0x00000002
15:11:54.574  INFO     RX        /ERR/LOKO/0x00000002
15:11:54.603  INFO     RX        /ERR/LOKO/0x00000002
15:11:54.603  INFO     RX        /ERR/LOKO/0x00000002
15:11:54.603  INFO     RX        /ERR/LOKO/0x00000002
15:11:54.638  INFO     RX        /ERR/LOKO/0x00000002
15:11:54.638  INFO     RX        /ERR/LOKO/0x00000002
15:11:54.638  INFO     RX        /ERR/LOKO/0x00000002
15:11:54.667  INFO     RX        /ERR/LOKO/0x00000002
15:11:54.667  INFO     RX        /ERR/LOKO/0x00000002
15:11:54.667  INFO     RX        /ERR/LOKO/0x00000002
15:11:54.702  INFO     RX        /ERR/LOKO/0x00000002
15:11:54.702  INFO     RX        /ERR/LOKO/0x00000002
15:11:54.702  INFO     RX        /ERR/LOKO/0x00000002
15:11:54.731  INFO     RX        /ERR/LOKO/0x00000002
15:11:54.731  INFO     RX        /ERR/LOKO/0x00000002
15:11:54.767  INFO     RX        /ERR/LOKO/0x00000002
15:11:54.767  INFO     RX        /ERR/LOKO/0x00000002
15:11:54.767  INFO     RX        /ERR/LOKO/0x00000002
15:11:54.799  INFO     RX        /ERR/LOKO/0x00000002
15:11:54.799  INFO     RX        /ERR/LOKO/0x00000002
15:11:54.799  INFO     RX        /ERR/LOKO/0x00000002
15:11:54.828  INFO     RX        /ERR/LOKO/0x00000002
15:11:54.828  INFO     RX        /ERR/LOKO/0x00000002
15:11:54.860  INFO     RX        /ERR/LOKO/0x00000002
15:11:54.860  INFO     RX        /ERR/LOKO/0x00000002
15:11:54.860  INFO     RX        /ERR/LOKO/0x00000002
15:11:54.895  INFO     RX        /ERR/LOKO/0x00000002
15:11:54.895  INFO     RX        /ERR/LOKO/0x00000002
15:11:54.895  INFO     RX        /ERR/LOKO/0x00000002
15:11:54.924  INFO     RX        /ERR/LOKO/0x00000002
15:11:54.924  INFO     RX        /ERR/LOKO/0x00000002
15:11:54.924  INFO     RX        /ERR/LOKO/0x00000002
15:11:54.959  INFO     RX        /ERR/LOKO/0x00000002
15:11:54.959  INFO     RX        /ERR/LOKO/0x00000002
15:11:54.959  INFO     RX        /ERR/LOKO/0x00000002
15:11:54.989  INFO     RX        /ERR/LOKO/0x00000002
15:11:54.989  INFO     RX        /ERR/LOKO/0x00000002
15:11:55.023  INFO     RX        /ERR/LOKO/0x00000002
15:11:55.023  INFO     RX        /ERR/LOKO/0x00000002
15:11:55.023  INFO     RX        /ERR/LOKO/0x00000002
15:11:55.055  INFO     RX        /ERR/LOKO/0x00000002
15:11:55.055  INFO     RX        /ERR/LOKO/0x00000002
15:11:55.055  INFO     RX        /ERR/LOKO/0x00000002
15:11:55.085  INFO     RX        /ERR/LOKO/0x00000002
15:11:55.085  INFO     RX        /ERR/LOKO/0x00000002
15:11:55.120  INFO     RX        /ERR/LOKO/0x00000002
15:11:55.120  INFO     RX        /ERR/LOKO/0x00000002
15:11:55.120  INFO     RX        /ERR/LOKO/0x00000002
15:11:55.152  INFO     RX        /ERR/LOKO/0x00000002
15:11:55.152  INFO     RX        /ERR/LOKO/0x00000002
15:11:55.152  INFO     RX        /ERR/LOKO/0x00000002
15:11:55.178  DEBUG    TX /CONTROLL/0,0,0,-48,0,0,0,0,0
15:11:55.181  INFO     RX        /ERR/LOKO/0x00000002
15:11:55.181  INFO     RX        /ERR/LOKO/0x00000002
15:11:55.181  INFO     RX        /ERR/LOKO/0x00000002
15:11:55.213  INFO     RX        /ERR/LOKO/0x00000002
15:11:55.213  INFO     RX        /ERR/LOKO/0x00000002
15:11:55.248  INFO     RX        /ERR/LOKO/0x00000002
15:11:55.248  INFO     RX        /ERR/LOKO/0x00000002
15:11:55.248  INFO     RX        /ERR/LOKO/0x00000002
15:11:55.248  INFO     RX        /ERR/LOKO/0x00000002
15:11:55.276  INFO     RX        /ERR/LOKO/0x00000002
15:11:55.277  INFO     RX        /ERR/LOKO/0x00000002
15:11:55.313  INFO     RX        /ERR/LOKO/0x00000002
15:11:55.313  INFO     RX        /ERR/LOKO/0x00000002
15:11:55.313  INFO     RX        /ERR/LOKO/0x00000002
15:11:55.340  INFO     RX        /ERR/LOKO/0x00000002
15:11:55.341  INFO     RX        /ERR/LOKO/0x00000002
15:11:55.376  INFO     RX        /ERR/LOKO/0x00000002
15:11:55.376  INFO     RX        /ERR/LOKO/0x00000002
15:11:55.376  INFO     RX        /ERR/LOKO/0x00000002
15:11:55.376  INFO     RX        /ERR/LOKO/0x00000002
15:11:55.406  INFO     RX        /ERR/LOKO/0x00000002
15:11:55.406  INFO     RX        /ERR/LOKO/0x00000002
15:11:55.440  INFO     RX        /ERR/LOKO/0x00000002
15:11:55.441  INFO     RX        /ERR/LOKO/0x00000002
15:11:55.441  INFO     RX        /ERR/LOKO/0x00000002
15:11:55.470  INFO     RX        /ERR/LOKO/0x00000002
15:11:55.470  INFO     RX        /ERR/LOKO/0x00000002
15:11:55.470  INFO     RX        /ERR/LOKO/0x00000002
15:11:55.505  INFO     RX        /ERR/LOKO/0x00000002
15:11:55.505  INFO     RX        /ERR/LOKO/0x00000002
15:11:55.505  INFO     RX        /ERR/LOKO/0x00000002
15:11:55.536  INFO     RX        /ERR/LOKO/0x00000002
15:11:55.537  INFO     RX        /ERR/LOKO/0x00000002
15:11:55.571  INFO     RX        /ERR/LOKO/0x00000002
15:11:55.571  INFO     RX        /ERR/LOKO/0x00000002
15:11:55.571  INFO     RX        /ERR/LOKO/0x00000002
15:11:55.604  INFO     RX        /ERR/LOKO/0x00000002
15:11:55.604  INFO     RX        /ERR/LOKO/0x00000002
15:11:55.604  INFO     RX        /ERR/LOKO/0x00000002
15:11:55.635  INFO     RX        /ERR/LOKO/0x00000002
15:11:55.635  INFO     RX        /ERR/LOKO/0x00000002
15:11:55.635  INFO     RX        /ERR/LOKO/0x00000002
15:11:55.668  INFO     RX        /ERR/LOKO/0x00000002
15:11:55.668  INFO     RX        /ERR/LOKO/0x00000002
15:11:55.702  INFO     RX        /ERR/LOKO/0x00000002
15:11:55.702  INFO     RX        /ERR/LOKO/0x00000002
15:11:55.702  INFO     RX        /ERR/LOKO/0x00000002
15:11:55.729  INFO     RX        /ERR/LOKO/0x00000002
15:11:55.730  INFO     RX        /ERR/LOKO/0x00000002
15:11:55.730  INFO     RX        /ERR/LOKO/0x00000002
15:11:55.764  INFO     RX        /ERR/LOKO/0x00000002
15:11:55.764  INFO     RX        /ERR/LOKO/0x00000002
15:11:55.764  INFO     RX        /ERR/LOKO/0x00000002
15:11:55.794  INFO     RX        /ERR/LOKO/0x00000002
15:11:55.794  INFO     RX        /ERR/LOKO/0x00000002
15:11:55.794  INFO     RX        /ERR/LOKO/0x00000002
15:11:55.829  INFO     RX        /ERR/LOKO/0x00000002
15:11:55.829  INFO     RX        /ERR/LOKO/0x00000002
15:11:55.829  INFO     RX        /ERR/LOKO/0x00000002
15:11:55.859  INFO     RX        /ERR/LOKO/0x00000002
15:11:55.859  INFO     RX        /ERR/LOKO/0x00000002
15:11:55.896  INFO     RX        /ERR/LOKO/0x00000002
15:11:55.896  INFO     RX        /ERR/LOKO/0x00000002
15:11:55.896  INFO     RX        /ERR/LOKO/0x00000002
15:11:55.924  INFO     RX        /ERR/LOKO/0x00000002
15:11:55.924  INFO     RX        /ERR/LOKO/0x00000002
15:11:55.924  INFO     RX        /ERR/LOKO/0x00000002
15:11:55.959  INFO     RX        /ERR/LOKO/0x00000002
15:11:55.959  INFO     RX        /ERR/LOKO/0x00000002
15:11:55.959  INFO     RX        /ERR/LOKO/0x00000002
15:11:55.991  INFO     RX        /ERR/LOKO/0x00000002
15:11:55.991  INFO     RX        /ERR/LOKO/0x00000002
15:11:56.019  INFO     RX        /ERR/LOKO/0x00000002
15:11:56.019  INFO     RX        /ERR/LOKO/0x00000002
15:11:56.019  INFO     RX        /ERR/LOKO/0x00000002
15:11:56.054  INFO     RX        /ERR/LOKO/0x00000002
15:11:56.054  INFO     RX        /ERR/LOKO/0x00000002
15:11:56.054  INFO     RX        /ERR/LOKO/0x00000002
15:11:56.083  INFO     RX        /ERR/LOKO/0x00000002
15:11:56.084  INFO     RX        /ERR/LOKO/0x00000002
15:11:56.119  INFO     RX        /ERR/LOKO/0x00000002
15:11:56.119  INFO     RX        /ERR/LOKO/0x00000002
15:11:56.119  INFO     RX        /ERR/LOKO/0x00000002
15:11:56.147  INFO     RX        /ERR/LOKO/0x00000002
15:11:56.147  INFO     RX        /ERR/LOKO/0x00000002
15:11:56.147  INFO     RX        /ERR/LOKO/0x00000002
15:11:56.183  INFO     RX        /ERR/LOKO/0x00000002
15:11:56.183  INFO     RX        /ERR/LOKO/0x00000002
15:11:56.183  INFO     RX        /ERR/LOKO/0x00000002
15:11:56.216  INFO     RX        /ERR/LOKO/0x00000002
15:11:56.216  INFO     RX        /ERR/LOKO/0x00000002
15:11:56.216  INFO     RX        /ERR/LOKO/0x00000002
15:11:56.244  INFO     RX        /ERR/LOKO/0x00000002
15:11:56.244  INFO     RX        /ERR/LOKO/0x00000002
15:11:56.280  INFO     RX        /ERR/LOKO/0x00000002
15:11:56.280  INFO     RX        /ERR/LOKO/0x00000002
15:11:56.280  INFO     RX        /ERR/LOKO/0x00000002
15:11:56.312  INFO     RX        /ERR/LOKO/0x00000002
15:11:56.312  INFO     RX        /ERR/LOKO/0x00000002
15:11:56.312  INFO     RX        /ERR/LOKO/0x00000002
15:11:56.343  INFO     RX        /ERR/LOKO/0x00000002
15:11:56.343  INFO     RX        /ERR/LOKO/0x00000002
15:11:56.343  INFO     RX        /ERR/LOKO/0x00000002
15:11:56.372  INFO     RX        /ERR/LOKO/0x00000002
15:11:56.372  INFO     RX        /ERR/LOKO/0x00000002
15:11:56.407  INFO     RX        /ERR/LOKO/0x00000002
15:11:56.407  INFO     RX        /ERR/LOKO/0x00000002
15:11:56.407  INFO     RX        /ERR/LOKO/0x00000002
15:11:56.439  INFO     RX        /ERR/LOKO/0x00000002
15:11:56.439  INFO     RX        /ERR/LOKO/0x00000002
15:11:56.439  INFO     RX        /ERR/LOKO/0x00000002
15:11:56.472  INFO     RX        /ERR/LOKO/0x00000002
15:11:56.472  INFO     RX        /ERR/LOKO/0x00000002
15:11:56.472  INFO     RX        /ERR/LOKO/0x00000002
15:11:56.500  INFO     RX        /ERR/LOKO/0x00000002
15:11:56.500  INFO     RX        /ERR/LOKO/0x00000002
15:11:56.536  INFO     RX        /ERR/LOKO/0x00000002
15:11:56.536  INFO     RX        /ERR/LOKO/0x00000002
15:11:56.536  INFO     RX        /ERR/LOKO/0x00000002
15:11:56.564  INFO     RX        /ERR/LOKO/0x00000002
15:11:56.565  INFO     RX        /ERR/LOKO/0x00000002
15:11:56.565  INFO     RX        /ERR/LOKO/0x00000002
15:11:56.600  INFO     RX        /ERR/LOKO/0x00000002
15:11:56.600  INFO     RX        /ERR/LOKO/0x00000002
15:11:56.600  INFO     RX        /ERR/LOKO/0x00000002
15:11:56.629  INFO     RX        /ERR/LOKO/0x00000002
15:11:56.629  INFO     RX        /ERR/LOKO/0x00000002
15:11:56.664  INFO     RX        /ERR/LOKO/0x00000002
15:11:56.664  INFO     RX        /ERR/LOKO/0x00000002
15:11:56.664  INFO     RX        /ERR/LOKO/0x00000002
15:11:56.695  INFO     RX        /ERR/LOKO/0x00000002
15:11:56.695  INFO     RX        /ERR/LOKO/0x00000002
15:11:56.695  INFO     RX        /ERR/LOKO/0x00000002
15:11:56.726  INFO     RX        /ERR/LOKO/0x00000002
15:11:56.726  INFO     RX        /ERR/LOKO/0x00000002
15:11:56.726  INFO     RX        /ERR/LOKO/0x00000002
15:11:56.761  INFO     RX        /ERR/LOKO/0x00000002
15:11:56.761  INFO     RX        /ERR/LOKO/0x00000002
15:11:56.761  INFO     RX        /ERR/LOKO/0x00000002
15:11:56.787  DEBUG    TX /CONTROLL/0,0,0,0,0,0,0,0,0
15:11:56.791  INFO     RX        /ERR/LOKO/0x00000002
15:11:56.791  INFO     RX        /ERR/LOKO/0x00000002
15:11:56.826  INFO     RX        /ERR/LOKO/0x00000002
15:11:56.826  INFO     RX        /ERR/LOKO/0x00000002
15:11:56.826  INFO     RX        /ERR/LOKO/0x00000002
15:11:56.854  INFO     RX        /ERR/LOKO/0x00000002
15:11:58.397  DEBUG    TX /CONTROLL/0,0,0,0,0,0,8,0,0
15:12:00.005  DEBUG    TX /CONTROLL/0,0,0,0,0,0,4,0,0
15:12:01.537  INFO     RX        /BATTERY/VDDA/12859 mV
15:12:01.550  INFO     RX        === Hexapod Mainboard ===
15:12:01.583  INFO     RX        PCA9685 Right: OK
15:12:01.583  INFO     RX        PCA9685 Left:  OK
15:12:01.610  DEBUG    TX /CONTROLL/0,0,0,0,0,0,0,0,0
15:12:01.615  INFO     RX        LSM6DSO IMU:   OK
15:12:01.765  INFO     RX        VL53L1X ToF:   OK
15:12:01.805  INFO     RX        Locomotion:    INIT (UN_ARMED, printf mode)
15:12:01.805  INFO     RX        Press L1 to arm, R1 to disarm at any time.
15:12:01.805  INFO     RX        Ready.
15:12:03.220  DEBUG    TX /CONTROLL/0,0,-20,-63,0,0,0,0,0
15:12:04.829  DEBUG    TX /CONTROLL/0,0,0,0,0,0,0,0,0
15:12:06.444  DEBUG    TX /CONTROLL/0,0,0,0,0,0,0,0,0
15:12:07.672  INFO     RX        SERVO FR.[C: 90 F:106 T:107] MR.[C: 90 F:106 T:107] BR.[C: 90 F:106 T:107] BL.[C: 90 F:106 T:107] /BATTERY/VDDA/12857 mV
15:12:07.672  INFO     RX        === Hexapod Mainboard ===
15:12:07.705  INFO     RX        PCA9685 Right: OK
15:12:07.734  INFO     RX        PCA9685 Left:  OK
15:12:07.734  INFO     RX        LSM6DSO IMU:   OK
15:12:07.899  INFO     RX        VL53L1X ToF:   OK
15:12:07.958  INFO     RX        Locomotion:    INIT (UN_ARMED, printf mode)
15:12:07.958  INFO     RX        Press L1 to arm, R1 to disarm at any time.
15:12:07.958  INFO     RX        Ready.
15:12:08.051  DEBUG    TX /CONTROLL/0,0,0,0,0,0,0,0,0
15:12:09.663  DEBUG    TX /CONTROLL/0,0,0,0,0,0,0,0,0
15:12:11.275  DEBUG    TX /CONTROLL/0,0,0,0,0,0,0,0,0
15:12:12.886  DEBUG    TX /CONTROLL/0,0,0,0,0,0,0,0,0
15:12:14.496  DEBUG    TX /CONTROLL/0,0,0,0,0,0,0,0,0
15:12:16.105  DEBUG    TX /CONTROLL/0,0,0,0,0,0,0,0,0
15:12:17.715  DEBUG    TX /CONTROLL/0,0,0,0,0,0,0,0,0
15:12:19.328  DEBUG    TX /CONTROLL/0,0,0,0,0,0,0,0,0
15:12:20.330  INFO     RX        /BATTERY/VDDA/12849 mV
15:12:20.330  INFO     RX        === Hexapod Mainboard ===
15:12:20.359  INFO     RX        PCA9685 Right: OK
15:12:20.394  INFO     RX        PCA9685 Left:  OK
15:12:20.394  INFO     RX        LSM6DSO IMU:   OK
15:12:20.557  INFO     RX        VL53L1X ToF:   OK
15:12:20.588  INFO     RX        Locomotion:    INIT (UN_ARMED, printf mode)
15:12:20.615  INFO     RX        Press L1 to arm, R1 to disarm at any time.
15:12:20.615  INFO     RX        Ready.
15:12:20.936  DEBUG    TX /CONTROLL/0,0,0,0,0,0,0,0,0
15:12:22.544  DEBUG    TX /CONTROLL/0,0,0,0,0,0,0,0,0
15:12:24.154  DEBUG    TX /CONTROLL/0,0,0,0,0,0,0,0,0
15:12:25.762  DEBUG    TX /CONTROLL/0,0,0,-23,0,0,0,0,0
15:12:27.374  DEBUG    TX /CONTROLL/0,0,-12,-29,0,0,0,0,0
15:12:28.985  DEBUG    TX /CONTROLL/0,0,-12,-30,0,0,0,0,0
15:12:30.599  DEBUG    TX /CONTROLL/0,0,-12,-33,0,0,0,0,0
15:12:32.215  DEBUG    TX /CONTROLL/0,0,0,0,0,0,0,0,0
15:12:33.824  DEBUG    TX /CONTROLL/0,0,-20,16,0,0,0,0,0
15:12:35.435  DEBUG    TX /CONTROLL/0,0,0,0,0,0,0,0,0
15:12:37.043  DEBUG    TX /CONTROLL/0,0,0,0,0,0,0,0,0
15:12:38.656  DEBUG    TX /CONTROLL/0,0,0,0,0,0,0,0,0
15:12:40.266  DEBUG    TX /CONTROLL/0,0,0,0,0,0,0,0,0
15:12:41.876  DEBUG    TX /CONTROLL/0,0,0,0,0,0,0,0,0
