14:43:40.593  INFO     Connecting to 100.122.9.49:5000...
14:43:42.182  DEBUG    TX /CONTROLL/0,0,0,0,0,0,0,0,0
14:43:43.792  DEBUG    TX /CONTROLL/0,0,0,0,0,0,0,0,0
14:43:44.033  INFO     Network connection established
14:43:44.037  INFO     RX        /BATTERY/VDDA/12851 mV
14:43:44.037  INFO     RX        === Hexapod Mainboard ===
14:43:44.048  INFO     RX        PCA9685 Right: OK
14:43:44.180  INFO     RX        PCA9685 Left:  OK
14:43:44.347  INFO     RX        LSM6DSO IMU:   OK
14:43:44.350  INFO     RX        VL53L1X ToF:   OK
14:43:44.350  INFO     RX        Locomotion:    INIT (UN_ARMED, printf mode)
14:43:44.351  INFO     RX        Press L1 to arm, R1 to disarm at any time.
14:43:44.351  INFO     RX        Ready.
14:43:45.402  DEBUG    TX /CONTROLL/0,0,0,0,0,0,0,0,0
14:43:47.014  DEBUG    TX /CONTROLL/0,0,0,0,0,0,0,0,0
14:43:48.621  DEBUG    TX /CONTROLL/0,0,0,0,0,0,0,0,0
14:43:50.230  DEBUG    TX /CONTROLL/0,0,0,-41,0,0,0,0,0
14:43:51.680  INFO     RX        /ERR/LOKO/0x00000002
14:43:51.680  INFO     RX        /ERR/LOKO/0x00000002
14:43:51.714  INFO     RX        /ERR/LOKO/0x00000002
14:43:51.714  INFO     RX        /ERR/LOKO/0x00000002
14:43:51.714  INFO     RX        /ERR/LOKO/0x00000002
14:43:51.746  INFO     RX        /ERR/LOKO/0x00000002
14:43:51.746  INFO     RX        /ERR/LOKO/0x00000002
14:43:51.746  INFO     RX        /ERR/LOKO/0x00000002
14:43:51.778  INFO     RX        /ERR/LOKO/0x00000002
14:43:51.778  INFO     RX        /ERR/LOKO/0x00000002
14:43:51.807  INFO     RX        /ERR/LOKO/0x00000002
14:43:51.807  INFO     RX        /ERR/LOKO/0x00000002
14:43:51.807  INFO     RX        /ERR/LOKO/0x00000002
14:43:51.836  DEBUG    TX /CONTROLL/0,0,0,0,0,0,0,0,0
14:43:51.841  INFO     RX        /ERR/LOKO/0x00000002
14:43:51.841  INFO     RX        /ERR/LOKO/0x00000002
14:43:51.841  INFO     RX        /ERR/LOKO/0x00000002
14:43:51.871  INFO     RX        /ERR/LOKO/0x00000002
14:43:51.871  INFO     RX        /ERR/LOKO/0x00000002
14:43:51.906  INFO     RX        /ERR/LOKO/0x00000002
14:43:51.906  INFO     RX        /ERR/LOKO/0x00000002
14:43:51.906  INFO     RX        /ERR/LOKO/0x00000002
14:43:51.938  INFO     RX        /ERR/LOKO/0x00000002
14:43:51.938  INFO     RX        /ERR/LOKO/0x00000002
14:43:51.938  INFO     RX        /ERR/LOKO/0x00000002
14:43:51.972  INFO     RX        /ERR/LOKO/0x00000002
14:43:51.972  INFO     RX        /ERR/LOKO/0x00000002
14:43:51.972  INFO     RX        /ERR/LOKO/0x00000002
14:43:52.000  INFO     RX        /ERR/LOKO/0x00000002
14:43:52.001  INFO     RX        /ERR/LOKO/0x00000002
14:43:52.001  INFO     RX        /ERR/LOKO/0x00000002
14:43:52.035  INFO     RX        /ERR/LOKO/0x00000002
14:43:52.035  INFO     RX        /ERR/LOKO/0x00000002
14:43:52.035  INFO     RX        /ERR/LOKO/0x00000002
14:43:52.068  INFO     RX        /ERR/LOKO/0x00000002
14:43:52.068  INFO     RX        /ERR/LOKO/0x00000002
14:43:52.096  INFO     RX        /ERR/LOKO/0x00000002
14:43:52.096  INFO     RX        /ERR/LOKO/0x00000002
14:43:52.096  INFO     RX        /ERR/LOKO/0x00000002
14:43:52.132  INFO     RX        /ERR/LOKO/0x00000002
14:43:52.132  INFO     RX        /ERR/LOKO/0x00000002
14:43:52.132  INFO     RX        /ERR/LOKO/0x00000002
14:43:52.160  INFO     RX        /ERR/LOKO/0x00000002
14:43:52.161  INFO     RX        /ERR/LOKO/0x00000002
14:43:52.196  INFO     RX        /ERR/LOKO/0x00000002
14:43:52.196  INFO     RX        /ERR/LOKO/0x00000002
14:43:52.196  INFO     RX        /ERR/LOKO/0x00000002
14:43:52.226  INFO     RX        /ERR/LOKO/0x00000002
14:43:52.226  INFO     RX        /ERR/LOKO/0x00000002
14:43:52.226  INFO     RX        /ERR/LOKO/0x00000002
14:43:52.263  INFO     RX        /ERR/LOKO/0x00000002
14:43:52.263  INFO     RX        /ERR/LOKO/0x00000002
14:43:52.263  INFO     RX        /ERR/LOKO/0x00000002
14:43:52.291  INFO     RX        /ERR/LOKO/0x00000002
14:43:52.291  INFO     RX        /ERR/LOKO/0x00000002
14:43:52.291  INFO     RX        /ERR/LOKO/0x00000002
14:43:52.322  INFO     RX        /ERR/LOKO/0x00000002
14:43:52.322  INFO     RX        /ERR/LOKO/0x00000002
14:43:52.358  INFO     RX        /ERR/LOKO/0x00000002
14:43:52.358  INFO     RX        /ERR/LOKO/0x00000002
14:43:52.358  INFO     RX        /ERR/LOKO/0x00000002
14:43:52.392  INFO     RX        /ERR/LOKO/0x00000002
14:43:52.392  INFO     RX        /ERR/LOKO/0x00000002
14:43:52.392  INFO     RX        /ERR/LOKO/0x00000002
14:43:52.419  INFO     RX        /ERR/LOKO/0x00000002
14:43:52.419  INFO     RX        /ERR/LOKO/0x00000002
14:43:52.419  INFO     RX        /ERR/LOKO/0x00000002
14:43:52.454  INFO     RX        /ERR/LOKO/0x00000002
14:43:52.454  INFO     RX        /ERR/LOKO/0x00000002
14:43:52.454  INFO     RX        /ERR/LOKO/0x00000002
14:43:52.483  INFO     RX        /ERR/LOKO/0x00000002
14:43:52.483  INFO     RX        /ERR/LOKO/0x00000002
14:43:52.517  INFO     RX        /ERR/LOKO/0x00000002
14:43:52.518  INFO     RX        /ERR/LOKO/0x00000002
14:43:52.518  INFO     RX        /ERR/LOKO/0x00000002
14:43:52.551  INFO     RX        /ERR/LOKO/0x00000002
14:43:52.552  INFO     RX        /ERR/LOKO/0x00000002
14:43:52.552  INFO     RX        /ERR/LOKO/0x00000002
14:43:52.581  INFO     RX        /ERR/LOKO/0x00000002
14:43:52.581  INFO     RX        /ERR/LOKO/0x00000002
14:43:52.581  INFO     RX        /ERR/LOKO/0x00000002
14:43:52.616  INFO     RX        /ERR/LOKO/0x00000002
14:43:52.616  INFO     RX        /ERR/LOKO/0x00000002
14:43:52.616  INFO     RX        /ERR/LOKO/0x00000002
14:43:52.645  INFO     RX        /ERR/LOKO/0x00000002
14:43:52.645  INFO     RX        /ERR/LOKO/0x00000002
14:43:52.686  INFO     RX        /ERR/LOKO/0x00000002
14:43:52.686  INFO     RX        /ERR/LOKO/0x00000002
14:43:52.686  INFO     RX        /ERR/LOKO/0x00000002
14:43:52.686  INFO     RX        /ERR/LOKO/0x00000002
14:43:52.711  INFO     RX        /ERR/LOKO/0x00000002
14:43:52.711  INFO     RX        /ERR/LOKO/0x00000002
14:43:52.746  INFO     RX        /ERR/LOKO/0x00000002
14:43:52.747  INFO     RX        /ERR/LOKO/0x00000002
14:43:52.747  INFO     RX        /ERR/LOKO/0x00000002
14:43:52.778  INFO     RX        /ERR/LOKO/0x00000002
14:43:52.778  INFO     RX        /ERR/LOKO/0x00000002
14:43:52.778  INFO     RX        /ERR/LOKO/0x00000002
14:43:52.813  INFO     RX        /ERR/LOKO/0x00000002
14:43:52.813  INFO     RX        /ERR/LOKO/0x00000002
14:43:52.813  INFO     RX        /ERR/LOKO/0x00000002
14:43:52.839  INFO     RX        /ERR/LOKO/0x00000002
14:43:52.839  INFO     RX        /ERR/LOKO/0x00000002
14:43:52.873  INFO     RX        /ERR/LOKO/0x00000002
14:43:52.873  INFO     RX        /ERR/LOKO/0x00000002
14:43:52.873  INFO     RX        /ERR/LOKO/0x00000002
14:43:52.907  INFO     RX        /ERR/LOKO/0x00000002
14:43:52.907  INFO     RX        /ERR/LOKO/0x00000002
14:43:52.907  INFO     RX        /ERR/LOKO/0x00000002
14:43:52.939  INFO     RX        /ERR/LOKO/0x00000002
14:43:52.939  INFO     RX        /ERR/LOKO/0x00000002
14:43:52.939  INFO     RX        /ERR/LOKO/0x00000002
14:43:52.967  INFO     RX        /ERR/LOKO/0x00000002
14:43:52.967  INFO     RX        /ERR/LOKO/0x00000002
14:43:52.998  INFO     RX        /ERR/LOKO/0x00000002
14:43:52.998  INFO     RX        /ERR/LOKO/0x00000002
14:43:53.029  INFO     RX        /ERR/LOKO/0x00000002
14:43:53.029  INFO     RX        /ERR/LOKO/0x00000002
14:43:53.029  INFO     RX        /ERR/LOKO/0x00000002
14:43:53.064  INFO     RX        /ERR/LOKO/0x00000002
14:43:53.065  INFO     RX        /ERR/LOKO/0x00000002
14:43:53.065  INFO     RX        /ERR/LOKO/0x00000002
14:43:53.094  INFO     RX        /ERR/LOKO/0x00000002
14:43:53.094  INFO     RX        /ERR/LOKO/0x00000002
14:43:53.094  INFO     RX        /ERR/LOKO/0x00000002
14:43:53.129  INFO     RX        /ERR/LOKO/0x00000002
14:43:53.129  INFO     RX        /ERR/LOKO/0x00000002
14:43:53.129  INFO     RX        /ERR/LOKO/0x00000002
14:43:53.158  INFO     RX        /ERR/LOKO/0x00000002
14:43:53.158  INFO     RX        /ERR/LOKO/0x00000002
14:43:53.192  INFO     RX        /ERR/LOKO/0x00000002
14:43:53.192  INFO     RX        /ERR/LOKO/0x00000002
14:43:53.192  INFO     RX        /ERR/LOKO/0x00000002
14:43:53.223  INFO     RX        /ERR/LOKO/0x00000002
14:43:53.223  INFO     RX        /ERR/LOKO/0x00000002
14:43:53.223  INFO     RX        /ERR/LOKO/0x00000002
14:43:53.258  INFO     RX        /ERR/LOKO/0x00000002
14:43:53.258  INFO     RX        /ERR/LOKO/0x00000002
14:43:53.258  INFO     RX        /ERR/LOKO/0x00000002
14:43:53.286  INFO     RX        /ERR/LOKO/0x00000002
14:43:53.286  INFO     RX        /ERR/LOKO/0x00000002
14:43:53.322  INFO     RX        /ERR/LOKO/0x00000002
14:43:53.322  INFO     RX        /ERR/LOKO/0x00000002
14:43:53.323  INFO     RX        /ERR/LOKO/0x00000002
14:43:53.323  INFO     RX        /ERR/LOKO/0x00000002
14:43:53.351  INFO     RX        /ERR/LOKO/0x00000002
14:43:53.352  INFO     RX        /ERR/LOKO/0x00000002
14:43:53.386  INFO     RX        /ERR/LOKO/0x00000002
14:43:53.387  INFO     RX        /ERR/LOKO/0x00000002
14:43:53.387  INFO     RX        /ERR/LOKO/0x00000002
14:43:53.420  INFO     RX        /ERR/LOKO/0x00000002
14:43:53.420  INFO     RX        /ERR/LOKO/0x00000002
14:43:53.420  INFO     RX        /ERR/LOKO/0x00000002
14:43:53.447  DEBUG    TX /CONTROLL/0,0,18,-100,0,0,0,0,0
14:43:53.451  INFO     RX        /ERR/LOKO/0x00000002
14:43:53.451  INFO     RX        /ERR/LOKO/0x00000002
14:43:53.486  INFO     RX        /ERR/LOKO/0x00000002
14:43:53.486  INFO     RX        /ERR/LOKO/0x00000002
14:43:53.486  INFO     RX        /ERR/LOKO/0x00000002
14:43:53.486  INFO     RX        /ERR/LOKO/0x00000002
14:43:53.514  INFO     RX        /ERR/LOKO/0x00000002
14:43:53.514  INFO     RX        /ERR/LOKO/0x00000002
14:43:53.549  INFO     RX        /ERR/LOKO/0x00000002
14:43:53.549  INFO     RX        /ERR/LOKO/0x00000002
14:43:53.549  INFO     RX        /ERR/LOKO/0x00000002
14:43:53.579  INFO     RX        /ERR/LOKO/0x00000002
14:43:53.579  INFO     RX        /ERR/LOKO/0x00000002
14:43:53.579  INFO     RX        /ERR/LOKO/0x00000002
14:43:53.614  INFO     RX        /ERR/LOKO/0x00000002
14:43:53.614  INFO     RX        /ERR/LOKO/0x00000002
14:43:53.614  INFO     RX        /ERR/LOKO/0x00000002
14:43:53.646  INFO     RX        /ERR/LOKO/0x00000002
14:43:53.646  INFO     RX        /ERR/LOKO/0x00000002
14:43:53.678  INFO     RX        /ERR/LOKO/0x00000002
14:43:53.678  INFO     RX        /ERR/LOKO/0x00000002
14:43:53.678  INFO     RX        /ERR/LOKO/0x00000002
14:43:53.712  INFO     RX        /ERR/LOKO/0x00000002
14:43:55.056  DEBUG    TX /CONTROLL/0,0,0,-50,0,0,0,0,0
14:43:56.672  DEBUG    TX /CONTROLL/0,0,0,0,0,0,0,0,0
14:43:58.289  DEBUG    TX /CONTROLL/0,0,0,0,0,0,0,0,0
14:43:59.898  DEBUG    TX /CONTROLL/0,0,0,0,0,0,0,0,0
14:44:01.510  DEBUG    TX /CONTROLL/0,0,0,-14,0,0,0,0,0
14:44:03.125  DEBUG    TX /CONTROLL/0,0,0,-16,0,0,0,0,0
14:44:04.735  DEBUG    TX /CONTROLL/0,0,0,-16,0,0,0,0,0
14:44:06.344  DEBUG    TX /CONTROLL/0,0,0,-16,0,0,0,0,0
14:44:07.959  DEBUG    TX /CONTROLL/0,0,0,0,0,0,0,0,0
14:44:09.571  DEBUG    TX /CONTROLL/0,0,-13,56,0,0,0,0,0
14:44:11.182  DEBUG    TX /CONTROLL/0,0,0,0,0,0,0,0,0
14:44:12.795  DEBUG    TX /CONTROLL/0,0,0,0,0,0,0,0,0
14:44:14.406  DEBUG    TX /CONTROLL/0,0,0,0,0,0,0,0,0
14:44:16.016  DEBUG    TX /CONTROLL/0,0,0,0,0,0,0,0,0
14:44:17.624  DEBUG    TX /CONTROLL/0,0,0,0,0,0,0,0,0
14:44:19.237  DEBUG    TX /CONTROLL/0,0,-14,-82,0,0,0,0,0
14:44:20.843  DEBUG    TX /CONTROLL/0,0,0,0,0,0,0,0,0
14:44:22.456  DEBUG    TX /CONTROLL/0,0,0,-41,0,0,0,0,0
14:44:24.067  DEBUG    TX /CONTROLL/0,0,0,0,0,0,0,0,0
14:44:25.683  DEBUG    TX /CONTROLL/0,0,0,0,0,0,0,0,0
14:44:27.288  DEBUG    TX /CONTROLL/0,0,0,0,0,0,0,0,32
14:44:28.900  DEBUG    TX /CONTROLL/0,0,0,0,0,0,0,0,0
14:44:30.508  DEBUG    TX /CONTROLL/0,0,0,0,0,0,0,0,0
14:44:32.115  DEBUG    TX /CONTROLL/0,0,0,0,0,0,0,0,0
14:44:33.542  INFO     RX        /BATTERY/VDDA/12863 mV
14:44:33.543  INFO     RX        === Hexapod Mainboard ===
14:44:33.566  INFO     RX        PCA9685 Right: OK
14:44:33.598  INFO     RX        PCA9685 Left:  OK
14:44:33.598  INFO     RX        LSM6DSO IMU:   OK
14:44:33.725  DEBUG    TX /CONTROLL/0,0,0,0,0,0,0,0,0
14:44:33.769  INFO     RX        VL53L1X ToF:   OK
14:44:33.824  INFO     RX        Locomotion:    INIT (UN_ARMED, printf mode)
14:44:33.824  INFO     RX        Press L1 to arm, R1 to disarm at any time.
14:44:33.824  INFO     RX        Ready.
14:44:35.330  DEBUG    TX /CONTROLL/0,0,0,0,0,0,0,0,0
14:44:36.942  DEBUG    TX /CONTROLL/0,0,0,0,0,0,0,0,0
14:44:38.552  DEBUG    TX /CONTROLL/0,0,0,0,0,0,0,0,0
14:44:40.161  DEBUG    TX /CONTROLL/0,0,0,0,0,0,0,0,0
14:44:41.768  DEBUG    TX /CONTROLL/0,0,0,0,0,0,0,0,0
14:44:43.378  DEBUG    TX /CONTROLL/0,0,0,0,0,0,0,0,0
14:44:44.987  DEBUG    TX /CONTROLL/0,0,0,0,0,0,0,0,0
14:44:46.596  DEBUG    TX /CONTROLL/0,0,0,0,0,0,0,0,0
14:44:48.200  DEBUG    TX /CONTROLL/0,0,0,0,0,0,0,0,0
14:44:49.810  DEBUG    TX /CONTROLL/0,0,0,0,0,0,0,0,0
14:44:51.418  DEBUG    TX /CONTROLL/0,0,0,0,0,0,0,0,0
14:44:53.036  DEBUG    TX /CONTROLL/0,0,0,0,0,0,0,0,0
14:44:54.648  DEBUG    TX /CONTROLL/0,0,0,0,0,0,0,0,0
14:44:56.256  DEBUG    TX /CONTROLL/0,0,0,0,0,0,0,0,0
14:44:57.867  DEBUG    TX /CONTROLL/0,0,0,0,0,0,0,0,0
14:44:59.479  DEBUG    TX /CONTROLL/0,0,0,0,0,0,0,0,0
14:45:01.084  DEBUG    TX /CONTROLL/0,0,0,0,0,0,0,0,0
14:45:02.697  DEBUG    TX /CONTROLL/0,0,0,0,0,0,0,0,0
14:45:04.308  DEBUG    TX /CONTROLL/0,0,0,0,0,0,0,0,0
14:45:05.916  DEBUG    TX /CONTROLL/0,0,0,0,0,0,0,0,0
14:45:07.531  DEBUG    TX /CONTROLL/0,0,0,0,0,0,0,0,0
14:45:09.142  DEBUG    TX /CONTROLL/0,0,0,0,0,0,0,0,0
14:45:10.750  DEBUG    TX /CONTROLL/0,0,0,0,0,0,0,0,0
14:45:12.362  DEBUG    TX /CONTROLL/0,0,0,0,0,0,0,0,0
14:45:13.972  DEBUG    TX /CONTROLL/0,0,0,0,0,0,0,0,0
14:45:15.582  DEBUG    TX /CONTROLL/0,0,0,0,0,0,0,0,0
14:45:17.187  DEBUG    TX /CONTROLL/0,0,0,0,0,0,0,0,0
14:45:18.798  DEBUG    TX /CONTROLL/0,0,0,0,0,0,0,0,0
14:45:20.410  DEBUG    TX /CONTROLL/0,0,0,0,0,0,0,0,0
14:45:22.025  DEBUG    TX /CONTROLL/0,0,0,0,0,0,0,0,0
14:45:23.633  DEBUG    TX /CONTROLL/0,0,0,0,0,0,0,0,0
14:45:25.244  DEBUG    TX /CONTROLL/0,0,0,0,0,0,0,0,0
14:45:26.853  DEBUG    TX /CONTROLL/0,0,0,0,0,0,0,0,0
14:45:28.460  DEBUG    TX /CONTROLL/0,0,0,0,0,0,0,0,0
14:45:30.073  DEBUG    TX /CONTROLL/0,0,0,0,0,0,0,0,0
14:45:31.686  DEBUG    TX /CONTROLL/0,0,0,0,0,0,0,0,0
14:45:33.292  DEBUG    TX /CONTROLL/0,0,0,0,0,0,0,0,0
14:45:34.903  DEBUG    TX /CONTROLL/0,0,0,0,0,0,0,0,0
14:45:36.517  DEBUG    TX /CONTROLL/0,0,0,0,0,0,0,0,0
14:45:38.128  DEBUG    TX /CONTROLL/0,0,0,0,0,0,0,0,0
14:45:39.746  DEBUG    TX /CONTROLL/0,0,0,0,0,0,0,0,0
14:45:41.358  DEBUG    TX /CONTROLL/0,0,0,0,0,0,0,0,0
14:45:42.966  DEBUG    TX /CONTROLL/0,0,0,0,0,0,0,0,0
14:45:44.578  DEBUG    TX /CONTROLL/0,0,0,0,0,0,0,0,0
14:45:46.186  DEBUG    TX /CONTROLL/0,0,0,0,0,0,0,0,0
14:45:47.797  DEBUG    TX /CONTROLL/0,0,0,0,0,0,0,0,0
14:45:49.403  DEBUG    TX /CONTROLL/0,0,0,0,0,0,0,0,0
14:45:51.007  DEBUG    TX /CONTROLL/0,0,0,0,0,0,0,0,0
14:45:52.616  DEBUG    TX /CONTROLL/0,0,0,0,0,0,0,0,0
14:45:54.228  DEBUG    TX /CONTROLL/0,0,0,0,0,0,0,0,0
14:45:55.838  DEBUG    TX /CONTROLL/0,0,0,0,0,0,0,0,0
14:45:57.452  DEBUG    TX /CONTROLL/0,0,0,0,0,0,0,0,0
14:45:59.059  DEBUG    TX /CONTROLL/0,0,0,0,0,0,0,0,0
14:46:00.668  DEBUG    TX /CONTROLL/0,0,0,0,0,0,0,0,0
14:46:02.280  DEBUG    TX /CONTROLL/0,0,0,0,0,0,0,0,0
14:46:03.887  DEBUG    TX /CONTROLL/0,0,0,0,0,0,0,0,0
14:46:05.502  DEBUG    TX /CONTROLL/0,0,0,0,0,0,0,0,0
14:46:07.111  DEBUG    TX /CONTROLL/0,0,0,0,0,0,0,0,0
14:46:08.716  DEBUG    TX /CONTROLL/0,0,0,0,0,0,0,0,0
14:46:10.335  DEBUG    TX /CONTROLL/0,0,0,0,0,0,0,0,0
14:46:11.945  DEBUG    TX /CONTROLL/0,0,0,0,0,0,0,0,0
14:46:13.555  DEBUG    TX /CONTROLL/0,0,0,0,0,0,0,0,0
14:46:15.169  DEBUG    TX /CONTROLL/0,0,0,0,0,0,0,0,0
14:46:16.779  DEBUG    TX /CONTROLL/0,0,0,0,0,0,0,0,0
14:46:18.385  DEBUG    TX /CONTROLL/0,0,0,0,0,0,0,0,0
14:46:19.998  DEBUG    TX /CONTROLL/0,0,0,0,0,0,0,0,0
14:46:21.605  DEBUG    TX /CONTROLL/0,0,0,0,0,0,0,0,0
14:46:23.214  DEBUG    TX /CONTROLL/0,0,0,0,0,0,0,0,0
14:46:24.823  DEBUG    TX /CONTROLL/0,0,0,0,0,0,0,0,0
14:46:26.432  DEBUG    TX /CONTROLL/0,0,0,0,0,0,0,0,0
14:46:28.040  DEBUG    TX /CONTROLL/0,0,0,0,0,0,0,0,0
14:46:29.652  DEBUG    TX /CONTROLL/0,0,0,0,0,0,0,0,0
14:46:31.259  DEBUG    TX /CONTROLL/0,0,0,0,0,0,0,0,0
14:46:32.871  DEBUG    TX /CONTROLL/0,0,0,0,0,0,0,0,0
14:46:34.485  DEBUG    TX /CONTROLL/0,0,0,0,0,0,0,0,0
14:46:36.094  DEBUG    TX /CONTROLL/0,0,0,0,0,0,0,0,0
14:46:37.703  DEBUG    TX /CONTROLL/0,0,0,0,0,0,0,0,0
14:46:39.315  DEBUG    TX /CONTROLL/0,0,0,0,0,0,0,0,0
14:46:40.925  DEBUG    TX /CONTROLL/0,0,0,0,0,0,0,0,0
14:46:42.535  DEBUG    TX /CONTROLL/0,0,0,0,0,0,0,0,0
14:46:44.148  DEBUG    TX /CONTROLL/0,0,0,0,0,0,0,0,0
14:46:45.757  DEBUG    TX /CONTROLL/0,0,0,0,0,0,0,0,0
14:46:47.366  DEBUG    TX /CONTROLL/0,0,0,0,0,0,0,0,0
14:46:48.974  DEBUG    TX /CONTROLL/0,0,0,0,0,0,0,0,0
14:46:50.583  DEBUG    TX /CONTROLL/0,0,0,0,0,0,0,0,0
14:46:52.192  DEBUG    TX /CONTROLL/0,0,0,0,0,0,0,0,0
14:46:53.807  DEBUG    TX /CONTROLL/0,0,0,0,0,0,0,0,0
14:46:55.412  DEBUG    TX /CONTROLL/0,0,0,0,0,0,0,0,0
14:46:57.026  DEBUG    TX /CONTROLL/0,0,0,0,0,0,0,0,0
14:46:58.637  DEBUG    TX /CONTROLL/0,0,0,0,0,0,0,0,0
14:47:00.243  DEBUG    TX /CONTROLL/0,0,0,0,0,0,0,0,0
14:47:01.852  DEBUG    TX /CONTROLL/0,0,0,0,0,0,0,0,0
14:47:03.463  DEBUG    TX /CONTROLL/0,0,0,0,0,0,0,0,0
14:47:05.076  DEBUG    TX /CONTROLL/0,0,0,0,0,0,0,0,0
14:47:06.686  DEBUG    TX /CONTROLL/0,0,0,0,0,0,0,0,0
14:47:08.301  DEBUG    TX /CONTROLL/0,0,0,0,0,0,0,0,0
14:47:09.913  DEBUG    TX /CONTROLL/0,0,0,0,0,0,0,0,0
14:47:11.522  DEBUG    TX /CONTROLL/0,0,0,0,0,0,0,0,0
14:47:13.130  DEBUG    TX /CONTROLL/0,0,0,0,0,0,0,0,0
14:47:14.741  DEBUG    TX /CONTROLL/0,0,0,0,0,0,0,0,0
14:47:16.353  DEBUG    TX /CONTROLL/0,0,0,0,0,0,0,0,0
14:47:17.968  DEBUG    TX /CONTROLL/0,0,0,0,0,0,0,0,0
14:47:19.576  DEBUG    TX /CONTROLL/0,0,0,0,0,0,0,0,0
14:47:21.185  DEBUG    TX /CONTROLL/0,0,0,0,0,0,0,0,0
14:47:22.792  DEBUG    TX /CONTROLL/0,0,0,0,0,0,0,0,0
14:47:24.400  DEBUG    TX /CONTROLL/0,0,0,0,0,0,0,0,0
14:47:26.009  DEBUG    TX /CONTROLL/0,0,0,0,0,0,0,0,0
14:47:27.625  DEBUG    TX /CONTROLL/0,0,0,0,0,0,0,0,0
14:47:29.233  DEBUG    TX /CONTROLL/0,0,0,0,0,0,0,0,0
14:47:30.841  DEBUG    TX /CONTROLL/0,0,0,0,0,0,0,0,0
14:47:32.448  DEBUG    TX /CONTROLL/0,0,0,0,0,0,0,0,0
14:47:34.060  DEBUG    TX /CONTROLL/0,0,0,0,0,0,0,0,0
14:47:35.669  DEBUG    TX /CONTROLL/0,0,0,0,0,0,0,0,0
14:47:37.282  DEBUG    TX /CONTROLL/0,0,0,0,0,0,0,0,0
14:47:38.895  DEBUG    TX /CONTROLL/0,0,0,0,0,0,0,0,0
14:47:40.512  DEBUG    TX /CONTROLL/0,0,0,0,0,0,0,0,0
14:47:42.119  DEBUG    TX /CONTROLL/0,0,0,0,0,0,0,0,0
14:47:43.733  DEBUG    TX /CONTROLL/0,0,0,0,0,0,0,0,0
14:47:45.343  DEBUG    TX /CONTROLL/0,0,0,0,0,0,0,0,0
14:47:46.953  DEBUG    TX /CONTROLL/0,0,0,0,0,0,0,0,0
14:47:48.572  DEBUG    TX /CONTROLL/0,0,0,0,0,0,0,0,0
14:47:50.183  DEBUG    TX /CONTROLL/0,0,0,0,0,0,0,0,0
14:47:51.795  DEBUG    TX /CONTROLL/0,0,0,0,0,0,0,0,0
14:47:53.404  DEBUG    TX /CONTROLL/0,0,0,0,0,0,0,0,0
14:47:55.015  DEBUG    TX /CONTROLL/0,0,0,0,0,0,0,0,0
14:47:56.623  DEBUG    TX /CONTROLL/0,0,0,0,0,0,0,0,0
14:47:58.236  DEBUG    TX /CONTROLL/0,0,0,0,0,0,0,0,0
14:47:59.845  DEBUG    TX /CONTROLL/0,0,0,0,0,0,0,0,0
14:48:01.451  DEBUG    TX /CONTROLL/0,0,0,0,0,0,0,0,0
14:48:03.063  DEBUG    TX /CONTROLL/0,0,0,0,0,0,0,0,0
14:48:04.677  DEBUG    TX /CONTROLL/0,0,0,0,0,0,0,0,0
14:48:06.283  DEBUG    TX /CONTROLL/0,0,0,0,0,0,0,0,0
14:48:07.896  DEBUG    TX /CONTROLL/0,0,0,0,0,0,0,0,0
14:48:09.500  DEBUG    TX /CONTROLL/0,0,0,0,0,0,0,0,0
14:48:11.112  DEBUG    TX /CONTROLL/0,0,0,0,0,0,0,0,0
14:48:12.722  DEBUG    TX /CONTROLL/0,0,0,0,0,0,0,0,0
14:48:14.335  DEBUG    TX /CONTROLL/0,0,0,0,0,0,0,0,0
14:48:15.941  DEBUG    TX /CONTROLL/0,0,0,0,0,0,0,0,0
14:48:17.559  DEBUG    TX /CONTROLL/0,0,0,0,0,0,0,0,0
14:48:19.171  DEBUG    TX /CONTROLL/0,0,0,0,0,0,0,0,0
14:48:20.784  DEBUG    TX /CONTROLL/0,0,0,0,0,0,0,0,0
14:48:22.391  DEBUG    TX /CONTROLL/0,0,0,0,0,0,0,0,0
14:48:24.002  DEBUG    TX /CONTROLL/0,0,0,0,0,0,0,0,0
14:48:25.612  DEBUG    TX /CONTROLL/0,0,0,0,0,0,0,0,0
14:48:27.224  DEBUG    TX /CONTROLL/0,0,0,0,0,0,0,0,0
14:48:28.836  DEBUG    TX /CONTROLL/0,0,0,0,0,0,0,0,0
14:48:30.448  DEBUG    TX /CONTROLL/0,0,0,0,0,0,0,0,0
14:48:32.058  DEBUG    TX /CONTROLL/0,0,0,0,0,0,0,0,0
14:48:33.668  DEBUG    TX /CONTROLL/0,0,0,0,0,0,0,0,0
14:48:35.280  DEBUG    TX /CONTROLL/0,0,0,0,0,0,0,0,0
14:48:36.886  DEBUG    TX /CONTROLL/0,0,0,0,0,0,0,0,0
14:48:38.499  DEBUG    TX /CONTROLL/0,0,0,0,0,0,0,0,0
14:48:40.113  DEBUG    TX /CONTROLL/0,0,0,0,0,0,0,0,0
14:48:41.719  DEBUG    TX /CONTROLL/0,0,0,0,0,0,0,0,0
14:48:43.332  DEBUG    TX /CONTROLL/0,0,0,0,0,0,0,0,0
14:48:44.943  DEBUG    TX /CONTROLL/0,0,0,0,0,0,0,0,0
14:48:46.556  DEBUG    TX /CONTROLL/0,0,0,0,0,0,0,0,0
14:48:48.169  DEBUG    TX /CONTROLL/0,0,0,0,0,0,0,0,0
14:48:49.776  DEBUG    TX /CONTROLL/0,0,0,0,0,0,0,0,0
14:48:51.384  DEBUG    TX /CONTROLL/0,0,0,0,0,0,0,0,0
14:48:52.999  DEBUG    TX /CONTROLL/0,0,0,0,0,0,0,0,0
14:48:54.608  DEBUG    TX /CONTROLL/0,0,0,0,0,0,0,0,0
14:48:56.218  DEBUG    TX /CONTROLL/0,0,0,0,0,0,0,0,0
14:48:57.825  DEBUG    TX /CONTROLL/0,0,0,0,0,0,0,0,0
14:48:59.441  DEBUG    TX /CONTROLL/0,0,0,0,0,0,0,0,0
14:49:01.051  DEBUG    TX /CONTROLL/0,0,0,0,0,0,0,0,0
14:49:02.662  DEBUG    TX /CONTROLL/0,0,0,0,0,0,0,0,0
14:49:04.269  DEBUG    TX /CONTROLL/0,0,0,0,0,0,0,0,0
14:49:05.881  DEBUG    TX /CONTROLL/0,0,0,0,0,0,0,0,0
14:49:07.501  DEBUG    TX /CONTROLL/0,0,0,0,0,0,0,0,0
14:49:09.114  DEBUG    TX /CONTROLL/0,0,0,0,0,0,0,0,0
14:49:10.722  DEBUG    TX /CONTROLL/0,0,0,0,0,0,0,0,0
14:49:12.335  DEBUG    TX /CONTROLL/0,0,0,0,0,0,0,0,0
14:49:13.946  DEBUG    TX /CONTROLL/0,0,0,0,0,0,0,0,0
14:49:15.557  DEBUG    TX /CONTROLL/0,0,0,0,0,0,0,0,0
14:49:17.170  DEBUG    TX /CONTROLL/0,0,0,0,0,0,0,0,0
14:49:18.784  DEBUG    TX /CONTROLL/0,0,0,0,0,0,0,0,0
14:49:20.394  DEBUG    TX /CONTROLL/0,0,0,0,0,0,0,0,0
14:49:22.002  DEBUG    TX /CONTROLL/0,0,0,0,0,0,0,0,0
14:49:23.610  DEBUG    TX /CONTROLL/0,0,0,0,0,0,0,0,0
14:49:25.220  DEBUG    TX /CONTROLL/0,0,0,0,0,0,0,0,0
14:49:26.832  DEBUG    TX /CONTROLL/0,0,0,0,0,0,0,0,0
14:49:28.445  DEBUG    TX /CONTROLL/0,0,0,0,0,0,0,0,0
14:49:30.056  DEBUG    TX /CONTROLL/0,0,0,0,0,0,0,0,0
14:49:31.665  DEBUG    TX /CONTROLL/0,0,0,0,0,0,0,0,0
14:49:33.275  DEBUG    TX /CONTROLL/0,0,0,0,0,0,0,0,0
14:49:34.886  DEBUG    TX /CONTROLL/0,0,0,0,0,0,0,0,0
14:49:36.495  DEBUG    TX /CONTROLL/0,0,0,0,0,0,0,0,0
14:49:38.107  DEBUG    TX /CONTROLL/0,0,0,0,0,0,0,0,0
14:49:39.721  DEBUG    TX /CONTROLL/0,0,0,0,0,0,0,0,0
14:49:41.334  DEBUG    TX /CONTROLL/0,0,0,0,0,0,0,0,0
14:49:42.945  DEBUG    TX /CONTROLL/0,0,0,0,0,0,0,0,0
14:49:44.558  DEBUG    TX /CONTROLL/0,0,0,0,0,0,0,0,0
14:49:46.171  DEBUG    TX /CONTROLL/0,0,0,0,0,0,0,0,0
14:49:47.782  DEBUG    TX /CONTROLL/0,0,0,0,0,0,0,0,0
14:49:49.391  DEBUG    TX /CONTROLL/0,0,0,0,0,0,0,0,0
14:49:51.009  DEBUG    TX /CONTROLL/0,0,0,0,0,0,0,0,0
14:49:52.618  DEBUG    TX /CONTROLL/0,0,0,0,0,0,0,0,0
14:49:54.230  DEBUG    TX /CONTROLL/0,0,0,0,0,0,0,0,0
14:49:55.841  DEBUG    TX /CONTROLL/0,0,0,0,0,0,0,0,0
14:49:57.451  DEBUG    TX /CONTROLL/0,0,0,0,0,0,0,0,0
14:49:59.065  DEBUG    TX /CONTROLL/0,0,0,0,0,0,0,0,0
14:50:00.678  DEBUG    TX /CONTROLL/0,0,0,0,0,0,0,0,0
14:50:02.287  DEBUG    TX /CONTROLL/0,0,0,0,0,0,0,0,0
14:50:03.897  DEBUG    TX /CONTROLL/0,0,0,0,0,0,0,0,0
14:50:05.506  DEBUG    TX /CONTROLL/0,0,0,0,0,0,0,0,0
14:50:07.113  DEBUG    TX /CONTROLL/0,0,0,0,0,0,0,0,0
14:50:08.728  DEBUG    TX /CONTROLL/0,0,0,0,0,0,0,0,0
14:50:10.342  DEBUG    TX /CONTROLL/0,0,0,0,0,0,0,0,0
14:50:11.951  DEBUG    TX /CONTROLL/0,0,0,0,0,0,0,0,0
14:50:13.563  DEBUG    TX /CONTROLL/0,0,0,0,0,0,0,0,0
14:50:15.172  DEBUG    TX /CONTROLL/0,0,0,0,0,0,0,0,0
14:50:16.787  DEBUG    TX /CONTROLL/0,0,0,0,0,0,0,0,0
14:50:18.405  DEBUG    TX /CONTROLL/0,0,0,0,0,0,0,0,0
14:50:20.014  DEBUG    TX /CONTROLL/0,0,0,0,0,0,0,0,0
14:50:21.626  DEBUG    TX /CONTROLL/0,0,0,0,0,0,0,0,0
14:50:23.235  DEBUG    TX /CONTROLL/0,0,0,0,0,0,0,0,0
14:50:24.849  DEBUG    TX /CONTROLL/0,0,0,0,0,0,0,0,0
14:50:26.462  DEBUG    TX /CONTROLL/0,0,0,0,0,0,0,0,0
14:50:28.074  DEBUG    TX /CONTROLL/0,0,0,0,0,0,0,0,0
14:50:29.683  DEBUG    TX /CONTROLL/0,0,0,0,0,0,0,0,0
14:50:31.295  DEBUG    TX /CONTROLL/0,0,0,0,0,0,0,0,0
14:50:32.904  DEBUG    TX /CONTROLL/0,0,0,0,0,0,0,0,0
14:50:34.511  DEBUG    TX /CONTROLL/0,0,0,0,0,0,0,0,0
14:50:36.126  DEBUG    TX /CONTROLL/0,0,0,0,0,0,0,0,0
14:50:37.737  DEBUG    TX /CONTROLL/0,0,0,0,0,0,0,0,0
14:50:39.347  DEBUG    TX /CONTROLL/0,0,0,0,0,0,0,0,0
14:50:40.956  DEBUG    TX /CONTROLL/0,0,0,0,0,0,0,0,0
14:50:42.563  DEBUG    TX /CONTROLL/0,0,0,0,0,0,0,0,0
14:50:44.169  DEBUG    TX /CONTROLL/0,0,0,0,0,0,0,0,0
14:50:45.775  DEBUG    TX /CONTROLL/0,0,0,0,0,0,0,0,0
14:50:47.387  DEBUG    TX /CONTROLL/0,0,0,0,0,0,0,0,0
14:50:48.998  DEBUG    TX /CONTROLL/0,0,0,0,0,0,0,0,0
14:50:50.608  DEBUG    TX /CONTROLL/0,0,0,0,0,0,0,0,0
14:50:52.216  DEBUG    TX /CONTROLL/0,0,0,0,0,0,0,0,0
14:50:53.822  DEBUG    TX /CONTROLL/0,0,0,0,0,0,0,0,0
14:50:55.432  DEBUG    TX /CONTROLL/0,0,0,0,0,0,0,0,0
14:50:57.042  DEBUG    TX /CONTROLL/0,0,0,0,0,0,0,0,0
14:50:58.654  DEBUG    TX /CONTROLL/0,0,0,0,0,0,0,0,0
14:51:00.262  DEBUG    TX /CONTROLL/0,0,0,0,0,0,0,0,0
14:51:01.873  DEBUG    TX /CONTROLL/0,0,0,0,0,0,0,0,0
14:51:03.483  DEBUG    TX /CONTROLL/0,0,0,0,0,0,0,0,0
14:51:05.088  DEBUG    TX /CONTROLL/0,0,0,0,0,0,0,0,0
14:51:06.699  DEBUG    TX /CONTROLL/0,0,0,0,0,0,0,0,0
14:51:08.309  DEBUG    TX /CONTROLL/0,0,0,0,0,0,0,0,0
14:51:09.920  DEBUG    TX /CONTROLL/0,0,0,0,0,0,0,0,0
14:51:11.529  DEBUG    TX /CONTROLL/0,0,0,0,0,0,0,0,0
14:51:13.139  DEBUG    TX /CONTROLL/0,0,0,0,0,0,0,0,0
14:51:14.751  DEBUG    TX /CONTROLL/0,0,0,0,0,0,0,0,0
14:51:16.361  DEBUG    TX /CONTROLL/0,0,0,0,0,0,0,0,0
14:51:17.968  DEBUG    TX /CONTROLL/0,0,0,0,0,0,0,0,0
14:51:19.575  DEBUG    TX /CONTROLL/0,0,0,0,0,0,0,0,0
14:51:21.184  DEBUG    TX /CONTROLL/0,0,0,0,0,0,0,0,0
14:51:22.787  DEBUG    TX /CONTROLL/0,0,0,0,0,0,0,0,0
14:51:24.398  DEBUG    TX /CONTROLL/0,0,0,0,0,0,0,0,0
14:51:26.013  DEBUG    TX /CONTROLL/0,0,0,0,0,0,0,0,0
14:51:27.623  DEBUG    TX /CONTROLL/0,0,0,0,0,0,0,0,0
14:51:29.234  DEBUG    TX /CONTROLL/0,0,0,0,0,0,0,0,0
14:51:30.850  DEBUG    TX /CONTROLL/0,0,0,0,0,0,0,0,0
14:51:32.460  DEBUG    TX /CONTROLL/0,0,0,0,0,0,0,0,0
14:51:34.069  DEBUG    TX /CONTROLL/0,0,0,0,0,0,0,0,0
14:51:35.685  DEBUG    TX /CONTROLL/0,0,0,0,0,0,0,0,0
14:51:37.295  DEBUG    TX /CONTROLL/0,0,0,0,0,0,0,0,0
14:51:38.907  DEBUG    TX /CONTROLL/0,0,0,0,0,0,0,0,0
14:51:40.518  DEBUG    TX /CONTROLL/0,0,0,0,0,0,0,0,0
14:51:42.132  DEBUG    TX /CONTROLL/0,0,0,0,0,0,0,0,0
14:51:43.746  DEBUG    TX /CONTROLL/0,0,0,0,0,0,0,0,0
14:51:45.358  DEBUG    TX /CONTROLL/0,0,0,0,0,0,0,0,0
14:51:46.971  DEBUG    TX /CONTROLL/0,0,0,0,0,0,0,0,0
14:51:48.581  DEBUG    TX /CONTROLL/0,0,0,0,0,0,0,0,0
14:51:50.192  DEBUG    TX /CONTROLL/0,0,0,0,0,0,0,0,0
14:51:51.802  DEBUG    TX /CONTROLL/0,0,0,0,0,0,0,0,0
14:51:53.410  DEBUG    TX /CONTROLL/0,0,0,0,0,0,0,0,0
14:51:55.019  DEBUG    TX /CONTROLL/0,0,0,0,0,0,0,0,0
14:51:56.632  DEBUG    TX /CONTROLL/0,0,0,0,0,0,0,0,0
14:51:58.243  DEBUG    TX /CONTROLL/0,0,0,0,0,0,0,0,0
14:51:59.856  DEBUG    TX /CONTROLL/0,0,0,0,0,0,0,0,0
14:52:01.467  DEBUG    TX /CONTROLL/0,0,0,0,0,0,0,0,0
14:52:03.077  DEBUG    TX /CONTROLL/0,0,0,0,0,0,0,0,0
14:52:04.683  DEBUG    TX /CONTROLL/0,0,0,0,0,0,0,0,0
14:52:06.293  DEBUG    TX /CONTROLL/0,0,0,0,0,0,0,0,0
14:52:07.898  DEBUG    TX /CONTROLL/0,0,0,0,0,0,0,0,0
14:52:09.508  DEBUG    TX /CONTROLL/0,0,0,0,0,0,0,0,0
14:52:11.118  DEBUG    TX /CONTROLL/0,0,0,0,0,0,0,0,0
14:52:12.729  DEBUG    TX /CONTROLL/0,0,0,0,0,0,0,0,0
14:52:14.339  DEBUG    TX /CONTROLL/0,0,0,0,0,0,0,0,0
14:52:15.952  DEBUG    TX /CONTROLL/0,0,0,0,0,0,0,0,0
14:52:17.566  DEBUG    TX /CONTROLL/0,0,0,0,0,0,0,0,0
14:52:19.176  DEBUG    TX /CONTROLL/0,0,0,0,0,0,0,0,0
14:52:20.782  DEBUG    TX /CONTROLL/0,0,0,0,0,0,0,0,0
14:52:22.390  DEBUG    TX /CONTROLL/0,0,0,0,0,0,0,0,0
14:52:23.998  DEBUG    TX /CONTROLL/0,0,0,0,0,0,0,0,0
14:52:25.606  DEBUG    TX /CONTROLL/0,0,0,0,0,0,0,0,0
14:52:27.218  DEBUG    TX /CONTROLL/0,0,0,0,0,0,0,0,0
14:52:28.824  DEBUG    TX /CONTROLL/0,0,0,0,0,0,0,0,0
14:52:30.438  DEBUG    TX /CONTROLL/0,0,0,0,0,0,0,0,0
14:52:32.050  DEBUG    TX /CONTROLL/0,0,0,0,0,0,0,0,0
14:52:33.665  DEBUG    TX /CONTROLL/0,0,0,0,0,0,0,0,0
14:52:35.271  DEBUG    TX /CONTROLL/0,0,0,0,0,0,0,0,0
14:52:36.886  DEBUG    TX /CONTROLL/0,0,0,0,0,0,0,0,0
14:52:38.497  DEBUG    TX /CONTROLL/0,0,0,0,0,0,0,0,0
14:52:40.111  DEBUG    TX /CONTROLL/0,0,0,0,0,0,0,0,0
14:52:41.726  DEBUG    TX /CONTROLL/0,0,0,0,0,0,0,0,0
14:52:43.336  DEBUG    TX /CONTROLL/0,0,0,0,0,0,0,0,0
14:52:44.948  DEBUG    TX /CONTROLL/0,0,0,0,0,0,0,0,0
14:52:46.557  DEBUG    TX /CONTROLL/0,0,0,0,0,0,0,0,0
14:52:48.168  DEBUG    TX /CONTROLL/0,0,0,0,0,0,0,0,0
14:52:49.777  DEBUG    TX /CONTROLL/0,0,0,0,0,0,0,0,0
14:52:51.384  DEBUG    TX /CONTROLL/0,0,0,0,0,0,0,0,0
14:52:52.992  DEBUG    TX /CONTROLL/0,0,0,0,0,0,0,0,0
14:52:54.596  DEBUG    TX /CONTROLL/0,0,0,0,0,0,0,0,0
14:52:56.204  DEBUG    TX /CONTROLL/0,0,0,0,0,0,0,0,0
14:52:57.813  DEBUG    TX /CONTROLL/0,0,0,0,0,0,0,0,0
14:52:59.422  DEBUG    TX /CONTROLL/0,0,0,0,0,0,0,0,0
14:53:01.031  DEBUG    TX /CONTROLL/0,0,0,0,0,0,0,0,0
14:53:02.642  DEBUG    TX /CONTROLL/0,0,0,0,0,0,0,0,0
14:53:04.255  DEBUG    TX /CONTROLL/0,0,0,0,0,0,0,0,0
14:53:05.866  DEBUG    TX /CONTROLL/0,0,0,0,0,0,0,0,0
14:53:07.474  DEBUG    TX /CONTROLL/0,0,0,0,0,0,0,0,0
14:53:09.086  DEBUG    TX /CONTROLL/0,0,0,0,0,0,0,0,0
14:53:10.697  DEBUG    TX /CONTROLL/0,0,0,0,0,0,0,0,0
14:53:12.313  DEBUG    TX /CONTROLL/0,0,0,0,0,0,0,0,0
14:53:13.922  DEBUG    TX /CONTROLL/0,0,0,0,0,0,0,0,0
14:53:15.537  DEBUG    TX /CONTROLL/0,0,0,0,0,0,0,0,0
14:53:17.144  DEBUG    TX /CONTROLL/0,0,0,0,0,0,0,0,0
14:53:18.754  DEBUG    TX /CONTROLL/0,0,0,0,0,0,0,0,0
14:53:20.368  DEBUG    TX /CONTROLL/0,0,0,0,0,0,0,0,0
14:53:21.978  DEBUG    TX /CONTROLL/0,0,0,0,0,0,0,0,0
14:53:23.588  DEBUG    TX /CONTROLL/0,0,0,0,0,0,0,0,0
14:53:25.202  DEBUG    TX /CONTROLL/0,0,0,0,0,0,0,0,0
14:53:26.810  DEBUG    TX /CONTROLL/0,0,0,0,0,0,0,0,0
14:53:28.422  DEBUG    TX /CONTROLL/0,0,0,0,0,0,0,0,0
14:53:30.037  DEBUG    TX /CONTROLL/0,0,0,0,0,0,0,0,0
14:53:31.648  DEBUG    TX /CONTROLL/0,0,0,0,0,0,0,0,0
14:53:33.260  DEBUG    TX /CONTROLL/0,0,0,0,0,0,0,0,0
14:53:34.878  DEBUG    TX /CONTROLL/0,0,0,0,0,0,0,0,0
14:53:36.496  DEBUG    TX /CONTROLL/0,0,0,0,0,0,0,0,0
14:53:38.106  DEBUG    TX /CONTROLL/0,0,0,0,0,0,0,0,0
14:53:39.715  DEBUG    TX /CONTROLL/0,0,0,0,0,0,0,0,0
14:53:41.330  DEBUG    TX /CONTROLL/0,0,0,0,0,0,0,0,0
14:53:42.940  DEBUG    TX /CONTROLL/0,0,0,0,0,0,0,0,0
14:53:44.549  DEBUG    TX /CONTROLL/0,0,0,0,0,0,0,0,0
14:53:46.157  DEBUG    TX /CONTROLL/0,0,0,0,0,0,0,0,0
14:53:47.764  DEBUG    TX /CONTROLL/0,0,0,0,0,0,0,0,0
14:53:49.374  DEBUG    TX /CONTROLL/0,0,0,0,0,0,0,0,0
14:53:50.983  DEBUG    TX /CONTROLL/0,0,0,0,0,0,0,0,0
14:53:52.595  DEBUG    TX /CONTROLL/0,0,0,0,0,0,0,0,0
14:53:54.208  DEBUG    TX /CONTROLL/0,0,0,0,0,0,0,0,0
14:53:55.822  DEBUG    TX /CONTROLL/0,0,0,0,0,0,0,0,0
14:53:57.435  DEBUG    TX /CONTROLL/0,0,0,0,0,0,0,0,0
14:53:59.051  DEBUG    TX /CONTROLL/0,0,0,0,0,0,0,0,0
14:54:00.662  DEBUG    TX /CONTROLL/0,0,0,0,0,0,0,0,0
14:54:02.273  DEBUG    TX /CONTROLL/0,0,0,0,0,0,0,0,0
14:54:03.884  DEBUG    TX /CONTROLL/0,0,0,0,0,0,0,0,0
14:54:05.496  DEBUG    TX /CONTROLL/0,0,0,0,0,0,0,0,0
14:54:07.108  DEBUG    TX /CONTROLL/0,0,0,0,0,0,0,0,0
14:54:08.717  DEBUG    TX /CONTROLL/0,0,0,0,0,0,0,0,0
14:54:10.322  DEBUG    TX /CONTROLL/0,0,0,0,0,0,0,0,0
14:54:11.931  DEBUG    TX /CONTROLL/0,0,0,0,0,0,0,0,0
14:54:13.544  DEBUG    TX /CONTROLL/0,0,0,0,0,0,0,0,0
14:54:15.156  DEBUG    TX /CONTROLL/0,0,0,0,0,0,0,0,0
14:54:16.766  DEBUG    TX /CONTROLL/0,0,0,0,0,0,0,0,0
14:54:18.382  DEBUG    TX /CONTROLL/0,0,0,0,0,0,0,0,0
14:54:19.994  DEBUG    TX /CONTROLL/0,0,0,0,0,0,0,0,0
14:54:21.603  DEBUG    TX /CONTROLL/0,0,0,0,0,0,0,0,0
14:54:23.216  DEBUG    TX /CONTROLL/0,0,0,0,0,0,0,0,0
14:54:24.828  DEBUG    TX /CONTROLL/0,0,0,0,0,0,0,0,0
14:54:26.437  DEBUG    TX /CONTROLL/0,0,0,0,0,0,0,0,0
14:54:28.047  DEBUG    TX /CONTROLL/0,0,0,0,0,0,0,0,0
14:54:29.657  DEBUG    TX /CONTROLL/0,0,0,0,0,0,0,0,0
14:54:31.270  DEBUG    TX /CONTROLL/0,0,0,0,0,0,0,0,0
14:54:32.886  DEBUG    TX /CONTROLL/0,0,0,0,0,0,0,0,0
14:54:34.500  DEBUG    TX /CONTROLL/0,0,0,0,0,0,0,0,0
14:54:36.107  DEBUG    TX /CONTROLL/0,0,0,0,0,0,0,0,0
14:54:37.717  DEBUG    TX /CONTROLL/0,0,0,0,0,0,0,0,0
14:54:39.324  DEBUG    TX /CONTROLL/0,0,0,0,0,0,0,0,0
14:54:40.936  DEBUG    TX /CONTROLL/0,0,0,0,0,0,0,0,0
14:54:42.548  DEBUG    TX /CONTROLL/0,0,0,0,0,0,0,0,0
14:54:44.158  DEBUG    TX /CONTROLL/0,0,0,0,0,0,0,0,0
14:54:45.768  DEBUG    TX /CONTROLL/0,0,0,0,0,0,0,0,0
14:54:47.380  DEBUG    TX /CONTROLL/0,0,0,0,0,0,0,0,0
14:54:48.995  DEBUG    TX /CONTROLL/0,0,0,0,0,0,0,0,0
14:54:50.610  DEBUG    TX /CONTROLL/0,0,0,0,0,0,0,0,0
14:54:52.221  DEBUG    TX /CONTROLL/0,0,0,0,0,0,0,0,0
14:54:53.830  DEBUG    TX /CONTROLL/0,0,0,0,0,0,0,0,0
14:54:55.439  DEBUG    TX /CONTROLL/0,0,0,0,0,0,0,0,0
14:54:57.048  DEBUG    TX /CONTROLL/0,0,0,0,0,0,0,0,0
14:54:58.659  DEBUG    TX /CONTROLL/0,0,0,0,0,0,0,0,0
14:55:00.271  DEBUG    TX /CONTROLL/0,0,0,0,0,0,0,0,0
14:55:01.884  DEBUG    TX /CONTROLL/0,0,0,0,0,0,0,0,0
14:55:03.492  DEBUG    TX /CONTROLL/0,0,0,0,0,0,0,0,0
14:55:05.097  DEBUG    TX /CONTROLL/0,0,0,0,0,0,0,0,0
14:55:06.703  DEBUG    TX /CONTROLL/0,0,0,0,0,0,0,0,0
14:55:08.313  DEBUG    TX /CONTROLL/0,0,0,0,0,0,0,0,0
14:55:09.922  DEBUG    TX /CONTROLL/0,0,0,0,0,0,0,0,0
14:55:11.530  DEBUG    TX /CONTROLL/0,0,0,0,0,0,0,0,0
14:55:13.143  DEBUG    TX /CONTROLL/0,0,0,0,0,0,0,0,0
14:55:14.750  DEBUG    TX /CONTROLL/0,0,0,0,0,0,0,0,0
14:55:16.360  DEBUG    TX /CONTROLL/0,0,0,0,0,0,0,0,0
14:55:17.970  DEBUG    TX /CONTROLL/0,0,0,0,0,0,0,0,0
14:55:19.579  DEBUG    TX /CONTROLL/0,0,0,0,0,0,0,0,0
14:55:21.194  DEBUG    TX /CONTROLL/0,0,0,0,0,0,0,0,0
14:55:22.802  DEBUG    TX /CONTROLL/0,0,0,0,0,0,0,0,0
14:55:24.411  DEBUG    TX /CONTROLL/0,0,0,0,0,0,0,0,0
14:55:26.021  DEBUG    TX /CONTROLL/0,0,0,0,0,0,0,0,0
14:55:27.628  DEBUG    TX /CONTROLL/0,0,0,0,0,0,0,0,0
14:55:29.235  DEBUG    TX /CONTROLL/0,0,0,0,0,0,0,0,0
14:55:30.842  DEBUG    TX /CONTROLL/0,0,0,0,0,0,0,0,0
14:55:32.456  DEBUG    TX /CONTROLL/0,0,0,0,0,0,0,0,0
14:55:34.064  DEBUG    TX /CONTROLL/0,0,0,0,0,0,0,0,0
14:55:35.672  DEBUG    TX /CONTROLL/0,0,0,0,0,0,0,0,0
14:55:37.285  DEBUG    TX /CONTROLL/0,0,0,0,0,0,0,0,0
14:55:38.894  DEBUG    TX /CONTROLL/0,0,0,0,0,0,0,0,0
14:55:40.502  DEBUG    TX /CONTROLL/0,0,0,0,0,0,0,0,0
14:55:42.115  DEBUG    TX /CONTROLL/0,0,0,0,0,0,0,0,0
14:55:43.726  DEBUG    TX /CONTROLL/0,0,0,0,0,0,0,0,0
14:55:45.333  DEBUG    TX /CONTROLL/0,0,0,0,0,0,0,0,0
14:55:46.942  DEBUG    TX /CONTROLL/0,0,0,0,0,0,0,0,0
14:55:48.553  DEBUG    TX /CONTROLL/0,0,0,0,0,0,0,0,0
14:55:50.159  DEBUG    TX /CONTROLL/0,0,0,0,0,0,0,0,0
14:55:51.773  DEBUG    TX /CONTROLL/0,0,0,0,0,0,0,0,0
14:55:53.382  DEBUG    TX /CONTROLL/0,0,0,0,0,0,0,0,0
14:55:54.992  DEBUG    TX /CONTROLL/0,0,0,0,0,0,0,0,0
14:55:56.601  DEBUG    TX /CONTROLL/0,0,0,0,0,0,0,0,0
14:55:58.209  DEBUG    TX /CONTROLL/0,0,0,0,0,0,0,0,0
14:55:59.818  DEBUG    TX /CONTROLL/0,0,0,0,0,0,0,0,0
14:56:01.429  DEBUG    TX /CONTROLL/0,0,0,0,0,0,0,0,0
14:56:03.038  DEBUG    TX /CONTROLL/0,0,0,0,0,0,0,0,0
14:56:04.649  DEBUG    TX /CONTROLL/0,0,0,0,0,0,0,0,0
14:56:06.259  DEBUG    TX /CONTROLL/0,0,0,0,0,0,0,0,0
14:56:07.872  DEBUG    TX /CONTROLL/0,0,0,0,0,0,0,0,0
14:56:09.488  DEBUG    TX /CONTROLL/0,0,0,0,0,0,0,0,0
14:56:11.098  DEBUG    TX /CONTROLL/0,0,0,0,0,0,0,0,0
14:56:12.707  DEBUG    TX /CONTROLL/0,0,0,0,0,0,0,0,0
14:56:14.318  DEBUG    TX /CONTROLL/0,0,0,0,0,0,0,0,0
14:56:15.928  DEBUG    TX /CONTROLL/0,0,0,0,0,0,0,0,0
14:56:17.540  DEBUG    TX /CONTROLL/0,0,0,0,0,0,0,0,0
14:56:19.146  DEBUG    TX /CONTROLL/0,0,0,0,0,0,0,0,0
14:56:20.755  DEBUG    TX /CONTROLL/0,0,0,0,0,0,0,0,0
14:56:22.363  DEBUG    TX /CONTROLL/0,0,0,0,0,0,0,0,0
14:56:23.973  DEBUG    TX /CONTROLL/0,0,0,0,0,0,0,0,0
14:56:25.579  DEBUG    TX /CONTROLL/0,0,0,0,0,0,0,0,0
14:56:27.185  DEBUG    TX /CONTROLL/0,0,0,0,0,0,0,0,0
14:56:28.796  DEBUG    TX /CONTROLL/0,0,0,0,0,0,0,0,0
14:56:30.408  DEBUG    TX /CONTROLL/0,0,0,0,0,0,0,0,0
14:56:32.016  DEBUG    TX /CONTROLL/0,0,0,0,0,0,0,0,0
14:56:33.622  DEBUG    TX /CONTROLL/0,0,0,0,0,0,0,0,0
14:56:35.234  DEBUG    TX /CONTROLL/0,0,0,0,0,0,0,0,0
14:56:36.847  DEBUG    TX /CONTROLL/0,0,0,0,0,0,0,0,0
14:56:38.453  DEBUG    TX /CONTROLL/0,0,0,0,0,0,0,0,0
14:56:40.069  DEBUG    TX /CONTROLL/0,0,0,0,0,0,0,0,0
14:56:41.681  DEBUG    TX /CONTROLL/0,0,0,0,0,0,0,0,0
14:56:43.295  DEBUG    TX /CONTROLL/0,0,0,0,0,0,0,0,0
14:56:44.905  DEBUG    TX /CONTROLL/0,0,0,0,0,0,0,0,0
14:56:46.511  DEBUG    TX /CONTROLL/0,0,0,0,0,0,0,0,0
14:56:48.118  DEBUG    TX /CONTROLL/0,0,0,0,0,0,0,0,0
14:56:49.731  DEBUG    TX /CONTROLL/0,0,0,0,0,0,0,0,0
14:56:51.339  DEBUG    TX /CONTROLL/0,0,0,0,0,0,0,0,0
14:56:52.949  DEBUG    TX /CONTROLL/0,0,0,0,0,0,0,0,0
14:56:54.564  DEBUG    TX /CONTROLL/0,0,0,0,0,0,0,0,0
14:56:56.170  DEBUG    TX /CONTROLL/0,0,0,0,0,0,0,0,0
14:56:57.785  DEBUG    TX /CONTROLL/0,0,0,0,0,0,0,0,0
14:56:59.397  DEBUG    TX /CONTROLL/0,0,0,0,0,0,0,0,0
14:57:01.007  DEBUG    TX /CONTROLL/0,0,0,0,0,0,0,0,0
14:57:02.613  DEBUG    TX /CONTROLL/0,0,0,0,0,0,0,0,0
14:57:04.225  DEBUG    TX /CONTROLL/0,0,0,0,0,0,0,0,0
14:57:05.839  DEBUG    TX /CONTROLL/0,0,0,0,0,0,0,0,0
14:57:07.452  DEBUG    TX /CONTROLL/0,0,0,0,0,0,0,0,0
14:57:09.056  DEBUG    TX /CONTROLL/0,0,0,0,0,0,0,0,0
14:57:10.665  DEBUG    TX /CONTROLL/0,0,0,0,0,0,0,0,0
14:57:12.281  DEBUG    TX /CONTROLL/0,0,0,0,0,0,0,0,0
14:57:13.889  DEBUG    TX /CONTROLL/0,0,0,0,0,0,0,0,0
14:57:15.503  DEBUG    TX /CONTROLL/0,0,0,0,0,0,0,0,0
14:57:17.110  DEBUG    TX /CONTROLL/0,0,0,0,0,0,0,0,0
14:57:18.721  DEBUG    TX /CONTROLL/0,0,0,0,0,0,0,0,0
14:57:20.327  DEBUG    TX /CONTROLL/0,0,0,0,0,0,0,0,0
14:57:21.942  DEBUG    TX /CONTROLL/0,0,0,0,0,0,0,0,0
14:57:23.553  DEBUG    TX /CONTROLL/0,0,0,0,0,0,0,0,0
14:57:25.161  DEBUG    TX /CONTROLL/0,0,0,0,0,0,0,0,0
14:57:26.774  DEBUG    TX /CONTROLL/0,0,0,0,0,0,0,0,0
14:57:28.380  DEBUG    TX /CONTROLL/0,0,0,0,0,0,0,0,0
14:57:29.987  DEBUG    TX /CONTROLL/0,0,0,0,0,0,0,0,0
14:57:31.599  DEBUG    TX /CONTROLL/0,0,0,0,0,0,0,0,0
14:57:33.208  DEBUG    TX /CONTROLL/0,0,0,0,0,0,0,0,0
14:57:34.820  DEBUG    TX /CONTROLL/0,0,0,0,0,0,0,0,0
14:57:36.430  DEBUG    TX /CONTROLL/0,0,0,0,0,0,0,0,0
14:57:38.036  DEBUG    TX /CONTROLL/0,0,0,0,0,0,0,0,0
14:57:39.651  DEBUG    TX /CONTROLL/0,0,0,0,0,0,0,0,0
14:57:41.259  DEBUG    TX /CONTROLL/0,0,0,0,0,0,0,0,0
14:57:42.871  DEBUG    TX /CONTROLL/0,0,0,0,0,0,0,0,0
14:57:44.482  DEBUG    TX /CONTROLL/0,0,0,0,0,0,0,0,0
14:57:46.094  DEBUG    TX /CONTROLL/0,0,0,0,0,0,0,0,0
14:57:47.706  DEBUG    TX /CONTROLL/0,0,0,0,0,0,0,0,0
14:57:49.316  DEBUG    TX /CONTROLL/0,0,0,0,0,0,0,0,0
14:57:50.926  DEBUG    TX /CONTROLL/0,0,0,0,0,0,0,0,0
14:57:52.538  DEBUG    TX /CONTROLL/0,0,0,0,0,0,0,0,0
14:57:54.152  DEBUG    TX /CONTROLL/0,0,0,0,0,0,0,0,0
14:57:55.770  DEBUG    TX /CONTROLL/0,0,0,0,0,0,0,0,0
14:57:57.379  DEBUG    TX /CONTROLL/0,0,0,0,0,0,0,0,0
14:57:58.989  DEBUG    TX /CONTROLL/0,0,0,0,0,0,0,0,0
14:58:00.596  DEBUG    TX /CONTROLL/0,0,0,0,0,0,0,0,0
14:58:02.206  DEBUG    TX /CONTROLL/0,0,0,0,0,0,0,0,0
14:58:03.815  DEBUG    TX /CONTROLL/0,0,0,0,0,0,0,0,0
14:58:05.422  DEBUG    TX /CONTROLL/0,0,0,0,0,0,0,0,0
14:58:07.032  DEBUG    TX /CONTROLL/0,0,0,0,0,0,0,0,0
14:58:08.640  DEBUG    TX /CONTROLL/0,0,0,0,0,0,0,0,0
14:58:10.255  DEBUG    TX /CONTROLL/0,0,0,0,0,0,0,0,0
14:58:11.869  DEBUG    TX /CONTROLL/0,0,0,0,0,0,0,0,0
14:58:13.479  DEBUG    TX /CONTROLL/0,0,0,0,0,0,0,0,0
14:58:15.087  DEBUG    TX /CONTROLL/0,0,0,0,0,0,0,0,0
14:58:16.695  DEBUG    TX /CONTROLL/0,0,0,0,0,0,0,0,0
14:58:18.308  DEBUG    TX /CONTROLL/0,0,0,0,0,0,0,0,0
14:58:19.918  DEBUG    TX /CONTROLL/0,0,0,0,0,0,0,0,0
14:58:21.533  DEBUG    TX /CONTROLL/0,0,0,0,0,0,0,0,0
14:58:23.142  DEBUG    TX /CONTROLL/0,0,0,0,0,0,0,0,0
14:58:24.751  DEBUG    TX /CONTROLL/0,0,0,0,0,0,0,0,0
14:58:26.355  DEBUG    TX /CONTROLL/0,0,0,0,0,0,0,0,0
14:58:27.962  DEBUG    TX /CONTROLL/0,0,0,0,0,0,0,0,0
14:58:29.573  DEBUG    TX /CONTROLL/0,0,0,0,0,0,0,0,0
14:58:31.179  DEBUG    TX /CONTROLL/0,0,0,0,0,0,0,0,0
14:58:32.786  DEBUG    TX /CONTROLL/0,0,0,0,0,0,0,0,0
14:58:34.395  DEBUG    TX /CONTROLL/0,0,0,0,0,0,0,0,0
14:58:36.008  DEBUG    TX /CONTROLL/0,0,0,0,0,0,0,0,0
14:58:37.618  DEBUG    TX /CONTROLL/0,0,0,0,0,0,0,0,0
14:58:39.226  DEBUG    TX /CONTROLL/0,0,0,0,0,0,0,0,0
14:58:40.831  DEBUG    TX /CONTROLL/0,0,0,0,0,0,0,0,0
14:58:42.440  DEBUG    TX /CONTROLL/0,0,0,0,0,0,0,0,0
14:58:44.051  DEBUG    TX /CONTROLL/0,0,0,0,0,0,0,0,0
14:58:45.661  DEBUG    TX /CONTROLL/0,0,0,0,0,0,0,0,0
14:58:47.272  DEBUG    TX /CONTROLL/0,0,0,0,0,0,0,0,0
14:58:48.883  DEBUG    TX /CONTROLL/0,0,0,0,0,0,0,0,0
14:58:50.494  DEBUG    TX /CONTROLL/0,0,0,0,0,0,0,0,0
14:58:52.106  DEBUG    TX /CONTROLL/0,0,0,0,0,0,0,0,0
14:58:53.718  DEBUG    TX /CONTROLL/0,0,0,0,0,0,0,0,0
14:58:55.327  DEBUG    TX /CONTROLL/0,0,0,0,0,0,0,0,0
14:58:56.937  DEBUG    TX /CONTROLL/0,0,0,0,0,0,0,0,0
14:58:58.544  DEBUG    TX /CONTROLL/0,0,0,0,0,0,0,0,0
14:59:00.157  DEBUG    TX /CONTROLL/0,0,0,0,0,0,0,0,0
14:59:01.769  DEBUG    TX /CONTROLL/0,0,0,0,0,0,0,0,0
14:59:03.375  DEBUG    TX /CONTROLL/0,0,0,0,0,0,0,0,0
14:59:04.984  DEBUG    TX /CONTROLL/0,0,0,0,0,0,0,0,0
14:59:06.595  DEBUG    TX /CONTROLL/0,0,0,0,0,0,0,0,0
14:59:08.202  DEBUG    TX /CONTROLL/0,0,0,0,0,0,0,0,0
14:59:09.812  DEBUG    TX /CONTROLL/0,0,0,0,0,0,0,0,0
14:59:11.418  DEBUG    TX /CONTROLL/0,0,0,0,0,0,0,0,0
14:59:13.028  DEBUG    TX /CONTROLL/0,0,0,0,0,0,0,0,0
14:59:14.636  DEBUG    TX /CONTROLL/0,0,0,0,0,0,0,0,0
14:59:16.243  DEBUG    TX /CONTROLL/0,0,0,0,0,0,0,0,0
14:59:17.855  DEBUG    TX /CONTROLL/0,0,0,0,0,0,0,0,0
14:59:19.466  DEBUG    TX /CONTROLL/0,0,0,0,0,0,0,0,0
14:59:21.073  DEBUG    TX /CONTROLL/0,0,0,0,0,0,0,0,0
14:59:22.686  DEBUG    TX /CONTROLL/0,0,0,0,0,0,0,0,0
14:59:24.293  DEBUG    TX /CONTROLL/0,0,0,0,0,0,0,0,0
14:59:25.899  DEBUG    TX /CONTROLL/0,0,0,0,0,0,0,0,0
14:59:27.509  DEBUG    TX /CONTROLL/0,0,0,0,0,0,0,0,0
14:59:29.116  DEBUG    TX /CONTROLL/0,0,0,0,0,0,0,0,0
14:59:30.727  DEBUG    TX /CONTROLL/0,0,0,0,0,0,0,0,0
14:59:32.340  DEBUG    TX /CONTROLL/0,0,0,0,0,0,0,0,0
14:59:33.958  DEBUG    TX /CONTROLL/0,0,0,0,0,0,0,0,0
14:59:35.574  DEBUG    TX /CONTROLL/0,0,0,0,0,0,0,0,0
14:59:37.184  DEBUG    TX /CONTROLL/0,0,0,0,0,0,0,0,0
14:59:38.791  DEBUG    TX /CONTROLL/0,0,0,0,0,0,0,0,0
14:59:40.399  DEBUG    TX /CONTROLL/0,0,0,0,0,0,0,0,0
14:59:42.007  DEBUG    TX /CONTROLL/0,0,0,0,0,0,0,0,0
14:59:43.617  DEBUG    TX /CONTROLL/0,0,0,0,0,0,0,0,0
14:59:45.226  DEBUG    TX /CONTROLL/0,0,0,0,0,0,0,0,0
14:59:46.835  DEBUG    TX /CONTROLL/0,0,0,0,0,0,0,0,0
14:59:48.448  DEBUG    TX /CONTROLL/0,0,0,0,0,0,0,0,0
14:59:50.063  DEBUG    TX /CONTROLL/0,0,0,0,0,0,0,0,0
14:59:51.677  DEBUG    TX /CONTROLL/0,0,0,0,0,0,0,0,0
14:59:53.283  DEBUG    TX /CONTROLL/0,0,0,0,0,0,0,0,0
14:59:54.890  DEBUG    TX /CONTROLL/0,0,0,0,0,0,0,0,0
14:59:56.501  DEBUG    TX /CONTROLL/0,0,0,0,0,0,0,0,0
14:59:58.113  DEBUG    TX /CONTROLL/0,0,0,0,0,0,0,0,0
14:59:59.719  DEBUG    TX /CONTROLL/0,0,0,0,0,0,0,0,0
15:00:01.332  DEBUG    TX /CONTROLL/0,0,0,0,0,0,0,0,0
15:00:02.945  DEBUG    TX /CONTROLL/0,0,0,0,0,0,0,0,0
15:00:04.556  DEBUG    TX /CONTROLL/0,0,0,0,0,0,0,0,0
15:00:06.167  DEBUG    TX /CONTROLL/0,0,0,0,0,0,0,0,0
15:00:07.777  DEBUG    TX /CONTROLL/0,0,0,0,0,0,0,0,0
15:00:09.381  DEBUG    TX /CONTROLL/0,0,0,0,0,0,0,0,0
15:00:10.990  DEBUG    TX /CONTROLL/0,0,0,0,0,0,0,0,0
15:00:12.598  DEBUG    TX /CONTROLL/0,0,0,0,0,0,0,0,0
15:00:14.211  DEBUG    TX /CONTROLL/0,0,0,0,0,0,0,0,0
15:00:15.821  DEBUG    TX /CONTROLL/0,0,0,0,0,0,0,0,0
15:00:17.436  DEBUG    TX /CONTROLL/0,0,0,0,0,0,0,0,0
15:00:19.041  DEBUG    TX /CONTROLL/0,0,0,0,0,0,0,0,0
15:00:20.649  DEBUG    TX /CONTROLL/0,0,0,0,0,0,0,0,0
15:00:22.258  DEBUG    TX /CONTROLL/0,0,0,0,0,0,0,0,0
15:00:23.865  DEBUG    TX /CONTROLL/0,0,0,0,0,0,0,0,0
15:00:25.477  DEBUG    TX /CONTROLL/0,0,0,0,0,0,0,0,0
15:00:27.088  DEBUG    TX /CONTROLL/0,0,0,0,0,0,0,0,0
15:00:28.694  DEBUG    TX /CONTROLL/0,0,0,0,0,0,0,0,0
15:00:30.320  DEBUG    TX /CONTROLL/0,0,0,0,0,0,0,0,0
15:00:31.931  DEBUG    TX /CONTROLL/0,0,0,0,0,0,0,0,0
15:00:33.539  DEBUG    TX /CONTROLL/0,0,0,0,0,0,0,0,0
15:00:35.149  DEBUG    TX /CONTROLL/0,0,0,0,0,0,0,0,0
15:00:36.759  DEBUG    TX /CONTROLL/0,0,0,0,0,0,0,0,0
15:00:38.368  DEBUG    TX /CONTROLL/0,0,0,0,0,0,0,0,0
15:00:39.978  DEBUG    TX /CONTROLL/0,0,0,0,0,0,0,0,0
15:00:41.588  DEBUG    TX /CONTROLL/0,0,0,0,0,0,0,0,0
15:00:43.195  DEBUG    TX /CONTROLL/0,0,0,0,0,0,0,0,0
15:00:44.805  DEBUG    TX /CONTROLL/0,0,0,0,0,0,0,0,0
15:00:46.417  DEBUG    TX /CONTROLL/0,0,0,0,0,0,0,0,0
15:00:48.027  DEBUG    TX /CONTROLL/0,0,0,0,0,0,0,0,0
15:00:49.634  DEBUG    TX /CONTROLL/0,0,0,0,0,0,0,0,0
15:00:51.245  DEBUG    TX /CONTROLL/0,0,0,0,0,0,0,0,0
15:00:52.851  DEBUG    TX /CONTROLL/0,0,0,0,0,0,0,0,0
15:00:54.458  DEBUG    TX /CONTROLL/0,0,0,0,0,0,0,0,0
15:00:56.071  DEBUG    TX /CONTROLL/0,0,0,0,0,0,0,0,0
15:00:57.680  DEBUG    TX /CONTROLL/0,0,0,0,0,0,0,0,0
15:00:59.287  DEBUG    TX /CONTROLL/0,0,0,0,0,0,0,0,0
15:01:00.896  DEBUG    TX /CONTROLL/0,0,0,0,0,0,0,0,0
15:01:02.509  DEBUG    TX /CONTROLL/0,0,0,0,0,0,0,0,0
15:01:04.119  DEBUG    TX /CONTROLL/0,0,0,0,0,0,0,0,0
15:01:05.735  DEBUG    TX /CONTROLL/0,0,0,0,0,0,0,0,0
15:01:07.344  DEBUG    TX /CONTROLL/0,0,0,0,0,0,0,0,0
15:01:08.953  DEBUG    TX /CONTROLL/0,0,0,0,0,0,0,0,0
15:01:10.562  DEBUG    TX /CONTROLL/0,0,0,0,0,0,0,0,0
15:01:12.168  DEBUG    TX /CONTROLL/0,0,0,0,0,0,0,0,0
15:01:13.777  DEBUG    TX /CONTROLL/0,0,0,0,0,0,0,0,0
15:01:15.388  DEBUG    TX /CONTROLL/0,0,0,0,0,0,0,0,0
15:01:16.994  DEBUG    TX /CONTROLL/0,0,0,0,0,0,0,0,0
15:01:18.604  DEBUG    TX /CONTROLL/0,0,0,0,0,0,0,0,0
15:01:20.211  DEBUG    TX /CONTROLL/0,0,0,0,0,0,0,0,0
15:01:21.820  DEBUG    TX /CONTROLL/0,0,0,0,0,0,0,0,0
15:01:23.432  DEBUG    TX /CONTROLL/0,0,0,0,0,0,0,0,0
15:01:25.046  DEBUG    TX /CONTROLL/0,0,0,0,0,0,0,0,0
15:01:26.655  DEBUG    TX /CONTROLL/0,0,0,0,0,0,0,0,0
15:01:28.265  DEBUG    TX /CONTROLL/0,0,0,0,0,0,0,0,0
15:01:29.872  DEBUG    TX /CONTROLL/0,0,0,0,0,0,0,0,0
15:01:31.479  DEBUG    TX /CONTROLL/0,0,0,0,0,0,0,0,0
15:01:33.089  DEBUG    TX /CONTROLL/0,0,0,0,0,0,0,0,0
15:01:34.702  DEBUG    TX /CONTROLL/0,0,0,0,0,0,0,0,0
15:01:36.312  DEBUG    TX /CONTROLL/0,0,0,0,0,0,0,0,0
15:01:37.920  DEBUG    TX /CONTROLL/0,0,0,0,0,0,0,0,0
15:01:39.528  DEBUG    TX /CONTROLL/0,0,0,0,0,0,0,0,0
15:01:41.138  DEBUG    TX /CONTROLL/0,0,0,0,0,0,0,0,0
15:01:42.744  DEBUG    TX /CONTROLL/0,0,0,0,0,0,0,0,0
15:01:44.356  DEBUG    TX /CONTROLL/0,0,0,0,0,0,0,0,0
15:01:45.965  DEBUG    TX /CONTROLL/0,0,0,0,0,0,0,0,0
15:01:47.576  DEBUG    TX /CONTROLL/0,0,0,0,0,0,0,0,0
15:01:49.186  DEBUG    TX /CONTROLL/0,0,0,0,0,0,0,0,0
15:01:50.799  DEBUG    TX /CONTROLL/0,0,0,0,0,0,0,0,0
15:01:52.403  DEBUG    TX /CONTROLL/0,0,0,0,0,0,0,0,0
15:01:54.011  DEBUG    TX /CONTROLL/0,0,0,0,0,0,0,0,0
15:01:55.620  DEBUG    TX /CONTROLL/0,0,0,0,0,0,0,0,0
15:01:57.229  DEBUG    TX /CONTROLL/0,0,0,0,0,0,0,0,0
15:01:58.837  DEBUG    TX /CONTROLL/0,0,0,0,0,0,0,0,0
15:02:00.447  DEBUG    TX /CONTROLL/0,0,0,0,0,0,0,0,0
15:02:02.054  DEBUG    TX /CONTROLL/0,0,0,0,0,0,0,0,0
15:02:03.664  DEBUG    TX /CONTROLL/0,0,0,0,0,0,0,0,0
15:02:05.276  DEBUG    TX /CONTROLL/0,0,0,0,0,0,0,0,0
15:02:06.884  DEBUG    TX /CONTROLL/0,0,0,0,0,0,0,0,0
15:02:08.492  DEBUG    TX /CONTROLL/0,0,0,0,0,0,0,0,0
15:02:10.101  DEBUG    TX /CONTROLL/0,0,0,0,0,0,0,0,0
15:02:11.704  DEBUG    TX /CONTROLL/0,0,0,0,0,0,0,0,0
15:02:13.315  DEBUG    TX /CONTROLL/0,0,0,0,0,0,0,0,0
15:02:14.921  DEBUG    TX /CONTROLL/0,0,0,0,0,0,0,0,0
15:02:16.531  DEBUG    TX /CONTROLL/0,0,0,0,0,0,0,0,0
15:02:18.143  DEBUG    TX /CONTROLL/0,0,0,0,0,0,0,0,0
15:02:19.757  DEBUG    TX /CONTROLL/0,0,0,0,0,0,0,0,0
15:02:21.364  DEBUG    TX /CONTROLL/0,0,0,0,0,0,0,0,0
15:02:22.973  DEBUG    TX /CONTROLL/0,0,0,0,0,0,0,0,0
15:02:24.580  DEBUG    TX /CONTROLL/0,0,0,0,0,0,0,0,0
15:02:26.189  DEBUG    TX /CONTROLL/0,0,0,0,0,0,0,0,0
15:02:27.799  DEBUG    TX /CONTROLL/0,0,0,0,0,0,0,0,0
15:02:29.410  DEBUG    TX /CONTROLL/0,0,0,0,0,0,0,0,0
15:02:31.019  DEBUG    TX /CONTROLL/0,0,0,0,0,0,0,0,0
15:02:32.629  DEBUG    TX /CONTROLL/0,0,0,0,0,0,0,0,0
15:02:34.236  DEBUG    TX /CONTROLL/0,0,0,0,0,0,0,0,0
15:02:35.846  DEBUG    TX /CONTROLL/0,0,0,0,0,0,0,0,0
15:02:37.455  DEBUG    TX /CONTROLL/0,0,0,0,0,0,0,0,0
15:02:39.065  DEBUG    TX /CONTROLL/0,0,0,0,0,0,0,0,0
15:02:40.671  DEBUG    TX /CONTROLL/0,0,0,0,0,0,0,0,0
15:02:42.282  DEBUG    TX /CONTROLL/0,0,0,0,0,0,0,0,0
15:02:43.894  DEBUG    TX /CONTROLL/0,0,0,0,0,0,0,0,0
15:02:45.506  DEBUG    TX /CONTROLL/0,0,0,0,0,0,0,0,0
15:02:47.117  DEBUG    TX /CONTROLL/0,0,0,0,0,0,0,0,0
15:02:48.731  DEBUG    TX /CONTROLL/0,0,0,0,0,0,0,0,0
15:02:50.340  DEBUG    TX /CONTROLL/0,0,0,0,0,0,0,0,0
15:02:51.951  DEBUG    TX /CONTROLL/0,0,0,0,0,0,0,0,0
15:02:53.565  DEBUG    TX /CONTROLL/0,0,0,0,0,0,0,0,0
15:02:55.174  DEBUG    TX /CONTROLL/0,0,0,0,0,0,0,0,0
15:02:56.783  DEBUG    TX /CONTROLL/0,0,0,0,0,0,0,0,0
15:02:58.395  DEBUG    TX /CONTROLL/0,0,0,0,0,0,0,0,0
15:03:00.007  DEBUG    TX /CONTROLL/0,0,0,0,0,0,0,0,0
15:03:01.613  DEBUG    TX /CONTROLL/0,0,0,0,0,0,0,0,0
15:03:03.220  DEBUG    TX /CONTROLL/0,0,0,0,0,0,0,0,0
15:03:04.832  DEBUG    TX /CONTROLL/0,0,0,0,0,0,0,0,0
15:03:06.444  DEBUG    TX /CONTROLL/0,0,0,0,0,0,0,0,0
15:03:08.056  DEBUG    TX /CONTROLL/0,0,0,0,0,0,0,0,0
15:03:09.668  DEBUG    TX /CONTROLL/0,0,0,0,0,0,0,0,0
15:03:11.278  DEBUG    TX /CONTROLL/0,0,0,0,0,0,0,0,0
15:03:12.884  DEBUG    TX /CONTROLL/0,0,0,0,0,0,0,0,0
15:03:14.494  DEBUG    TX /CONTROLL/0,0,0,0,0,0,0,0,0
15:03:16.101  DEBUG    TX /CONTROLL/0,0,0,0,0,0,0,0,0
15:03:17.712  DEBUG    TX /CONTROLL/0,0,0,0,0,0,0,0,0
15:03:19.327  DEBUG    TX /CONTROLL/0,0,0,0,0,0,0,0,0
15:03:20.934  DEBUG    TX /CONTROLL/0,0,0,0,0,0,0,0,0
15:03:22.542  DEBUG    TX /CONTROLL/0,0,0,0,0,0,0,0,0
15:03:24.149  DEBUG    TX /CONTROLL/0,0,0,0,0,0,0,0,0
15:03:25.757  DEBUG    TX /CONTROLL/0,0,0,0,0,0,0,0,0
15:03:27.366  DEBUG    TX /CONTROLL/0,0,0,0,0,0,0,0,0
15:03:28.972  DEBUG    TX /CONTROLL/0,0,0,0,0,0,0,0,0
15:03:30.578  DEBUG    TX /CONTROLL/0,0,0,0,0,0,0,0,0
15:03:32.188  DEBUG    TX /CONTROLL/0,0,0,0,0,0,0,0,0
15:03:33.797  DEBUG    TX /CONTROLL/0,0,0,0,0,0,0,0,0
15:03:35.408  DEBUG    TX /CONTROLL/0,0,0,0,0,0,0,0,0
15:03:37.017  DEBUG    TX /CONTROLL/0,0,0,0,0,0,0,0,0
15:03:38.628  DEBUG    TX /CONTROLL/0,0,0,0,0,0,0,0,0
15:03:40.234  DEBUG    TX /CONTROLL/0,0,0,0,0,0,0,0,0
15:03:41.843  DEBUG    TX /CONTROLL/0,0,0,0,0,0,0,0,0
15:03:43.455  DEBUG    TX /CONTROLL/0,0,0,0,0,0,0,0,0
15:03:45.063  DEBUG    TX /CONTROLL/0,0,0,0,0,0,0,0,0
15:03:46.674  DEBUG    TX /CONTROLL/0,0,0,0,0,0,0,0,0
15:03:48.278  DEBUG    TX /CONTROLL/0,0,0,0,0,0,0,0,0
15:03:49.884  DEBUG    TX /CONTROLL/0,0,0,0,0,0,0,0,0
15:03:51.492  DEBUG    TX /CONTROLL/0,0,0,0,0,0,0,0,0
15:03:53.103  DEBUG    TX /CONTROLL/0,0,0,0,0,0,0,0,0
15:03:54.712  DEBUG    TX /CONTROLL/0,0,0,0,0,0,0,0,0
15:03:56.320  DEBUG    TX /CONTROLL/0,0,0,0,0,0,0,0,0
15:03:57.930  DEBUG    TX /CONTROLL/0,0,0,0,0,0,0,0,0
15:03:59.537  DEBUG    TX /CONTROLL/0,0,0,0,0,0,0,0,0
15:04:01.149  DEBUG    TX /CONTROLL/0,0,0,0,0,0,0,0,0
15:04:02.758  DEBUG    TX /CONTROLL/0,0,0,0,0,0,0,0,0
15:04:04.368  DEBUG    TX /CONTROLL/0,0,0,0,0,0,0,0,0
15:04:05.987  DEBUG    TX /CONTROLL/0,0,0,0,0,0,0,0,0
15:04:07.595  DEBUG    TX /CONTROLL/0,0,0,0,0,0,0,0,0
15:04:09.204  DEBUG    TX /CONTROLL/0,0,0,0,0,0,0,0,0
15:04:10.818  DEBUG    TX /CONTROLL/0,0,0,0,0,0,0,0,0
15:04:12.428  DEBUG    TX /CONTROLL/0,0,0,0,0,0,0,0,0
15:04:14.035  DEBUG    TX /CONTROLL/0,0,0,0,0,0,0,0,0
15:04:15.645  DEBUG    TX /CONTROLL/0,0,0,0,0,0,0,0,0
15:04:17.254  DEBUG    TX /CONTROLL/0,0,0,0,0,0,0,0,0
15:04:18.864  DEBUG    TX /CONTROLL/0,0,0,0,0,0,0,0,0
15:04:20.472  DEBUG    TX /CONTROLL/0,0,0,0,0,0,0,0,0
15:04:22.078  DEBUG    TX /CONTROLL/0,0,0,0,0,0,0,0,0
15:04:23.689  DEBUG    TX /CONTROLL/0,0,0,0,0,0,0,0,0
15:04:25.298  DEBUG    TX /CONTROLL/0,0,0,0,0,0,0,0,0
15:04:26.905  DEBUG    TX /CONTROLL/0,0,0,0,0,0,0,0,0
15:04:28.510  DEBUG    TX /CONTROLL/0,0,0,0,0,0,0,0,0
15:04:30.118  DEBUG    TX /CONTROLL/0,0,0,0,0,0,0,0,0
15:04:31.730  DEBUG    TX /CONTROLL/0,0,0,0,0,0,0,0,0
15:04:33.340  DEBUG    TX /CONTROLL/0,0,0,0,0,0,0,0,0
15:04:34.946  DEBUG    TX /CONTROLL/0,0,0,0,0,0,0,0,0
15:04:36.557  DEBUG    TX /CONTROLL/0,0,0,0,0,0,0,0,0
15:04:38.165  DEBUG    TX /CONTROLL/0,0,0,0,0,0,0,0,0
15:04:39.775  DEBUG    TX /CONTROLL/0,0,0,0,0,0,0,0,0
15:04:41.390  DEBUG    TX /CONTROLL/0,0,0,0,0,0,0,0,0
15:04:43.007  DEBUG    TX /CONTROLL/0,0,0,0,0,0,0,0,0
15:04:44.617  DEBUG    TX /CONTROLL/0,0,0,0,0,0,0,0,0
15:04:46.230  DEBUG    TX /CONTROLL/0,0,0,0,0,0,0,0,0
15:04:47.837  DEBUG    TX /CONTROLL/0,0,0,0,0,0,0,0,0
15:04:49.450  DEBUG    TX /CONTROLL/0,0,0,0,0,0,0,0,0
15:04:51.060  DEBUG    TX /CONTROLL/0,0,0,0,0,0,0,0,0
15:04:52.671  DEBUG    TX /CONTROLL/0,0,0,0,0,0,0,0,0
15:04:54.285  DEBUG    TX /CONTROLL/0,0,0,0,0,0,0,0,0
15:04:55.893  DEBUG    TX /CONTROLL/0,0,0,0,0,0,0,0,0
15:04:57.502  DEBUG    TX /CONTROLL/0,0,0,0,0,0,0,0,0
15:04:59.117  DEBUG    TX /CONTROLL/0,0,0,0,0,0,0,0,0
15:05:00.724  DEBUG    TX /CONTROLL/0,0,0,0,0,0,0,0,0
15:05:02.335  DEBUG    TX /CONTROLL/0,0,0,0,0,0,0,0,0
15:05:03.949  DEBUG    TX /CONTROLL/0,0,0,0,0,0,0,0,0
15:05:05.559  DEBUG    TX /CONTROLL/0,0,0,0,0,0,0,0,0
15:05:07.170  DEBUG    TX /CONTROLL/0,0,0,0,0,0,0,0,0
15:05:08.785  DEBUG    TX /CONTROLL/0,0,0,0,0,0,0,0,0
15:05:10.397  DEBUG    TX /CONTROLL/0,0,0,0,0,0,0,0,0
15:05:12.012  DEBUG    TX /CONTROLL/0,0,0,0,0,0,0,0,0
15:05:13.622  DEBUG    TX /CONTROLL/0,0,0,0,0,0,0,0,0
15:05:15.233  DEBUG    TX /CONTROLL/0,0,0,0,0,0,0,0,0
15:05:16.837  DEBUG    TX /CONTROLL/0,0,0,0,0,0,0,0,0
15:05:18.446  DEBUG    TX /CONTROLL/0,0,0,0,0,0,0,0,0
15:05:20.055  DEBUG    TX /CONTROLL/0,0,0,0,0,0,0,0,0
15:05:21.661  DEBUG    TX /CONTROLL/0,0,0,0,0,0,0,0,0
15:05:23.268  DEBUG    TX /CONTROLL/0,0,0,0,0,0,0,0,0
15:05:24.877  DEBUG    TX /CONTROLL/0,0,0,0,0,0,0,0,0
15:05:26.483  DEBUG    TX /CONTROLL/0,0,0,0,0,0,0,0,0
15:05:28.094  DEBUG    TX /CONTROLL/0,0,0,0,0,0,0,0,0
15:05:29.700  DEBUG    TX /CONTROLL/0,0,0,0,0,0,0,0,0
15:05:31.311  DEBUG    TX /CONTROLL/0,0,0,0,0,0,0,0,0
15:05:32.922  DEBUG    TX /CONTROLL/0,0,0,0,0,0,0,0,0
15:05:34.534  DEBUG    TX /CONTROLL/0,0,0,0,0,0,0,0,0
15:05:36.143  DEBUG    TX /CONTROLL/0,0,0,0,0,0,0,0,0
15:05:37.755  DEBUG    TX /CONTROLL/0,0,0,0,0,0,0,0,0
15:05:39.365  DEBUG    TX /CONTROLL/0,0,0,0,0,0,0,0,0
15:05:40.977  DEBUG    TX /CONTROLL/0,0,0,0,0,0,0,0,0
15:05:42.587  DEBUG    TX /CONTROLL/0,0,0,0,0,0,0,0,0
15:05:44.199  DEBUG    TX /CONTROLL/0,0,0,0,0,0,0,0,0
15:05:45.814  DEBUG    TX /CONTROLL/0,0,0,0,0,0,0,0,0
15:05:47.424  DEBUG    TX /CONTROLL/0,0,0,0,0,0,0,0,0
15:05:49.040  DEBUG    TX /CONTROLL/0,0,0,0,0,0,0,0,0
15:05:50.646  DEBUG    TX /CONTROLL/0,0,0,0,0,0,0,0,0
15:05:52.254  DEBUG    TX /CONTROLL/0,0,0,0,0,0,0,0,0
15:05:53.863  DEBUG    TX /CONTROLL/0,0,0,0,0,0,0,0,0
15:05:55.470  DEBUG    TX /CONTROLL/0,0,0,0,0,0,0,0,0
15:05:57.078  DEBUG    TX /CONTROLL/0,0,0,0,0,0,0,0,0
15:05:58.689  DEBUG    TX /CONTROLL/0,0,0,0,0,0,0,0,0
15:06:00.294  DEBUG    TX /CONTROLL/0,0,0,0,0,0,0,0,0
15:06:01.905  DEBUG    TX /CONTROLL/0,0,0,0,0,0,0,0,0
15:06:03.516  DEBUG    TX /CONTROLL/0,0,0,0,0,0,0,0,0
15:06:05.126  DEBUG    TX /CONTROLL/0,0,0,0,0,0,0,0,0
15:06:06.738  DEBUG    TX /CONTROLL/0,0,0,0,0,0,0,0,0
15:06:08.342  DEBUG    TX /CONTROLL/0,0,0,0,0,0,0,0,0
15:06:09.953  DEBUG    TX /CONTROLL/0,0,0,0,0,0,0,0,0
15:06:11.569  DEBUG    TX /CONTROLL/0,0,0,0,0,0,0,0,0
15:06:13.177  DEBUG    TX /CONTROLL/0,0,0,0,0,0,0,0,0
15:06:14.785  DEBUG    TX /CONTROLL/0,0,0,0,0,0,0,0,0
15:06:16.395  DEBUG    TX /CONTROLL/0,0,0,0,0,0,0,0,0
15:06:18.002  DEBUG    TX /CONTROLL/0,0,0,0,0,0,0,0,0
15:06:19.609  DEBUG    TX /CONTROLL/0,0,0,0,0,0,0,0,0
15:06:21.220  DEBUG    TX /CONTROLL/0,0,0,0,0,0,0,0,0
15:06:22.831  DEBUG    TX /CONTROLL/0,0,0,0,0,0,0,0,0
15:06:24.437  DEBUG    TX /CONTROLL/0,0,0,0,0,0,0,0,0
15:06:26.043  DEBUG    TX /CONTROLL/0,0,0,0,0,0,0,0,0
15:06:27.651  DEBUG    TX /CONTROLL/0,0,0,0,0,0,0,0,0
15:06:29.260  DEBUG    TX /CONTROLL/0,0,0,0,0,0,0,0,0
15:06:30.864  DEBUG    TX /CONTROLL/0,0,0,0,0,0,0,0,0
15:06:32.481  DEBUG    TX /CONTROLL/0,0,0,0,0,0,0,0,0
15:06:34.086  DEBUG    TX /CONTROLL/0,0,0,0,0,0,0,0,0
15:06:35.700  DEBUG    TX /CONTROLL/0,0,0,0,0,0,0,0,0
15:06:37.311  DEBUG    TX /CONTROLL/0,0,0,0,0,0,0,0,0
15:06:38.926  DEBUG    TX /CONTROLL/0,0,0,0,0,0,0,0,0
15:06:40.536  DEBUG    TX /CONTROLL/0,0,0,0,0,0,0,0,0
15:06:42.143  DEBUG    TX /CONTROLL/0,0,0,0,0,0,0,0,0
15:06:43.759  DEBUG    TX /CONTROLL/0,0,0,0,0,0,0,0,0
15:06:45.366  DEBUG    TX /CONTROLL/0,0,0,0,0,0,0,0,0
15:06:46.973  DEBUG    TX /CONTROLL/0,0,0,0,0,0,0,0,0
15:06:48.580  DEBUG    TX /CONTROLL/0,0,0,0,0,0,0,0,0
15:06:50.187  DEBUG    TX /CONTROLL/0,0,0,0,0,0,0,0,0
15:06:51.800  DEBUG    TX /CONTROLL/0,0,0,0,0,0,0,0,0
15:06:53.405  DEBUG    TX /CONTROLL/0,0,0,0,0,0,0,0,0
15:06:55.017  DEBUG    TX /CONTROLL/0,0,0,0,0,0,0,0,0
15:06:56.624  DEBUG    TX /CONTROLL/0,0,0,0,0,0,0,0,0
15:06:58.238  DEBUG    TX /CONTROLL/0,0,0,0,0,0,0,0,0
15:06:59.849  DEBUG    TX /CONTROLL/0,0,0,0,0,0,0,0,0
15:07:01.462  DEBUG    TX /CONTROLL/0,0,0,0,0,0,0,0,0
15:07:03.071  DEBUG    TX /CONTROLL/0,0,0,0,0,0,0,0,0
15:07:04.681  DEBUG    TX /CONTROLL/0,0,0,0,0,0,0,0,0
15:07:06.287  DEBUG    TX /CONTROLL/0,0,0,0,0,0,0,0,0
15:07:07.895  DEBUG    TX /CONTROLL/0,0,0,0,0,0,0,0,0
15:07:09.509  DEBUG    TX /CONTROLL/0,0,0,0,0,0,0,0,0
15:07:11.120  DEBUG    TX /CONTROLL/0,0,0,0,0,0,0,0,0
15:07:12.733  DEBUG    TX /CONTROLL/0,0,0,0,0,0,0,0,0
15:07:14.351  DEBUG    TX /CONTROLL/0,0,0,0,0,0,0,0,0
15:07:15.963  DEBUG    TX /CONTROLL/0,0,0,0,0,0,0,0,0
15:07:16.133  INFO     RX        /BATTERY/VDDA/12870 mV
15:07:16.133  INFO     RX        === Hexapod Mainboard ===
15:07:16.158  INFO     RX        PCA9685 Right: OK
15:07:16.195  INFO     RX        PCA9685 Left:  OK
15:07:16.195  INFO     RX        LSM6DSO IMU:   OK
15:07:16.361  INFO     RX        VL53L1X ToF:   OK
15:07:16.416  INFO     RX        Locomotion:    INIT (UN_ARMED, printf mode)
15:07:16.416  INFO     RX        Press L1 to arm, R1 to disarm at any time.
15:07:16.416  INFO     RX        Ready.
15:07:17.572  DEBUG    TX /CONTROLL/0,0,0,0,0,0,0,0,0
15:07:19.182  DEBUG    TX /CONTROLL/0,0,0,0,0,0,0,0,0
15:07:20.802  DEBUG    TX /CONTROLL/0,0,0,0,0,0,0,0,0
