12:40:26.759  INFO     Connecting to 100.122.9.49:5000...
12:40:26.776  INFO     Network connection established
12:40:26.776  INFO     RX        /BATTERY//BATTERY/VDDA/12851 mV
12:40:26.776  INFO     RX        === Hexapod Mainboard ===
12:40:26.776  INFO     RX        PCA9685 Right: FAIL
12:40:26.776  INFO     RX        PCA9685 Left:  FAIL
12:40:26.956  INFO     RX        LSM6DSO16IS IMU (filtered): DISABLED
12:40:28.348  DEBUG    TX /CONTROLL/0,0,0,0,0,0,0,0,0
12:40:29.960  DEBUG    TX /CONTROLL/0,0,0,0,0,0,0,0,0
12:40:31.563  DEBUG    TX /CONTROLL/0,0,0,0,0,0,0,0,0
12:40:33.173  DEBUG    TX /CONTROLL/0,0,0,0,0,0,0,0,0
12:40:34.783  DEBUG    TX /CONTROLL/0,0,0,0,0,0,0,0,0
12:40:34.887  INFO     RX        /BATTERY/VDDA/12863 mV
12:40:34.887  INFO     RX        === Hexapod Mainboard ===
12:40:35.640  INFO     RX        PCA9685 Right: FAIL
12:40:35.645  INFO     RX        PCA9685 Left:  FAIL
12:40:35.839  INFO     RX        LSM6DSO16IS IMU (filtered): DISABLED
12:40:36.393  DEBUG    TX /CONTROLL/0,0,0,0,0,0,0,0,0
12:40:38.002  DEBUG    TX /CONTROLL/0,0,0,0,0,0,0,0,0
12:40:39.611  DEBUG    TX /CONTROLL/0,0,0,0,0,0,0,0,0
