09:48:02.928  INFO     Connecting to 100.122.9.49:5000...
09:48:04.512  DEBUG    TX /CONTROLL/0,0,0,0,0,0,0,0,0
09:48:06.114  DEBUG    TX /CONTROLL/0,0,0,0,0,0,0,0,4
09:48:07.720  DEBUG    TX /CONTROLL/0,0,0,0,0,0,0,0,0
09:48:09.324  DEBUG    TX /CONTROLL/0,0,0,0,0,0,0,0,0
09:48:10.946  DEBUG    TX /CONTROLL/0,0,0,0,0,0,0,0,0
09:48:12.378  INFO     Network connection established
09:48:12.378  INFO     RX        /BATTERY/VDDA/12863 mV
09:48:12.378  INFO     RX        === Hexapod Mainboard ===
09:48:12.410  INFO     RX        PCA9685 Left:  OK
09:48:12.429  INFO     RX        LSM6DSO IMU:   OK
09:48:12.556  DEBUG    TX /CONTROLL/0,0,0,0,0,0,0,0,0
09:48:12.601  INFO     RX        VL53L1X ToF:   OK
09:48:12.628  INFO     RX        Locomotion:    INIT (UN_ARMED, printf mode)
09:48:12.662  INFO     RX        Press L1 to arm, R1 to disarm at any time.
09:48:12.663  INFO     RX        Ready.
09:48:14.163  DEBUG    TX /CONTROLL/0,0,0,0,0,0,0,0,0
09:48:15.773  DEBUG    TX /CONTROLL/0,0,0,0,0,0,0,0,0
09:48:17.394  DEBUG    TX /CONTROLL/0,0,0,0,0,0,0,0,0
09:48:18.999  DEBUG    TX /CONTROLL/0,0,0,0,0,0,0,0,0
09:48:20.616  DEBUG    TX /CONTROLL/0,0,0,0,0,0,0,0,0
09:48:22.223  DEBUG    TX /CONTROLL/0,0,0,0,0,0,0,0,0
09:48:23.826  DEBUG    TX /CONTROLL/0,0,0,0,0,0,0,0,0
09:48:25.436  DEBUG    TX /CONTROLL/0,0,0,-42,0,0,0,0,0
09:48:27.048  DEBUG    TX /CONTROLL/0,0,0,0,0,0,0,0,0
09:48:28.656  DEBUG    TX /CONTROLL/0,0,0,0,0,0,0,0,0
09:48:30.262  DEBUG    TX /CONTROLL/0,0,0,0,0,0,0,0,0
09:48:30.322  INFO     RX        SERVO FR.[C: 90 F:106 T:107] MR.[C: 90 F:106 T:107] BR.[C: 90 F:106 T:/BATTERY/VDDA/12863 mV
09:48:30.329  INFO     RX        === Hexapod Mainboard ===
09:48:30.364  INFO     RX        PCA9685 Right: OK
09:48:30.364  INFO     RX        PCA9685 Left:  OK
09:48:30.394  INFO     RX        LSM6DSO IMU:   OK
09:48:30.549  INFO     RX        VL53L1X ToF:   OK
09:48:30.576  INFO     RX        Locomotion:    INIT (UN_ARMED, printf mode)
09:48:30.587  INFO     RX        Press L1 to arm, R1 to disarm at any time.
09:48:30.587  INFO     RX        Ready.
09:48:31.874  DEBUG    TX /CONTROLL/0,0,0,0,0,0,0,0,0
09:48:33.482  DEBUG    TX /CONTROLL/0,0,0,0,0,0,0,0,0
09:48:35.090  DEBUG    TX /CONTROLL/0,0,0,0,0,0,0,0,0
09:48:36.695  DEBUG    TX /CONTROLL/0,0,0,0,0,0,0,0,0
09:48:38.302  DEBUG    TX /CONTROLL/0,0,0,0,0,0,0,0,0
09:48:39.908  DEBUG    TX /CONTROLL/0,0,0,-100,0,0,0,0,0
09:48:41.515  DEBUG    TX /CONTROLL/0,0,0,0,0,0,0,0,0
09:48:43.127  DEBUG    TX /CONTROLL/0,0,0,0,0,0,0,0,0
09:48:44.743  DEBUG    TX /CONTROLL/0,0,0,0,0,0,1,0,0
09:48:46.348  DEBUG    TX /CONTROLL/0,0,0,0,0,0,0,0,0
09:48:47.193  INFO     RX        SERVO FR.[C: 90 F:106 T:107] MR.[C: 90 F:106 T:107] BR.[C: 90 F:106 T:1/BATTERY/VDDA/12859 mV
09:48:47.193  INFO     RX        === Hexapod Mainboard ===
09:48:47.193  INFO     RX        PCA9685 Right: OK
09:48:47.230  INFO     RX        PCA9685 Left:  OK
09:48:47.230  INFO     RX        LSM6DSO IMU:   OK
09:48:47.396  INFO     RX        VL53L1X ToF:   OK
09:48:47.453  INFO     RX        Locomotion:    INIT (UN_ARMED, printf mode)
09:48:47.453  INFO     RX        Press L1 to arm, R1 to disarm at any time.
09:48:47.453  INFO     RX        Ready.
09:48:47.960  DEBUG    TX /CONTROLL/0,0,0,0,0,0,0,0,0
09:48:49.565  DEBUG    TX /CONTROLL/0,0,0,0,0,0,0,0,0
09:48:51.171  DEBUG    TX /CONTROLL/0,0,13,-100,0,0,0,0,0
09:48:52.777  DEBUG    TX /CONTROLL/0,0,0,0,0,0,0,0,0
09:48:54.381  DEBUG    TX /CONTROLL/0,0,0,0,0,0,0,0,0
09:48:55.348  INFO     RX        SERVO FR.[C: 90 F:106 T:107] MR.[C: 90 F:106 T:107] BR.[C: 90 F:106 T:1/BATTERY/VDDA/12847 mV
09:48:55.348  INFO     RX        === Hexapod Mainboard ===
09:48:55.348  INFO     RX        PCA9685 Right: OK
09:48:55.383  INFO     RX        PCA9685 Left:  OK
09:48:55.383  INFO     RX        LSM6DSO IMU:   OK
09:48:55.554  INFO     RX        VL53L1X ToF:   OK
09:48:55.604  INFO     RX        Locomotion:    INIT (UN_ARMED, printf mode)
09:48:55.604  INFO     RX        Press L1 to arm, R1 to disarm at any time.
09:48:55.604  INFO     RX        Ready.
09:48:55.988  DEBUG    TX /CONTROLL/0,0,0,0,0,0,0,0,0
09:48:57.597  DEBUG    TX /CONTROLL/0,0,0,0,0,0,0,0,0
09:48:59.203  DEBUG    TX /CONTROLL/0,0,0,0,0,0,0,0,0
09:49:00.817  DEBUG    TX /CONTROLL/0,0,0,0,0,0,0,0,4
09:49:02.047  INFO     RX        /ERR/LOKO/0x00000002
09:49:02.047  INFO     RX        /ERR/LOKO/0x00000002
09:49:02.047  INFO     RX        /ERR/LOKO/0x00000002
09:49:02.078  INFO     RX        /ERR/LOKO/0x00000002
09:49:02.078  INFO     RX        /ERR/LOKO/0x00000002
09:49:02.078  INFO     RX        /ERR/LOKO/0x00000002
09:49:02.112  INFO     RX        /ERR/LOKO/0x00000002
09:49:02.428  DEBUG    TX /CONTROLL/0,0,0,0,0,0,0,0,0
09:49:03.174  INFO     RX        /ERR/LOKO/0x00000002
09:49:03.174  INFO     RX        /ERR/LOKO/0x00000002
09:49:03.174  INFO     RX        /ERR/LOKO/0x00000002
09:49:03.206  INFO     RX        /ERR/LOKO/0x00000002
09:49:03.206  INFO     RX        /ERR/LOKO/0x00000002
09:49:03.235  INFO     RX        /ERR/LOKO/0x00000002
09:49:03.236  INFO     RX        /ERR/LOKO/0x00000002
09:49:03.236  INFO     RX        /ERR/LOKO/0x00000002
09:49:03.271  INFO     RX        /ERR/LOKO/0x00000002
09:49:03.593  INFO     RX        /ERR/LOKO/0x00000002
09:49:03.593  INFO     RX        /ERR/LOKO/0x00000002
09:49:03.593  INFO     RX        /ERR/LOKO/0x00000002
09:49:03.625  INFO     RX        /ERR/LOKO/0x00000002
09:49:03.911  INFO     RX        /ERR/LOKO/0x00000002
09:49:03.911  INFO     RX        /ERR/LOKO/0x00000002
09:49:03.947  INFO     RX        /ERR/LOKO/0x00000002
09:49:03.947  INFO     RX        /ERR/LOKO/0x00000002
09:49:04.037  DEBUG    TX /CONTROLL/0,0,0,-30,0,0,0,0,0
09:49:04.236  INFO     RX        /ERR/LOKO/0x00000002
09:49:04.265  INFO     RX        /ERR/LOKO/0x00000002
09:49:04.265  INFO     RX        /ERR/LOKO/0x00000002
09:49:04.265  INFO     RX        /ERR/LOKO/0x00000002
09:49:04.300  INFO     RX        /ERR/LOKO/0x00000002
09:49:04.558  INFO     RX        /ERR/LOKO/0x00000002
09:49:04.587  INFO     RX        /ERR/LOKO/0x00000002
09:49:04.587  INFO     RX        /ERR/LOKO/0x00000002
09:49:04.622  INFO     RX        /ERR/LOKO/0x00000002
09:49:04.907  INFO     RX        /ERR/LOKO/0x00000002
09:49:04.943  INFO     RX        /ERR/LOKO/0x00000002
09:49:04.943  INFO     RX        /ERR/LOKO/0x00000002
09:49:04.943  INFO     RX        /ERR/LOKO/0x00000002
09:49:05.226  INFO     RX        /ERR/LOKO/0x00000002
09:49:05.259  INFO     RX        /ERR/LOKO/0x00000002
09:49:05.259  INFO     RX        /ERR/LOKO/0x00000002
09:49:05.294  INFO     RX        /ERR/LOKO/0x00000002
09:49:05.582  INFO     RX        /ERR/LOKO/0x00000002
09:49:05.582  INFO     RX        /ERR/LOKO/0x00000002
09:49:05.611  INFO     RX        /ERR/LOKO/0x00000002
09:49:05.611  INFO     RX        /ERR/LOKO/0x00000002
09:49:05.611  INFO     RX        /ERR/LOKO/0x00000002
09:49:05.640  DEBUG    TX /CONTROLL/0,0,0,-30,0,0,0,0,0
09:49:05.905  INFO     RX        /ERR/LOKO/0x00000002
09:49:05.905  INFO     RX        /ERR/LOKO/0x00000002
09:49:05.931  INFO     RX        /ERR/LOKO/0x00000002
09:49:05.931  INFO     RX        /ERR/LOKO/0x00000002
09:49:06.253  INFO     RX        /ERR/LOKO/0x00000002
09:49:06.254  INFO     RX        /ERR/LOKO/0x00000002
09:49:06.285  INFO     RX        /ERR/LOKO/0x00000002
09:49:06.286  INFO     RX        /ERR/LOKO/0x00000002
09:49:06.574  INFO     RX        /ERR/LOKO/0x00000002
09:49:06.574  INFO     RX        /ERR/LOKO/0x00000002
09:49:06.603  INFO     RX        /ERR/LOKO/0x00000002
09:49:06.603  INFO     RX        /ERR/LOKO/0x00000002
09:49:06.931  INFO     RX        /ERR/LOKO/0x00000002
09:49:06.931  INFO     RX        /ERR/LOKO/0x00000002
09:49:06.931  INFO     RX        /ERR/LOKO/0x00000002
09:49:06.931  INFO     RX        /ERR/LOKO/0x00000002
09:49:06.961  INFO     RX        /ERR/LOKO/0x00000002
09:49:07.246  DEBUG    TX /CONTROLL/0,0,0,-30,0,0,0,0,0
09:49:07.252  INFO     RX        /ERR/LOKO/0x00000002
09:49:07.252  INFO     RX        /ERR/LOKO/0x00000002
09:49:07.252  INFO     RX        /ERR/LOKO/0x00000002
09:49:07.282  INFO     RX        /ERR/LOKO/0x00000002
09:49:07.580  INFO     RX        /ERR/LOKO/0x00000002
09:49:07.609  INFO     RX        /ERR/LOKO/0x00000002
09:49:07.609  INFO     RX        /ERR/LOKO/0x00000002
09:49:07.609  INFO     RX        /ERR/LOKO/0x00000002
09:49:07.900  INFO     RX        /ERR/LOKO/0x00000002
09:49:07.900  INFO     RX        /ERR/LOKO/0x00000002
09:49:07.930  INFO     RX        /ERR/LOKO/0x00000002
09:49:07.930  INFO     RX        /ERR/LOKO/0x00000002
09:49:07.930  INFO     RX        /ERR/LOKO/0x00000002
09:49:08.249  INFO     RX        /ERR/LOKO/0x00000002
09:49:08.249  INFO     RX        /ERR/LOKO/0x00000002
09:49:08.284  INFO     RX        /ERR/LOKO/0x00000002
09:49:08.285  INFO     RX        /ERR/LOKO/0x00000002
09:49:08.285  INFO     RX        /ERR/LOKO/0x00000002
09:49:08.574  INFO     RX        /ERR/LOKO/0x00000002
09:49:08.574  INFO     RX        /ERR/LOKO/0x00000002
09:49:08.605  INFO     RX        /ERR/LOKO/0x00000002
09:49:08.605  INFO     RX        /ERR/LOKO/0x00000002
09:49:08.860  DEBUG    TX /CONTROLL/0,0,0,-30,0,0,0,0,0
09:49:08.931  INFO     RX        /ERR/LOKO/0x00000002
09:49:08.931  INFO     RX        /ERR/LOKO/0x00000002
09:49:08.931  INFO     RX        /ERR/LOKO/0x00000002
09:49:08.960  INFO     RX        /ERR/LOKO/0x00000002
09:49:09.253  INFO     RX        /ERR/LOKO/0x00000002
09:49:09.254  INFO     RX        /ERR/LOKO/0x00000002
09:49:09.254  INFO     RX        /ERR/LOKO/0x00000002
09:49:09.286  INFO     RX        /ERR/LOKO/0x00000002
09:49:09.579  INFO     RX        /ERR/LOKO/0x00000002
09:49:09.579  INFO     RX        /ERR/LOKO/0x00000002
09:49:09.609  INFO     RX        /ERR/LOKO/0x00000002
09:49:09.609  INFO     RX        /ERR/LOKO/0x00000002
09:49:09.644  INFO     RX        /ERR/LOKO/0x00000002
09:49:09.903  INFO     RX        /ERR/LOKO/0x00000002
09:49:09.903  INFO     RX        /ERR/LOKO/0x00000002
09:49:09.938  INFO     RX        /ERR/LOKO/0x00000002
09:49:09.938  INFO     RX        /ERR/LOKO/0x00000002
09:49:10.259  INFO     RX        /ERR/LOKO/0x00000002
09:49:10.259  INFO     RX        /ERR/LOKO/0x00000002
09:49:10.292  INFO     RX        /ERR/LOKO/0x00000002
09:49:10.292  INFO     RX        /ERR/LOKO/0x00000002
09:49:10.480  DEBUG    TX /CONTROLL/0,0,0,-30,0,0,0,0,0
09:49:10.551  INFO     RX        /ERR/LOKO/0x00000002
09:49:10.579  INFO     RX        /ERR/LOKO/0x00000002
09:49:10.580  INFO     RX        /ERR/LOKO/0x00000002
09:49:10.615  INFO     RX        /ERR/LOKO/0x00000002
09:49:10.615  INFO     RX        /ERR/LOKO/0x00000002
09:49:10.901  INFO     RX        /ERR/LOKO/0x00000002
09:49:10.938  INFO     RX        /ERR/LOKO/0x00000002
09:49:10.938  INFO     RX        /ERR/LOKO/0x00000002
09:49:10.939  INFO     RX        /ERR/LOKO/0x00000002
09:49:10.971  INFO     RX        /ERR/LOKO/0x00000002
09:49:11.225  INFO     RX        /ERR/LOKO/0x00000002
09:49:11.261  INFO     RX        /ERR/LOKO/0x00000002
09:49:11.261  INFO     RX        /ERR/LOKO/0x00000002
09:49:11.261  INFO     RX        /ERR/LOKO/0x00000002
09:49:11.586  INFO     RX        /ERR/LOKO/0x00000002
09:49:11.586  INFO     RX        /ERR/LOKO/0x00000002
09:49:11.614  INFO     RX        /ERR/LOKO/0x00000002
09:49:11.614  INFO     RX        /ERR/LOKO/0x00000002
09:49:11.906  INFO     RX        /ERR/LOKO/0x00000002
09:49:11.906  INFO     RX        /ERR/LOKO/0x00000002
09:49:11.906  INFO     RX        /ERR/LOKO/0x00000002
09:49:11.938  INFO     RX        /ERR/LOKO/0x00000002
09:49:11.938  INFO     RX        /ERR/LOKO/0x00000002
09:49:12.092  DEBUG    TX /CONTROLL/0,0,0,-30,0,0,0,0,0
09:49:12.260  INFO     RX        /ERR/LOKO/0x00000002
09:49:12.260  INFO     RX        /ERR/LOKO/0x00000002
09:49:12.261  INFO     RX        /ERR/LOKO/0x00000002
09:49:12.293  INFO     RX        /ERR/LOKO/0x00000002
09:49:12.293  INFO     RX        /ERR/LOKO/0x00000002
09:49:12.587  INFO     RX        /ERR/LOKO/0x00000002
09:49:12.587  INFO     RX        /ERR/LOKO/0x00000002
09:49:12.587  INFO     RX        /ERR/LOKO/0x00000002
09:49:12.618  INFO     RX        /ERR/LOKO/0x00000002
09:49:12.914  INFO     RX        /ERR/LOKO/0x00000002
09:49:12.947  INFO     RX        /ERR/LOKO/0x00000002
09:49:12.947  INFO     RX        /ERR/LOKO/0x00000002
09:49:12.947  INFO     RX        /ERR/LOKO/0x00000002
09:49:13.238  INFO     RX        /ERR/LOKO/0x00000002
09:49:13.238  INFO     RX        /ERR/LOKO/0x00000002
09:49:13.267  INFO     RX        /ERR/LOKO/0x00000002
09:49:13.267  INFO     RX        /ERR/LOKO/0x00000002
09:49:13.267  INFO     RX        /ERR/LOKO/0x00000002
09:49:13.594  INFO     RX        /ERR/LOKO/0x00000002
09:49:13.594  INFO     RX        /ERR/LOKO/0x00000002
09:49:13.594  INFO     RX        /ERR/LOKO/0x00000002
09:49:13.622  INFO     RX        /ERR/LOKO/0x00000002
09:49:13.715  DEBUG    TX /CONTROLL/0,0,0,-30,0,0,0,0,0
09:49:13.913  INFO     RX        /ERR/LOKO/0x00000002
09:49:13.913  INFO     RX        /ERR/LOKO/0x00000002
09:49:13.913  INFO     RX        /ERR/LOKO/0x00000002
09:49:13.949  INFO     RX        /ERR/LOKO/0x00000002
09:49:14.264  INFO     RX        /ERR/LOKO/0x00000002
09:49:14.264  INFO     RX        /ERR/LOKO/0x00000002
09:49:14.264  INFO     RX        /ERR/LOKO/0x00000002
09:49:14.300  INFO     RX        /ERR/LOKO/0x00000002
09:49:14.560  INFO     RX        /ERR/LOKO/0x00000002
09:49:14.590  INFO     RX        /ERR/LOKO/0x00000002
09:49:14.590  INFO     RX        /ERR/LOKO/0x00000002
09:49:14.590  INFO     RX        /ERR/LOKO/0x00000002
09:49:14.625  INFO     RX        /ERR/LOKO/0x00000002
09:49:15.331  DEBUG    TX /CONTROLL/0,0,0,0,0,0,0,0,0
09:49:16.939  DEBUG    TX /CONTROLL/0,0,0,0,0,0,0,0,0
09:49:17.941  INFO     RX        /ERR/LOKO/0x00000002
09:49:17.941  INFO     RX        /ERR/LOKO/0x00000002
09:49:17.977  INFO     RX        /ERR/LOKO/0x00000002
09:49:17.977  INFO     RX        /ERR/LOKO/0x00000002
09:49:17.977  INFO     RX        /ERR/LOKO/0x00000002
09:49:18.006  INFO     RX        /ERR/LOKO/0x00000002
09:49:18.006  INFO     RX        /ERR/LOKO/0x00000002
09:49:18.041  INFO     RX        /ERR/LOKO/0x00000002
09:49:18.041  INFO     RX        /ERR/LOKO/0x00000002
09:49:18.041  INFO     RX        /ERR/LOKO/0x00000002
09:49:18.073  INFO     RX        /ERR/LOKO/0x00000002
09:49:18.549  DEBUG    TX /CONTROLL/0,0,0,-12,0,0,0,0,0
09:49:18.748  INFO     RX        /ERR/LOKO/0x00000002
09:49:18.748  INFO     RX        /ERR/LOKO/0x00000002
09:49:18.777  INFO     RX        /ERR/LOKO/0x00000002
09:49:18.777  INFO     RX        /ERR/LOKO/0x00000002
09:49:18.777  INFO     RX        /ERR/LOKO/0x00000002
09:49:18.812  INFO     RX        /ERR/LOKO/0x00000002
09:49:18.812  INFO     RX        /ERR/LOKO/0x00000002
09:49:18.812  INFO     RX        /ERR/LOKO/0x00000002
09:49:18.842  INFO     RX        /ERR/LOKO/0x00000002
09:49:18.842  INFO     RX        /ERR/LOKO/0x00000002
09:49:18.879  INFO     RX        /ERR/LOKO/0x00000002
09:49:19.552  INFO     RX        /ERR/LOKO/0x00000002
09:49:19.580  INFO     RX        /ERR/LOKO/0x00000002
09:49:19.580  INFO     RX        /ERR/LOKO/0x00000002
09:49:19.615  INFO     RX        /ERR/LOKO/0x00000002
09:49:19.616  INFO     RX        /ERR/LOKO/0x00000002
09:49:19.616  INFO     RX        /ERR/LOKO/0x00000002
09:49:19.644  INFO     RX        /ERR/LOKO/0x00000002
09:49:19.644  INFO     RX        /ERR/LOKO/0x00000002
09:49:19.679  INFO     RX        /ERR/LOKO/0x00000002
09:49:19.679  INFO     RX        /ERR/LOKO/0x00000002
09:49:20.155  DEBUG    TX /CONTROLL/0,0,0,-14,0,0,0,0,0
09:49:20.257  INFO     RX        /ERR/LOKO/0x00000002
09:49:20.286  INFO     RX        /ERR/LOKO/0x00000002
09:49:20.286  INFO     RX        /ERR/LOKO/0x00000002
09:49:20.286  INFO     RX        /ERR/LOKO/0x00000002
09:49:20.321  INFO     RX        /ERR/LOKO/0x00000002
09:49:20.321  INFO     RX        /ERR/LOKO/0x00000002
09:49:20.321  INFO     RX        /ERR/LOKO/0x00000002
09:49:20.353  INFO     RX        /ERR/LOKO/0x00000002
09:49:20.353  INFO     RX        /ERR/LOKO/0x00000002
09:49:20.999  INFO     RX        /ERR/LOKO/0x00000002
09:49:21.028  INFO     RX        /ERR/LOKO/0x00000002
09:49:21.028  INFO     RX        /ERR/LOKO/0x00000002
09:49:21.028  INFO     RX        /ERR/LOKO/0x00000002
09:49:21.065  INFO     RX        /ERR/LOKO/0x00000002
09:49:21.066  INFO     RX        /ERR/LOKO/0x00000002
09:49:21.066  INFO     RX        /ERR/LOKO/0x00000002
09:49:21.092  INFO     RX        /ERR/LOKO/0x00000002
09:49:21.092  INFO     RX        /ERR/LOKO/0x00000002
09:49:21.705  INFO     RX        /ERR/LOKO/0x00000002
09:49:21.705  INFO     RX        /ERR/LOKO/0x00000002
09:49:21.705  INFO     RX        /ERR/LOKO/0x00000002
09:49:21.737  INFO     RX        /ERR/LOKO/0x00000002
09:49:21.737  INFO     RX        /ERR/LOKO/0x00000002
09:49:21.737  INFO     RX        /ERR/LOKO/0x00000002
09:49:21.763  DEBUG    TX /CONTROLL/0,0,0,-14,0,0,0,0,0
09:49:21.768  INFO     RX        /ERR/LOKO/0x00000002
09:49:21.768  INFO     RX        /ERR/LOKO/0x00000002
09:49:21.768  INFO     RX        /ERR/LOKO/0x00000002
09:49:22.445  INFO     RX        /ERR/LOKO/0x00000002
09:49:22.445  INFO     RX        /ERR/LOKO/0x00000002
09:49:22.445  INFO     RX        /ERR/LOKO/0x00000002
09:49:22.474  INFO     RX        /ERR/LOKO/0x00000002
09:49:22.474  INFO     RX        /ERR/LOKO/0x00000002
09:49:22.506  INFO     RX        /ERR/LOKO/0x00000002
09:49:22.506  INFO     RX        /ERR/LOKO/0x00000002
09:49:22.506  INFO     RX        /ERR/LOKO/0x00000002
09:49:22.541  INFO     RX        /ERR/LOKO/0x00000002
09:49:23.117  INFO     RX        /ERR/LOKO/0x00000002
09:49:23.117  INFO     RX        /ERR/LOKO/0x00000002
09:49:23.146  INFO     RX        /ERR/LOKO/0x00000002
09:49:23.147  INFO     RX        /ERR/LOKO/0x00000002
09:49:23.179  INFO     RX        /ERR/LOKO/0x00000002
09:49:23.179  INFO     RX        /ERR/LOKO/0x00000002
09:49:23.179  INFO     RX        /ERR/LOKO/0x00000002
09:49:23.214  INFO     RX        /ERR/LOKO/0x00000002
09:49:23.215  INFO     RX        /ERR/LOKO/0x00000002
09:49:23.371  DEBUG    TX /CONTROLL/0,0,0,-14,0,0,0,0,0
09:49:24.977  DEBUG    TX /CONTROLL/0,0,0,0,0,0,0,0,0
09:49:26.587  DEBUG    TX /CONTROLL/0,0,0,0,0,0,0,0,32
09:49:28.197  DEBUG    TX /CONTROLL/0,0,0,0,0,0,0,0,0
09:49:29.803  DEBUG    TX /CONTROLL/0,0,0,0,0,0,0,0,0
09:49:31.407  DEBUG    TX /CONTROLL/0,0,0,0,0,0,0,0,0
09:49:31.457  INFO     RX        /BATTERY/VDDA/12857 mV
09:49:31.458  INFO     RX        === Hexapod Mainboard ===
09:49:31.475  INFO     RX        PCA9685 Right: OK
09:49:31.507  INFO     RX        PCA9685 Left:  OK
09:49:31.539  INFO     RX        LSM6DSO IMU:   OK
09:49:31.683  INFO     RX        VL53L1X ToF:   OK
09:49:31.711  INFO     RX        Locomotion:    INIT (UN_ARMED, printf mode)
09:49:31.733  INFO     RX        Press L1 to arm, R1 to disarm at any time.
09:49:31.733  INFO     RX        Ready.
09:49:33.018  DEBUG    TX /CONTROLL/0,0,0,0,0,0,0,0,0
09:49:34.628  DEBUG    TX /CONTROLL/0,0,0,0,0,0,0,0,0
09:49:36.236  DEBUG    TX /CONTROLL/0,0,0,0,0,0,0,0,0
09:49:37.844  DEBUG    TX /CONTROLL/0,0,0,0,0,0,0,0,0
09:49:39.453  DEBUG    TX /CONTROLL/0,0,0,0,0,0,0,0,0
09:49:41.078  DEBUG    TX /CONTROLL/0,0,0,0,0,0,0,0,0
09:49:42.688  DEBUG    TX /CONTROLL/0,0,0,0,0,0,0,0,0
09:49:44.304  DEBUG    TX /CONTROLL/0,0,0,0,0,0,0,0,0
09:49:45.908  DEBUG    TX /CONTROLL/0,0,0,0,0,0,0,0,0
09:49:47.512  DEBUG    TX /CONTROLL/0,0,0,0,0,0,0,0,0
09:49:49.118  DEBUG    TX /CONTROLL/0,0,0,0,0,0,0,0,0
09:49:50.718  DEBUG    TX /CONTROLL/0,0,0,0,0,0,0,0,0
09:49:52.323  DEBUG    TX /CONTROLL/0,0,0,0,0,0,0,0,0
09:49:53.932  DEBUG    TX /CONTROLL/0,0,0,0,0,0,0,0,0
09:49:55.542  DEBUG    TX /CONTROLL/0,0,0,0,0,0,0,0,0
09:49:57.156  DEBUG    TX /CONTROLL/0,0,0,0,0,0,0,0,0
09:49:58.763  DEBUG    TX /CONTROLL/0,0,0,0,0,0,0,0,0
09:50:00.371  DEBUG    TX /CONTROLL/0,0,0,0,0,0,0,0,0
09:50:01.981  DEBUG    TX /CONTROLL/0,0,0,0,0,0,0,0,0
09:50:03.587  DEBUG    TX /CONTROLL/0,0,0,0,0,0,0,0,0
09:50:05.196  DEBUG    TX /CONTROLL/0,0,0,0,0,0,0,0,0
09:50:06.807  DEBUG    TX /CONTROLL/0,0,0,0,0,0,0,0,0
09:50:08.417  DEBUG    TX /CONTROLL/0,0,0,0,0,0,0,0,0
09:50:10.030  DEBUG    TX /CONTROLL/0,0,0,0,0,0,0,0,0
09:50:11.650  DEBUG    TX /CONTROLL/0,0,0,0,0,0,0,0,0
09:50:13.257  DEBUG    TX /CONTROLL/0,0,0,0,0,0,0,0,0
09:50:14.864  DEBUG    TX /CONTROLL/0,0,0,0,0,0,0,0,0
09:50:16.469  DEBUG    TX /CONTROLL/0,0,0,0,0,0,0,0,0
09:50:18.081  DEBUG    TX /CONTROLL/0,0,0,0,0,0,0,0,0
09:50:19.689  DEBUG    TX /CONTROLL/0,0,0,0,0,0,0,0,0
09:50:21.295  DEBUG    TX /CONTROLL/0,0,0,0,0,0,0,0,0
09:50:22.903  DEBUG    TX /CONTROLL/0,0,0,0,0,0,0,0,0
09:50:24.512  DEBUG    TX /CONTROLL/0,0,0,0,0,0,0,0,0
09:50:26.121  DEBUG    TX /CONTROLL/0,0,0,0,0,0,0,0,0
09:50:27.735  DEBUG    TX /CONTROLL/0,0,0,0,0,0,0,0,0
09:50:29.341  DEBUG    TX /CONTROLL/0,0,0,0,0,0,0,0,0
09:50:30.949  DEBUG    TX /CONTROLL/0,0,0,0,0,0,0,0,0
09:50:32.560  DEBUG    TX /CONTROLL/0,0,0,0,0,0,0,0,0
09:50:34.165  DEBUG    TX /CONTROLL/0,0,0,0,0,0,0,0,0
09:50:35.777  DEBUG    TX /CONTROLL/0,0,0,0,0,0,0,0,0
09:50:37.398  DEBUG    TX /CONTROLL/0,0,0,0,0,0,0,0,0
09:50:39.003  DEBUG    TX /CONTROLL/0,0,0,0,0,0,0,0,0
09:50:40.619  DEBUG    TX /CONTROLL/0,0,0,0,0,0,0,0,0
09:50:42.222  DEBUG    TX /CONTROLL/0,0,0,0,0,0,0,0,0
09:50:43.834  DEBUG    TX /CONTROLL/0,0,0,0,0,0,0,0,0
09:50:45.441  DEBUG    TX /CONTROLL/0,0,0,0,0,0,0,0,0
09:50:47.052  DEBUG    TX /CONTROLL/0,0,0,0,0,0,0,0,0
09:50:48.655  DEBUG    TX /CONTROLL/0,0,0,0,0,0,0,0,0
09:50:50.274  DEBUG    TX /CONTROLL/0,0,0,0,0,0,0,0,0
09:50:51.883  DEBUG    TX /CONTROLL/0,0,0,0,0,0,0,0,0
09:50:53.491  DEBUG    TX /CONTROLL/0,0,0,0,0,0,0,0,0
09:50:55.101  DEBUG    TX /CONTROLL/0,0,0,0,0,0,0,0,0
09:50:56.704  DEBUG    TX /CONTROLL/0,0,0,0,0,0,0,0,0
09:50:58.318  DEBUG    TX /CONTROLL/0,0,0,0,0,0,0,0,0
09:50:59.926  DEBUG    TX /CONTROLL/0,0,0,0,0,0,0,0,0
09:51:01.540  DEBUG    TX /CONTROLL/0,0,0,0,0,0,0,0,0
09:51:03.151  DEBUG    TX /CONTROLL/0,0,0,0,0,0,0,0,0
09:51:04.765  DEBUG    TX /CONTROLL/0,0,0,0,0,0,0,0,0
09:51:06.385  DEBUG    TX /CONTROLL/0,0,0,0,0,0,0,0,0
09:51:07.992  DEBUG    TX /CONTROLL/0,0,0,0,0,0,0,0,0
09:51:09.601  DEBUG    TX /CONTROLL/0,0,0,0,0,0,0,0,0
09:51:11.218  DEBUG    TX /CONTROLL/0,0,0,0,0,0,0,0,0
09:51:12.823  DEBUG    TX /CONTROLL/0,0,0,0,0,0,0,0,0
09:51:14.438  DEBUG    TX /CONTROLL/0,0,0,0,0,0,0,0,0
09:51:16.040  DEBUG    TX /CONTROLL/0,0,0,0,0,0,0,0,0
09:51:17.647  DEBUG    TX /CONTROLL/0,0,0,0,0,0,0,0,0
09:51:19.253  DEBUG    TX /CONTROLL/0,0,0,0,0,0,0,0,0
09:51:20.858  DEBUG    TX /CONTROLL/0,0,0,0,0,0,0,0,0
09:51:22.466  DEBUG    TX /CONTROLL/0,0,0,0,0,0,0,0,0
09:51:24.072  DEBUG    TX /CONTROLL/0,0,0,0,0,0,0,0,0
09:51:25.690  DEBUG    TX /CONTROLL/0,0,0,0,0,0,0,0,0
09:51:27.307  DEBUG    TX /CONTROLL/0,0,0,0,0,0,0,0,0
09:51:28.915  DEBUG    TX /CONTROLL/0,0,0,0,0,0,0,0,0
09:51:30.524  DEBUG    TX /CONTROLL/0,0,0,0,0,0,0,0,0
09:51:32.136  DEBUG    TX /CONTROLL/0,0,0,0,0,0,0,0,0
09:51:33.749  DEBUG    TX /CONTROLL/0,0,0,0,0,0,0,0,0
09:51:35.366  DEBUG    TX /CONTROLL/0,0,0,0,0,0,0,0,0
09:51:36.980  DEBUG    TX /CONTROLL/0,0,0,0,0,0,0,0,0
09:51:38.592  DEBUG    TX /CONTROLL/0,0,0,0,0,0,0,0,0
09:51:40.205  DEBUG    TX /CONTROLL/0,0,0,0,0,0,0,0,0
09:51:41.811  DEBUG    TX /CONTROLL/0,0,0,0,0,0,0,0,0
09:51:43.421  DEBUG    TX /CONTROLL/0,0,0,0,0,0,0,0,0
09:51:45.025  DEBUG    TX /CONTROLL/0,0,0,0,0,0,0,0,0
09:51:46.641  DEBUG    TX /CONTROLL/0,0,0,0,0,0,0,0,0
09:51:48.256  DEBUG    TX /CONTROLL/0,0,0,0,0,0,0,0,0
09:51:49.858  DEBUG    TX /CONTROLL/0,0,0,0,0,0,0,0,0
09:51:51.463  DEBUG    TX /CONTROLL/0,0,0,0,0,0,0,0,0
09:51:53.074  DEBUG    TX /CONTROLL/0,0,0,0,0,0,0,0,0
09:51:54.677  DEBUG    TX /CONTROLL/0,0,0,0,0,0,0,0,0
09:51:56.285  DEBUG    TX /CONTROLL/0,0,0,0,0,0,0,0,0
09:51:57.892  DEBUG    TX /CONTROLL/0,0,0,0,0,0,0,0,0
09:51:59.501  DEBUG    TX /CONTROLL/0,0,0,0,0,0,0,0,0
09:52:01.107  DEBUG    TX /CONTROLL/0,0,0,0,0,0,0,0,0
09:52:02.715  DEBUG    TX /CONTROLL/0,0,0,0,0,0,0,0,0
09:52:04.324  DEBUG    TX /CONTROLL/0,0,0,0,0,0,0,0,0
09:52:05.935  DEBUG    TX /CONTROLL/0,0,0,0,0,0,0,0,0
09:52:07.541  DEBUG    TX /CONTROLL/0,0,0,0,0,0,0,0,0
09:52:09.149  DEBUG    TX /CONTROLL/0,0,0,0,0,0,0,0,0
09:52:10.761  DEBUG    TX /CONTROLL/0,0,0,0,0,0,0,0,0
09:52:12.373  DEBUG    TX /CONTROLL/0,0,0,0,0,0,0,0,0
09:52:13.982  DEBUG    TX /CONTROLL/0,0,0,0,0,0,0,0,0
09:52:15.596  DEBUG    TX /CONTROLL/0,0,0,0,0,0,0,0,0
09:52:17.212  DEBUG    TX /CONTROLL/0,0,0,0,0,0,0,0,0
09:52:18.823  DEBUG    TX /CONTROLL/0,0,0,0,0,0,0,0,0
09:52:20.430  DEBUG    TX /CONTROLL/0,0,0,0,0,0,0,0,0
09:52:22.043  DEBUG    TX /CONTROLL/0,0,0,0,0,0,0,0,0
09:52:23.649  DEBUG    TX /CONTROLL/0,0,0,0,0,0,0,0,0
09:52:25.263  DEBUG    TX /CONTROLL/0,0,0,0,0,0,0,0,0
09:52:26.877  DEBUG    TX /CONTROLL/0,0,0,0,0,0,0,0,0
09:52:28.487  DEBUG    TX /CONTROLL/0,0,0,0,0,0,0,0,0
09:52:30.097  DEBUG    TX /CONTROLL/0,0,0,0,0,0,0,0,0
09:52:31.711  DEBUG    TX /CONTROLL/0,0,0,0,0,0,0,0,0
09:52:33.318  DEBUG    TX /CONTROLL/0,0,0,0,0,0,0,0,0
09:52:34.923  DEBUG    TX /CONTROLL/0,0,0,0,0,0,0,0,0
09:52:36.529  DEBUG    TX /CONTROLL/0,0,0,0,0,0,0,0,0
09:52:38.133  DEBUG    TX /CONTROLL/0,0,0,0,0,0,0,0,0
09:52:39.744  DEBUG    TX /CONTROLL/0,0,0,0,0,0,0,0,0
09:52:41.347  DEBUG    TX /CONTROLL/0,0,0,0,0,0,0,0,0
09:52:42.955  DEBUG    TX /CONTROLL/0,0,0,0,0,0,0,0,0
09:52:44.565  DEBUG    TX /CONTROLL/0,0,0,0,0,0,0,0,0
09:52:46.175  DEBUG    TX /CONTROLL/0,0,0,0,0,0,0,0,0
09:52:47.784  DEBUG    TX /CONTROLL/0,0,0,0,0,0,0,0,0
09:52:49.393  DEBUG    TX /CONTROLL/0,0,0,0,0,0,0,0,0
09:52:51.005  DEBUG    TX /CONTROLL/0,0,0,0,0,0,0,0,0
09:52:52.620  DEBUG    TX /CONTROLL/0,0,0,0,0,0,0,0,0
09:52:54.238  DEBUG    TX /CONTROLL/0,0,0,0,0,0,0,0,0
09:52:55.854  DEBUG    TX /CONTROLL/0,0,0,0,0,0,0,0,0
09:53:32.299  DEBUG    TX /CONTROLL/0,0,0,0,0,0,0,0,0
09:53:33.901  DEBUG    TX /CONTROLL/0,0,0,0,0,0,0,0,0
