12:36:19.929  INFO     Connecting to 100.122.9.49:5000...
12:36:21.598  DEBUG    TX /CONTROLL/0,0,0,0,0,0,0,0,0
12:36:23.203  DEBUG    TX /CONTROLL/0,0,0,0,0,0,0,0,0
12:36:24.815  DEBUG    TX /CONTROLL/0,0,0,0,0,0,0,0,0
12:36:26.431  DEBUG    TX /CONTROLL/0,0,0,0,0,0,0,0,0
12:36:27.329  INFO     Network connection established
12:36:28.039  DEBUG    TX /CONTROLL/0,0,0,0,0,0,0,0,0
12:36:29.648  DEBUG    TX /CONTROLL/0,0,0,0,0,0,0,0,0
12:36:30.033  INFO     RX        /BATTERY/VDDA/12863 mV/BATTERY/VDDA/12870 mV
12:36:30.033  INFO     RX        === Hexapod Mainboard ===
12:36:30.787  INFO     RX        PCA9685 Right: FAIL
12:36:30.787  INFO     RX        PCA9685 Left:  FAIL
12:36:30.985  INFO     RX        LSM6DSO16IS IMU (filtered): DISABLED
12:36:31.253  DEBUG    TX /CONTROLL/0,0,0,0,0,0,0,0,0
12:36:32.859  DEBUG    TX /CONTROLL/0,0,0,0,0,0,0,0,0
12:36:34.466  DEBUG    TX /CONTROLL/0,0,0,0,0,0,0,0,0
12:36:36.074  DEBUG    TX /CONTROLL/0,0,0,0,0,0,0,0,0
12:36:37.681  DEBUG    TX /CONTROLL/0,0,0,0,0,0,0,0,0
12:36:37.827  INFO     RX        /BATTERY/VDDA/12859 mV
12:36:37.827  INFO     RX        === Hexapod Mainboard ===
12:36:38.582  INFO     RX        PCA9685 Right: FAIL
12:36:38.582  INFO     RX        PCA9685 Left:  FAIL
12:36:38.809  INFO     RX        LSM6DSO16IS IMU (filtered): DISABLED
12:36:39.290  DEBUG    TX /CONTROLL/0,0,0,0,0,0,0,0,0
12:36:40.906  DEBUG    TX /CONTROLL/0,0,0,0,0,0,0,0,0
12:36:42.515  DEBUG    TX /CONTROLL/0,0,0,0,0,0,0,0,0
12:36:44.122  DEBUG    TX /CONTROLL/0,0,0,0,0,0,0,0,0
12:36:45.724  DEBUG    TX /CONTROLL/0,0,0,0,0,0,0,0,0
12:36:47.332  DEBUG    TX /CONTROLL/0,0,0,0,0,0,0,0,0
12:36:48.933  DEBUG    TX /CONTROLL/0,0,0,0,0,0,0,0,0
12:36:50.539  DEBUG    TX /CONTROLL/0,0,0,0,0,0,0,0,0
12:36:52.149  DEBUG    TX /CONTROLL/0,0,0,0,0,0,0,0,0
12:36:53.753  DEBUG    TX /CONTROLL/0,0,0,0,0,0,0,0,0
12:36:55.362  DEBUG    TX /CONTROLL/0,0,0,0,0,0,0,0,0
12:36:56.970  DEBUG    TX /CONTROLL/0,0,0,0,0,0,0,0,0
12:36:58.576  DEBUG    TX /CONTROLL/0,0,0,0,0,0,0,0,0
