14:15:41.970  INFO     Connecting to 100.122.9.49:5000...
14:15:43.587  DEBUG    TX /CONTROLL/0,0,0,0,0,0,0,0,0
14:15:45.207  DEBUG    TX /CONTROLL/0,0,0,0,0,0,0,0,0
14:15:46.814  DEBUG    TX /CONTROLL/0,0,0,0,0,0,0,0,0
14:15:48.428  DEBUG    TX /CONTROLL/0,0,0,0,0,0,0,0,0
14:15:50.046  DEBUG    TX /CONTROLL/0,0,0,0,0,0,0,0,0
14:15:51.657  DEBUG    TX /CONTROLL/0,0,0,0,0,0,0,0,0
14:15:53.030  INFO     Network connection established
14:15:53.030  INFO     RX        PCA9685 Right: OK
14:15:53.045  INFO     RX        PCA9685 Left:  OK
14:15:53.063  INFO     RX        LSM6DSO IMU:   OK
14:15:53.236  INFO     RX        VL53L1X ToF:   OK
14:15:53.267  INFO     RX        Locomotion:    INIT (UN_ARMED, printf mode)
14:15:53.271  DEBUG    TX /CONTROLL/0,0,0,0,0,0,0,0,0
14:15:53.274  INFO     RX        Press L1 to arm, R1 to disarm at any time.
14:15:53.275  INFO     RX        Ready.
14:15:54.880  DEBUG    TX /CONTROLL/0,0,0,0,0,0,0,0,0
14:15:56.493  DEBUG    TX /CONTROLL/0,0,0,0,0,0,0,0,0
14:15:58.109  DEBUG    TX /CONTROLL/0,0,0,0,0,0,0,0,0
14:15:59.718  DEBUG    TX /CONTROLL/45,-45,-15,0,0,0,0,0,0
14:16:01.332  DEBUG    TX /CONTROLL/89,27,-87,-61,0,0,0,0,0
14:16:02.945  DEBUG    TX /CONTROLL/0,0,0,0,0,0,0,0,0
