09:47:30.541  INFO     Connecting to 100.122.9.49:5000...
09:47:32.146  DEBUG    TX /CONTROLL/0,0,0,0,0,0,0,0,0
09:47:33.753  DEBUG    TX /CONTROLL/0,0,0,0,0,0,0,0,0
09:47:35.371  DEBUG    TX /CONTROLL/0,0,0,0,0,0,0,0,0
09:47:36.981  DEBUG    TX /CONTROLL/0,0,0,0,0,0,0,0,0
09:47:38.600  DEBUG    TX /CONTROLL/0,0,0,0,0,0,0,0,0
09:47:40.215  DEBUG    TX /CONTROLL/0,0,0,0,0,0,0,0,0
09:47:41.824  DEBUG    TX /CONTROLL/0,0,0,0,0,0,0,0,0
09:47:43.433  DEBUG    TX /CONTROLL/0,0,0,0,0,0,0,0,0
09:47:45.043  DEBUG    TX /CONTROLL/0,0,0,0,0,0,0,0,0
09:47:46.650  DEBUG    TX /CONTROLL/0,0,0,0,0,0,0,0,0
09:47:48.296  DEBUG    TX /CONTROLL/0,0,0,0,0,0,0,0,0
09:47:49.904  DEBUG    TX /CONTROLL/0,0,0,0,0,0,0,0,0
09:47:51.511  DEBUG    TX /CONTROLL/0,0,0,0,0,0,0,0,0
09:47:53.120  DEBUG    TX /CONTROLL/0,0,0,0,0,0,0,0,0
09:47:54.726  DEBUG    TX /CONTROLL/0,0,0,0,0,0,0,0,0
09:47:56.340  DEBUG    TX /CONTROLL/0,0,0,0,0,0,0,0,0
09:47:57.942  DEBUG    TX /CONTROLL/0,0,0,0,0,0,0,0,0
09:47:59.549  DEBUG    TX /CONTROLL/0,0,0,0,0,0,0,0,0
09:48:01.156  DEBUG    TX /CONTROLL/0,0,0,0,0,0,0,0,0
