12:37:55.921  INFO     Connecting to 100.122.9.49:5000...
12:37:55.931  INFO     Network connection established
12:37:55.931  INFO     RX        Locomotion:    INIT (UN_ARMED, printf mode)
12:37:55.931  INFO     RX        Press L1 to arm, R1 to disarm/BATTERY/VDDA/12859 mV
12:37:55.931  INFO     RX        === Hexapod Mainboard ===
12:37:55.931  INFO     RX        PCA9685 Right: FAIL
12:37:55.931  INFO     RX        PCA9685 Left:  FAIL
12:37:55.931  INFO     RX        LSM6DSO16IS IMU (filtered): DISABLED
12:37:55.931  INFO     RX        VL53L1X ToF:   FAIL
12:37:55.931  INFO     RX        Locomotion:    INIT (UN_ARMED, printf mode)
12:37:55.931  INFO     RX        Press L1 to arm, R1 to disarm at any time.
12:37:55.931  INFO     RX        /ERR/INIT/0x0000000b
12:37:55.931  INFO     RX        Ready.
12:37:57.513  DEBUG    TX /CONTROLL/0,0,0,0,0,0,0,0,0
12:37:59.126  DEBUG    TX /CONTROLL/0,0,0,0,0,0,0,0,0
12:38:00.481  INFO     RX        /BATTERY//BATTERY/VDDA/12859 mV
12:38:00.481  INFO     RX        === Hexapod Mainboard ===
12:38:00.738  DEBUG    TX /CONTROLL/0,0,0,0,0,0,0,0,0
12:38:01.052  INFO     RX        PCA9685 Right: FAIL
12:38:01.052  INFO     RX        PCA9685 Left:  FAIL
12:38:01.056  INFO     RX        LSM6DSO16IS IMU (filtered): DISABLED
12:38:02.353  DEBUG    TX /CONTROLL/0,0,0,0,0,0,0,0,0
12:38:03.224  INFO     RX        /BATTERY/VDDA/12853 mV
12:38:03.224  INFO     RX        === Hexapod Mainboard ===
12:38:03.870  INFO     RX        PCA9685 Right: FAIL
12:38:03.870  INFO     RX        PCA9685 Left:  FAIL
12:38:03.870  INFO     RX        LSM6DSO16IS IMU (filtered): DISABLED
12:38:03.962  DEBUG    TX /CONTROLL/0,0,0,0,0,0,0,0,0
12:38:05.570  DEBUG    TX /CONTROLL/0,0,0,0,0,0,0,0,0
12:38:05.887  INFO     RX        VL53L1X ToF:   FAIL
12:38:05.945  INFO     RX        Locomotion:    INIT (UN_ARMED, printf mode)
12:38:05.945  INFO     RX        Press L1 to arm, R1 to disarm at any time.
12:38:05.945  INFO     RX        /ERR/INIT/0x0000000b
12:38:05.945  INFO     RX        Ready.
12:38:05.993  INFO     RX        /BATTERY/V/7.57
12:38:06.193  INFO     RX        /BATTERY/V/7.58
12:38:06.613  INFO     RX        /BATTERY/VDDA/12859 mV
12:38:06.613  INFO     RX        === Hexapod Mainboard ===
12:38:07.190  DEBUG    TX /CONTROLL/0,0,0,0,0,0,0,0,0
12:38:07.262  INFO     RX        PCA9685 Right: FAIL
12:38:07.265  INFO     RX        PCA9685 Left:  FAIL
12:38:07.265  INFO     RX        LSM6DSO16IS IMU (filtered): DISABLED
12:38:08.809  DEBUG    TX /CONTROLL/0,0,0,0,0,0,0,0,0
12:38:09.476  INFO     RX        /BATTERY/VDDA/12855 mV
12:38:09.476  INFO     RX        === Hexapod Mainboard ===
12:38:10.120  INFO     RX        PCA9685 Right: FAIL
12:38:10.120  INFO     RX        PCA9685 Left:  FAIL
12:38:10.141  INFO     RX        LSM6DSO16IS IMU (filtered): DISABLED
12:38:10.426  DEBUG    TX /CONTROLL/0,0,0,0,0,0,0,0,0
12:38:11.179  INFO     RX        /BATTERY/VDDA/12857 mV
12:38:11.179  INFO     RX        === Hexapod Mainboard ===
12:38:11.824  INFO     RX        PCA9685 Right: FAIL
12:38:11.824  INFO     RX        PCA9685 Left:  FAIL
12:38:11.824  INFO     RX        LSM6DSO16IS IMU (filtered): DISABLED
12:38:12.034  DEBUG    TX /CONTROLL/0,0,0,0,0,0,0,0,0
12:38:13.646  DEBUG    TX /CONTROLL/0,0,0,0,0,0,0,0,0
12:38:13.844  INFO     RX        VL53L1X ToF:   FAIL
12:38:13.970  INFO     RX        Locomotion:    INIT (UN_ARMED, printf mode)
12:38:13.970  INFO     RX        Press L1 to arm, R1 to disarm at any time.
12:38:13.970  INFO     RX        /ERR/INIT/0x0000000b
12:38:13.970  INFO     RX        Ready.
12:38:13.970  INFO     RX        /BATTERY/V/7.61
12:38:14.192  INFO     RX        /BATTERY/V/7.57
12:38:15.255  DEBUG    TX /CONTROLL/0,0,0,0,0,0,0,0,0
12:38:16.869  DEBUG    TX /CONTROLL/0,0,0,0,0,0,0,0,0
12:38:18.478  DEBUG    TX /CONTROLL/0,0,0,0,0,0,0,0,0
12:38:20.085  DEBUG    TX /CONTROLL/0,0,0,0,0,0,0,0,0
12:38:21.689  DEBUG    TX /CONTROLL/0,0,0,0,0,0,0,0,0
12:38:21.939  INFO     RX        /BATTERY//BATTERY/VDDA/12855 mV
12:38:21.939  INFO     RX        === Hexapod Mainboard ===
12:38:22.582  INFO     RX        PCA9685 Right: FAIL
12:38:22.592  INFO     RX        PCA9685 Left:  FAIL
12:38:22.592  INFO     RX        LSM6DSO16IS IMU (filtered): DISABLED
12:38:23.295  DEBUG    TX /CONTROLL/0,0,0,0,0,0,0,0,0
12:38:24.604  INFO     RX        VL53L1X ToF:   FAIL
12:38:24.660  INFO     RX        Locomotion:    INIT (UN_ARMED, printf mode)
12:38:24.660  INFO     RX        Press L1 to arm, R1 to disarm at any time.
12:38:24.660  INFO     RX        /ERR/INIT/0x0000000b
12:38:24.660  INFO     RX        Ready.
12:38:24.707  INFO     RX        /BATTERY/V/7.58
12:38:24.902  DEBUG    TX /CONTROLL/0,0,0,0,0,0,0,0,0
12:38:25.192  INFO     RX        /BATTERY/V/7.58
12:38:26.193  INFO     RX        /BATTERY/V/7.57
12:38:26.512  DEBUG    TX /CONTROLL/0,0,0,0,0,0,0,0,0
