10:02:16.655  INFO     Connecting to 100.122.9.49:5000...
10:02:18.240  DEBUG    TX /CONTROLL/0,0,0,0,0,0,0,0,0
10:02:19.840  DEBUG    TX /CONTROLL/0,0,0,0,0,0,0,0,0
10:02:21.441  DEBUG    TX /CONTROLL/0,0,0,0,0,0,0,0,0
10:02:23.052  DEBUG    TX /CONTROLL/0,0,0,0,0,0,0,0,0
10:02:24.659  DEBUG    TX /CONTROLL/0,0,0,0,0,0,0,0,4
10:02:26.266  DEBUG    TX /CONTROLL/0,0,0,0,0,0,0,0,0
10:02:27.878  DEBUG    TX /CONTROLL/0,0,0,0,0,0,0,0,0
10:02:28.934  INFO     Network connection established
10:02:28.934  INFO     RX        /BATTERY/VDDA/12863 mV
10:02:28.934  INFO     RX        === Hexapod Mainboard ===
10:02:28.949  INFO     RX        PCA9685 Right: OK
10:02:28.973  INFO     RX        PCA9685 Left:  OK
10:02:29.008  INFO     RX        LSM6DSO IMU:   OK
10:02:29.157  INFO     RX        VL53L1X ToF:   OK
10:02:29.184  INFO     RX        Locomotion:    INIT (UN_ARMED, printf mode)
10:02:29.196  INFO     RX        Press L1 to arm, R1 to disarm at any time.
10:02:29.196  INFO     RX        Ready.
10:02:29.481  DEBUG    TX /CONTROLL/0,0,0,0,0,0,0,0,0
10:02:31.084  DEBUG    TX /CONTROLL/0,0,0,0,0,0,0,0,0
10:02:32.685  DEBUG    TX /CONTROLL/0,0,-12,-53,0,0,0,0,0
10:02:34.287  DEBUG    TX /CONTROLL/0,0,45,99,0,0,0,0,0
10:02:35.894  DEBUG    TX /CONTROLL/0,0,0,0,0,0,0,0,0
10:02:37.116  INFO     RX        SERVO FR.[C: 90 F:106 T:107] MR.[C: 90 F:106 T:107] BR.[C: 90 F:106 T:1/BATTERY/VDDA/12840 mV
10:02:37.116  INFO     RX        === Hexapod Mainboard ===
10:02:37.151  INFO     RX        PCA9685 Right: OK
10:02:37.151  INFO     RX        PCA9685 Left:  OK
10:02:37.180  INFO     RX        LSM6DSO IMU:   OK
10:02:37.329  INFO     RX        VL53L1X ToF:   OK
10:02:37.356  INFO     RX        Locomotion:    INIT (UN_ARMED, printf mode)
10:02:37.371  INFO     RX        Press L1 to arm, R1 to disarm at any time.
10:02:37.371  INFO     RX        Ready.
10:02:37.496  DEBUG    TX /CONTROLL/0,0,0,0,0,0,0,0,0
10:02:39.098  DEBUG    TX /CONTROLL/0,0,0,0,0,0,0,0,0
10:02:40.707  DEBUG    TX /CONTROLL/0,0,0,0,0,0,0,0,0
10:02:42.321  DEBUG    TX /CONTROLL/0,-62,0,0,0,0,0,0,0
10:02:43.930  DEBUG    TX /CONTROLL/0,0,40,-64,0,0,0,0,0
10:02:45.536  DEBUG    TX /CONTROLL/0,0,0,0,0,0,0,0,0
10:02:47.142  DEBUG    TX /CONTROLL/0,0,0,0,0,0,0,0,0
10:02:47.977  INFO     RX        SERVO FR.[C: 90 F:106 T/BATTERY/VDDA/12859 mV
10:02:47.977  INFO     RX        === Hexapod Mainboard ===
10:02:48.012  INFO     RX        PCA9685 Right: OK
10:02:48.012  INFO     RX        PCA9685 Left:  OK
10:02:48.043  INFO     RX        LSM6DSO IMU:   OK
10:02:48.196  INFO     RX        VL53L1X ToF:   OK
10:02:48.224  INFO     RX        Locomotion:    INIT (UN_ARMED, printf mode)
10:02:48.224  INFO     RX        Press L1 to arm, R1 to disarm at any time.
10:02:48.224  INFO     RX        Ready.
10:02:48.746  DEBUG    TX /CONTROLL/0,0,0,0,0,0,0,0,0
10:02:50.348  DEBUG    TX /CONTROLL/0,0,0,0,0,0,0,0,0
10:02:51.951  DEBUG    TX /CONTROLL/0,0,0,0,0,0,0,0,0
10:02:53.553  DEBUG    TX /CONTROLL/0,0,0,0,0,0,0,0,0
10:02:55.174  DEBUG    TX /CONTROLL/0,0,-16,-100,0,0,0,0,0
10:02:56.784  DEBUG    TX /CONTROLL/0,0,0,0,0,0,0,0,0
10:02:58.386  DEBUG    TX /CONTROLL/0,0,0,0,0,0,0,0,32
10:03:00.000  DEBUG    TX /CONTROLL/0,0,0,0,0,0,0,0,0
10:03:01.603  DEBUG    TX /CONTROLL/0,0,0,0,0,0,0,0,32
10:03:03.207  DEBUG    TX /CONTROLL/0,0,0,0,0,0,0,0,0
10:03:03.435  INFO     RX        SERVO FR.[C: 90 F:106 T:107] MR.[C: 90 F:106 T:107] BR.[C: 90 F:106 T:1/BATTERY/VDDA/12861 mV
10:03:03.435  INFO     RX        === Hexapod Mainboard ===
10:03:03.435  INFO     RX        PCA9685 Right: OK
10:03:03.466  INFO     RX        PCA9685 Left:  OK
10:03:03.466  INFO     RX        LSM6DSO IMU:   OK
10:03:03.633  INFO     RX        VL53L1X ToF:   OK
10:03:03.695  INFO     RX        Locomotion:    INIT (UN_ARMED, printf mode)
10:03:03.695  INFO     RX        Press L1 to arm, R1 to disarm at any time.
10:03:03.695  INFO     RX        Ready.
10:03:04.815  DEBUG    TX /CONTROLL/0,0,0,0,0,0,0,0,0
10:03:06.432  DEBUG    TX /CONTROLL/0,0,0,0,0,0,0,0,0
10:03:08.052  DEBUG    TX /CONTROLL/0,0,0,0,0,0,0,0,0
10:03:09.662  DEBUG    TX /CONTROLL/0,0,0,-15,0,0,0,0,0
10:03:10.509  INFO     RX        /ERR/LOKO/0x00000002
10:03:10.509  INFO     RX        /ERR/LOKO/0x00000002
10:03:10.546  INFO     RX        /ERR/LOKO/0x00000002
10:03:10.546  INFO     RX        /ERR/LOKO/0x00000002
10:03:10.547  INFO     RX        /ERR/LOKO/0x00000002
10:03:10.895  INFO     RX        /ERR/LOKO/0x00000002
10:03:10.895  INFO     RX        /ERR/LOKO/0x00000002
10:03:10.932  INFO     RX        /ERR/LOKO/0x00000002
10:03:10.932  INFO     RX        /ERR/LOKO/0x00000002
10:03:10.932  INFO     RX        /ERR/LOKO/0x00000002
10:03:11.284  DEBUG    TX /CONTROLL/0,0,0,-25,0,0,0,0,0
10:03:12.096  INFO     RX        /ERR/LOKO/0x00000002
10:03:12.131  INFO     RX        /ERR/LOKO/0x00000002
10:03:12.131  INFO     RX        /ERR/LOKO/0x00000002
10:03:12.131  INFO     RX        /ERR/LOKO/0x00000002
10:03:12.163  INFO     RX        /ERR/LOKO/0x00000002
10:03:12.494  INFO     RX        /ERR/LOKO/0x00000002
10:03:12.494  INFO     RX        /ERR/LOKO/0x00000002
10:03:12.527  INFO     RX        /ERR/LOKO/0x00000002
10:03:12.527  INFO     RX        /ERR/LOKO/0x00000002
10:03:12.527  INFO     RX        /ERR/LOKO/0x00000002
10:03:12.909  DEBUG    TX /CONTROLL/0,0,0,-25,0,0,0,0,0
10:03:13.696  INFO     RX        /ERR/LOKO/0x00000002
10:03:13.723  INFO     RX        /ERR/LOKO/0x00000002
10:03:13.723  INFO     RX        /ERR/LOKO/0x00000002
10:03:13.760  INFO     RX        /ERR/LOKO/0x00000002
10:03:13.760  INFO     RX        /ERR/LOKO/0x00000002
10:03:14.078  INFO     RX        /ERR/LOKO/0x00000002
10:03:14.115  INFO     RX        /ERR/LOKO/0x00000002
10:03:14.115  INFO     RX        /ERR/LOKO/0x00000002
10:03:14.115  INFO     RX        /ERR/LOKO/0x00000002
10:03:14.143  INFO     RX        /ERR/LOKO/0x00000002
10:03:14.143  INFO     RX        /ERR/LOKO/0x00000002
10:03:14.526  DEBUG    TX /CONTROLL/0,0,0,-25,0,0,0,0,0
10:03:15.312  INFO     RX        /ERR/LOKO/0x00000002
10:03:15.313  INFO     RX        /ERR/LOKO/0x00000002
10:03:15.346  INFO     RX        /ERR/LOKO/0x00000002
10:03:15.346  INFO     RX        /ERR/LOKO/0x00000002
10:03:15.346  INFO     RX        /ERR/LOKO/0x00000002
10:03:15.676  INFO     RX        /ERR/LOKO/0x00000002
10:03:15.707  INFO     RX        /ERR/LOKO/0x00000002
10:03:15.708  INFO     RX        /ERR/LOKO/0x00000002
10:03:15.740  INFO     RX        /ERR/LOKO/0x00000002
10:03:15.740  INFO     RX        /ERR/LOKO/0x00000002
10:03:15.740  INFO     RX        /ERR/LOKO/0x00000002
10:03:16.152  DEBUG    TX /CONTROLL/0,0,0,0,0,0,0,0,0
10:03:17.770  DEBUG    TX /CONTROLL/0,0,0,0,0,0,0,0,0
10:03:19.378  DEBUG    TX /CONTROLL/0,0,0,0,0,0,0,0,0
10:03:20.991  DEBUG    TX /CONTROLL/0,0,0,0,0,0,0,0,0
10:03:22.608  DEBUG    TX /CONTROLL/0,0,0,0,0,0,0,0,0
10:03:24.229  DEBUG    TX /CONTROLL/0,0,0,0,0,0,0,0,0
10:03:25.834  DEBUG    TX /CONTROLL/0,0,0,0,0,0,0,0,0
10:03:27.439  DEBUG    TX /CONTROLL/0,0,0,0,0,0,0,0,0
10:03:29.049  DEBUG    TX /CONTROLL/0,0,0,0,0,0,0,0,0
10:03:30.659  DEBUG    TX /CONTROLL/0,0,0,0,0,0,0,0,0
10:03:32.267  DEBUG    TX /CONTROLL/0,0,0,0,0,0,0,0,0
10:03:33.872  DEBUG    TX /CONTROLL/0,0,0,0,0,0,0,0,0
10:03:35.480  DEBUG    TX /CONTROLL/0,0,0,0,0,0,0,0,0
10:03:37.090  DEBUG    TX /CONTROLL/0,0,0,0,0,0,0,0,0
10:03:38.694  DEBUG    TX /CONTROLL/0,0,0,0,0,0,0,0,0
10:03:40.302  DEBUG    TX /CONTROLL/0,0,0,0,0,0,0,0,0
10:03:41.908  DEBUG    TX /CONTROLL/0,0,0,0,0,0,0,0,0
10:03:43.512  DEBUG    TX /CONTROLL/0,0,0,0,0,0,0,0,0
10:03:45.118  DEBUG    TX /CONTROLL/0,0,0,0,0,0,0,0,0
10:03:46.721  DEBUG    TX /CONTROLL/0,0,0,0,0,0,0,0,0
10:03:48.330  DEBUG    TX /CONTROLL/0,0,0,0,0,0,0,0,0
10:03:49.940  DEBUG    TX /CONTROLL/0,0,0,0,0,0,0,0,0
10:03:51.545  DEBUG    TX /CONTROLL/0,0,0,0,0,0,0,0,0
10:03:53.149  DEBUG    TX /CONTROLL/0,0,0,0,0,0,0,0,0
10:03:54.758  DEBUG    TX /CONTROLL/0,0,0,0,0,0,0,0,0
10:03:56.361  DEBUG    TX /CONTROLL/0,0,0,0,0,0,0,0,0
10:03:57.962  DEBUG    TX /CONTROLL/0,0,0,0,0,0,0,0,0
10:03:59.575  DEBUG    TX /CONTROLL/0,0,0,0,0,0,0,0,0
10:04:01.181  DEBUG    TX /CONTROLL/0,0,0,0,0,0,0,0,0
10:04:02.795  DEBUG    TX /CONTROLL/0,0,0,0,0,0,0,0,0
10:04:04.406  DEBUG    TX /CONTROLL/0,0,0,0,0,0,0,0,0
10:04:06.007  DEBUG    TX /CONTROLL/0,0,0,0,0,0,0,0,0
10:04:07.616  DEBUG    TX /CONTROLL/0,0,0,0,0,0,0,0,0
10:04:09.225  DEBUG    TX /CONTROLL/0,0,0,0,0,0,0,0,0
10:04:10.836  DEBUG    TX /CONTROLL/0,0,0,0,0,0,0,0,0
10:04:12.443  DEBUG    TX /CONTROLL/0,0,0,0,0,0,0,0,0
10:04:14.053  DEBUG    TX /CONTROLL/0,0,0,0,0,0,0,0,0
10:04:15.660  DEBUG    TX /CONTROLL/0,0,0,0,0,0,0,0,0
10:04:17.269  DEBUG    TX /CONTROLL/0,0,0,0,0,0,0,0,0
10:04:18.879  DEBUG    TX /CONTROLL/0,0,0,0,0,0,0,0,0
10:04:20.485  DEBUG    TX /CONTROLL/0,0,0,0,0,0,0,0,0
10:04:22.092  DEBUG    TX /CONTROLL/0,0,0,0,0,0,0,0,0
10:04:23.716  DEBUG    TX /CONTROLL/0,0,0,0,0,0,0,0,0
10:04:25.322  DEBUG    TX /CONTROLL/0,0,0,0,0,0,0,0,0
10:04:26.930  DEBUG    TX /CONTROLL/0,0,0,0,0,0,0,0,0
10:04:28.553  DEBUG    TX /CONTROLL/0,0,0,0,0,0,0,0,0
10:04:30.170  DEBUG    TX /CONTROLL/0,0,0,0,0,0,0,0,0
10:04:31.784  DEBUG    TX /CONTROLL/0,0,0,0,0,0,0,0,0
10:04:33.401  DEBUG    TX /CONTROLL/0,0,0,0,0,0,0,0,0
10:04:35.023  DEBUG    TX /CONTROLL/0,0,0,0,0,0,0,0,0
10:04:36.637  DEBUG    TX /CONTROLL/0,0,0,0,0,0,0,0,0
10:04:38.240  DEBUG    TX /CONTROLL/0,0,0,0,0,0,0,0,0
10:04:39.848  DEBUG    TX /CONTROLL/0,0,0,0,0,0,0,0,0
10:04:41.461  DEBUG    TX /CONTROLL/0,0,0,0,0,0,0,0,0
10:04:43.070  DEBUG    TX /CONTROLL/0,0,0,0,0,0,0,0,0
10:04:44.679  DEBUG    TX /CONTROLL/0,0,0,0,0,0,0,0,0
10:04:46.282  DEBUG    TX /CONTROLL/0,0,0,0,0,0,0,0,0
10:04:47.885  DEBUG    TX /CONTROLL/0,0,0,0,0,0,0,0,0
10:04:49.494  DEBUG    TX /CONTROLL/0,0,0,0,0,0,0,0,0
10:04:51.097  DEBUG    TX /CONTROLL/0,0,0,0,0,0,0,0,0
10:04:52.702  DEBUG    TX /CONTROLL/0,0,0,0,0,0,0,0,0
10:04:54.305  DEBUG    TX /CONTROLL/0,0,0,0,0,0,0,0,0
10:04:55.918  DEBUG    TX /CONTROLL/0,0,0,0,0,0,0,0,0
10:04:57.524  DEBUG    TX /CONTROLL/0,0,0,0,0,0,0,0,0
10:04:59.136  DEBUG    TX /CONTROLL/0,0,0,0,0,0,0,0,0
10:05:00.737  DEBUG    TX /CONTROLL/0,0,0,0,0,0,0,0,0
10:05:02.340  DEBUG    TX /CONTROLL/0,0,0,0,0,0,0,0,0
10:05:03.950  DEBUG    TX /CONTROLL/0,0,0,0,0,0,0,0,0
10:05:05.553  DEBUG    TX /CONTROLL/0,0,0,0,0,0,0,0,0
10:05:07.155  DEBUG    TX /CONTROLL/0,0,0,0,0,0,0,0,0
10:05:08.760  DEBUG    TX /CONTROLL/0,0,0,0,0,0,0,0,0
10:05:10.371  DEBUG    TX /CONTROLL/0,0,0,0,0,0,0,0,0
10:05:11.975  DEBUG    TX /CONTROLL/0,0,0,0,0,0,0,0,0
10:05:13.586  DEBUG    TX /CONTROLL/0,0,0,0,0,0,0,0,0
10:05:15.195  DEBUG    TX /CONTROLL/0,0,0,0,0,0,0,0,0
10:05:16.800  DEBUG    TX /CONTROLL/0,0,0,0,0,0,0,0,0
10:05:18.406  DEBUG    TX /CONTROLL/0,0,0,0,0,0,0,0,0
10:05:20.020  DEBUG    TX /CONTROLL/0,0,0,0,0,0,0,0,0
10:05:21.629  DEBUG    TX /CONTROLL/0,0,0,0,0,0,0,0,0
10:05:23.234  DEBUG    TX /CONTROLL/0,0,0,0,0,0,0,0,0
10:05:24.845  DEBUG    TX /CONTROLL/0,0,0,0,0,0,0,0,0
10:05:26.453  DEBUG    TX /CONTROLL/0,0,0,0,0,0,0,0,0
10:05:28.057  DEBUG    TX /CONTROLL/0,0,0,0,0,0,0,0,0
10:05:29.666  DEBUG    TX /CONTROLL/0,0,0,0,0,0,0,0,0
10:05:31.269  DEBUG    TX /CONTROLL/0,0,0,0,0,0,0,0,0
10:05:32.900  DEBUG    TX /CONTROLL/0,0,0,0,0,0,0,0,0
10:05:34.508  DEBUG    TX /CONTROLL/0,0,0,0,0,0,0,0,0
10:05:36.128  DEBUG    TX /CONTROLL/0,0,0,0,0,0,0,0,0
10:05:37.740  DEBUG    TX /CONTROLL/0,0,0,0,0,0,0,0,0
10:05:39.358  DEBUG    TX /CONTROLL/0,0,0,0,0,0,0,0,0
10:05:40.975  DEBUG    TX /CONTROLL/0,0,0,0,0,0,0,0,0
10:05:42.587  DEBUG    TX /CONTROLL/0,0,0,0,0,0,0,0,0
10:05:44.204  DEBUG    TX /CONTROLL/0,0,0,0,0,0,0,0,0
10:05:45.812  DEBUG    TX /CONTROLL/0,0,0,0,0,0,0,0,0
10:05:47.425  DEBUG    TX /CONTROLL/0,0,0,0,0,0,0,0,0
10:05:49.036  DEBUG    TX /CONTROLL/0,0,0,0,0,0,0,0,0
10:05:50.642  DEBUG    TX /CONTROLL/0,0,0,0,0,0,0,0,0
10:05:52.244  DEBUG    TX /CONTROLL/0,0,0,0,0,0,0,0,0
10:05:53.849  DEBUG    TX /CONTROLL/0,0,0,0,0,0,0,0,0
10:05:55.450  DEBUG    TX /CONTROLL/0,0,0,0,0,0,0,0,0
10:05:57.058  DEBUG    TX /CONTROLL/0,0,0,0,0,0,0,0,0
10:05:58.663  DEBUG    TX /CONTROLL/0,0,0,0,0,0,0,0,0
10:06:00.277  DEBUG    TX /CONTROLL/0,0,0,0,0,0,0,0,0
10:06:01.891  DEBUG    TX /CONTROLL/0,0,0,0,0,0,0,0,0
10:06:03.503  DEBUG    TX /CONTROLL/0,0,0,0,0,0,0,0,0
10:06:05.110  DEBUG    TX /CONTROLL/0,0,0,0,0,0,0,0,0
10:06:06.718  DEBUG    TX /CONTROLL/0,0,0,0,0,0,0,0,0
10:06:08.329  DEBUG    TX /CONTROLL/0,0,0,0,0,0,0,0,0
10:06:09.932  DEBUG    TX /CONTROLL/0,0,0,0,0,0,0,0,0
10:06:11.542  DEBUG    TX /CONTROLL/0,0,0,0,0,0,0,0,0
10:06:13.148  DEBUG    TX /CONTROLL/0,0,0,0,0,0,0,0,0
10:06:14.754  DEBUG    TX /CONTROLL/0,0,0,0,0,0,0,0,0
10:06:16.370  DEBUG    TX /CONTROLL/0,0,0,0,0,0,0,0,0
10:06:17.972  DEBUG    TX /CONTROLL/0,0,0,0,0,0,0,0,0
10:06:19.581  DEBUG    TX /CONTROLL/0,0,0,0,0,0,0,0,0
10:06:21.193  DEBUG    TX /CONTROLL/0,0,0,0,0,0,0,0,0
10:06:22.803  DEBUG    TX /CONTROLL/0,0,0,0,0,0,0,0,0
10:06:24.412  DEBUG    TX /CONTROLL/0,0,0,0,0,0,0,0,0
10:06:26.020  DEBUG    TX /CONTROLL/0,0,0,0,0,0,0,0,0
10:06:27.625  DEBUG    TX /CONTROLL/0,0,0,0,0,0,0,0,0
10:06:29.231  DEBUG    TX /CONTROLL/0,0,0,0,0,0,0,0,0
10:06:30.836  DEBUG    TX /CONTROLL/0,0,0,0,0,0,0,0,0
10:06:32.443  DEBUG    TX /CONTROLL/0,0,0,0,0,0,0,0,0
10:06:34.052  DEBUG    TX /CONTROLL/0,0,0,0,0,0,0,0,0
10:06:35.676  DEBUG    TX /CONTROLL/0,0,0,0,0,0,0,0,0
10:06:37.291  DEBUG    TX /CONTROLL/0,0,0,0,0,0,0,0,0
10:06:38.907  DEBUG    TX /CONTROLL/0,0,0,0,0,0,0,0,0
10:06:40.533  DEBUG    TX /CONTROLL/0,0,0,0,0,0,0,0,0
10:06:42.152  DEBUG    TX /CONTROLL/0,0,0,0,0,0,0,0,0
10:06:43.767  DEBUG    TX /CONTROLL/0,0,0,0,0,0,0,0,0
10:06:45.370  DEBUG    TX /CONTROLL/0,0,0,0,0,0,0,0,0
10:06:46.978  DEBUG    TX /CONTROLL/0,0,0,0,0,0,0,0,0
10:06:48.583  DEBUG    TX /CONTROLL/0,0,0,0,0,0,0,0,0
10:06:50.194  DEBUG    TX /CONTROLL/0,0,0,0,0,0,0,0,0
10:06:51.810  DEBUG    TX /CONTROLL/0,0,0,0,0,0,0,0,0
10:06:53.418  DEBUG    TX /CONTROLL/0,0,0,0,0,0,0,0,0
10:06:55.032  DEBUG    TX /CONTROLL/0,0,0,0,0,0,0,0,0
10:06:56.637  DEBUG    TX /CONTROLL/0,0,0,0,0,0,0,0,0
10:06:58.249  DEBUG    TX /CONTROLL/0,0,0,0,0,0,0,0,0
10:06:59.850  DEBUG    TX /CONTROLL/0,0,0,0,0,0,0,0,0
10:07:01.450  DEBUG    TX /CONTROLL/0,0,0,0,0,0,0,0,0
10:07:03.055  DEBUG    TX /CONTROLL/0,0,0,0,0,0,0,0,0
10:07:04.659  DEBUG    TX /CONTROLL/0,0,0,0,0,0,0,0,0
10:07:06.258  DEBUG    TX /CONTROLL/0,0,0,0,0,0,0,0,0
10:07:07.861  DEBUG    TX /CONTROLL/0,0,0,0,0,0,0,0,0
10:07:09.466  DEBUG    TX /CONTROLL/0,0,0,0,0,0,0,0,0
10:07:11.074  DEBUG    TX /CONTROLL/0,0,0,0,0,0,0,0,0
10:07:12.683  DEBUG    TX /CONTROLL/0,0,0,0,0,0,0,0,0
10:07:14.295  DEBUG    TX /CONTROLL/0,0,0,0,0,0,0,0,0
10:07:15.901  DEBUG    TX /CONTROLL/0,0,0,0,0,0,0,0,0
10:07:17.505  DEBUG    TX /CONTROLL/0,0,0,0,0,0,0,0,0
10:07:19.109  DEBUG    TX /CONTROLL/0,0,0,0,0,0,0,0,0
10:07:20.714  DEBUG    TX /CONTROLL/0,0,0,0,0,0,0,0,0
10:07:22.321  DEBUG    TX /CONTROLL/0,0,0,0,0,0,0,0,0
10:07:23.939  DEBUG    TX /CONTROLL/0,0,0,0,0,0,0,0,0
10:07:25.547  DEBUG    TX /CONTROLL/0,0,0,0,0,0,0,0,0
10:07:27.158  DEBUG    TX /CONTROLL/0,0,0,0,0,0,0,0,0
10:07:28.772  DEBUG    TX /CONTROLL/0,0,0,0,0,0,0,0,0
10:07:30.386  DEBUG    TX /CONTROLL/0,0,0,0,0,0,0,0,0
10:07:31.993  DEBUG    TX /CONTROLL/0,0,0,0,0,0,0,0,0
10:07:33.600  DEBUG    TX /CONTROLL/0,0,0,0,0,0,0,0,0
10:07:35.218  DEBUG    TX /CONTROLL/0,0,0,0,0,0,0,0,0
10:07:36.827  DEBUG    TX /CONTROLL/0,0,0,0,0,0,0,0,0
10:07:38.440  DEBUG    TX /CONTROLL/0,0,0,0,0,0,0,0,0
10:07:40.050  DEBUG    TX /CONTROLL/0,0,0,0,0,0,0,0,0
10:07:41.651  DEBUG    TX /CONTROLL/0,0,0,0,0,0,0,0,0
10:07:43.256  DEBUG    TX /CONTROLL/0,0,0,0,0,0,0,0,0
10:07:44.860  DEBUG    TX /CONTROLL/0,0,0,0,0,0,0,0,0
10:07:46.470  DEBUG    TX /CONTROLL/0,0,0,0,0,0,0,0,0
10:07:48.078  DEBUG    TX /CONTROLL/0,0,0,0,0,0,0,0,0
10:07:49.687  DEBUG    TX /CONTROLL/0,0,0,0,0,0,0,0,0
10:07:51.290  DEBUG    TX /CONTROLL/0,0,0,0,0,0,0,0,0
10:07:52.896  DEBUG    TX /CONTROLL/0,0,0,0,0,0,0,0,0
10:07:54.517  DEBUG    TX /CONTROLL/0,0,0,0,0,0,0,0,0
10:07:56.143  DEBUG    TX /CONTROLL/0,0,0,0,0,0,0,0,0
10:07:57.756  DEBUG    TX /CONTROLL/0,0,0,0,0,0,0,0,0
10:07:59.359  DEBUG    TX /CONTROLL/0,0,0,0,0,0,0,0,0
10:08:00.963  DEBUG    TX /CONTROLL/0,0,0,0,0,0,0,0,0
10:08:02.569  DEBUG    TX /CONTROLL/0,0,0,0,0,0,0,0,0
10:08:04.178  DEBUG    TX /CONTROLL/0,0,0,0,0,0,0,0,0
10:08:05.788  DEBUG    TX /CONTROLL/0,0,0,0,0,0,0,0,0
10:08:07.391  DEBUG    TX /CONTROLL/0,0,0,0,0,0,0,0,0
10:08:09.000  DEBUG    TX /CONTROLL/0,0,0,0,0,0,0,0,0
