09:43:56.126  INFO     Connecting to 100.122.9.49:5000...
09:43:56.921  DEBUG    TX /CONTROLL/0,0,0,0,0,0,0,0,0
09:43:57.725  DEBUG    TX /CONTROLL/0,0,0,0,0,0,0,0,0
09:43:58.529  DEBUG    TX /CONTROLL/0,0,0,0,0,0,0,0,0
09:43:59.333  DEBUG    TX /CONTROLL/0,0,0,0,0,0,0,0,0
09:44:00.137  DEBUG    TX /CONTROLL/0,0,0,0,0,0,0,0,0
09:44:00.942  DEBUG    TX /CONTROLL/0,0,0,0,0,0,0,0,0
09:44:01.747  DEBUG    TX /CONTROLL/0,0,0,0,0,0,0,0,0
09:44:02.554  DEBUG    TX /CONTROLL/0,0,0,0,0,0,0,0,0
09:44:03.360  DEBUG    TX /CONTROLL/0,0,0,0,0,0,0,0,0
09:44:04.161  DEBUG    TX /CONTROLL/0,0,0,0,0,0,0,0,0
09:44:04.967  DEBUG    TX /CONTROLL/0,0,0,0,0,0,0,0,0
09:44:05.778  DEBUG    TX /CONTROLL/0,0,0,0,0,0,0,0,0
09:44:06.582  DEBUG    TX /CONTROLL/0,0,0,0,0,0,0,0,0
09:44:07.382  DEBUG    TX /CONTROLL/0,0,0,0,0,0,0,0,0
09:44:08.186  DEBUG    TX /CONTROLL/0,0,0,0,0,0,0,0,0
09:44:08.989  DEBUG    TX /CONTROLL/0,0,0,0,0,0,0,0,0
09:44:09.791  DEBUG    TX /CONTROLL/0,0,0,0,0,0,0,0,0
09:44:10.599  DEBUG    TX /CONTROLL/0,0,0,0,0,0,0,0,0
09:44:11.403  DEBUG    TX /CONTROLL/0,0,0,0,0,0,0,0,0
09:44:12.214  DEBUG    TX /CONTROLL/0,0,0,0,0,0,0,0,0
09:44:13.016  DEBUG    TX /CONTROLL/0,0,0,0,0,0,0,0,0
09:44:13.820  DEBUG    TX /CONTROLL/0,0,0,0,0,0,0,0,0
09:44:14.626  DEBUG    TX /CONTROLL/0,0,0,0,0,0,0,0,0
09:44:15.431  DEBUG    TX /CONTROLL/0,0,0,0,0,0,0,0,0
