12:48:03.882  INFO     Connecting to 100.122.9.49:5000...
12:48:03.911  INFO     Network connection established
12:48:03.911  INFO     RX        /BATTERY/V/7.57
/BATTERY/V/7.56
/BATTERY/V/7.57
/BATTERY/V/7.61
/BATTERY/V/7.58
/BATTERY/V/7.58
/BATTERY/V/BATTERY/VDDA/12870 mV
12:48:03.911  INFO     RX        === Hexapod Mainboard ===
12:48:03.911  INFO     RX        PCA9685 Right: FAIL
12:48:03.911  INFO     RX        PCA9685 Left:  FAIL
12:48:03.911  INFO     RX        IMU: I2C bus not ready (State=0)
12:48:03.911  INFO     RX        LSM6DSO16IS IMU (filtered): FAIL
12:48:05.402  INFO     RX        VL53L1X ToF:   FAIL
12:48:05.458  INFO     RX        Locomotion:    INIT (UN_ARMED, printf mode)
12:48:05.458  INFO     RX        Press L1 to arm, R1 to disarm at any time.
12:48:05.464  INFO     RX        /ERR/INIT/0x0000000f
12:48:05.464  INFO     RX        Ready.
12:48:05.476  DEBUG    TX /CONTROLL/0,0,0,0,0,0,0,0,0
12:48:05.506  INFO     RX        /BATTERY/V/7.58
12:48:05.511  INFO     RX        /BATTERY/V/7.56
12:48:06.252  INFO     RX        /BATTERY/V/7.60
12:48:07.085  DEBUG    TX /CONTROLL/0,0,0,0,0,0,0,0,0
12:48:07.253  INFO     RX        /BATTERY/V/7.58
12:48:08.253  INFO     RX        /BATTERY/V/7.57
12:48:08.691  DEBUG    TX /CONTROLL/0,0,0,0,0,0,0,0,0
12:48:09.254  INFO     RX        /BATTERY/V/7.58
12:48:10.253  INFO     RX        /BATTERY/V/7.59
12:48:10.297  DEBUG    TX /CONTROLL/0,0,0,0,0,0,0,0,0
12:48:11.253  INFO     RX        /BATTERY/V/7.60
12:48:11.907  DEBUG    TX /CONTROLL/0,0,0,0,0,0,0,0,0
12:48:12.215  INFO     RX        /BATTERY/VDDA/12857 mV
12:48:12.215  INFO     RX        === Hexapod Mainboard ===
12:48:12.869  INFO     RX        PCA9685 Right: FAIL
12:48:12.869  INFO     RX        PCA9685 Left:  FAIL
12:48:12.979  INFO     RX        IMU: I2C bus not ready (State=0)
12:48:12.980  INFO     RX        LSM6DSO16IS IMU (filtered): FAIL
12:48:13.516  DEBUG    TX /CONTROLL/0,0,0,0,0,0,0,0,0
12:48:15.000  INFO     RX        VL53L1X ToF:   FAIL
12:48:15.053  INFO     RX        Locomotion:    INIT (UN_ARMED, printf mode)
12:48:15.054  INFO     RX        Press L1 to arm, R1 to disarm at any time.
12:48:15.054  INFO     RX        /ERR/INIT/0x0000000f
12:48:15.054  INFO     RX        Ready.
12:48:15.107  INFO     RX        /BATTERY/V/7.56
12:48:15.110  INFO     RX        /BATTERY/V/7.58
12:48:15.123  DEBUG    TX /CONTROLL/0,0,0,0,0,0,0,0,0
12:48:15.473  INFO     RX        /BATTERY/V/7.55
12:48:16.253  INFO     RX        /BATTERY/V/7.57
