13:19:10.440  INFO     Connecting to 100.122.9.49:5000...
13:19:12.018  DEBUG    TX /CONTROLL/0,0,0,0,0,0,0,0,0
13:19:13.628  DEBUG    TX /CONTROLL/0,0,0,0,0,0,0,0,0
13:19:15.236  DEBUG    TX /CONTROLL/0,0,0,0,0,0,0,0,0
13:19:16.851  DEBUG    TX /CONTROLL/0,0,0,0,0,0,0,0,4
13:19:18.463  DEBUG    TX /CONTROLL/0,0,0,0,0,0,0,0,0
13:19:20.077  DEBUG    TX /CONTROLL/99,-27,-89,-59,0,0,0,0,0
13:19:21.687  DEBUG    TX /CONTROLL/71,-85,0,-100,0,0,0,0,0
13:19:23.295  DEBUG    TX /CONTROLL/0,0,0,0,0,0,0,0,0
13:19:24.390  INFO     Network connection established
13:19:24.391  INFO     RX        /BATTERY/VDDA/12855 mV
13:19:24.391  INFO     RX        === Hexapod Mainboard ===
13:19:24.406  INFO     RX        PCA9685 Right: OK
13:19:24.424  INFO     RX        PCA9685 Left:  OK
13:19:24.459  INFO     RX        LSM6DSO IMU:   OK
13:19:24.630  INFO     RX        VL53L1X ToF:   OK
13:19:24.647  INFO     RX        Locomotion:    INIT (UN_ARMED, printf mode)
13:19:24.647  INFO     RX        Press L1 to arm, R1 to disarm at any time.
13:19:24.647  INFO     RX        Ready.
13:19:24.903  DEBUG    TX /CONTROLL/0,0,0,0,0,0,0,0,0
13:19:26.516  DEBUG    TX /CONTROLL/0,0,0,0,0,0,0,0,0
13:19:28.121  DEBUG    TX /CONTROLL/0,0,0,0,0,0,0,0,0
13:19:29.730  DEBUG    TX /CONTROLL/0,0,0,0,0,0,0,0,0
13:19:31.343  DEBUG    TX /CONTROLL/0,0,0,-16,0,0,0,0,0
13:19:32.952  DEBUG    TX /CONTROLL/0,0,-13,0,0,0,0,0,0
13:19:34.564  DEBUG    TX /CONTROLL/0,0,45,0,0,0,0,0,0
13:19:36.175  DEBUG    TX /CONTROLL/0,0,92,-58,0,0,0,0,0
13:19:37.789  DEBUG    TX /CONTROLL/0,0,0,-41,0,0,0,0,0
13:19:39.408  DEBUG    TX /CONTROLL/0,0,0,-41,0,0,0,0,0
13:19:41.014  DEBUG    TX /CONTROLL/0,0,0,0,0,0,0,0,0
13:19:42.624  DEBUG    TX /CONTROLL/0,0,0,0,0,0,0,0,0
13:19:44.233  DEBUG    TX /CONTROLL/0,0,0,0,0,0,0,0,0
13:19:45.844  DEBUG    TX /CONTROLL/0,0,0,0,0,0,0,0,0
13:19:47.452  DEBUG    TX /CONTROLL/0,0,0,0,0,0,0,0,0
13:19:49.061  DEBUG    TX /CONTROLL/0,0,0,0,0,0,0,0,0
13:19:50.672  DEBUG    TX /CONTROLL/0,0,0,0,0,0,0,0,0
13:19:52.285  DEBUG    TX /CONTROLL/0,0,0,0,0,0,0,0,0
13:19:53.895  DEBUG    TX /CONTROLL/0,0,0,0,0,0,0,0,0
13:19:55.501  DEBUG    TX /CONTROLL/0,0,0,0,0,0,0,0,0
13:19:57.113  DEBUG    TX /CONTROLL/0,0,0,0,0,0,0,0,0
13:19:58.725  DEBUG    TX /CONTROLL/0,0,0,0,0,0,0,0,0
13:20:00.336  DEBUG    TX /CONTROLL/0,0,0,0,0,0,0,0,0
13:20:01.947  DEBUG    TX /CONTROLL/0,0,0,0,0,0,0,0,0
13:20:03.554  DEBUG    TX /CONTROLL/0,0,0,0,0,0,0,0,0
13:20:05.160  DEBUG    TX /CONTROLL/0,0,0,0,0,0,0,0,0
13:20:06.765  DEBUG    TX /CONTROLL/0,0,0,0,0,0,0,0,0
13:20:08.370  DEBUG    TX /CONTROLL/0,0,0,0,0,0,0,0,0
13:20:09.979  DEBUG    TX /CONTROLL/0,0,0,0,0,0,0,0,0
13:20:11.588  DEBUG    TX /CONTROLL/0,0,0,0,0,0,0,0,0
13:20:13.193  DEBUG    TX /CONTROLL/0,0,0,0,0,0,0,0,0
13:20:14.807  DEBUG    TX /CONTROLL/0,0,0,0,0,0,0,0,0
13:20:16.425  DEBUG    TX /CONTROLL/0,0,0,0,0,0,0,0,0
13:20:18.035  DEBUG    TX /CONTROLL/0,0,0,0,0,0,0,0,0
13:20:19.641  DEBUG    TX /CONTROLL/0,0,0,0,0,0,0,0,0
13:20:21.248  DEBUG    TX /CONTROLL/0,0,0,0,0,0,0,0,0
13:20:22.859  DEBUG    TX /CONTROLL/0,0,0,0,0,0,0,0,0
13:20:24.471  DEBUG    TX /CONTROLL/0,0,0,0,0,0,0,0,0
13:20:26.086  DEBUG    TX /CONTROLL/0,0,0,0,0,0,0,0,0
13:20:27.695  DEBUG    TX /CONTROLL/0,0,0,0,0,0,0,0,0
13:20:29.302  DEBUG    TX /CONTROLL/0,0,0,0,0,0,0,0,0
13:20:30.917  DEBUG    TX /CONTROLL/0,0,0,0,0,0,0,0,0
13:20:32.522  DEBUG    TX /CONTROLL/0,0,0,0,0,0,0,0,0
13:20:34.131  DEBUG    TX /CONTROLL/0,0,0,0,0,0,0,0,0
13:20:35.743  DEBUG    TX /CONTROLL/0,0,0,0,0,0,0,0,0
13:20:37.356  DEBUG    TX /CONTROLL/0,0,0,0,0,0,0,0,0
13:20:38.967  DEBUG    TX /CONTROLL/0,0,0,0,0,0,0,0,0
13:20:40.576  DEBUG    TX /CONTROLL/0,0,0,0,0,0,0,0,0
13:20:42.184  DEBUG    TX /CONTROLL/0,0,0,0,0,0,0,0,0
13:20:43.795  DEBUG    TX /CONTROLL/0,0,0,0,0,0,0,0,0
13:20:45.405  DEBUG    TX /CONTROLL/0,0,0,0,0,0,0,0,0
13:20:47.020  DEBUG    TX /CONTROLL/0,0,0,0,0,0,0,0,0
13:20:48.630  DEBUG    TX /CONTROLL/0,0,0,0,0,0,0,0,0
13:20:50.246  DEBUG    TX /CONTROLL/0,0,0,0,0,0,0,0,0
13:20:51.860  DEBUG    TX /CONTROLL/0,0,0,0,0,0,0,0,0
13:20:53.476  DEBUG    TX /CONTROLL/0,0,0,0,0,0,0,0,0
13:20:55.088  DEBUG    TX /CONTROLL/0,0,0,0,0,0,0,0,0
13:20:56.699  DEBUG    TX /CONTROLL/0,0,0,0,0,0,0,0,0
13:20:58.322  DEBUG    TX /CONTROLL/0,0,0,0,0,0,0,0,0
13:20:59.932  DEBUG    TX /CONTROLL/0,0,0,0,0,0,0,0,0
13:21:01.535  DEBUG    TX /CONTROLL/0,0,0,0,0,0,0,0,0
13:21:03.144  DEBUG    TX /CONTROLL/0,0,0,0,0,0,0,0,0
13:21:04.756  DEBUG    TX /CONTROLL/0,0,0,0,0,0,0,0,0
13:21:06.364  DEBUG    TX /CONTROLL/0,0,0,0,0,0,0,0,0
13:21:07.973  DEBUG    TX /CONTROLL/0,0,0,0,0,0,0,0,0
13:21:09.583  DEBUG    TX /CONTROLL/0,0,0,0,0,0,0,0,0
13:21:11.189  DEBUG    TX /CONTROLL/0,0,0,0,0,0,0,0,0
13:21:12.796  DEBUG    TX /CONTROLL/0,0,0,0,0,0,0,0,0
13:21:14.406  DEBUG    TX /CONTROLL/0,0,0,0,0,0,0,0,0
13:21:16.016  DEBUG    TX /CONTROLL/0,0,0,0,0,0,0,0,0
13:21:17.636  DEBUG    TX /CONTROLL/0,0,0,0,0,0,0,0,0
13:21:19.242  DEBUG    TX /CONTROLL/0,0,0,0,0,0,0,0,0
13:21:20.854  DEBUG    TX /CONTROLL/0,0,0,0,0,0,0,0,0
13:21:22.459  DEBUG    TX /CONTROLL/0,0,0,0,0,0,0,0,0
13:21:24.069  DEBUG    TX /CONTROLL/0,0,0,0,0,0,0,0,0
13:21:25.683  DEBUG    TX /CONTROLL/0,0,0,0,0,0,0,0,0
13:31:52.703  DEBUG    TX /CONTROLL/0,0,0,0,0,0,0,0,0
