09:25:04.033  INFO     Connecting to 100.122.9.49:5000...
09:25:04.829  DEBUG    TX /CONTROLL/0,0,0,0,0,0,0,0,0
09:25:05.630  DEBUG    TX /CONTROLL/0,0,0,0,0,0,0,0,0
09:25:06.434  DEBUG    TX /CONTROLL/0,0,0,0,0,0,0,0,0
09:25:07.237  DEBUG    TX /CONTROLL/0,0,0,0,0,0,0,0,0
09:25:08.041  DEBUG    TX /CONTROLL/0,0,0,0,0,0,0,0,0
09:25:08.847  DEBUG    TX /CONTROLL/0,0,0,0,0,0,0,0,0
09:25:09.654  DEBUG    TX /CONTROLL/0,0,0,0,0,0,0,0,0
09:25:10.455  DEBUG    TX /CONTROLL/0,0,0,0,0,0,0,0,0
09:25:11.260  DEBUG    TX /CONTROLL/0,0,0,0,0,0,0,0,0
09:25:12.067  DEBUG    TX /CONTROLL/0,0,0,0,0,0,0,0,0
09:25:12.870  DEBUG    TX /CONTROLL/0,0,0,0,0,0,0,0,0
09:25:13.676  DEBUG    TX /CONTROLL/0,0,0,0,0,0,0,0,0
09:25:14.477  DEBUG    TX /CONTROLL/0,0,0,0,0,0,0,0,0
09:25:15.279  DEBUG    TX /CONTROLL/0,0,0,0,0,0,0,0,0
09:25:16.086  DEBUG    TX /CONTROLL/0,0,0,0,0,0,0,0,0
09:25:16.891  DEBUG    TX /CONTROLL/0,0,0,0,0,0,0,0,0
09:25:17.692  DEBUG    TX /CONTROLL/0,0,0,0,0,0,0,0,0
09:25:18.495  DEBUG    TX /CONTROLL/0,0,0,0,0,0,0,0,0
09:25:19.299  DEBUG    TX /CONTROLL/0,0,0,0,0,0,0,0,0
09:25:20.100  DEBUG    TX /CONTROLL/0,0,0,0,0,0,0,0,0
09:25:20.903  DEBUG    TX /CONTROLL/0,0,0,0,0,0,0,0,0
09:25:21.707  DEBUG    TX /CONTROLL/0,0,0,0,0,0,0,0,0
09:25:22.513  DEBUG    TX /CONTROLL/0,0,0,0,0,0,0,0,0
09:25:23.313  DEBUG    TX /CONTROLL/0,0,0,0,0,0,0,0,0
09:25:24.116  DEBUG    TX /CONTROLL/0,0,0,0,0,0,0,0,0
09:25:24.919  DEBUG    TX /CONTROLL/0,0,0,0,0,0,0,0,0
09:25:25.721  DEBUG    TX /CONTROLL/0,0,0,0,0,0,0,0,0
09:25:26.524  DEBUG    TX /CONTROLL/0,0,0,0,0,0,0,0,0
09:25:27.325  DEBUG    TX /CONTROLL/0,0,0,0,0,0,0,0,0
09:25:28.132  DEBUG    TX /CONTROLL/0,0,0,0,0,0,0,0,0
09:25:28.937  DEBUG    TX /CONTROLL/0,0,0,0,0,0,0,0,0
09:25:29.743  DEBUG    TX /CONTROLL/0,0,0,0,0,0,0,0,0
09:25:30.547  DEBUG    TX /CONTROLL/0,0,0,0,0,0,0,0,0
