09:33:33.816  INFO     Connecting to 100.122.9.49:5000...
09:33:34.998  DEBUG    TX /CONTROLL/0,0,0,0,0,0,0,0,0
09:33:35.804  DEBUG    TX /CONTROLL/0,0,0,0,0,0,0,0,0
09:33:36.606  DEBUG    TX /CONTROLL/0,0,0,0,0,0,0,0,0
09:33:37.412  DEBUG    TX /CONTROLL/0,0,0,0,0,0,0,0,0
09:33:38.229  DEBUG    TX /CONTROLL/0,0,0,0,0,0,0,0,0
09:33:39.034  DEBUG    TX /CONTROLL/0,0,0,0,0,0,0,0,0
09:33:39.836  DEBUG    TX /CONTROLL/0,0,0,0,0,0,0,0,0
09:33:40.585  INFO     Network connection established
09:33:40.585  INFO     RX        /BATTERY/VDDA/12857 mV
09:33:40.585  INFO     RX        === Hexapod Mainboard ===
09:33:40.641  DEBUG    TX /CONTROLL/0,0,0,0,0,0,0,0,0
09:33:40.704  INFO     RX        PCA9685 Right: OK
09:33:40.704  INFO     RX        PCA9685 Left:  OK
09:33:40.704  INFO     RX        LSM6DSO IMU:   OK
09:33:40.956  INFO     RX        VL53L1X ToF:   OK
09:33:40.956  INFO     RX        Locomotion:    INIT (UN_ARMED, printf mode)
09:33:40.956  INFO     RX        Press L1 to arm, R1 to disarm at any time.
09:33:40.956  INFO     RX        Ready.
09:33:41.203  INFO     RX        /BATTERY/V/8.32
09:33:41.203  INFO     RX        /BATTERY/P/97.1
09:33:41.444  DEBUG    TX /CONTROLL/0,0,0,0,0,0,0,0,0
09:33:41.966  INFO     RX        /BATTERY/V/8.32
09:33:42.204  INFO     RX        /BATTERY/P/97.9
09:33:42.249  DEBUG    TX /CONTROLL/0,0,0,0,0,0,0,0,0
09:33:42.962  INFO     RX        /BATTERY/V/8.32
09:33:43.051  DEBUG    TX /CONTROLL/0,0,0,0,0,0,0,0,0
09:33:43.204  INFO     RX        /BATTERY/P/97.6
09:33:43.853  DEBUG    TX /CONTROLL/0,0,0,0,0,0,0,0,0
09:33:44.659  DEBUG    TX /CONTROLL/0,0,0,0,0,0,0,0,0
09:33:45.463  DEBUG    TX /CONTROLL/0,0,0,0,0,0,0,0,0
09:33:46.267  DEBUG    TX /CONTROLL/0,0,0,0,0,0,0,0,0
09:33:47.074  DEBUG    TX /CONTROLL/0,0,0,0,0,0,0,0,0
09:33:47.878  DEBUG    TX /CONTROLL/0,0,0,0,0,0,0,0,0
09:33:48.683  DEBUG    TX /CONTROLL/0,0,0,0,0,0,0,0,0
09:33:49.486  DEBUG    TX /CONTROLL/0,0,0,0,0,0,0,0,0
09:33:50.289  DEBUG    TX /CONTROLL/0,0,0,0,0,0,0,0,0
09:33:51.092  DEBUG    TX /CONTROLL/0,0,0,0,0,0,0,0,0
09:33:51.259  INFO     RX        SERVO FR.[C: 90 F:106 T/BATTERY/VDDA/12861 mV
09:33:51.259  INFO     RX        === Hexapod Mainboard ===
09:33:51.259  INFO     RX        PCA9685 Right: OK
09:33:51.259  INFO     RX        PCA9685 Left:  OK
09:33:51.504  INFO     RX        LSM6DSO IMU:   OK
09:33:51.505  INFO     RX        VL53L1X ToF:   OK
09:33:51.505  INFO     RX        Locomotion:    INIT (UN_ARMED, printf mode)
09:33:51.505  INFO     RX        Press L1 to arm, R1 to disarm at any time.
09:33:51.505  INFO     RX        Ready.
09:33:51.898  DEBUG    TX /CONTROLL/0,0,0,0,0,0,0,0,0
09:33:52.062  INFO     RX        /BATTERY/V/8.31
09:33:52.304  INFO     RX        /BATTERY/P/97.5
09:33:52.700  DEBUG    TX /CONTROLL/0,0,0,0,0,0,0,0,0
09:33:53.501  DEBUG    TX /CONTROLL/0,0,0,0,0,0,0,0,0
09:33:54.303  INFO     RX        SE/BATTERY/VDDA/12861 mV
09:33:54.304  INFO     RX        === Hexapod Mainboard ===
09:33:54.304  INFO     RX        PCA9685 Right: OK
09:33:54.304  INFO     RX        PCA9685 Left:  OK
09:33:54.304  INFO     RX        LSM6DSO IMU:   OK
09:33:54.306  DEBUG    TX /CONTROLL/0,0,0,0,0,0,0,0,0
09:33:54.506  INFO     RX        VL53L1X ToF:   OK
09:33:54.506  INFO     RX        Locomotion:    INIT (UN_ARMED, printf mode)
09:33:54.506  INFO     RX        Press L1 to arm, R1 to disarm at any time.
09:33:54.506  INFO     RX        Ready.
09:33:55.061  INFO     RX        /BATTERY/V/8.29
09:33:55.111  DEBUG    TX /CONTROLL/0,0,0,0,0,0,0,0,0
09:33:55.304  INFO     RX        /BATTERY/P/98.0
09:33:55.912  DEBUG    TX /CONTROLL/0,0,0,0,0,0,0,0,0
09:33:56.062  INFO     RX        /BATTERY/V/8.34
09:33:56.304  INFO     RX        /BATTERY/P/98.1
09:33:56.718  DEBUG    TX /CONTROLL/0,0,0,0,0,0,0,0,0
09:33:57.064  INFO     RX        /BATTERY/V/8.32
09:33:57.304  INFO     RX        /BATTERY/P/98.3
09:33:57.519  DEBUG    TX /CONTROLL/0,0,0,0,0,0,0,0,0
09:33:58.107  INFO     RX        /BATTERY/V/8.30
09:33:58.325  DEBUG    TX /CONTROLL/0,0,0,0,0,0,0,0,0
09:33:59.130  DEBUG    TX /CONTROLL/0,0,0,0,0,0,0,0,0
09:33:59.936  DEBUG    TX /CONTROLL/0,0,0,0,0,0,0,0,0
09:34:00.740  DEBUG    TX /CONTROLL/0,0,0,0,0,0,0,0,0
09:34:01.545  DEBUG    TX /CONTROLL/0,0,0,0,0,0,0,0,0
09:34:02.008  INFO     RX        /BATTERY/V/8.31
09:34:02.260  INFO     RX        /BATTERY/P/97.6
09:34:02.351  DEBUG    TX /CONTROLL/0,0,0,0,0,0,0,0,0
09:34:03.008  INFO     RX        /BATTERY/V/8.32
09:34:03.156  DEBUG    TX /CONTROLL/0,0,0,0,0,0,0,0,0
09:34:03.259  INFO     RX        /BATTERY/P/97.4
09:34:03.960  DEBUG    TX /CONTROLL/0,0,0,0,0,0,0,0,0
09:34:04.008  INFO     RX        /BATTERY/V/8.32
09:34:04.257  INFO     RX        /BATTERY/P/97.7
09:34:04.765  DEBUG    TX /CONTROLL/0,0,0,0,0,0,0,0,0
09:34:05.571  DEBUG    TX /CONTROLL/0,0,0,0,0,0,0,0,0
09:34:06.350  INFO     RX        /ERR/LOKO/0x00000002
09:34:06.351  INFO     RX        /ERR/LOKO/0x00000002
09:34:06.351  INFO     RX        /ERR/LOKO/0x00000002
09:34:06.351  INFO     RX        /ERR/LOKO/0x00000002
09:34:06.376  DEBUG    TX /CONTROLL/0,0,0,-100,0,0,0,0,0
09:34:06.440  INFO     RX        /ERR/LOKO/0x00000002
09:34:06.440  INFO     RX        /ERR/LOKO/0x00000002
09:34:06.440  INFO     RX        /ERR/LOKO/0x00000002
09:34:06.440  INFO     RX        /ERR/LOKO/0x00000002
09:34:06.440  INFO     RX        /ERR/LOKO/0x00000002
09:34:06.440  INFO     RX        /ERR/LOKO/0x00000002
09:34:06.440  INFO     RX        /ERR/LOKO/0x00000002
09:34:06.440  INFO     RX        /ERR/LOKO/0x00000002
09:34:06.504  INFO     RX        /ERR/LOKO/0x00000002
09:34:06.504  INFO     RX        /ERR/LOKO/0x00000002
09:34:06.504  INFO     RX        /ERR/LOKO/0x00000002
09:34:06.504  INFO     RX        /ERR/LOKO/0x00000002
09:34:06.504  INFO     RX        /ERR/LOKO/0x00000002
09:34:06.595  INFO     RX        /ERR/LOKO/0x00000002
09:34:06.596  INFO     RX        /ERR/LOKO/0x00000002
09:34:06.596  INFO     RX        /ERR/LOKO/0x00000002
09:34:06.596  INFO     RX        /ERR/LOKO/0x00000002
09:34:06.596  INFO     RX        /ERR/LOKO/0x00000002
09:34:06.596  INFO     RX        /ERR/LOKO/0x00000002
09:34:06.596  INFO     RX        /ERR/LOKO/0x00000002
09:34:06.596  INFO     RX        /ERR/LOKO/0x00000002
09:34:06.676  INFO     RX        /ERR/LOKO/0x00000002
09:34:06.676  INFO     RX        /ERR/LOKO/0x00000002
09:34:06.676  INFO     RX        /ERR/LOKO/0x00000002
09:34:06.677  INFO     RX        /ERR/LOKO/0x00000002
09:34:06.677  INFO     RX        /ERR/LOKO/0x00000002
09:34:06.677  INFO     RX        /ERR/LOKO/0x00000002
09:34:06.677  INFO     RX        /ERR/LOKO/0x00000002
09:34:06.759  INFO     RX        /ERR/LOKO/0x00000002
09:34:06.759  INFO     RX        /ERR/LOKO/0x00000002
09:34:06.759  INFO     RX        /ERR/LOKO/0x00000002
09:34:06.759  INFO     RX        /ERR/LOKO/0x00000002
09:34:06.759  INFO     RX        /ERR/LOKO/0x00000002
09:34:06.759  INFO     RX        /ERR/LOKO/0x00000002
09:34:06.847  INFO     RX        /ERR/LOKO/0x00000002
09:34:06.847  INFO     RX        /ERR/LOKO/0x00000002
09:34:06.847  INFO     RX        /ERR/LOKO/0x00000002
09:34:06.847  INFO     RX        /ERR/LOKO/0x00000002
09:34:06.847  INFO     RX        /ERR/LOKO/0x00000002
09:34:06.847  INFO     RX        /ERR/LOKO/0x00000002
09:34:06.847  INFO     RX        /ERR/LOKO/0x00000002
09:34:06.847  INFO     RX        /ERR/LOKO/0x00000002
09:34:06.929  INFO     RX        /ERR/LOKO/0x00000002
09:34:06.929  INFO     RX        /ERR/LOKO/0x00000002
09:34:06.929  INFO     RX        /ERR/LOKO/0x00000002
09:34:06.929  INFO     RX        /ERR/LOKO/0x00000002
09:34:06.929  INFO     RX        /ERR/LOKO/0x00000002
09:34:06.929  INFO     RX        /ERR/LOKO/0x00000002
09:34:06.929  INFO     RX        /ERR/LOKO/0x00000002
09:34:07.004  INFO     RX        /ERR/LOKO/0x00000002
09:34:07.004  INFO     RX        /ERR/LOKO/0x00000002
09:34:07.004  INFO     RX        /ERR/LOKO/0x00000002
09:34:07.004  INFO     RX        /ERR/LOKO/0x00000002
09:34:07.004  INFO     RX        /ERR/LOKO/0x00000002
09:34:07.004  INFO     RX        /ERR/LOKO/0x00000002
09:34:07.105  INFO     RX        /ERR/LOKO/0x00000002
09:34:07.180  DEBUG    TX /CONTROLL/0,0,0,0,0,0,0,0,0
09:34:07.984  DEBUG    TX /CONTROLL/0,0,0,0,0,0,0,0,0
09:34:08.786  DEBUG    TX /CONTROLL/0,0,0,-41,0,0,0,0,0
09:34:09.107  INFO     RX        /ERR/LOKO/0x00000002
09:34:09.192  INFO     RX        /ERR/LOKO/0x00000002
09:34:09.193  INFO     RX        /ERR/LOKO/0x00000002
09:34:09.193  INFO     RX        /ERR/LOKO/0x00000002
09:34:09.193  INFO     RX        /ERR/LOKO/0x00000002
09:34:09.193  INFO     RX        /ERR/LOKO/0x00000002
09:34:09.193  INFO     RX        /ERR/LOKO/0x00000002
09:34:09.193  INFO     RX        /ERR/LOKO/0x00000002
09:34:09.193  INFO     RX        /ERR/LOKO/0x00000002
09:34:09.260  INFO     RX        /ERR/LOKO/0x00000002
09:34:09.260  INFO     RX        /ERR/LOKO/0x00000002
09:34:09.260  INFO     RX        /ERR/LOKO/0x00000002
09:34:09.260  INFO     RX        /ERR/LOKO/0x00000002
09:34:09.260  INFO     RX        /ERR/LOKO/0x00000002
09:34:09.344  INFO     RX        /ERR/LOKO/0x00000002
09:34:09.344  INFO     RX        /ERR/LOKO/0x00000002
09:34:09.344  INFO     RX        /ERR/LOKO/0x00000002
09:34:09.344  INFO     RX        /ERR/LOKO/0x00000002
09:34:09.344  INFO     RX        /ERR/LOKO/0x00000002
09:34:09.344  INFO     RX        /ERR/LOKO/0x00000002
09:34:09.344  INFO     RX        /ERR/LOKO/0x00000002
09:34:09.344  INFO     RX        /ERR/LOKO/0x00000002
09:34:09.427  INFO     RX        /ERR/LOKO/0x00000002
09:34:09.427  INFO     RX        /ERR/LOKO/0x00000002
09:34:09.427  INFO     RX        /ERR/LOKO/0x00000002
09:34:09.427  INFO     RX        /ERR/LOKO/0x00000002
09:34:09.427  INFO     RX        /ERR/LOKO/0x00000002
09:34:09.504  INFO     RX        /ERR/LOKO/0x00000002
09:34:09.504  INFO     RX        /ERR/LOKO/0x00000002
09:34:09.504  INFO     RX        /ERR/LOKO/0x00000002
09:34:09.504  INFO     RX        /ERR/LOKO/0x00000002
09:34:09.504  INFO     RX        /ERR/LOKO/0x00000002
09:34:09.504  INFO     RX        /ERR/LOKO/0x00000002
09:34:09.507  INFO     RX        /ERR/LOKO/0x00000002
09:34:09.590  DEBUG    TX /CONTROLL/0,0,0,0,0,0,0,0,0
09:34:09.603  INFO     RX        /ERR/LOKO/0x00000002
09:34:10.397  DEBUG    TX /CONTROLL/0,0,0,0,0,0,0,0,0
09:34:11.198  DEBUG    TX /CONTROLL/0,0,0,0,0,0,0,0,0
09:34:12.001  DEBUG    TX /CONTROLL/0,0,0,0,0,0,0,0,0
09:34:12.803  DEBUG    TX /CONTROLL/0,0,0,0,0,0,0,0,0
09:34:13.599  INFO     RX        /ERR/LOKO/0x00000002
09:34:13.599  INFO     RX        /ERR/LOKO/0x00000002
09:34:13.599  INFO     RX        /ERR/LOKO/0x00000002
09:34:13.599  INFO     RX        /ERR/LOKO/0x00000002
09:34:13.599  INFO     RX        /ERR/LOKO/0x00000002
09:34:13.599  INFO     RX        /ERR/LOKO/0x00000002
09:34:13.599  INFO     RX        /ERR/LOKO/0x00000002
09:34:13.606  DEBUG    TX /CONTROLL/0,0,0,-27,0,0,0,0,0
09:34:13.678  INFO     RX        /ERR/LOKO/0x00000002
09:34:13.680  INFO     RX        /ERR/LOKO/0x00000002
09:34:13.680  INFO     RX        /ERR/LOKO/0x00000002
09:34:13.680  INFO     RX        /ERR/LOKO/0x00000002
09:34:13.680  INFO     RX        /ERR/LOKO/0x00000002
09:34:13.680  INFO     RX        /ERR/LOKO/0x00000002
09:34:13.680  INFO     RX        /ERR/LOKO/0x00000002
09:34:13.759  INFO     RX        /ERR/LOKO/0x00000002
09:34:13.760  INFO     RX        /ERR/LOKO/0x00000002
09:34:13.760  INFO     RX        /ERR/LOKO/0x00000002
09:34:13.760  INFO     RX        /ERR/LOKO/0x00000002
09:34:13.760  INFO     RX        /ERR/LOKO/0x00000002
09:34:13.760  INFO     RX        /ERR/LOKO/0x00000002
09:34:13.846  INFO     RX        /ERR/LOKO/0x00000002
09:34:13.846  INFO     RX        /ERR/LOKO/0x00000002
09:34:13.846  INFO     RX        /ERR/LOKO/0x00000002
09:34:13.846  INFO     RX        /ERR/LOKO/0x00000002
09:34:13.846  INFO     RX        /ERR/LOKO/0x00000002
09:34:13.846  INFO     RX        /ERR/LOKO/0x00000002
09:34:13.846  INFO     RX        /ERR/LOKO/0x00000002
09:34:13.846  INFO     RX        /ERR/LOKO/0x00000002
09:34:13.927  INFO     RX        /ERR/LOKO/0x00000002
09:34:13.944  INFO     RX        /ERR/LOKO/0x00000002
09:34:13.944  INFO     RX        /ERR/LOKO/0x00000002
09:34:13.944  INFO     RX        /ERR/LOKO/0x00000002
09:34:13.944  INFO     RX        /ERR/LOKO/0x00000002
09:34:13.944  INFO     RX        /ERR/LOKO/0x00000002
09:34:13.944  INFO     RX        /ERR/LOKO/0x00000002
09:34:14.005  INFO     RX        /ERR/LOKO/0x00000002
09:34:14.005  INFO     RX        /ERR/LOKO/0x00000002
09:34:14.005  INFO     RX        /ERR/LOKO/0x00000002
09:34:14.005  INFO     RX        /ERR/LOKO/0x00000002
09:34:14.005  INFO     RX        /ERR/LOKO/0x00000002
09:34:14.005  INFO     RX        /ERR/LOKO/0x00000002
09:34:14.106  INFO     RX        /ERR/LOKO/0x00000002
09:34:14.192  INFO     RX        /ERR/LOKO/0x00000002
09:34:14.193  INFO     RX        /ERR/LOKO/0x00000002
09:34:14.193  INFO     RX        /ERR/LOKO/0x00000002
09:34:14.193  INFO     RX        /ERR/LOKO/0x00000002
09:34:14.193  INFO     RX        /ERR/LOKO/0x00000002
09:34:14.193  INFO     RX        /ERR/LOKO/0x00000002
09:34:14.193  INFO     RX        /ERR/LOKO/0x00000002
09:34:14.193  INFO     RX        /ERR/LOKO/0x00000002
09:34:14.256  INFO     RX        /ERR/LOKO/0x00000002
09:34:14.256  INFO     RX        /ERR/LOKO/0x00000002
09:34:14.256  INFO     RX        /ERR/LOKO/0x00000002
09:34:14.256  INFO     RX        /ERR/LOKO/0x00000002
09:34:14.256  INFO     RX        /ERR/LOKO/0x00000002
09:34:14.344  INFO     RX        /ERR/LOKO/0x00000002
09:34:14.344  INFO     RX        /ERR/LOKO/0x00000002
09:34:14.344  INFO     RX        /ERR/LOKO/0x00000002
09:34:14.344  INFO     RX        /ERR/LOKO/0x00000002
09:34:14.344  INFO     RX        /ERR/LOKO/0x00000002
09:34:14.344  INFO     RX        /ERR/LOKO/0x00000002
09:34:14.344  INFO     RX        /ERR/LOKO/0x00000002
09:34:14.344  INFO     RX        /ERR/LOKO/0x00000002
09:34:14.410  DEBUG    TX /CONTROLL/0,0,0,-27,0,0,0,0,0
09:34:14.428  INFO     RX        /ERR/LOKO/0x00000002
09:34:14.428  INFO     RX        /ERR/LOKO/0x00000002
09:34:14.428  INFO     RX        /ERR/LOKO/0x00000002
09:34:14.428  INFO     RX        /ERR/LOKO/0x00000002
09:34:14.428  INFO     RX        /ERR/LOKO/0x00000002
09:34:14.428  INFO     RX        /ERR/LOKO/0x00000002
09:34:14.428  INFO     RX        /ERR/LOKO/0x00000002
09:34:14.505  INFO     RX        /ERR/LOKO/0x00000002
09:34:14.505  INFO     RX        /ERR/LOKO/0x00000002
09:34:14.505  INFO     RX        /ERR/LOKO/0x00000002
09:34:14.505  INFO     RX        /ERR/LOKO/0x00000002
09:34:14.505  INFO     RX        /ERR/LOKO/0x00000002
09:34:14.505  INFO     RX        /ERR/LOKO/0x00000002
09:34:14.593  INFO     RX        /ERR/LOKO/0x00000002
09:34:14.594  INFO     RX        /ERR/LOKO/0x00000002
09:34:14.594  INFO     RX        /ERR/LOKO/0x00000002
09:34:14.594  INFO     RX        /ERR/LOKO/0x00000002
09:34:14.594  INFO     RX        /ERR/LOKO/0x00000002
09:34:14.594  INFO     RX        /ERR/LOKO/0x00000002
09:34:14.594  INFO     RX        /ERR/LOKO/0x00000002
09:34:14.594  INFO     RX        /ERR/LOKO/0x00000002
09:34:14.677  INFO     RX        /ERR/LOKO/0x00000002
09:34:14.677  INFO     RX        /ERR/LOKO/0x00000002
09:34:14.677  INFO     RX        /ERR/LOKO/0x00000002
09:34:14.677  INFO     RX        /ERR/LOKO/0x00000002
09:34:14.677  INFO     RX        /ERR/LOKO/0x00000002
09:34:14.677  INFO     RX        /ERR/LOKO/0x00000002
09:34:14.677  INFO     RX        /ERR/LOKO/0x00000002
09:34:14.759  INFO     RX        /ERR/LOKO/0x00000002
09:34:14.759  INFO     RX        /ERR/LOKO/0x00000002
09:34:14.759  INFO     RX        /ERR/LOKO/0x00000002
09:34:14.759  INFO     RX        /ERR/LOKO/0x00000002
09:34:14.759  INFO     RX        /ERR/LOKO/0x00000002
09:34:14.759  INFO     RX        /ERR/LOKO/0x00000002
09:34:14.856  INFO     RX        /ERR/LOKO/0x00000002
09:34:14.856  INFO     RX        /ERR/LOKO/0x00000002
09:34:15.037  INFO     RX        /ERR/LOKO/0x00000002
09:34:15.037  INFO     RX        /ERR/LOKO/0x00000002
09:34:15.037  INFO     RX        /ERR/LOKO/0x00000002
09:34:15.037  INFO     RX        /ERR/LOKO/0x00000002
09:34:15.037  INFO     RX        /ERR/LOKO/0x00000002
09:34:15.037  INFO     RX        /ERR/LOKO/0x00000002
09:34:15.037  INFO     RX        /ERR/LOKO/0x00000002
09:34:15.037  INFO     RX        /ERR/LOKO/0x00000002
09:34:15.038  INFO     RX        /ERR/LOKO/0x00000002
09:34:15.038  INFO     RX        /ERR/LOKO/0x00000002
09:34:15.038  INFO     RX        /ERR/LOKO/0x00000002
09:34:15.038  INFO     RX        /ERR/LOKO/0x00000002
09:34:15.038  INFO     RX        /ERR/LOKO/0x00000002
09:34:15.099  INFO     RX        /ERR/LOKO/0x00000002
09:34:15.216  DEBUG    TX /CONTROLL/0,0,0,0,0,0,0,0,0
09:34:16.018  DEBUG    TX /CONTROLL/0,0,0,0,0,0,0,0,0
09:34:16.822  DEBUG    TX /CONTROLL/0,0,0,0,0,0,0,0,0
09:34:17.598  INFO     RX        /ERR/LOKO/0x00000002
09:34:17.598  INFO     RX        /ERR/LOKO/0x00000002
09:34:17.598  INFO     RX        /ERR/LOKO/0x00000002
09:34:17.598  INFO     RX        /ERR/LOKO/0x00000002
09:34:17.598  INFO     RX        /ERR/LOKO/0x00000002
09:34:17.598  INFO     RX        /ERR/LOKO/0x00000002
09:34:17.626  DEBUG    TX /CONTROLL/0,0,0,-32,0,0,0,0,0
09:34:17.697  INFO     RX        /ERR/LOKO/0x00000002
09:34:17.697  INFO     RX        /ERR/LOKO/0x00000002
09:34:17.697  INFO     RX        /ERR/LOKO/0x00000002
09:34:17.697  INFO     RX        /ERR/LOKO/0x00000002
09:34:17.697  INFO     RX        /ERR/LOKO/0x00000002
09:34:17.697  INFO     RX        /ERR/LOKO/0x00000002
09:34:17.697  INFO     RX        /ERR/LOKO/0x00000002
09:34:17.697  INFO     RX        /ERR/LOKO/0x00000002
09:34:17.758  INFO     RX        /ERR/LOKO/0x00000002
09:34:17.758  INFO     RX        /ERR/LOKO/0x00000002
09:34:17.758  INFO     RX        /ERR/LOKO/0x00000002
09:34:17.758  INFO     RX        /ERR/LOKO/0x00000002
09:34:17.758  INFO     RX        /ERR/LOKO/0x00000002
09:34:17.846  INFO     RX        /ERR/LOKO/0x00000002
09:34:17.846  INFO     RX        /ERR/LOKO/0x00000002
09:34:17.846  INFO     RX        /ERR/LOKO/0x00000002
09:34:17.846  INFO     RX        /ERR/LOKO/0x00000002
09:34:17.846  INFO     RX        /ERR/LOKO/0x00000002
09:34:17.846  INFO     RX        /ERR/LOKO/0x00000002
09:34:17.846  INFO     RX        /ERR/LOKO/0x00000002
09:34:17.846  INFO     RX        /ERR/LOKO/0x00000002
09:34:17.928  INFO     RX        /ERR/LOKO/0x00000002
09:34:17.928  INFO     RX        /ERR/LOKO/0x00000002
09:34:17.928  INFO     RX        /ERR/LOKO/0x00000002
09:34:17.928  INFO     RX        /ERR/LOKO/0x00000002
09:34:17.928  INFO     RX        /ERR/LOKO/0x00000002
09:34:17.928  INFO     RX        /ERR/LOKO/0x00000002
09:34:17.928  INFO     RX        /ERR/LOKO/0x00000002
09:34:18.058  INFO     RX        /ERR/LOKO/0x00000002
09:34:18.058  INFO     RX        /ERR/LOKO/0x00000002
09:34:18.058  INFO     RX        /ERR/LOKO/0x00000002
09:34:18.058  INFO     RX        /ERR/LOKO/0x00000002
09:34:18.058  INFO     RX        /ERR/LOKO/0x00000002
09:34:18.058  INFO     RX        /ERR/LOKO/0x00000002
09:34:18.095  INFO     RX        /ERR/LOKO/0x00000002
09:34:18.095  INFO     RX        /ERR/LOKO/0x00000002
09:34:18.095  INFO     RX        /ERR/LOKO/0x00000002
09:34:18.095  INFO     RX        /ERR/LOKO/0x00000002
09:34:18.095  INFO     RX        /ERR/LOKO/0x00000002
09:34:18.095  INFO     RX        /ERR/LOKO/0x00000002
09:34:18.095  INFO     RX        /ERR/LOKO/0x00000002
09:34:18.095  INFO     RX        /ERR/LOKO/0x00000002
09:34:18.183  INFO     RX        /ERR/LOKO/0x00000002
09:34:18.183  INFO     RX        /ERR/LOKO/0x00000002
09:34:18.183  INFO     RX        /ERR/LOKO/0x00000002
09:34:18.183  INFO     RX        /ERR/LOKO/0x00000002
09:34:18.183  INFO     RX        /ERR/LOKO/0x00000002
09:34:18.183  INFO     RX        /ERR/LOKO/0x00000002
09:34:18.183  INFO     RX        /ERR/LOKO/0x00000002
09:34:18.271  INFO     RX        /ERR/LOKO/0x00000002
09:34:18.271  INFO     RX        /ERR/LOKO/0x00000002
09:34:18.304  INFO     RX        /ERR/LOKO/0x00000002
09:34:18.304  INFO     RX        /ERR/LOKO/0x00000002
09:34:18.393  INFO     RX        /ERR/LOKO/0x00000002
09:34:18.393  INFO     RX        /ERR/LOKO/0x00000002
09:34:18.393  INFO     RX        /ERR/LOKO/0x00000002
09:34:18.393  INFO     RX        /ERR/LOKO/0x00000002
09:34:18.393  INFO     RX        /ERR/LOKO/0x00000002
09:34:18.393  INFO     RX        /ERR/LOKO/0x00000002
09:34:18.393  INFO     RX        /ERR/LOKO/0x00000002
09:34:18.393  INFO     RX        /ERR/LOKO/0x00000002
09:34:18.430  DEBUG    TX /CONTROLL/0,0,0,-32,0,0,0,0,0
09:34:18.474  INFO     RX        /ERR/LOKO/0x00000002
09:34:18.474  INFO     RX        /ERR/LOKO/0x00000002
09:34:18.474  INFO     RX        /ERR/LOKO/0x00000002
09:34:18.474  INFO     RX        /ERR/LOKO/0x00000002
09:34:18.474  INFO     RX        /ERR/LOKO/0x00000002
09:34:18.474  INFO     RX        /ERR/LOKO/0x00000002
09:34:18.474  INFO     RX        /ERR/LOKO/0x00000002
09:34:18.556  INFO     RX        /ERR/LOKO/0x00000002
09:34:18.556  INFO     RX        /ERR/LOKO/0x00000002
09:34:18.556  INFO     RX        /ERR/LOKO/0x00000002
09:34:18.556  INFO     RX        /ERR/LOKO/0x00000002
09:34:18.556  INFO     RX        /ERR/LOKO/0x00000002
09:34:18.556  INFO     RX        /ERR/LOKO/0x00000002
09:34:18.559  INFO     RX        /ERR/LOKO/0x00000002
09:34:18.655  INFO     RX        /ERR/LOKO/0x00000002
09:34:18.655  INFO     RX        /ERR/LOKO/0x00000002
09:34:18.655  INFO     RX        /ERR/LOKO/0x00000002
09:34:18.655  INFO     RX        /ERR/LOKO/0x00000002
09:34:18.655  INFO     RX        /ERR/LOKO/0x00000002
09:34:18.655  INFO     RX        /ERR/LOKO/0x00000002
09:34:18.655  INFO     RX        /ERR/LOKO/0x00000002
09:34:18.655  INFO     RX        /ERR/LOKO/0x00000002
09:34:18.735  INFO     RX        /ERR/LOKO/0x00000002
09:34:18.735  INFO     RX        /ERR/LOKO/0x00000002
09:34:18.736  INFO     RX        /ERR/LOKO/0x00000002
09:34:18.736  INFO     RX        /ERR/LOKO/0x00000002
09:34:18.736  INFO     RX        /ERR/LOKO/0x00000002
09:34:18.736  INFO     RX        /ERR/LOKO/0x00000002
09:34:18.736  INFO     RX        /ERR/LOKO/0x00000002
09:34:18.805  INFO     RX        /ERR/LOKO/0x00000002
09:34:18.805  INFO     RX        /ERR/LOKO/0x00000002
09:34:18.805  INFO     RX        /ERR/LOKO/0x00000002
09:34:18.805  INFO     RX        /ERR/LOKO/0x00000002
09:34:18.805  INFO     RX        /ERR/LOKO/0x00000002
09:34:18.899  INFO     RX        /ERR/LOKO/0x00000002
09:34:18.899  INFO     RX        /ERR/LOKO/0x00000002
09:34:18.899  INFO     RX        /ERR/LOKO/0x00000002
09:34:18.986  INFO     RX        /ERR/LOKO/0x00000002
09:34:18.987  INFO     RX        /ERR/LOKO/0x00000002
09:34:18.987  INFO     RX        /ERR/LOKO/0x00000002
09:34:18.987  INFO     RX        /ERR/LOKO/0x00000002
09:34:18.987  INFO     RX        /ERR/LOKO/0x00000002
09:34:18.987  INFO     RX        /ERR/LOKO/0x00000002
09:34:18.987  INFO     RX        /ERR/LOKO/0x00000002
09:34:19.056  INFO     RX        /ERR/LOKO/0x00000002
09:34:19.056  INFO     RX        /ERR/LOKO/0x00000002
09:34:19.056  INFO     RX        /ERR/LOKO/0x00000002
09:34:19.056  INFO     RX        /ERR/LOKO/0x00000002
09:34:19.056  INFO     RX        /ERR/LOKO/0x00000002
09:34:19.056  INFO     RX        /ERR/LOKO/0x00000002
09:34:19.156  INFO     RX        /ERR/LOKO/0x00000002
09:34:19.156  INFO     RX        /ERR/LOKO/0x00000002
09:34:19.156  INFO     RX        /ERR/LOKO/0x00000002
09:34:19.156  INFO     RX        /ERR/LOKO/0x00000002
09:34:19.156  INFO     RX        /ERR/LOKO/0x00000002
09:34:19.156  INFO     RX        /ERR/LOKO/0x00000002
09:34:19.156  INFO     RX        /ERR/LOKO/0x00000002
09:34:19.156  INFO     RX        /ERR/LOKO/0x00000002
09:34:19.230  INFO     RX        /ERR/LOKO/0x00000002
09:34:19.230  INFO     RX        /ERR/LOKO/0x00000002
09:34:19.230  INFO     RX        /ERR/LOKO/0x00000002
09:34:19.230  INFO     RX        /ERR/LOKO/0x00000002
09:34:19.230  INFO     RX        /ERR/LOKO/0x00000002
09:34:19.230  INFO     RX        /ERR/LOKO/0x00000002
09:34:19.230  INFO     RX        /ERR/LOKO/0x00000002
09:34:19.233  DEBUG    TX /CONTROLL/0,0,0,-32,0,0,0,0,0
09:34:19.305  INFO     RX        /ERR/LOKO/0x00000002
09:34:19.305  INFO     RX        /ERR/LOKO/0x00000002
09:34:19.305  INFO     RX        /ERR/LOKO/0x00000002
09:34:19.305  INFO     RX        /ERR/LOKO/0x00000002
09:34:19.305  INFO     RX        /ERR/LOKO/0x00000002
09:34:19.305  INFO     RX        /ERR/LOKO/0x00000002
09:34:19.396  INFO     RX        /ERR/LOKO/0x00000002
09:34:19.396  INFO     RX        /ERR/LOKO/0x00000002
09:34:19.396  INFO     RX        /ERR/LOKO/0x00000002
09:34:19.396  INFO     RX        /ERR/LOKO/0x00000002
09:34:19.396  INFO     RX        /ERR/LOKO/0x00000002
09:34:19.396  INFO     RX        /ERR/LOKO/0x00000002
09:34:19.396  INFO     RX        /ERR/LOKO/0x00000002
09:34:19.396  INFO     RX        /ERR/LOKO/0x00000002
09:34:19.492  INFO     RX        /ERR/LOKO/0x00000002
09:34:19.492  INFO     RX        /ERR/LOKO/0x00000002
09:34:19.492  INFO     RX        /ERR/LOKO/0x00000002
09:34:19.492  INFO     RX        /ERR/LOKO/0x00000002
09:34:19.555  INFO     RX        /ERR/LOKO/0x00000002
09:34:19.555  INFO     RX        /ERR/LOKO/0x00000002
09:34:19.555  INFO     RX        /ERR/LOKO/0x00000002
09:34:19.645  INFO     RX        /ERR/LOKO/0x00000002
09:34:19.645  INFO     RX        /ERR/LOKO/0x00000002
09:34:19.645  INFO     RX        /ERR/LOKO/0x00000002
09:34:19.645  INFO     RX        /ERR/LOKO/0x00000002
09:34:19.645  INFO     RX        /ERR/LOKO/0x00000002
09:34:19.645  INFO     RX        /ERR/LOKO/0x00000002
09:34:19.645  INFO     RX        /ERR/LOKO/0x00000002
09:34:19.645  INFO     RX        /ERR/LOKO/0x00000002
09:34:19.727  INFO     RX        /ERR/LOKO/0x00000002
09:34:19.727  INFO     RX        /ERR/LOKO/0x00000002
09:34:19.727  INFO     RX        /ERR/LOKO/0x00000002
09:34:19.727  INFO     RX        /ERR/LOKO/0x00000002
09:34:19.727  INFO     RX        /ERR/LOKO/0x00000002
09:34:19.727  INFO     RX        /ERR/LOKO/0x00000002
09:34:19.727  INFO     RX        /ERR/LOKO/0x00000002
09:34:19.805  INFO     RX        /ERR/LOKO/0x00000002
09:34:19.805  INFO     RX        /ERR/LOKO/0x00000002
09:34:19.805  INFO     RX        /ERR/LOKO/0x00000002
09:34:19.805  INFO     RX        /ERR/LOKO/0x00000002
09:34:19.805  INFO     RX        /ERR/LOKO/0x00000002
09:34:19.805  INFO     RX        /ERR/LOKO/0x00000002
09:34:19.893  INFO     RX        /ERR/LOKO/0x00000002
09:34:19.893  INFO     RX        /ERR/LOKO/0x00000002
09:34:19.893  INFO     RX        /ERR/LOKO/0x00000002
09:34:19.893  INFO     RX        /ERR/LOKO/0x00000002
09:34:19.893  INFO     RX        /ERR/LOKO/0x00000002
09:34:19.893  INFO     RX        /ERR/LOKO/0x00000002
09:34:19.893  INFO     RX        /ERR/LOKO/0x00000002
09:34:19.893  INFO     RX        /ERR/LOKO/0x00000002
09:34:19.977  INFO     RX        /ERR/LOKO/0x00000002
09:34:19.977  INFO     RX        /ERR/LOKO/0x00000002
09:34:19.977  INFO     RX        /ERR/LOKO/0x00000002
09:34:19.977  INFO     RX        /ERR/LOKO/0x00000002
09:34:19.977  INFO     RX        /ERR/LOKO/0x00000002
09:34:19.977  INFO     RX        /ERR/LOKO/0x00000002
09:34:19.977  INFO     RX        /ERR/LOKO/0x00000002
09:34:20.039  DEBUG    TX /CONTROLL/0,0,0,-31,0,0,0,0,0
09:34:20.056  INFO     RX        /ERR/LOKO/0x00000002
09:34:20.056  INFO     RX        /ERR/LOKO/0x00000002
09:34:20.056  INFO     RX        /ERR/LOKO/0x00000002
09:34:20.056  INFO     RX        /ERR/LOKO/0x00000002
09:34:20.056  INFO     RX        /ERR/LOKO/0x00000002
09:34:20.056  INFO     RX        /ERR/LOKO/0x00000002
09:34:20.149  INFO     RX        /ERR/LOKO/0x00000002
09:34:20.149  INFO     RX        /ERR/LOKO/0x00000002
09:34:20.238  INFO     RX        /ERR/LOKO/0x00000002
09:34:20.238  INFO     RX        /ERR/LOKO/0x00000002
09:34:20.238  INFO     RX        /ERR/LOKO/0x00000002
09:34:20.238  INFO     RX        /ERR/LOKO/0x00000002
09:34:20.238  INFO     RX        /ERR/LOKO/0x00000002
09:34:20.238  INFO     RX        /ERR/LOKO/0x00000002
09:34:20.238  INFO     RX        /ERR/LOKO/0x00000002
09:34:20.238  INFO     RX        /ERR/LOKO/0x00000002
09:34:20.305  INFO     RX        /ERR/LOKO/0x00000002
09:34:20.305  INFO     RX        /ERR/LOKO/0x00000002
09:34:20.305  INFO     RX        /ERR/LOKO/0x00000002
09:34:20.305  INFO     RX        /ERR/LOKO/0x00000002
09:34:20.305  INFO     RX        /ERR/LOKO/0x00000002
09:34:20.394  INFO     RX        /ERR/LOKO/0x00000002
09:34:20.394  INFO     RX        /ERR/LOKO/0x00000002
09:34:20.394  INFO     RX        /ERR/LOKO/0x00000002
09:34:20.394  INFO     RX        /ERR/LOKO/0x00000002
09:34:20.394  INFO     RX        /ERR/LOKO/0x00000002
09:34:20.394  INFO     RX        /ERR/LOKO/0x00000002
09:34:20.394  INFO     RX        /ERR/LOKO/0x00000002
09:34:20.394  INFO     RX        /ERR/LOKO/0x00000002
09:34:20.478  INFO     RX        /ERR/LOKO/0x00000002
09:34:20.478  INFO     RX        /ERR/LOKO/0x00000002
09:34:20.478  INFO     RX        /ERR/LOKO/0x00000002
09:34:20.478  INFO     RX        /ERR/LOKO/0x00000002
09:34:20.478  INFO     RX        /ERR/LOKO/0x00000002
09:34:20.478  INFO     RX        /ERR/LOKO/0x00000002
09:34:20.478  INFO     RX        /ERR/LOKO/0x00000002
09:34:20.557  INFO     RX        /ERR/LOKO/0x00000002
09:34:20.557  INFO     RX        /ERR/LOKO/0x00000002
09:34:20.557  INFO     RX        /ERR/LOKO/0x00000002
09:34:20.557  INFO     RX        /ERR/LOKO/0x00000002
09:34:20.557  INFO     RX        /ERR/LOKO/0x00000002
09:34:20.557  INFO     RX        /ERR/LOKO/0x00000002
09:34:20.646  INFO     RX        /ERR/LOKO/0x00000002
09:34:20.646  INFO     RX        /ERR/LOKO/0x00000002
09:34:20.646  INFO     RX        /ERR/LOKO/0x00000002
09:34:20.646  INFO     RX        /ERR/LOKO/0x00000002
09:34:20.646  INFO     RX        /ERR/LOKO/0x00000002
09:34:20.646  INFO     RX        /ERR/LOKO/0x00000002
09:34:20.646  INFO     RX        /ERR/LOKO/0x00000002
09:34:20.646  INFO     RX        /ERR/LOKO/0x00000002
09:34:20.729  INFO     RX        /ERR/LOKO/0x00000002
09:34:20.730  INFO     RX        /ERR/LOKO/0x00000002
09:34:20.730  INFO     RX        /ERR/LOKO/0x00000002
09:34:20.730  INFO     RX        /ERR/LOKO/0x00000002
09:34:20.730  INFO     RX        /ERR/LOKO/0x00000002
09:34:20.730  INFO     RX        /ERR/LOKO/0x00000002
09:34:20.730  INFO     RX        /ERR/LOKO/0x00000002
09:34:20.810  INFO     RX        /ERR/LOKO/0x00000002
09:34:20.810  INFO     RX        /ERR/LOKO/0x00000002
09:34:20.810  INFO     RX        /ERR/LOKO/0x00000002
09:34:20.842  DEBUG    TX /CONTROLL/0,0,0,-16,0,0,0,0,0
09:34:20.903  INFO     RX        /ERR/LOKO/0x00000002
09:34:20.903  INFO     RX        /ERR/LOKO/0x00000002
09:34:20.988  INFO     RX        /ERR/LOKO/0x00000002
09:34:20.988  INFO     RX        /ERR/LOKO/0x00000002
09:34:20.988  INFO     RX        /ERR/LOKO/0x00000002
09:34:20.988  INFO     RX        /ERR/LOKO/0x00000002
09:34:20.988  INFO     RX        /ERR/LOKO/0x00000002
09:34:20.988  INFO     RX        /ERR/LOKO/0x00000002
09:34:20.988  INFO     RX        /ERR/LOKO/0x00000002
09:34:21.057  INFO     RX        /ERR/LOKO/0x00000002
09:34:21.057  INFO     RX        /ERR/LOKO/0x00000002
09:34:21.057  INFO     RX        /ERR/LOKO/0x00000002
09:34:21.057  INFO     RX        /ERR/LOKO/0x00000002
09:34:21.057  INFO     RX        /ERR/LOKO/0x00000002
09:34:21.057  INFO     RX        /ERR/LOKO/0x00000002
09:34:21.142  INFO     RX        /ERR/LOKO/0x00000002
09:34:21.142  INFO     RX        /ERR/LOKO/0x00000002
09:34:21.142  INFO     RX        /ERR/LOKO/0x00000002
09:34:21.142  INFO     RX        /ERR/LOKO/0x00000002
09:34:21.143  INFO     RX        /ERR/LOKO/0x00000002
09:34:21.143  INFO     RX        /ERR/LOKO/0x00000002
09:34:21.143  INFO     RX        /ERR/LOKO/0x00000002
09:34:21.233  INFO     RX        /ERR/LOKO/0x00000002
09:34:21.233  INFO     RX        /ERR/LOKO/0x00000002
09:34:21.233  INFO     RX        /ERR/LOKO/0x00000002
09:34:21.233  INFO     RX        /ERR/LOKO/0x00000002
09:34:21.233  INFO     RX        /ERR/LOKO/0x00000002
09:34:21.233  INFO     RX        /ERR/LOKO/0x00000002
09:34:21.234  INFO     RX        /ERR/LOKO/0x00000002
09:34:21.234  INFO     RX        /ERR/LOKO/0x00000002
09:34:21.305  INFO     RX        /ERR/LOKO/0x00000002
09:34:21.305  INFO     RX        /ERR/LOKO/0x00000002
09:34:21.305  INFO     RX        /ERR/LOKO/0x00000002
09:34:21.305  INFO     RX        /ERR/LOKO/0x00000002
09:34:21.305  INFO     RX        /ERR/LOKO/0x00000002
09:34:21.305  INFO     RX        /ERR/LOKO/0x00000002
09:34:21.406  INFO     RX        /ERR/LOKO/0x00000002
09:34:21.645  DEBUG    TX /CONTROLL/0,0,0,-25,0,0,0,0,0
09:34:21.891  INFO     RX        /ERR/LOKO/0x00000002
09:34:21.891  INFO     RX        /ERR/LOKO/0x00000002
09:34:21.891  INFO     RX        /ERR/LOKO/0x00000002
09:34:21.891  INFO     RX        /ERR/LOKO/0x00000002
09:34:21.891  INFO     RX        /ERR/LOKO/0x00000002
09:34:21.891  INFO     RX        /ERR/LOKO/0x00000002
09:34:21.983  INFO     RX        /ERR/LOKO/0x00000002
09:34:21.983  INFO     RX        /ERR/LOKO/0x00000002
09:34:21.983  INFO     RX        /ERR/LOKO/0x00000002
09:34:21.983  INFO     RX        /ERR/LOKO/0x00000002
09:34:21.983  INFO     RX        /ERR/LOKO/0x00000002
09:34:21.983  INFO     RX        /ERR/LOKO/0x00000002
09:34:21.983  INFO     RX        /ERR/LOKO/0x00000002
09:34:21.983  INFO     RX        /ERR/LOKO/0x00000002
09:34:22.055  INFO     RX        /ERR/LOKO/0x00000002
09:34:22.055  INFO     RX        /ERR/LOKO/0x00000002
09:34:22.055  INFO     RX        /ERR/LOKO/0x00000002
09:34:22.055  INFO     RX        /ERR/LOKO/0x00000002
09:34:22.055  INFO     RX        /ERR/LOKO/0x00000002
09:34:22.055  INFO     RX        /ERR/LOKO/0x00000002
09:34:22.150  INFO     RX        /ERR/LOKO/0x00000002
09:34:22.150  INFO     RX        /ERR/LOKO/0x00000002
09:34:22.150  INFO     RX        /ERR/LOKO/0x00000002
09:34:22.150  INFO     RX        /ERR/LOKO/0x00000002
09:34:22.150  INFO     RX        /ERR/LOKO/0x00000002
09:34:22.150  INFO     RX        /ERR/LOKO/0x00000002
09:34:22.150  INFO     RX        /ERR/LOKO/0x00000002
09:34:22.150  INFO     RX        /ERR/LOKO/0x00000002
09:34:22.233  INFO     RX        /ERR/LOKO/0x00000002
09:34:22.234  INFO     RX        /ERR/LOKO/0x00000002
09:34:22.234  INFO     RX        /ERR/LOKO/0x00000002
09:34:22.234  INFO     RX        /ERR/LOKO/0x00000002
09:34:22.234  INFO     RX        /ERR/LOKO/0x00000002
09:34:22.234  INFO     RX        /ERR/LOKO/0x00000002
09:34:22.234  INFO     RX        /ERR/LOKO/0x00000002
09:34:22.306  INFO     RX        /ERR/LOKO/0x00000002
09:34:22.397  INFO     RX        /ERR/LOKO/0x00000002
09:34:22.398  INFO     RX        /ERR/LOKO/0x00000002
09:34:22.398  INFO     RX        /ERR/LOKO/0x00000002
09:34:22.398  INFO     RX        /ERR/LOKO/0x00000002
09:34:22.398  INFO     RX        /ERR/LOKO/0x00000002
09:34:22.398  INFO     RX        /ERR/LOKO/0x00000002
09:34:22.448  DEBUG    TX /CONTROLL/0,0,0,-43,0,0,0,0,0
09:34:22.486  INFO     RX        /ERR/LOKO/0x00000002
09:34:22.487  INFO     RX        /ERR/LOKO/0x00000002
09:34:22.487  INFO     RX        /ERR/LOKO/0x00000002
09:34:22.487  INFO     RX        /ERR/LOKO/0x00000002
09:34:22.487  INFO     RX        /ERR/LOKO/0x00000002
09:34:22.487  INFO     RX        /ERR/LOKO/0x00000002
09:34:22.487  INFO     RX        /ERR/LOKO/0x00000002
09:34:22.556  INFO     RX        /ERR/LOKO/0x00000002
09:34:22.556  INFO     RX        /ERR/LOKO/0x00000002
09:34:22.556  INFO     RX        /ERR/LOKO/0x00000002
09:34:22.556  INFO     RX        /ERR/LOKO/0x00000002
09:34:22.556  INFO     RX        /ERR/LOKO/0x00000002
09:34:22.556  INFO     RX        /ERR/LOKO/0x00000002
09:34:22.647  INFO     RX        /ERR/LOKO/0x00000002
09:34:22.648  INFO     RX        /ERR/LOKO/0x00000002
09:34:22.648  INFO     RX        /ERR/LOKO/0x00000002
09:34:22.648  INFO     RX        /ERR/LOKO/0x00000002
09:34:22.648  INFO     RX        /ERR/LOKO/0x00000002
09:34:22.648  INFO     RX        /ERR/LOKO/0x00000002
09:34:22.648  INFO     RX        /ERR/LOKO/0x00000002
09:34:22.648  INFO     RX        /ERR/LOKO/0x00000002
09:34:22.729  INFO     RX        /ERR/LOKO/0x00000002
09:34:22.729  INFO     RX        /ERR/LOKO/0x00000002
09:34:22.729  INFO     RX        /ERR/LOKO/0x00000002
09:34:22.729  INFO     RX        /ERR/LOKO/0x00000002
09:34:22.729  INFO     RX        /ERR/LOKO/0x00000002
09:34:22.729  INFO     RX        /ERR/LOKO/0x00000002
09:34:22.729  INFO     RX        /ERR/LOKO/0x00000002
09:34:22.805  INFO     RX        /ERR/LOKO/0x00000002
09:34:22.805  INFO     RX        /ERR/LOKO/0x00000002
09:34:22.893  INFO     RX        /ERR/LOKO/0x00000002
09:34:22.893  INFO     RX        /ERR/LOKO/0x00000002
09:34:22.893  INFO     RX        /ERR/LOKO/0x00000002
09:34:22.893  INFO     RX        /ERR/LOKO/0x00000002
09:34:22.893  INFO     RX        /ERR/LOKO/0x00000002
09:34:22.893  INFO     RX        /ERR/LOKO/0x00000002
09:34:22.893  INFO     RX        /ERR/LOKO/0x00000002
09:34:22.893  INFO     RX        /ERR/LOKO/0x00000002
09:34:22.976  INFO     RX        /ERR/LOKO/0x00000002
09:34:22.976  INFO     RX        /ERR/LOKO/0x00000002
09:34:22.976  INFO     RX        /ERR/LOKO/0x00000002
09:34:22.976  INFO     RX        /ERR/LOKO/0x00000002
09:34:22.976  INFO     RX        /ERR/LOKO/0x00000002
09:34:22.976  INFO     RX        /ERR/LOKO/0x00000002
09:34:22.976  INFO     RX        /ERR/LOKO/0x00000002
09:34:23.056  INFO     RX        /ERR/LOKO/0x00000002
09:34:23.056  INFO     RX        /ERR/LOKO/0x00000002
09:34:23.056  INFO     RX        /ERR/LOKO/0x00000002
09:34:23.056  INFO     RX        /ERR/LOKO/0x00000002
09:34:23.056  INFO     RX        /ERR/LOKO/0x00000002
09:34:23.056  INFO     RX        /ERR/LOKO/0x00000002
09:34:23.148  INFO     RX        /ERR/LOKO/0x00000002
09:34:23.148  INFO     RX        /ERR/LOKO/0x00000002
09:34:23.148  INFO     RX        /ERR/LOKO/0x00000002
09:34:23.148  INFO     RX        /ERR/LOKO/0x00000002
09:34:23.148  INFO     RX        /ERR/LOKO/0x00000002
09:34:23.149  INFO     RX        /ERR/LOKO/0x00000002
09:34:23.149  INFO     RX        /ERR/LOKO/0x00000002
09:34:23.149  INFO     RX        /ERR/LOKO/0x00000002
09:34:23.229  INFO     RX        /ERR/LOKO/0x00000002
09:34:23.229  INFO     RX        /ERR/LOKO/0x00000002
09:34:23.229  INFO     RX        /ERR/LOKO/0x00000002
09:34:23.229  INFO     RX        /ERR/LOKO/0x00000002
09:34:23.229  INFO     RX        /ERR/LOKO/0x00000002
09:34:23.251  DEBUG    TX /CONTROLL/0,0,0,-42,0,0,0,0,0
09:34:23.305  INFO     RX        /ERR/LOKO/0x00000002
09:34:23.305  INFO     RX        /ERR/LOKO/0x00000002
09:34:23.305  INFO     RX        /ERR/LOKO/0x00000002
09:34:23.305  INFO     RX        /ERR/LOKO/0x00000002
09:34:23.397  INFO     RX        /ERR/LOKO/0x00000002
09:34:23.397  INFO     RX        /ERR/LOKO/0x00000002
09:34:23.397  INFO     RX        /ERR/LOKO/0x00000002
09:34:23.397  INFO     RX        /ERR/LOKO/0x00000002
09:34:23.397  INFO     RX        /ERR/LOKO/0x00000002
09:34:23.397  INFO     RX        /ERR/LOKO/0x00000002
09:34:23.397  INFO     RX        /ERR/LOKO/0x00000002
09:34:23.397  INFO     RX        /ERR/LOKO/0x00000002
09:34:23.482  INFO     RX        /ERR/LOKO/0x00000002
09:34:23.483  INFO     RX        /ERR/LOKO/0x00000002
09:34:23.483  INFO     RX        /ERR/LOKO/0x00000002
09:34:23.483  INFO     RX        /ERR/LOKO/0x00000002
09:34:23.483  INFO     RX        /ERR/LOKO/0x00000002
09:34:23.483  INFO     RX        /ERR/LOKO/0x00000002
09:34:23.483  INFO     RX        /ERR/LOKO/0x00000002
09:34:23.556  INFO     RX        /ERR/LOKO/0x00000002
09:34:23.556  INFO     RX        /ERR/LOKO/0x00000002
09:34:23.556  INFO     RX        /ERR/LOKO/0x00000002
09:34:23.556  INFO     RX        /ERR/LOKO/0x00000002
09:34:23.556  INFO     RX        /ERR/LOKO/0x00000002
09:34:23.556  INFO     RX        /ERR/LOKO/0x00000002
09:34:23.644  INFO     RX        /ERR/LOKO/0x00000002
09:34:23.644  INFO     RX        /ERR/LOKO/0x00000002
09:34:23.644  INFO     RX        /ERR/LOKO/0x00000002
09:34:23.644  INFO     RX        /ERR/LOKO/0x00000002
09:34:23.644  INFO     RX        /ERR/LOKO/0x00000002
09:34:23.644  INFO     RX        /ERR/LOKO/0x00000002
09:34:23.644  INFO     RX        /ERR/LOKO/0x00000002
09:34:23.644  INFO     RX        /ERR/LOKO/0x00000002
09:34:23.738  INFO     RX        /ERR/LOKO/0x00000002
09:34:23.738  INFO     RX        /ERR/LOKO/0x00000002
09:34:23.738  INFO     RX        /ERR/LOKO/0x00000002
09:34:23.738  INFO     RX        /ERR/LOKO/0x00000002
09:34:23.805  INFO     RX        /ERR/LOKO/0x00000002
09:34:23.805  INFO     RX        /ERR/LOKO/0x00000002
09:34:23.805  INFO     RX        /ERR/LOKO/0x00000002
09:34:23.805  INFO     RX        /ERR/LOKO/0x00000002
09:34:23.805  INFO     RX        /ERR/LOKO/0x00000002
09:34:23.902  INFO     RX        /ERR/LOKO/0x00000002
09:34:24.057  DEBUG    TX /CONTROLL/0,0,0,0,0,0,0,0,0
09:34:24.860  DEBUG    TX /CONTROLL/0,0,0,0,0,0,0,0,0
09:34:25.665  DEBUG    TX /CONTROLL/0,0,0,0,0,0,0,0,0
09:34:26.469  DEBUG    TX /CONTROLL/0,0,0,0,0,0,1,0,0
09:34:27.271  DEBUG    TX /CONTROLL/0,0,0,0,0,0,0,0,0
09:34:27.993  INFO     RX        /ERR/LOKO/0x00000002
09:34:27.993  INFO     RX        /ERR/LOKO/0x00000002
09:34:27.993  INFO     RX        /ERR/LOKO/0x00000002
09:34:27.993  INFO     RX        /ERR/LOKO/0x00000002
09:34:27.993  INFO     RX        /ERR/LOKO/0x00000002
09:34:27.993  INFO     RX        /ERR/LOKO/0x00000002
09:34:27.993  INFO     RX        /ERR/LOKO/0x00000002
09:34:28.075  DEBUG    TX /CONTROLL/0,0,0,-26,0,0,0,0,0
09:34:28.076  INFO     RX        /ERR/LOKO/0x00000002
09:34:28.076  INFO     RX        /ERR/LOKO/0x00000002
09:34:28.076  INFO     RX        /ERR/LOKO/0x00000002
09:34:28.076  INFO     RX        /ERR/LOKO/0x00000002
09:34:28.076  INFO     RX        /ERR/LOKO/0x00000002
09:34:28.076  INFO     RX        /ERR/LOKO/0x00000002
09:34:28.076  INFO     RX        /ERR/LOKO/0x00000002
09:34:28.105  INFO     RX        /ERR/LOKO/0x00000002
09:34:28.105  INFO     RX        /ERR/LOKO/0x00000002
09:34:28.285  INFO     RX        /ERR/LOKO/0x00000002
09:34:28.286  INFO     RX        /ERR/LOKO/0x00000002
09:34:28.286  INFO     RX        /ERR/LOKO/0x00000002
09:34:28.286  INFO     RX        /ERR/LOKO/0x00000002
09:34:28.286  INFO     RX        /ERR/LOKO/0x00000002
09:34:28.286  INFO     RX        /ERR/LOKO/0x00000002
09:34:28.286  INFO     RX        /ERR/LOKO/0x00000002
09:34:28.359  INFO     RX        /ERR/LOKO/0x00000002
09:34:28.359  INFO     RX        /ERR/LOKO/0x00000002
09:34:28.359  INFO     RX        /ERR/LOKO/0x00000002
09:34:28.359  INFO     RX        /ERR/LOKO/0x00000002
09:34:28.359  INFO     RX        /ERR/LOKO/0x00000002
09:34:28.692  INFO     RX        /ERR/LOKO/0x00000002
09:34:28.692  INFO     RX        /ERR/LOKO/0x00000002
09:34:28.692  INFO     RX        /ERR/LOKO/0x00000002
09:34:28.692  INFO     RX        /ERR/LOKO/0x00000002
09:34:28.692  INFO     RX        /ERR/LOKO/0x00000002
09:34:28.692  INFO     RX        /ERR/LOKO/0x00000002
09:34:28.692  INFO     RX        /ERR/LOKO/0x00000002
09:34:28.692  INFO     RX        /ERR/LOKO/0x00000002
09:34:28.787  INFO     RX        /ERR/LOKO/0x00000002
09:34:28.787  INFO     RX        /ERR/LOKO/0x00000002
09:34:28.787  INFO     RX        /ERR/LOKO/0x00000002
09:34:28.877  DEBUG    TX /CONTROLL/0,0,0,-26,0,0,0,0,0
09:34:29.056  INFO     RX        /ERR/LOKO/0x00000002
09:34:29.057  INFO     RX        /ERR/LOKO/0x00000002
09:34:29.105  INFO     RX        /ERR/LOKO/0x00000002
09:34:29.107  INFO     RX        /ERR/LOKO/0x00000002
09:34:29.107  INFO     RX        /ERR/LOKO/0x00000002
09:34:29.107  INFO     RX        /ERR/LOKO/0x00000002
09:34:29.195  INFO     RX        /ERR/LOKO/0x00000002
09:34:29.195  INFO     RX        /ERR/LOKO/0x00000002
09:34:29.195  INFO     RX        /ERR/LOKO/0x00000002
09:34:29.195  INFO     RX        /ERR/LOKO/0x00000002
09:34:29.195  INFO     RX        /ERR/LOKO/0x00000002
09:34:29.195  INFO     RX        /ERR/LOKO/0x00000002
09:34:29.195  INFO     RX        /ERR/LOKO/0x00000002
09:34:29.195  INFO     RX        /ERR/LOKO/0x00000002
09:34:29.279  INFO     RX        /ERR/LOKO/0x00000002
09:34:29.280  INFO     RX        /ERR/LOKO/0x00000002
09:34:29.280  INFO     RX        /ERR/LOKO/0x00000002
09:34:29.280  INFO     RX        /ERR/LOKO/0x00000002
09:34:29.280  INFO     RX        /ERR/LOKO/0x00000002
09:34:29.280  INFO     RX        /ERR/LOKO/0x00000002
09:34:29.280  INFO     RX        /ERR/LOKO/0x00000002
09:34:29.459  INFO     RX        /ERR/LOKO/0x00000002
09:34:29.459  INFO     RX        /ERR/LOKO/0x00000002
09:34:29.459  INFO     RX        /ERR/LOKO/0x00000002
09:34:29.536  INFO     RX        /ERR/LOKO/0x00000002
09:34:29.536  INFO     RX        /ERR/LOKO/0x00000002
09:34:29.536  INFO     RX        /ERR/LOKO/0x00000002
09:34:29.536  INFO     RX        /ERR/LOKO/0x00000002
09:34:29.536  INFO     RX        /ERR/LOKO/0x00000002
09:34:29.536  INFO     RX        /ERR/LOKO/0x00000002
09:34:29.536  INFO     RX        /ERR/LOKO/0x00000002
09:34:29.606  INFO     RX        /ERR/LOKO/0x00000002
09:34:29.606  INFO     RX        /ERR/LOKO/0x00000002
09:34:29.606  INFO     RX        /ERR/LOKO/0x00000002
09:34:29.606  INFO     RX        /ERR/LOKO/0x00000002
09:34:29.606  INFO     RX        /ERR/LOKO/0x00000002
09:34:29.606  INFO     RX        /ERR/LOKO/0x00000002
09:34:29.680  DEBUG    TX /CONTROLL/0,0,0,-26,0,0,0,0,0
09:34:29.689  INFO     RX        /ERR/LOKO/0x00000002
09:34:29.696  INFO     RX        /ERR/LOKO/0x00000002
09:34:29.696  INFO     RX        /ERR/LOKO/0x00000002
09:34:29.696  INFO     RX        /ERR/LOKO/0x00000002
09:34:29.790  INFO     RX        /ERR/LOKO/0x00000002
09:34:29.790  INFO     RX        /ERR/LOKO/0x00000002
09:34:29.862  INFO     RX        /ERR/LOKO/0x00000002
09:34:29.862  INFO     RX        /ERR/LOKO/0x00000002
09:34:29.862  INFO     RX        /ERR/LOKO/0x00000002
09:34:29.862  INFO     RX        /ERR/LOKO/0x00000002
09:34:29.862  INFO     RX        /ERR/LOKO/0x00000002
09:34:29.862  INFO     RX        /ERR/LOKO/0x00000002
09:34:29.957  INFO     RX        /ERR/LOKO/0x00000002
09:34:29.957  INFO     RX        /ERR/LOKO/0x00000002
09:34:29.957  INFO     RX        /ERR/LOKO/0x00000002
09:34:30.201  INFO     RX        /ERR/LOKO/0x00000002
09:34:30.201  INFO     RX        /ERR/LOKO/0x00000002
09:34:30.201  INFO     RX        /ERR/LOKO/0x00000002
09:34:30.201  INFO     RX        /ERR/LOKO/0x00000002
09:34:30.201  INFO     RX        /ERR/LOKO/0x00000002
09:34:30.201  INFO     RX        /ERR/LOKO/0x00000002
09:34:30.286  INFO     RX        /ERR/LOKO/0x00000002
09:34:30.286  INFO     RX        /ERR/LOKO/0x00000002
09:34:30.286  INFO     RX        /ERR/LOKO/0x00000002
09:34:30.286  INFO     RX        /ERR/LOKO/0x00000002
09:34:30.286  INFO     RX        /ERR/LOKO/0x00000002
09:34:30.287  INFO     RX        /ERR/LOKO/0x00000002
09:34:30.486  DEBUG    TX /CONTROLL/0,0,0,-26,0,0,0,0,0
09:34:30.651  INFO     RX        /ERR/LOKO/0x00000002
09:34:30.651  INFO     RX        /ERR/LOKO/0x00000002
09:34:30.651  INFO     RX        /ERR/LOKO/0x00000002
09:34:30.651  INFO     RX        /ERR/LOKO/0x00000002
09:34:30.651  INFO     RX        /ERR/LOKO/0x00000002
09:34:30.651  INFO     RX        /ERR/LOKO/0x00000002
09:34:30.657  INFO     RX        /ERR/LOKO/0x00000002
09:34:30.751  INFO     RX        /ERR/LOKO/0x00000002
09:34:30.751  INFO     RX        /ERR/LOKO/0x00000002
09:34:30.751  INFO     RX        /ERR/LOKO/0x00000002
09:34:30.751  INFO     RX        /ERR/LOKO/0x00000002
09:34:30.751  INFO     RX        /ERR/LOKO/0x00000002
09:34:30.751  INFO     RX        /ERR/LOKO/0x00000002
09:34:30.751  INFO     RX        /ERR/LOKO/0x00000002
09:34:30.751  INFO     RX        /ERR/LOKO/0x00000002
09:34:30.830  INFO     RX        /ERR/LOKO/0x00000002
09:34:30.830  INFO     RX        /ERR/LOKO/0x00000002
09:34:30.830  INFO     RX        /ERR/LOKO/0x00000002
09:34:30.830  INFO     RX        /ERR/LOKO/0x00000002
09:34:30.830  INFO     RX        /ERR/LOKO/0x00000002
09:34:30.830  INFO     RX        /ERR/LOKO/0x00000002
09:34:31.004  INFO     RX        /ERR/LOKO/0x00000002
09:34:31.004  INFO     RX        /ERR/LOKO/0x00000002
09:34:31.004  INFO     RX        /ERR/LOKO/0x00000002
09:34:31.086  INFO     RX        /ERR/LOKO/0x00000002
09:34:31.087  INFO     RX        /ERR/LOKO/0x00000002
09:34:31.087  INFO     RX        /ERR/LOKO/0x00000002
09:34:31.087  INFO     RX        /ERR/LOKO/0x00000002
09:34:31.087  INFO     RX        /ERR/LOKO/0x00000002
09:34:31.087  INFO     RX        /ERR/LOKO/0x00000002
09:34:31.087  INFO     RX        /ERR/LOKO/0x00000002
09:34:31.087  INFO     RX        /ERR/LOKO/0x00000002
09:34:31.156  INFO     RX        /ERR/LOKO/0x00000002
09:34:31.156  INFO     RX        /ERR/LOKO/0x00000002
09:34:31.156  INFO     RX        /ERR/LOKO/0x00000002
09:34:31.156  INFO     RX        /ERR/LOKO/0x00000002
09:34:31.156  INFO     RX        /ERR/LOKO/0x00000002
09:34:31.241  INFO     RX        /ERR/LOKO/0x00000002
09:34:31.241  INFO     RX        /ERR/LOKO/0x00000002
09:34:31.241  INFO     RX        /ERR/LOKO/0x00000002
09:34:31.241  INFO     RX        /ERR/LOKO/0x00000002
09:34:31.290  DEBUG    TX /CONTROLL/0,0,0,-26,0,0,0,0,0
09:34:31.333  INFO     RX        /ERR/LOKO/0x00000002
09:34:31.333  INFO     RX        /ERR/LOKO/0x00000002
09:34:31.333  INFO     RX        /ERR/LOKO/0x00000002
09:34:31.333  INFO     RX        /ERR/LOKO/0x00000002
09:34:31.406  INFO     RX        /ERR/LOKO/0x00000002
09:34:31.406  INFO     RX        /ERR/LOKO/0x00000002
09:34:31.406  INFO     RX        /ERR/LOKO/0x00000002
09:34:31.406  INFO     RX        /ERR/LOKO/0x00000002
09:34:31.407  INFO     RX        /ERR/LOKO/0x00000002
09:34:31.407  INFO     RX        /ERR/LOKO/0x00000002
09:34:31.509  INFO     RX        /ERR/LOKO/0x00000002
09:34:31.509  INFO     RX        /ERR/LOKO/0x00000002
09:34:31.747  INFO     RX        /ERR/LOKO/0x00000002
09:34:31.747  INFO     RX        /ERR/LOKO/0x00000002
09:34:31.747  INFO     RX        /ERR/LOKO/0x00000002
09:34:31.747  INFO     RX        /ERR/LOKO/0x00000002
09:34:31.747  INFO     RX        /ERR/LOKO/0x00000002
09:34:31.747  INFO     RX        /ERR/LOKO/0x00000002
09:34:31.836  INFO     RX        /ERR/LOKO/0x00000002
09:34:31.836  INFO     RX        /ERR/LOKO/0x00000002
09:34:31.836  INFO     RX        /ERR/LOKO/0x00000002
09:34:31.836  INFO     RX        /ERR/LOKO/0x00000002
09:34:31.836  INFO     RX        /ERR/LOKO/0x00000002
09:34:31.836  INFO     RX        /ERR/LOKO/0x00000002
09:34:32.094  DEBUG    TX /CONTROLL/0,0,0,-26,0,0,0,0,0
09:34:32.157  INFO     RX        /ERR/LOKO/0x00000002
09:34:32.157  INFO     RX        /ERR/LOKO/0x00000002
09:34:32.157  INFO     RX        /ERR/LOKO/0x00000002
09:34:32.253  INFO     RX        /ERR/LOKO/0x00000002
09:34:32.253  INFO     RX        /ERR/LOKO/0x00000002
09:34:32.253  INFO     RX        /ERR/LOKO/0x00000002
09:34:32.253  INFO     RX        /ERR/LOKO/0x00000002
09:34:32.253  INFO     RX        /ERR/LOKO/0x00000002
09:34:32.253  INFO     RX        /ERR/LOKO/0x00000002
09:34:32.253  INFO     RX        /ERR/LOKO/0x00000002
09:34:32.253  INFO     RX        /ERR/LOKO/0x00000002
09:34:32.329  INFO     RX        /ERR/LOKO/0x00000002
09:34:32.329  INFO     RX        /ERR/LOKO/0x00000002
09:34:32.329  INFO     RX        /ERR/LOKO/0x00000002
09:34:32.329  INFO     RX        /ERR/LOKO/0x00000002
09:34:32.329  INFO     RX        /ERR/LOKO/0x00000002
09:34:32.329  INFO     RX        /ERR/LOKO/0x00000002
09:34:32.329  INFO     RX        /ERR/LOKO/0x00000002
09:34:32.405  INFO     RX        /ERR/LOKO/0x00000002
09:34:32.405  INFO     RX        /ERR/LOKO/0x00000002
09:34:32.503  INFO     RX        /ERR/LOKO/0x00000002
09:34:32.586  INFO     RX        /ERR/LOKO/0x00000002
09:34:32.586  INFO     RX        /ERR/LOKO/0x00000002
09:34:32.586  INFO     RX        /ERR/LOKO/0x00000002
09:34:32.586  INFO     RX        /ERR/LOKO/0x00000002
09:34:32.586  INFO     RX        /ERR/LOKO/0x00000002
09:34:32.586  INFO     RX        /ERR/LOKO/0x00000002
09:34:32.586  INFO     RX        /ERR/LOKO/0x00000002
09:34:32.655  INFO     RX        /ERR/LOKO/0x00000002
09:34:32.655  INFO     RX        /ERR/LOKO/0x00000002
09:34:32.655  INFO     RX        /ERR/LOKO/0x00000002
09:34:32.655  INFO     RX        /ERR/LOKO/0x00000002
09:34:32.655  INFO     RX        /ERR/LOKO/0x00000002
09:34:32.738  INFO     RX        /ERR/LOKO/0x00000002
09:34:32.739  INFO     RX        /ERR/LOKO/0x00000002
09:34:32.739  INFO     RX        /ERR/LOKO/0x00000002
09:34:32.739  INFO     RX        /ERR/LOKO/0x00000002
09:34:32.739  INFO     RX        /ERR/LOKO/0x00000002
09:34:32.739  INFO     RX        /ERR/LOKO/0x00000002
09:34:32.739  INFO     RX        /ERR/LOKO/0x00000002
09:34:32.739  INFO     RX        /ERR/LOKO/0x00000002
09:34:32.899  DEBUG    TX /CONTROLL/0,0,0,-26,0,0,0,0,0
09:34:32.905  INFO     RX        /ERR/LOKO/0x00000002
09:34:32.905  INFO     RX        /ERR/LOKO/0x00000002
09:34:32.905  INFO     RX        /ERR/LOKO/0x00000002
09:34:32.905  INFO     RX        /ERR/LOKO/0x00000002
09:34:32.905  INFO     RX        /ERR/LOKO/0x00000002
09:34:32.905  INFO     RX        /ERR/LOKO/0x00000002
09:34:32.994  INFO     RX        /ERR/LOKO/0x00000002
09:34:32.995  INFO     RX        /ERR/LOKO/0x00000002
09:34:32.995  INFO     RX        /ERR/LOKO/0x00000002
09:34:32.995  INFO     RX        /ERR/LOKO/0x00000002
09:34:32.995  INFO     RX        /ERR/LOKO/0x00000002
09:34:33.257  INFO     RX        /ERR/LOKO/0x00000002
09:34:33.257  INFO     RX        /ERR/LOKO/0x00000002
09:34:33.332  INFO     RX        /ERR/LOKO/0x00000002
09:34:33.332  INFO     RX        /ERR/LOKO/0x00000002
09:34:33.332  INFO     RX        /ERR/LOKO/0x00000002
09:34:33.332  INFO     RX        /ERR/LOKO/0x00000002
09:34:33.332  INFO     RX        /ERR/LOKO/0x00000002
09:34:33.332  INFO     RX        /ERR/LOKO/0x00000002
09:34:33.332  INFO     RX        /ERR/LOKO/0x00000002
09:34:33.332  INFO     RX        /ERR/LOKO/0x00000002
09:34:33.405  INFO     RX        /ERR/LOKO/0x00000002
09:34:33.702  DEBUG    TX /CONTROLL/0,0,0,0,0,0,0,0,0
09:34:34.504  DEBUG    TX /CONTROLL/0,0,0,0,0,0,0,0,0
09:34:35.307  DEBUG    TX /CONTROLL/0,0,0,0,0,0,0,0,0
09:34:36.113  DEBUG    TX /CONTROLL/0,0,0,0,0,0,0,0,0
09:34:36.917  DEBUG    TX /CONTROLL/0,0,0,0,0,1,0,0,0
09:34:37.318  INFO     RX        /ERR/LOKO/0x00000002
09:34:37.387  INFO     RX        /ERR/LOKO/0x00000002
09:34:37.387  INFO     RX        /ERR/LOKO/0x00000002
09:34:37.387  INFO     RX        /ERR/LOKO/0x00000002
09:34:37.387  INFO     RX        /ERR/LOKO/0x00000002
09:34:37.387  INFO     RX        /ERR/LOKO/0x00000002
09:34:37.387  INFO     RX        /ERR/LOKO/0x00000002
09:34:37.387  INFO     RX        /ERR/LOKO/0x00000002
09:34:37.475  INFO     RX        /ERR/LOKO/0x00000002
09:34:37.475  INFO     RX        /ERR/LOKO/0x00000002
09:34:37.475  INFO     RX        /ERR/LOKO/0x00000002
09:34:37.475  INFO     RX        /ERR/LOKO/0x00000002
09:34:37.475  INFO     RX        /ERR/LOKO/0x00000002
09:34:37.475  INFO     RX        /ERR/LOKO/0x00000002
09:34:37.475  INFO     RX        /ERR/LOKO/0x00000002
09:34:37.555  INFO     RX        /ERR/LOKO/0x00000002
09:34:37.555  INFO     RX        /ERR/LOKO/0x00000002
09:34:37.555  INFO     RX        /ERR/LOKO/0x00000002
09:34:37.555  INFO     RX        /ERR/LOKO/0x00000002
09:34:37.555  INFO     RX        /ERR/LOKO/0x00000002
09:34:37.555  INFO     RX        /ERR/LOKO/0x00000002
09:34:37.555  INFO     RX        /ERR/LOKO/0x00000002
09:34:37.647  INFO     RX        /ERR/LOKO/0x00000002
09:34:37.647  INFO     RX        /ERR/LOKO/0x00000002
09:34:37.647  INFO     RX        /ERR/LOKO/0x00000002
09:34:37.647  INFO     RX        /ERR/LOKO/0x00000002
09:34:37.647  INFO     RX        /ERR/LOKO/0x00000002
09:34:37.647  INFO     RX        /ERR/LOKO/0x00000002
09:34:37.647  INFO     RX        /ERR/LOKO/0x00000002
09:34:37.647  INFO     RX        /ERR/LOKO/0x00000002
09:34:37.723  INFO     RX        /ERR/LOKO/0x00000002
09:34:37.723  INFO     RX        /ERR/LOKO/0x00000002
09:34:37.723  INFO     RX        /ERR/LOKO/0x00000002
09:34:37.723  INFO     RX        /ERR/LOKO/0x00000002
09:34:37.723  INFO     RX        /ERR/LOKO/0x00000002
09:34:37.723  INFO     RX        /ERR/LOKO/0x00000002
09:34:37.723  INFO     RX        /ERR/LOKO/0x00000002
09:34:37.725  DEBUG    TX /CONTROLL/0,0,0,0,0,0,0,0,0
09:34:37.807  INFO     RX        /ERR/LOKO/0x00000002
09:34:37.807  INFO     RX        /ERR/LOKO/0x00000002
09:34:37.807  INFO     RX        /ERR/LOKO/0x00000002
09:34:37.807  INFO     RX        /ERR/LOKO/0x00000002
09:34:37.807  INFO     RX        /ERR/LOKO/0x00000002
09:34:37.807  INFO     RX        /ERR/LOKO/0x00000002
09:34:37.807  INFO     RX        /ERR/LOKO/0x00000002
09:34:37.897  INFO     RX        /ERR/LOKO/0x00000002
09:34:37.897  INFO     RX        /ERR/LOKO/0x00000002
09:34:37.897  INFO     RX        /ERR/LOKO/0x00000002
09:34:37.897  INFO     RX        /ERR/LOKO/0x00000002
09:34:37.897  INFO     RX        /ERR/LOKO/0x00000002
09:34:37.897  INFO     RX        /ERR/LOKO/0x00000002
09:34:37.897  INFO     RX        /ERR/LOKO/0x00000002
09:34:37.897  INFO     RX        /ERR/LOKO/0x00000002
09:34:37.980  INFO     RX        /ERR/LOKO/0x00000002
09:34:37.980  INFO     RX        /ERR/LOKO/0x00000002
09:34:37.980  INFO     RX        /ERR/LOKO/0x00000002
09:34:37.980  INFO     RX        /ERR/LOKO/0x00000002
09:34:37.980  INFO     RX        /ERR/LOKO/0x00000002
09:34:37.980  INFO     RX        /ERR/LOKO/0x00000002
09:34:37.980  INFO     RX        /ERR/LOKO/0x00000002
09:34:38.055  INFO     RX        /ERR/LOKO/0x00000002
09:34:38.055  INFO     RX        /ERR/LOKO/0x00000002
09:34:38.055  INFO     RX        /ERR/LOKO/0x00000002
09:34:38.055  INFO     RX        /ERR/LOKO/0x00000002
09:34:38.055  INFO     RX        /ERR/LOKO/0x00000002
09:34:38.055  INFO     RX        /ERR/LOKO/0x00000002
09:34:38.144  INFO     RX        /ERR/LOKO/0x00000002
09:34:38.144  INFO     RX        /ERR/LOKO/0x00000002
09:34:38.144  INFO     RX        /ERR/LOKO/0x00000002
09:34:38.144  INFO     RX        /ERR/LOKO/0x00000002
09:34:38.144  INFO     RX        /ERR/LOKO/0x00000002
09:34:38.144  INFO     RX        /ERR/LOKO/0x00000002
09:34:38.144  INFO     RX        /ERR/LOKO/0x00000002
09:34:38.144  INFO     RX        /ERR/LOKO/0x00000002
09:34:38.225  INFO     RX        /ERR/LOKO/0x00000002
09:34:38.226  INFO     RX        /ERR/LOKO/0x00000002
09:34:38.226  INFO     RX        /ERR/LOKO/0x00000002
09:34:38.226  INFO     RX        /ERR/LOKO/0x00000002
09:34:38.226  INFO     RX        /ERR/LOKO/0x00000002
09:34:38.226  INFO     RX        /ERR/LOKO/0x00000002
09:34:38.226  INFO     RX        /ERR/LOKO/0x00000002
09:34:38.305  INFO     RX        /ERR/LOKO/0x00000002
09:34:38.306  INFO     RX        /ERR/LOKO/0x00000002
09:34:38.306  INFO     RX        /ERR/LOKO/0x00000002
09:34:38.306  INFO     RX        /ERR/LOKO/0x00000002
09:34:38.306  INFO     RX        /ERR/LOKO/0x00000002
09:34:38.306  INFO     RX        /ERR/LOKO/0x00000002
09:34:38.391  INFO     RX        /ERR/LOKO/0x00000002
09:34:38.391  INFO     RX        /ERR/LOKO/0x00000002
09:34:38.391  INFO     RX        /ERR/LOKO/0x00000002
09:34:38.391  INFO     RX        /ERR/LOKO/0x00000002
09:34:38.391  INFO     RX        /ERR/LOKO/0x00000002
09:34:38.391  INFO     RX        /ERR/LOKO/0x00000002
09:34:38.391  INFO     RX        /ERR/LOKO/0x00000002
09:34:38.391  INFO     RX        /ERR/LOKO/0x00000002
09:34:38.469  INFO     RX        /ERR/LOKO/0x00000002
09:34:38.469  INFO     RX        /ERR/LOKO/0x00000002
09:34:38.469  INFO     RX        /ERR/LOKO/0x00000002
09:34:38.469  INFO     RX        /ERR/LOKO/0x00000002
09:34:38.469  INFO     RX        /ERR/LOKO/0x00000002
09:34:38.469  INFO     RX        /ERR/LOKO/0x00000002
09:34:38.469  INFO     RX        /ERR/LOKO/0x00000002
09:34:38.529  DEBUG    TX /CONTROLL/0,0,0,0,0,-1,0,0,0
09:34:38.556  INFO     RX        /ERR/LOKO/0x00000002
09:34:38.556  INFO     RX        /ERR/LOKO/0x00000002
09:34:38.556  INFO     RX        /ERR/LOKO/0x00000002
09:34:38.556  INFO     RX        /ERR/LOKO/0x00000002
09:34:38.557  INFO     RX        /ERR/LOKO/0x00000002
09:34:38.557  INFO     RX        /ERR/LOKO/0x00000002
09:34:38.557  INFO     RX        /ERR/LOKO/0x00000002
09:34:38.648  INFO     RX        /ERR/LOKO/0x00000002
09:34:38.648  INFO     RX        /ERR/LOKO/0x00000002
09:34:38.648  INFO     RX        /ERR/LOKO/0x00000002
09:34:38.648  INFO     RX        /ERR/LOKO/0x00000002
09:34:38.648  INFO     RX        /ERR/LOKO/0x00000002
09:34:38.648  INFO     RX        /ERR/LOKO/0x00000002
09:34:38.648  INFO     RX        /ERR/LOKO/0x00000002
09:34:38.648  INFO     RX        /ERR/LOKO/0x00000002
09:34:38.725  INFO     RX        /ERR/LOKO/0x00000002
09:34:38.725  INFO     RX        /ERR/LOKO/0x00000002
09:34:38.725  INFO     RX        /ERR/LOKO/0x00000002
09:34:38.725  INFO     RX        /ERR/LOKO/0x00000002
09:34:38.725  INFO     RX        /ERR/LOKO/0x00000002
09:34:38.725  INFO     RX        /ERR/LOKO/0x00000002
09:34:38.725  INFO     RX        /ERR/LOKO/0x00000002
09:34:38.806  INFO     RX        /ERR/LOKO/0x00000002
09:34:38.806  INFO     RX        /ERR/LOKO/0x00000002
09:34:38.806  INFO     RX        /ERR/LOKO/0x00000002
09:34:38.806  INFO     RX        /ERR/LOKO/0x00000002
09:34:38.806  INFO     RX        /ERR/LOKO/0x00000002
09:34:38.806  INFO     RX        /ERR/LOKO/0x00000002
09:34:38.806  INFO     RX        /ERR/LOKO/0x00000002
09:34:38.887  INFO     RX        /ERR/LOKO/0x00000002
09:34:38.887  INFO     RX        /ERR/LOKO/0x00000002
09:34:38.887  INFO     RX        /ERR/LOKO/0x00000002
09:34:38.887  INFO     RX        /ERR/LOKO/0x00000002
09:34:38.887  INFO     RX        /ERR/LOKO/0x00000002
09:34:38.887  INFO     RX        /ERR/LOKO/0x00000002
09:34:38.887  INFO     RX        /ERR/LOKO/0x00000002
09:34:38.980  INFO     RX        /ERR/LOKO/0x00000002
09:34:38.981  INFO     RX        /ERR/LOKO/0x00000002
09:34:38.981  INFO     RX        /ERR/LOKO/0x00000002
09:34:38.981  INFO     RX        /ERR/LOKO/0x00000002
09:34:38.981  INFO     RX        /ERR/LOKO/0x00000002
09:34:38.981  INFO     RX        /ERR/LOKO/0x00000002
09:34:38.981  INFO     RX        /ERR/LOKO/0x00000002
09:34:38.981  INFO     RX        /ERR/LOKO/0x00000002
09:34:39.055  INFO     RX        /ERR/LOKO/0x00000002
09:34:39.055  INFO     RX        /ERR/LOKO/0x00000002
09:34:39.055  INFO     RX        /ERR/LOKO/0x00000002
09:34:39.055  INFO     RX        /ERR/LOKO/0x00000002
09:34:39.055  INFO     RX        /ERR/LOKO/0x00000002
09:34:39.055  INFO     RX        /ERR/LOKO/0x00000002
09:34:39.152  INFO     RX        /ERR/LOKO/0x00000002
09:34:39.152  INFO     RX        /ERR/LOKO/0x00000002
09:34:39.152  INFO     RX        /ERR/LOKO/0x00000002
09:34:39.152  INFO     RX        /ERR/LOKO/0x00000002
09:34:39.152  INFO     RX        /ERR/LOKO/0x00000002
09:34:39.152  INFO     RX        /ERR/LOKO/0x00000002
09:34:39.152  INFO     RX        /ERR/LOKO/0x00000002
09:34:39.152  INFO     RX        /ERR/LOKO/0x00000002
09:34:39.226  INFO     RX        /ERR/LOKO/0x00000002
09:34:39.226  INFO     RX        /ERR/LOKO/0x00000002
09:34:39.226  INFO     RX        /ERR/LOKO/0x00000002
09:34:39.226  INFO     RX        /ERR/LOKO/0x00000002
09:34:39.226  INFO     RX        /ERR/LOKO/0x00000002
09:34:39.226  INFO     RX        /ERR/LOKO/0x00000002
09:34:39.226  INFO     RX        /ERR/LOKO/0x00000002
09:34:39.306  INFO     RX        /ERR/LOKO/0x00000002
09:34:39.306  INFO     RX        /ERR/LOKO/0x00000002
09:34:39.306  INFO     RX        /ERR/LOKO/0x00000002
09:34:39.306  INFO     RX        /ERR/LOKO/0x00000002
09:34:39.306  INFO     RX        /ERR/LOKO/0x00000002
09:34:39.306  INFO     RX        /ERR/LOKO/0x00000002
09:34:39.306  INFO     RX        /ERR/LOKO/0x00000002
09:34:39.336  DEBUG    TX /CONTROLL/0,0,0,0,0,0,0,0,0
09:34:39.388  INFO     RX        /ERR/LOKO/0x00000002
09:34:39.388  INFO     RX        /ERR/LOKO/0x00000002
09:34:39.388  INFO     RX        /ERR/LOKO/0x00000002
09:34:39.388  INFO     RX        /ERR/LOKO/0x00000002
09:34:39.388  INFO     RX        /ERR/LOKO/0x00000002
09:34:39.388  INFO     RX        /ERR/LOKO/0x00000002
09:34:39.388  INFO     RX        /ERR/LOKO/0x00000002
09:34:39.469  INFO     RX        /ERR/LOKO/0x00000002
09:34:39.469  INFO     RX        /ERR/LOKO/0x00000002
09:34:39.469  INFO     RX        /ERR/LOKO/0x00000002
09:34:39.469  INFO     RX        /ERR/LOKO/0x00000002
09:34:39.469  INFO     RX        /ERR/LOKO/0x00000002
09:34:39.469  INFO     RX        /ERR/LOKO/0x00000002
09:34:39.469  INFO     RX        /ERR/LOKO/0x00000002
09:34:39.566  INFO     RX        /ERR/LOKO/0x00000002
09:34:39.566  INFO     RX        /ERR/LOKO/0x00000002
09:34:39.566  INFO     RX        /ERR/LOKO/0x00000002
09:34:39.566  INFO     RX        /ERR/LOKO/0x00000002
09:34:39.566  INFO     RX        /ERR/LOKO/0x00000002
09:34:39.566  INFO     RX        /ERR/LOKO/0x00000002
09:34:39.566  INFO     RX        /ERR/LOKO/0x00000002
09:34:39.569  INFO     RX        /ERR/LOKO/0x00000002
09:34:39.657  INFO     RX        /ERR/LOKO/0x00000002
09:34:39.658  INFO     RX        /ERR/LOKO/0x00000002
09:34:39.658  INFO     RX        /ERR/LOKO/0x00000002
09:34:39.658  INFO     RX        /ERR/LOKO/0x00000002
09:34:39.658  INFO     RX        /ERR/LOKO/0x00000002
09:34:39.658  INFO     RX        /ERR/LOKO/0x00000002
09:34:39.658  INFO     RX        /ERR/LOKO/0x00000002
09:34:39.658  INFO     RX        /ERR/LOKO/0x00000002
09:34:39.740  INFO     RX        /ERR/LOKO/0x00000002
09:34:39.740  INFO     RX        /ERR/LOKO/0x00000002
09:34:39.740  INFO     RX        /ERR/LOKO/0x00000002
09:34:39.740  INFO     RX        /ERR/LOKO/0x00000002
09:34:39.740  INFO     RX        /ERR/LOKO/0x00000002
09:34:39.740  INFO     RX        /ERR/LOKO/0x00000002
09:34:39.740  INFO     RX        /ERR/LOKO/0x00000002
09:34:39.807  INFO     RX        /ERR/LOKO/0x00000002
09:34:39.807  INFO     RX        /ERR/LOKO/0x00000002
09:34:39.807  INFO     RX        /ERR/LOKO/0x00000002
09:34:39.807  INFO     RX        /ERR/LOKO/0x00000002
09:34:39.807  INFO     RX        /ERR/LOKO/0x00000002
09:34:39.807  INFO     RX        /ERR/LOKO/0x00000002
09:34:39.888  INFO     RX        /ERR/LOKO/0x00000002
09:34:39.888  INFO     RX        /ERR/LOKO/0x00000002
09:34:39.888  INFO     RX        /ERR/LOKO/0x00000002
09:34:39.888  INFO     RX        /ERR/LOKO/0x00000002
09:34:39.888  INFO     RX        /ERR/LOKO/0x00000002
09:34:39.888  INFO     RX        /ERR/LOKO/0x00000002
09:34:39.888  INFO     RX        /ERR/LOKO/0x00000002
09:34:39.970  INFO     RX        /ERR/LOKO/0x00000002
09:34:39.970  INFO     RX        /ERR/LOKO/0x00000002
09:34:39.970  INFO     RX        /ERR/LOKO/0x00000002
09:34:39.970  INFO     RX        /ERR/LOKO/0x00000002
09:34:39.970  INFO     RX        /ERR/LOKO/0x00000002
09:34:39.970  INFO     RX        /ERR/LOKO/0x00000002
09:34:39.970  INFO     RX        /ERR/LOKO/0x00000002
09:34:40.055  INFO     RX        /ERR/LOKO/0x00000002
09:34:40.055  INFO     RX        /ERR/LOKO/0x00000002
09:34:40.055  INFO     RX        /ERR/LOKO/0x00000002
09:34:40.055  INFO     RX        /ERR/LOKO/0x00000002
09:34:40.055  INFO     RX        /ERR/LOKO/0x00000002
09:34:40.055  INFO     RX        /ERR/LOKO/0x00000002
09:34:40.055  INFO     RX        /ERR/LOKO/0x00000002
09:34:40.140  DEBUG    TX /CONTROLL/0,0,0,0,0,0,0,0,0
09:34:40.147  INFO     RX        /ERR/LOKO/0x00000002
09:34:40.147  INFO     RX        /ERR/LOKO/0x00000002
09:34:40.147  INFO     RX        /ERR/LOKO/0x00000002
09:34:40.147  INFO     RX        /ERR/LOKO/0x00000002
09:34:40.147  INFO     RX        /ERR/LOKO/0x00000002
09:34:40.147  INFO     RX        /ERR/LOKO/0x00000002
09:34:40.147  INFO     RX        /ERR/LOKO/0x00000002
09:34:40.147  INFO     RX        /ERR/LOKO/0x00000002
09:34:40.259  INFO     RX        /ERR/LOKO/0x00000002
09:34:40.259  INFO     RX        /ERR/LOKO/0x00000002
09:34:40.259  INFO     RX        /ERR/LOKO/0x00000002
09:34:40.259  INFO     RX        /ERR/LOKO/0x00000002
09:34:40.259  INFO     RX        /ERR/LOKO/0x00000002
09:34:40.259  INFO     RX        /ERR/LOKO/0x00000002
09:34:40.259  INFO     RX        /ERR/LOKO/0x00000002
09:34:40.305  INFO     RX        /ERR/LOKO/0x00000002
09:34:40.305  INFO     RX        /ERR/LOKO/0x00000002
09:34:40.305  INFO     RX        /ERR/LOKO/0x00000002
09:34:40.305  INFO     RX        /ERR/LOKO/0x00000002
09:34:40.305  INFO     RX        /ERR/LOKO/0x00000002
09:34:40.305  INFO     RX        /ERR/LOKO/0x00000002
09:34:40.308  INFO     RX        /ERR/LOKO/0x00000002
09:34:40.394  INFO     RX        /ERR/LOKO/0x00000002
09:34:40.394  INFO     RX        /ERR/LOKO/0x00000002
09:34:40.394  INFO     RX        /ERR/LOKO/0x00000002
09:34:40.394  INFO     RX        /ERR/LOKO/0x00000002
09:34:40.394  INFO     RX        /ERR/LOKO/0x00000002
09:34:40.394  INFO     RX        /ERR/LOKO/0x00000002
09:34:40.394  INFO     RX        /ERR/LOKO/0x00000002
09:34:40.474  INFO     RX        /ERR/LOKO/0x00000002
09:34:40.475  INFO     RX        /ERR/LOKO/0x00000002
09:34:40.475  INFO     RX        /ERR/LOKO/0x00000002
09:34:40.475  INFO     RX        /ERR/LOKO/0x00000002
09:34:40.475  INFO     RX        /ERR/LOKO/0x00000002
09:34:40.475  INFO     RX        /ERR/LOKO/0x00000002
09:34:40.475  INFO     RX        /ERR/LOKO/0x00000002
09:34:40.555  INFO     RX        /ERR/LOKO/0x00000002
09:34:40.555  INFO     RX        /ERR/LOKO/0x00000002
09:34:40.555  INFO     RX        /ERR/LOKO/0x00000002
09:34:40.555  INFO     RX        /ERR/LOKO/0x00000002
09:34:40.555  INFO     RX        /ERR/LOKO/0x00000002
09:34:40.555  INFO     RX        /ERR/LOKO/0x00000002
09:34:40.555  INFO     RX        /ERR/LOKO/0x00000002
09:34:40.637  INFO     RX        /ERR/LOKO/0x00000002
09:34:40.637  INFO     RX        /ERR/LOKO/0x00000002
09:34:40.637  INFO     RX        /ERR/LOKO/0x00000002
09:34:40.637  INFO     RX        /ERR/LOKO/0x00000002
09:34:40.637  INFO     RX        /ERR/LOKO/0x00000002
09:34:40.637  INFO     RX        /ERR/LOKO/0x00000002
09:34:40.637  INFO     RX        /ERR/LOKO/0x00000002
09:34:40.728  INFO     RX        /ERR/LOKO/0x00000002
09:34:40.728  INFO     RX        /ERR/LOKO/0x00000002
09:34:40.728  INFO     RX        /ERR/LOKO/0x00000002
09:34:40.728  INFO     RX        /ERR/LOKO/0x00000002
09:34:40.728  INFO     RX        /ERR/LOKO/0x00000002
09:34:40.728  INFO     RX        /ERR/LOKO/0x00000002
09:34:40.728  INFO     RX        /ERR/LOKO/0x00000002
09:34:40.728  INFO     RX        /ERR/LOKO/0x00000002
09:34:40.806  INFO     RX        /ERR/LOKO/0x00000002
09:34:40.806  INFO     RX        /ERR/LOKO/0x00000002
09:34:40.806  INFO     RX        /ERR/LOKO/0x00000002
09:34:40.806  INFO     RX        /ERR/LOKO/0x00000002
09:34:40.806  INFO     RX        /ERR/LOKO/0x00000002
09:34:40.806  INFO     RX        /ERR/LOKO/0x00000002
09:34:40.892  INFO     RX        /ERR/LOKO/0x00000002
09:34:40.892  INFO     RX        /ERR/LOKO/0x00000002
09:34:40.892  INFO     RX        /ERR/LOKO/0x00000002
09:34:40.892  INFO     RX        /ERR/LOKO/0x00000002
09:34:40.892  INFO     RX        /ERR/LOKO/0x00000002
09:34:40.892  INFO     RX        /ERR/LOKO/0x00000002
09:34:40.893  INFO     RX        /ERR/LOKO/0x00000002
09:34:40.893  INFO     RX        /ERR/LOKO/0x00000002
09:34:40.948  DEBUG    TX /CONTROLL/0,0,0,0,0,0,0,0,0
09:34:40.974  INFO     RX        /ERR/LOKO/0x00000002
09:34:40.974  INFO     RX        /ERR/LOKO/0x00000002
09:34:40.974  INFO     RX        /ERR/LOKO/0x00000002
09:34:40.974  INFO     RX        /ERR/LOKO/0x00000002
09:34:40.974  INFO     RX        /ERR/LOKO/0x00000002
09:34:40.974  INFO     RX        /ERR/LOKO/0x00000002
09:34:40.974  INFO     RX        /ERR/LOKO/0x00000002
09:34:41.055  INFO     RX        /ERR/LOKO/0x00000002
09:34:41.055  INFO     RX        /ERR/LOKO/0x00000002
09:34:41.055  INFO     RX        /ERR/LOKO/0x00000002
09:34:41.055  INFO     RX        /ERR/LOKO/0x00000002
09:34:41.055  INFO     RX        /ERR/LOKO/0x00000002
09:34:41.055  INFO     RX        /ERR/LOKO/0x00000002
09:34:41.055  INFO     RX        /ERR/LOKO/0x00000002
09:34:41.155  INFO     RX        /ERR/LOKO/0x00000002
09:34:41.155  INFO     RX        /ERR/LOKO/0x00000002
09:34:41.155  INFO     RX        /ERR/LOKO/0x00000002
09:34:41.155  INFO     RX        /ERR/LOKO/0x00000002
09:34:41.155  INFO     RX        /ERR/LOKO/0x00000002
09:34:41.155  INFO     RX        /ERR/LOKO/0x00000002
09:34:41.155  INFO     RX        /ERR/LOKO/0x00000002
09:34:41.155  INFO     RX        /ERR/LOKO/0x00000002
09:34:41.231  INFO     RX        /ERR/LOKO/0x00000002
09:34:41.231  INFO     RX        /ERR/LOKO/0x00000002
09:34:41.231  INFO     RX        /ERR/LOKO/0x00000002
09:34:41.231  INFO     RX        /ERR/LOKO/0x00000002
09:34:41.231  INFO     RX        /ERR/LOKO/0x00000002
09:34:41.231  INFO     RX        /ERR/LOKO/0x00000002
09:34:41.231  INFO     RX        /ERR/LOKO/0x00000002
09:34:41.306  INFO     RX        /ERR/LOKO/0x00000002
09:34:41.307  INFO     RX        /ERR/LOKO/0x00000002
09:34:41.307  INFO     RX        /ERR/LOKO/0x00000002
09:34:41.307  INFO     RX        /ERR/LOKO/0x00000002
09:34:41.307  INFO     RX        /ERR/LOKO/0x00000002
09:34:41.307  INFO     RX        /ERR/LOKO/0x00000002
09:34:41.393  INFO     RX        /ERR/LOKO/0x00000002
09:34:41.393  INFO     RX        /ERR/LOKO/0x00000002
09:34:41.393  INFO     RX        /ERR/LOKO/0x00000002
09:34:41.393  INFO     RX        /ERR/LOKO/0x00000002
09:34:41.393  INFO     RX        /ERR/LOKO/0x00000002
09:34:41.393  INFO     RX        /ERR/LOKO/0x00000002
09:34:41.393  INFO     RX        /ERR/LOKO/0x00000002
09:34:41.393  INFO     RX        /ERR/LOKO/0x00000002
09:34:41.475  INFO     RX        /ERR/LOKO/0x00000002
09:34:41.475  INFO     RX        /ERR/LOKO/0x00000002
09:34:41.475  INFO     RX        /ERR/LOKO/0x00000002
09:34:41.475  INFO     RX        /ERR/LOKO/0x00000002
09:34:41.475  INFO     RX        /ERR/LOKO/0x00000002
09:34:41.475  INFO     RX        /ERR/LOKO/0x00000002
09:34:41.475  INFO     RX        /ERR/LOKO/0x00000002
09:34:41.555  INFO     RX        /ERR/LOKO/0x00000002
09:34:41.556  INFO     RX        /ERR/LOKO/0x00000002
09:34:41.556  INFO     RX        /ERR/LOKO/0x00000002
09:34:41.556  INFO     RX        /ERR/LOKO/0x00000002
09:34:41.556  INFO     RX        /ERR/LOKO/0x00000002
09:34:41.556  INFO     RX        /ERR/LOKO/0x00000002
09:34:41.556  INFO     RX        /ERR/LOKO/0x00000002
09:34:41.648  INFO     RX        /ERR/LOKO/0x00000002
09:34:41.648  INFO     RX        /ERR/LOKO/0x00000002
09:34:41.648  INFO     RX        /ERR/LOKO/0x00000002
09:34:41.648  INFO     RX        /ERR/LOKO/0x00000002
09:34:41.648  INFO     RX        /ERR/LOKO/0x00000002
09:34:41.648  INFO     RX        /ERR/LOKO/0x00000002
09:34:41.648  INFO     RX        /ERR/LOKO/0x00000002
09:34:41.648  INFO     RX        /ERR/LOKO/0x00000002
09:34:41.730  INFO     RX        /ERR/LOKO/0x00000002
09:34:41.730  INFO     RX        /ERR/LOKO/0x00000002
09:34:41.730  INFO     RX        /ERR/LOKO/0x00000002
09:34:41.730  INFO     RX        /ERR/LOKO/0x00000002
09:34:41.730  INFO     RX        /ERR/LOKO/0x00000002
09:34:41.730  INFO     RX        /ERR/LOKO/0x00000002
09:34:41.730  INFO     RX        /ERR/LOKO/0x00000002
09:34:41.753  DEBUG    TX /CONTROLL/0,0,0,0,0,0,0,0,0
09:34:41.806  INFO     RX        /ERR/LOKO/0x00000002
09:34:41.806  INFO     RX        /ERR/LOKO/0x00000002
09:34:41.806  INFO     RX        /ERR/LOKO/0x00000002
09:34:41.806  INFO     RX        /ERR/LOKO/0x00000002
09:34:41.806  INFO     RX        /ERR/LOKO/0x00000002
09:34:41.806  INFO     RX        /ERR/LOKO/0x00000002
09:34:41.894  INFO     RX        /ERR/LOKO/0x00000002
09:34:41.894  INFO     RX        /ERR/LOKO/0x00000002
09:34:41.894  INFO     RX        /ERR/LOKO/0x00000002
09:34:41.894  INFO     RX        /ERR/LOKO/0x00000002
09:34:41.894  INFO     RX        /ERR/LOKO/0x00000002
09:34:41.894  INFO     RX        /ERR/LOKO/0x00000002
09:34:41.894  INFO     RX        /ERR/LOKO/0x00000002
09:34:41.894  INFO     RX        /ERR/LOKO/0x00000002
09:34:41.975  INFO     RX        /ERR/LOKO/0x00000002
09:34:41.975  INFO     RX        /ERR/LOKO/0x00000002
09:34:41.975  INFO     RX        /ERR/LOKO/0x00000002
09:34:41.975  INFO     RX        /ERR/LOKO/0x00000002
09:34:41.975  INFO     RX        /ERR/LOKO/0x00000002
09:34:41.975  INFO     RX        /ERR/LOKO/0x00000002
09:34:41.975  INFO     RX        /ERR/LOKO/0x00000002
09:34:42.056  INFO     RX        /ERR/LOKO/0x00000002
09:34:42.056  INFO     RX        /ERR/LOKO/0x00000002
09:34:42.056  INFO     RX        /ERR/LOKO/0x00000002
09:34:42.056  INFO     RX        /ERR/LOKO/0x00000002
09:34:42.056  INFO     RX        /ERR/LOKO/0x00000002
09:34:42.056  INFO     RX        /ERR/LOKO/0x00000002
09:34:42.056  INFO     RX        /ERR/LOKO/0x00000002
09:34:42.157  INFO     RX        /ERR/LOKO/0x00000002
09:34:42.157  INFO     RX        /ERR/LOKO/0x00000002
09:34:42.157  INFO     RX        /ERR/LOKO/0x00000002
09:34:42.157  INFO     RX        /ERR/LOKO/0x00000002
09:34:42.157  INFO     RX        /ERR/LOKO/0x00000002
09:34:42.157  INFO     RX        /ERR/LOKO/0x00000002
09:34:42.157  INFO     RX        /ERR/LOKO/0x00000002
09:34:42.157  INFO     RX        /ERR/LOKO/0x00000002
09:34:42.231  INFO     RX        /ERR/LOKO/0x00000002
09:34:42.231  INFO     RX        /ERR/LOKO/0x00000002
09:34:42.231  INFO     RX        /ERR/LOKO/0x00000002
09:34:42.231  INFO     RX        /ERR/LOKO/0x00000002
09:34:42.231  INFO     RX        /ERR/LOKO/0x00000002
09:34:42.231  INFO     RX        /ERR/LOKO/0x00000002
09:34:42.231  INFO     RX        /ERR/LOKO/0x00000002
09:34:42.306  INFO     RX        /ERR/LOKO/0x00000002
09:34:42.306  INFO     RX        /ERR/LOKO/0x00000002
09:34:42.306  INFO     RX        /ERR/LOKO/0x00000002
09:34:42.306  INFO     RX        /ERR/LOKO/0x00000002
09:34:42.306  INFO     RX        /ERR/LOKO/0x00000002
09:34:42.306  INFO     RX        /ERR/LOKO/0x00000002
09:34:42.393  INFO     RX        /ERR/LOKO/0x00000002
09:34:42.393  INFO     RX        /ERR/LOKO/0x00000002
09:34:42.393  INFO     RX        /ERR/LOKO/0x00000002
09:34:42.393  INFO     RX        /ERR/LOKO/0x00000002
09:34:42.393  INFO     RX        /ERR/LOKO/0x00000002
09:34:42.393  INFO     RX        /ERR/LOKO/0x00000002
09:34:42.393  INFO     RX        /ERR/LOKO/0x00000002
09:34:42.393  INFO     RX        /ERR/LOKO/0x00000002
09:34:42.476  INFO     RX        /ERR/LOKO/0x00000002
09:34:42.476  INFO     RX        /ERR/LOKO/0x00000002
09:34:42.476  INFO     RX        /ERR/LOKO/0x00000002
09:34:42.476  INFO     RX        /ERR/LOKO/0x00000002
09:34:42.476  INFO     RX        /ERR/LOKO/0x00000002
09:34:42.476  INFO     RX        /ERR/LOKO/0x00000002
09:34:42.476  INFO     RX        /ERR/LOKO/0x00000002
09:34:42.555  DEBUG    TX /CONTROLL/0,0,0,0,0,0,0,0,0
09:34:42.557  INFO     RX        /ERR/LOKO/0x00000002
09:34:42.557  INFO     RX        /ERR/LOKO/0x00000002
09:34:42.557  INFO     RX        /ERR/LOKO/0x00000002
09:34:42.557  INFO     RX        /ERR/LOKO/0x00000002
09:34:42.557  INFO     RX        /ERR/LOKO/0x00000002
09:34:42.557  INFO     RX        /ERR/LOKO/0x00000002
09:34:42.557  INFO     RX        /ERR/LOKO/0x00000002
09:34:42.641  INFO     RX        /ERR/LOKO/0x00000002
09:34:42.641  INFO     RX        /ERR/LOKO/0x00000002
09:34:42.641  INFO     RX        /ERR/LOKO/0x00000002
09:34:42.641  INFO     RX        /ERR/LOKO/0x00000002
09:34:42.641  INFO     RX        /ERR/LOKO/0x00000002
09:34:42.641  INFO     RX        /ERR/LOKO/0x00000002
09:34:42.641  INFO     RX        /ERR/LOKO/0x00000002
09:34:42.729  INFO     RX        /ERR/LOKO/0x00000002
09:34:42.729  INFO     RX        /ERR/LOKO/0x00000002
09:34:42.729  INFO     RX        /ERR/LOKO/0x00000002
09:34:42.729  INFO     RX        /ERR/LOKO/0x00000002
09:34:42.729  INFO     RX        /ERR/LOKO/0x00000002
09:34:42.729  INFO     RX        /ERR/LOKO/0x00000002
09:34:42.729  INFO     RX        /ERR/LOKO/0x00000002
09:34:42.807  INFO     RX        /ERR/LOKO/0x00000002
09:34:42.807  INFO     RX        /ERR/LOKO/0x00000002
09:34:42.807  INFO     RX        /ERR/LOKO/0x00000002
09:34:42.807  INFO     RX        /ERR/LOKO/0x00000002
09:34:42.807  INFO     RX        /ERR/LOKO/0x00000002
09:34:42.807  INFO     RX        /ERR/LOKO/0x00000002
09:34:42.807  INFO     RX        /ERR/LOKO/0x00000002
09:34:42.894  INFO     RX        /ERR/LOKO/0x00000002
09:34:42.894  INFO     RX        /ERR/LOKO/0x00000002
09:34:42.894  INFO     RX        /ERR/LOKO/0x00000002
09:34:42.894  INFO     RX        /ERR/LOKO/0x00000002
09:34:42.894  INFO     RX        /ERR/LOKO/0x00000002
09:34:42.894  INFO     RX        /ERR/LOKO/0x00000002
09:34:42.894  INFO     RX        /ERR/LOKO/0x00000002
09:34:42.894  INFO     RX        /ERR/LOKO/0x00000002
09:34:43.047  INFO     RX        /ERR/LOKO/0x00000002
09:34:43.047  INFO     RX        /ERR/LOKO/0x00000002
09:34:43.047  INFO     RX        /ERR/LOKO/0x00000002
09:34:43.047  INFO     RX        /ERR/LOKO/0x00000002
09:34:43.047  INFO     RX        /ERR/LOKO/0x00000002
09:34:43.047  INFO     RX        /ERR/LOKO/0x00000002
09:34:43.047  INFO     RX        /ERR/LOKO/0x00000002
09:34:43.055  INFO     RX        /ERR/LOKO/0x00000002
09:34:43.055  INFO     RX        /ERR/LOKO/0x00000002
09:34:43.055  INFO     RX        /ERR/LOKO/0x00000002
09:34:43.055  INFO     RX        /ERR/LOKO/0x00000002
09:34:43.055  INFO     RX        /ERR/LOKO/0x00000002
09:34:43.055  INFO     RX        /ERR/LOKO/0x00000002
09:34:43.055  INFO     RX        /ERR/LOKO/0x00000002
09:34:43.141  INFO     RX        /ERR/LOKO/0x00000002
09:34:43.141  INFO     RX        /ERR/LOKO/0x00000002
09:34:43.141  INFO     RX        /ERR/LOKO/0x00000002
09:34:43.141  INFO     RX        /ERR/LOKO/0x00000002
09:34:43.141  INFO     RX        /ERR/LOKO/0x00000002
09:34:43.141  INFO     RX        /ERR/LOKO/0x00000002
09:34:43.141  INFO     RX        /ERR/LOKO/0x00000002
09:34:43.222  INFO     RX        /ERR/LOKO/0x00000002
09:34:43.222  INFO     RX        /ERR/LOKO/0x00000002
09:34:43.222  INFO     RX        /ERR/LOKO/0x00000002
09:34:43.222  INFO     RX        /ERR/LOKO/0x00000002
09:34:43.222  INFO     RX        /ERR/LOKO/0x00000002
09:34:43.222  INFO     RX        /ERR/LOKO/0x00000002
09:34:43.222  INFO     RX        /ERR/LOKO/0x00000002
09:34:43.303  INFO     RX        /ERR/LOKO/0x00000002
09:34:43.303  INFO     RX        /ERR/LOKO/0x00000002
09:34:43.303  INFO     RX        /ERR/LOKO/0x00000002
09:34:43.303  INFO     RX        /ERR/LOKO/0x00000002
09:34:43.303  INFO     RX        /ERR/LOKO/0x00000002
09:34:43.303  INFO     RX        /ERR/LOKO/0x00000002
09:34:43.303  INFO     RX        /ERR/LOKO/0x00000002
09:34:43.313  INFO     RX        /ERR/LOKO/0x00000002
09:34:43.356  DEBUG    TX /CONTROLL/0,0,0,0,0,0,0,0,0
09:34:43.396  INFO     RX        /ERR/LOKO/0x00000002
09:34:43.396  INFO     RX        /ERR/LOKO/0x00000002
09:34:43.396  INFO     RX        /ERR/LOKO/0x00000002
09:34:43.396  INFO     RX        /ERR/LOKO/0x00000002
09:34:43.396  INFO     RX        /ERR/LOKO/0x00000002
09:34:43.396  INFO     RX        /ERR/LOKO/0x00000002
09:34:43.396  INFO     RX        /ERR/LOKO/0x00000002
09:34:43.481  INFO     RX        /ERR/LOKO/0x00000002
09:34:43.481  INFO     RX        /ERR/LOKO/0x00000002
09:34:43.481  INFO     RX        /ERR/LOKO/0x00000002
09:34:43.481  INFO     RX        /ERR/LOKO/0x00000002
09:34:43.481  INFO     RX        /ERR/LOKO/0x00000002
09:34:43.481  INFO     RX        /ERR/LOKO/0x00000002
09:34:43.481  INFO     RX        /ERR/LOKO/0x00000002
09:34:43.555  INFO     RX        /ERR/LOKO/0x00000002
09:34:43.555  INFO     RX        /ERR/LOKO/0x00000002
09:34:43.555  INFO     RX        /ERR/LOKO/0x00000002
09:34:43.555  INFO     RX        /ERR/LOKO/0x00000002
09:34:43.555  INFO     RX        /ERR/LOKO/0x00000002
09:34:43.555  INFO     RX        /ERR/LOKO/0x00000002
09:34:43.646  INFO     RX        /ERR/LOKO/0x00000002
09:34:43.646  INFO     RX        /ERR/LOKO/0x00000002
09:34:43.646  INFO     RX        /ERR/LOKO/0x00000002
09:34:43.646  INFO     RX        /ERR/LOKO/0x00000002
09:34:43.646  INFO     RX        /ERR/LOKO/0x00000002
09:34:43.646  INFO     RX        /ERR/LOKO/0x00000002
09:34:43.646  INFO     RX        /ERR/LOKO/0x00000002
09:34:43.646  INFO     RX        /ERR/LOKO/0x00000002
09:34:43.724  INFO     RX        /ERR/LOKO/0x00000002
09:34:43.724  INFO     RX        /ERR/LOKO/0x00000002
09:34:43.724  INFO     RX        /ERR/LOKO/0x00000002
09:34:43.724  INFO     RX        /ERR/LOKO/0x00000002
09:34:43.724  INFO     RX        /ERR/LOKO/0x00000002
09:34:43.724  INFO     RX        /ERR/LOKO/0x00000002
09:34:43.724  INFO     RX        /ERR/LOKO/0x00000002
09:34:43.806  INFO     RX        /ERR/LOKO/0x00000002
09:34:43.807  INFO     RX        /ERR/LOKO/0x00000002
09:34:43.807  INFO     RX        /ERR/LOKO/0x00000002
09:34:43.807  INFO     RX        /ERR/LOKO/0x00000002
09:34:43.807  INFO     RX        /ERR/LOKO/0x00000002
09:34:43.807  INFO     RX        /ERR/LOKO/0x00000002
09:34:43.807  INFO     RX        /ERR/LOKO/0x00000002
09:34:43.897  INFO     RX        /ERR/LOKO/0x00000002
09:34:43.897  INFO     RX        /ERR/LOKO/0x00000002
09:34:43.897  INFO     RX        /ERR/LOKO/0x00000002
09:34:43.897  INFO     RX        /ERR/LOKO/0x00000002
09:34:43.897  INFO     RX        /ERR/LOKO/0x00000002
09:34:43.897  INFO     RX        /ERR/LOKO/0x00000002
09:34:43.897  INFO     RX        /ERR/LOKO/0x00000002
09:34:43.897  INFO     RX        /ERR/LOKO/0x00000002
09:34:43.980  INFO     RX        /ERR/LOKO/0x00000002
09:34:43.980  INFO     RX        /ERR/LOKO/0x00000002
09:34:43.980  INFO     RX        /ERR/LOKO/0x00000002
09:34:43.980  INFO     RX        /ERR/LOKO/0x00000002
09:34:43.980  INFO     RX        /ERR/LOKO/0x00000002
09:34:43.980  INFO     RX        /ERR/LOKO/0x00000002
09:34:43.980  INFO     RX        /ERR/LOKO/0x00000002
09:34:44.055  INFO     RX        /ERR/LOKO/0x00000002
09:34:44.055  INFO     RX        /ERR/LOKO/0x00000002
09:34:44.055  INFO     RX        /ERR/LOKO/0x00000002
09:34:44.056  INFO     RX        /ERR/LOKO/0x00000002
09:34:44.056  INFO     RX        /ERR/LOKO/0x00000002
09:34:44.056  INFO     RX        /ERR/LOKO/0x00000002
09:34:44.144  INFO     RX        /ERR/LOKO/0x00000002
09:34:44.145  INFO     RX        /ERR/LOKO/0x00000002
09:34:44.145  INFO     RX        /ERR/LOKO/0x00000002
09:34:44.145  INFO     RX        /ERR/LOKO/0x00000002
09:34:44.145  INFO     RX        /ERR/LOKO/0x00000002
09:34:44.145  INFO     RX        /ERR/LOKO/0x00000002
09:34:44.145  INFO     RX        /ERR/LOKO/0x00000002
09:34:44.145  INFO     RX        /ERR/LOKO/0x00000002
09:34:44.161  DEBUG    TX /CONTROLL/0,0,0,0,0,0,0,0,0
09:34:44.225  INFO     RX        /ERR/LOKO/0x00000002
09:34:44.225  INFO     RX        /ERR/LOKO/0x00000002
09:34:44.225  INFO     RX        /ERR/LOKO/0x00000002
09:34:44.226  INFO     RX        /ERR/LOKO/0x00000002
09:34:44.226  INFO     RX        /ERR/LOKO/0x00000002
09:34:44.226  INFO     RX        /ERR/LOKO/0x00000002
09:34:44.226  INFO     RX        /ERR/LOKO/0x00000002
09:34:44.306  INFO     RX        /ERR/LOKO/0x00000002
09:34:44.306  INFO     RX        /ERR/LOKO/0x00000002
09:34:44.306  INFO     RX        /ERR/LOKO/0x00000002
09:34:44.306  INFO     RX        /ERR/LOKO/0x00000002
09:34:44.306  INFO     RX        /ERR/LOKO/0x00000002
09:34:44.306  INFO     RX        /ERR/LOKO/0x00000002
09:34:44.306  INFO     RX        /ERR/LOKO/0x00000002
09:34:44.389  INFO     RX        /ERR/LOKO/0x00000002
09:34:44.389  INFO     RX        /ERR/LOKO/0x00000002
09:34:44.389  INFO     RX        /ERR/LOKO/0x00000002
09:34:44.389  INFO     RX        /ERR/LOKO/0x00000002
09:34:44.389  INFO     RX        /ERR/LOKO/0x00000002
09:34:44.389  INFO     RX        /ERR/LOKO/0x00000002
09:34:44.389  INFO     RX        /ERR/LOKO/0x00000002
09:34:44.484  INFO     RX        /ERR/LOKO/0x00000002
09:34:44.484  INFO     RX        /ERR/LOKO/0x00000002
09:34:44.484  INFO     RX        /ERR/LOKO/0x00000002
09:34:44.484  INFO     RX        /ERR/LOKO/0x00000002
09:34:44.484  INFO     RX        /ERR/LOKO/0x00000002
09:34:44.484  INFO     RX        /ERR/LOKO/0x00000002
09:34:44.484  INFO     RX        /ERR/LOKO/0x00000002
09:34:44.484  INFO     RX        /ERR/LOKO/0x00000002
09:34:44.560  INFO     RX        /ERR/LOKO/0x00000002
09:34:44.561  INFO     RX        /ERR/LOKO/0x00000002
09:34:44.561  INFO     RX        /ERR/LOKO/0x00000002
09:34:44.561  INFO     RX        /ERR/LOKO/0x00000002
09:34:44.561  INFO     RX        /ERR/LOKO/0x00000002
09:34:44.561  INFO     RX        /ERR/LOKO/0x00000002
09:34:44.561  INFO     RX        /ERR/LOKO/0x00000002
09:34:44.644  INFO     RX        /ERR/LOKO/0x00000002
09:34:44.644  INFO     RX        /ERR/LOKO/0x00000002
09:34:44.644  INFO     RX        /ERR/LOKO/0x00000002
09:34:44.644  INFO     RX        /ERR/LOKO/0x00000002
09:34:44.644  INFO     RX        /ERR/LOKO/0x00000002
09:34:44.644  INFO     RX        /ERR/LOKO/0x00000002
09:34:44.644  INFO     RX        /ERR/LOKO/0x00000002
09:34:44.725  INFO     RX        /ERR/LOKO/0x00000002
09:34:44.725  INFO     RX        /ERR/LOKO/0x00000002
09:34:44.725  INFO     RX        /ERR/LOKO/0x00000002
09:34:44.725  INFO     RX        /ERR/LOKO/0x00000002
09:34:44.725  INFO     RX        /ERR/LOKO/0x00000002
09:34:44.725  INFO     RX        /ERR/LOKO/0x00000002
09:34:44.725  INFO     RX        /ERR/LOKO/0x00000002
09:34:44.807  INFO     RX        /ERR/LOKO/0x00000002
09:34:44.807  INFO     RX        /ERR/LOKO/0x00000002
09:34:44.807  INFO     RX        /ERR/LOKO/0x00000002
09:34:44.807  INFO     RX        /ERR/LOKO/0x00000002
09:34:44.807  INFO     RX        /ERR/LOKO/0x00000002
09:34:44.807  INFO     RX        /ERR/LOKO/0x00000002
09:34:44.807  INFO     RX        /ERR/LOKO/0x00000002
09:34:44.897  INFO     RX        /ERR/LOKO/0x00000002
09:34:44.898  INFO     RX        /ERR/LOKO/0x00000002
09:34:44.898  INFO     RX        /ERR/LOKO/0x00000002
09:34:44.898  INFO     RX        /ERR/LOKO/0x00000002
09:34:44.898  INFO     RX        /ERR/LOKO/0x00000002
09:34:44.898  INFO     RX        /ERR/LOKO/0x00000002
09:34:44.898  INFO     RX        /ERR/LOKO/0x00000002
09:34:44.898  INFO     RX        /ERR/LOKO/0x00000002
09:34:44.965  DEBUG    TX /CONTROLL/0,0,0,0,0,0,0,0,0
09:34:44.980  INFO     RX        /ERR/LOKO/0x00000002
09:34:44.980  INFO     RX        /ERR/LOKO/0x00000002
09:34:44.980  INFO     RX        /ERR/LOKO/0x00000002
09:34:44.980  INFO     RX        /ERR/LOKO/0x00000002
09:34:44.980  INFO     RX        /ERR/LOKO/0x00000002
09:34:44.980  INFO     RX        /ERR/LOKO/0x00000002
09:34:44.980  INFO     RX        /ERR/LOKO/0x00000002
09:34:45.056  INFO     RX        /ERR/LOKO/0x00000002
09:34:45.056  INFO     RX        /ERR/LOKO/0x00000002
09:34:45.056  INFO     RX        /ERR/LOKO/0x00000002
09:34:45.056  INFO     RX        /ERR/LOKO/0x00000002
09:34:45.056  INFO     RX        /ERR/LOKO/0x00000002
09:34:45.056  INFO     RX        /ERR/LOKO/0x00000002
09:34:45.058  INFO     RX        /ERR/LOKO/0x00000002
09:34:45.155  INFO     RX        /ERR/LOKO/0x00000002
09:34:45.155  INFO     RX        /ERR/LOKO/0x00000002
09:34:45.155  INFO     RX        /ERR/LOKO/0x00000002
09:34:45.155  INFO     RX        /ERR/LOKO/0x00000002
09:34:45.155  INFO     RX        /ERR/LOKO/0x00000002
09:34:45.155  INFO     RX        /ERR/LOKO/0x00000002
09:34:45.155  INFO     RX        /ERR/LOKO/0x00000002
09:34:45.229  INFO     RX        /ERR/LOKO/0x00000002
09:34:45.229  INFO     RX        /ERR/LOKO/0x00000002
09:34:45.229  INFO     RX        /ERR/LOKO/0x00000002
09:34:45.229  INFO     RX        /ERR/LOKO/0x00000002
09:34:45.229  INFO     RX        /ERR/LOKO/0x00000002
09:34:45.229  INFO     RX        /ERR/LOKO/0x00000002
09:34:45.229  INFO     RX        /ERR/LOKO/0x00000002
09:34:45.308  INFO     RX        /ERR/LOKO/0x00000002
09:34:45.308  INFO     RX        /ERR/LOKO/0x00000002
09:34:45.308  INFO     RX        /ERR/LOKO/0x00000002
09:34:45.308  INFO     RX        /ERR/LOKO/0x00000002
09:34:45.308  INFO     RX        /ERR/LOKO/0x00000002
09:34:45.308  INFO     RX        /ERR/LOKO/0x00000002
09:34:45.314  INFO     RX        /ERR/LOKO/0x00000002
09:34:45.402  INFO     RX        /ERR/LOKO/0x00000002
09:34:45.402  INFO     RX        /ERR/LOKO/0x00000002
09:34:45.402  INFO     RX        /ERR/LOKO/0x00000002
09:34:45.402  INFO     RX        /ERR/LOKO/0x00000002
09:34:45.402  INFO     RX        /ERR/LOKO/0x00000002
09:34:45.402  INFO     RX        /ERR/LOKO/0x00000002
09:34:45.402  INFO     RX        /ERR/LOKO/0x00000002
09:34:45.402  INFO     RX        /ERR/LOKO/0x00000002
09:34:45.487  INFO     RX        /ERR/LOKO/0x00000002
09:34:45.487  INFO     RX        /ERR/LOKO/0x00000002
09:34:45.487  INFO     RX        /ERR/LOKO/0x00000002
09:34:45.487  INFO     RX        /ERR/LOKO/0x00000002
09:34:45.487  INFO     RX        /ERR/LOKO/0x00000002
09:34:45.487  INFO     RX        /ERR/LOKO/0x00000002
09:34:45.487  INFO     RX        /ERR/LOKO/0x00000002
09:34:45.555  INFO     RX        /ERR/LOKO/0x00000002
09:34:45.555  INFO     RX        /ERR/LOKO/0x00000002
09:34:45.556  INFO     RX        /ERR/LOKO/0x00000002
09:34:45.556  INFO     RX        /ERR/LOKO/0x00000002
09:34:45.556  INFO     RX        /ERR/LOKO/0x00000002
09:34:45.556  INFO     RX        /ERR/LOKO/0x00000002
09:34:45.649  INFO     RX        /ERR/LOKO/0x00000002
09:34:45.649  INFO     RX        /ERR/LOKO/0x00000002
09:34:45.649  INFO     RX        /ERR/LOKO/0x00000002
09:34:45.649  INFO     RX        /ERR/LOKO/0x00000002
09:34:45.649  INFO     RX        /ERR/LOKO/0x00000002
09:34:45.649  INFO     RX        /ERR/LOKO/0x00000002
09:34:45.649  INFO     RX        /ERR/LOKO/0x00000002
09:34:45.649  INFO     RX        /ERR/LOKO/0x00000002
09:34:45.727  INFO     RX        /ERR/LOKO/0x00000002
09:34:45.727  INFO     RX        /ERR/LOKO/0x00000002
09:34:45.727  INFO     RX        /ERR/LOKO/0x00000002
09:34:45.727  INFO     RX        /ERR/LOKO/0x00000002
09:34:45.727  INFO     RX        /ERR/LOKO/0x00000002
09:34:45.728  INFO     RX        /ERR/LOKO/0x00000002
09:34:45.728  INFO     RX        /ERR/LOKO/0x00000002
