14:13:51.740  INFO     Connecting to 100.122.9.49:5000...
14:13:53.329  DEBUG    TX /CONTROLL/0,0,0,0,0,0,0,0,0
14:13:54.939  DEBUG    TX /CONTROLL/0,0,0,0,0,0,0,0,0
14:13:56.554  DEBUG    TX /CONTROLL/0,0,0,0,0,0,0,0,0
14:13:58.169  DEBUG    TX /CONTROLL/0,0,0,0,0,0,0,0,0
14:13:59.776  DEBUG    TX /CONTROLL/0,0,0,0,0,0,0,0,0
14:14:01.384  DEBUG    TX /CONTROLL/0,0,0,0,0,0,0,0,0
14:14:02.864  INFO     Network connection established
14:14:02.864  INFO     RX        /BATTERY/VDDA/12861 mV
14:14:02.864  INFO     RX        === Hexapod Mainboard ===
14:14:02.882  INFO     RX        PCA9685 Right: OK
14:14:02.901  INFO     RX        PCA9685 Left:  OK
14:14:02.939  INFO     RX        LSM6DSO IMU:   OK
14:14:02.991  DEBUG    TX /CONTROLL/0,0,0,0,0,0,0,0,0
14:14:03.102  INFO     RX        VL53L1X ToF:   OK
14:14:03.316  INFO     RX        Locomotion:    INIT (UN_ARMED, printf mode)
14:14:03.316  INFO     RX        Press L1 to arm, R1 to disarm at any time.
14:14:03.316  INFO     RX        Ready.
14:14:04.597  DEBUG    TX /CONTROLL/0,0,0,0,0,0,0,0,0
14:14:06.213  DEBUG    TX /CONTROLL/0,0,0,0,0,0,0,0,0
14:14:07.824  DEBUG    TX /CONTROLL/0,0,0,-67,0,0,0,0,0
14:14:09.429  DEBUG    TX /CONTROLL/0,0,0,0,0,0,0,0,0
14:14:11.036  DEBUG    TX /CONTROLL/0,0,0,0,0,0,0,0,0
14:14:12.645  DEBUG    TX /CONTROLL/0,0,0,0,0,0,0,0,0
14:14:14.257  DEBUG    TX /CONTROLL/0,0,0,0,0,0,0,0,0
14:14:14.663  INFO     RX        SERVO FR.[C: 90 F:106 T:/BATTERY/VDDA/12859 mV
14:14:14.663  INFO     RX        === Hexapod Mainboard ===
14:14:14.663  INFO     RX        PCA9685 Right: OK
14:14:14.663  INFO     RX        PCA9685 Left:  OK
14:14:14.669  INFO     RX        LSM6DSO IMU:   OK
14:14:14.908  INFO     RX        VL53L1X ToF:   OK
14:14:14.914  INFO     RX        Locomotion:    INIT (UN_ARMED, printf mode)
14:14:14.914  INFO     RX        Press L1 to arm, R1 to disarm at any time.
14:14:14.914  INFO     RX        Ready.
14:14:15.863  DEBUG    TX /CONTROLL/0,0,0,0,0,0,0,0,0
14:14:17.473  DEBUG    TX /CONTROLL/0,0,0,0,0,0,0,0,0
14:14:19.083  DEBUG    TX /CONTROLL/0,0,0,0,0,0,0,0,0
14:14:20.692  DEBUG    TX /CONTROLL/0,0,0,-45,0,0,0,0,0
14:14:22.301  DEBUG    TX /CONTROLL/0,0,0,-100,0,0,0,0,0
14:14:23.913  DEBUG    TX /CONTROLL/0,0,0,0,0,0,0,0,0
14:14:25.528  DEBUG    TX /CONTROLL/0,0,0,0,0,0,0,0,0
14:14:27.141  DEBUG    TX /CONTROLL/0,0,0,0,0,0,0,0,0
14:14:28.355  INFO     RX        SERVO FR.[C: 90 F:106 T:/BATTERY/VDDA/12853 mV
14:14:28.356  INFO     RX        === Hexapod Mainboard ===
14:14:28.374  INFO     RX        PCA9685 Right: OK
14:14:28.400  INFO     RX        PCA9685 Left:  OK
14:14:28.433  INFO     RX        LSM6DSO IMU:   OK
14:14:28.582  INFO     RX        VL53L1X ToF:   OK
14:14:28.613  INFO     RX        Locomotion:    INIT (UN_ARMED, printf mode)
14:14:28.624  INFO     RX        Press L1 to arm, R1 to disarm at any time.
14:14:28.624  INFO     RX        Ready.
14:14:28.750  DEBUG    TX /CONTROLL/0,0,0,0,0,0,0,0,0
14:14:30.357  DEBUG    TX /CONTROLL/0,0,0,0,0,0,0,0,0
14:14:31.972  DEBUG    TX /CONTROLL/0,0,0,-94,0,0,0,0,0
14:14:33.585  DEBUG    TX /CONTROLL/0,0,0,0,0,0,0,0,0
14:14:35.196  DEBUG    TX /CONTROLL/0,0,0,0,0,0,0,0,0
14:14:36.804  DEBUG    TX /CONTROLL/0,0,0,0,0,0,0,0,0
14:14:38.413  DEBUG    TX /CONTROLL/0,0,0,0,0,0,0,0,0
14:14:39.306  INFO     RX        SERVO FR.[C: 90 F:106 T:107] MR.[C: 90 F:106 T:107] BR.[C: 90 F:106 T:10/BATTERY/VDDA/12859 mV
14:14:39.306  INFO     RX        === Hexapod Mainboard ===
14:14:39.323  INFO     RX        PCA9685 Right: OK
14:14:39.354  INFO     RX        PCA9685 Left:  OK
14:14:39.389  INFO     RX        LSM6DSO IMU:   OK
14:14:39.533  INFO     RX        VL53L1X ToF:   OK
14:14:39.578  INFO     RX        Locomotion:    INIT (UN_ARMED, printf mode)
14:14:39.578  INFO     RX        Press L1 to arm, R1 to disarm at any time.
14:14:39.578  INFO     RX        Ready.
14:14:40.024  DEBUG    TX /CONTROLL/0,0,0,0,0,0,0,0,0
14:14:41.636  DEBUG    TX /CONTROLL/0,0,0,0,0,0,0,0,0
14:14:43.251  DEBUG    TX /CONTROLL/0,0,0,0,0,0,0,0,0
14:14:44.861  DEBUG    TX /CONTROLL/0,0,0,0,0,0,0,0,0
14:14:46.476  DEBUG    TX /CONTROLL/0,0,0,0,0,0,0,0,0
14:14:48.089  DEBUG    TX /CONTROLL/0,0,0,0,0,0,0,0,0
14:14:49.708  DEBUG    TX /CONTROLL/0,0,0,0,0,0,0,0,0
14:14:51.321  DEBUG    TX /CONTROLL/0,0,0,0,0,0,0,0,0
14:14:52.027  INFO     RX        /BATTERY/VDDA/12863 mV
14:14:52.027  INFO     RX        === Hexapod Mainboard ===
14:14:52.042  INFO     RX        PCA9685 Right: OK
14:14:52.070  INFO     RX        PCA9685 Left:  OK
14:14:52.104  INFO     RX        LSM6DSO IMU:   OK
14:14:52.251  INFO     RX        VL53L1X ToF:   OK
14:14:52.292  INFO     RX        Locomotion:    INIT (UN_ARMED, printf mode)
14:14:52.292  INFO     RX        Press L1 to arm, R1 to disarm at any time.
14:14:52.292  INFO     RX        Ready.
14:14:52.934  DEBUG    TX /CONTROLL/0,0,0,0,0,0,0,0,0
14:14:54.551  DEBUG    TX /CONTROLL/0,0,0,0,0,0,0,0,0
14:14:56.163  DEBUG    TX /CONTROLL/0,0,0,0,0,0,0,0,4
14:14:57.775  DEBUG    TX /CONTROLL/0,0,0,0,0,0,0,0,0
14:14:59.388  DEBUG    TX /CONTROLL/0,0,0,0,0,0,0,0,0
14:15:00.488  INFO     RX        SERVO FR.[C: 90 F:106 T:/BATTERY/VDDA/12861 mV
14:15:00.488  INFO     RX        === Hexapod Mainboard ===
14:15:00.514  INFO     RX        PCA9685 Right: OK
14:15:00.548  INFO     RX        PCA9685 Left:  OK
14:15:00.549  INFO     RX        LSM6DSO IMU:   OK
14:15:00.717  INFO     RX        VL53L1X ToF:   OK
14:15:00.772  INFO     RX        Locomotion:    INIT (UN_ARMED, printf mode)
14:15:00.772  INFO     RX        Press L1 to arm, R1 to disarm at any time.
14:15:00.772  INFO     RX        Ready.
14:15:00.995  DEBUG    TX /CONTROLL/0,0,0,0,0,0,0,0,0
14:15:02.606  DEBUG    TX /CONTROLL/0,0,0,0,0,0,0,0,0
14:15:04.214  DEBUG    TX /CONTROLL/0,0,0,0,0,0,0,0,0
14:15:05.826  DEBUG    TX /CONTROLL/0,0,0,0,0,0,0,0,0
14:15:07.437  DEBUG    TX /CONTROLL/0,0,0,0,0,0,0,0,48
14:15:09.047  DEBUG    TX /CONTROLL/0,0,0,0,0,0,0,0,0
14:15:10.655  DEBUG    TX /CONTROLL/0,0,0,0,0,0,0,0,0
14:15:12.266  DEBUG    TX /CONTROLL/0,0,0,0,0,0,0,0,0
14:15:13.873  DEBUG    TX /CONTROLL/0,0,0,0,0,0,0,0,0
14:15:15.483  DEBUG    TX /CONTROLL/0,0,0,0,0,0,0,0,0
14:15:17.090  DEBUG    TX /CONTROLL/0,0,0,0,0,0,1,0,16
14:15:18.698  DEBUG    TX /CONTROLL/0,0,0,0,0,0,0,0,0
14:15:20.312  DEBUG    TX /CONTROLL/0,0,0,0,0,0,0,0,0
14:15:20.418  INFO     RX        SERVO FR.[C: 90 F:106 T:/BATTERY/VDDA/12861 mV
14:15:20.443  INFO     RX        === Hexapod Mainboard ===
14:15:20.444  INFO     RX        PCA9685 Right: OK
14:15:20.478  INFO     RX        PCA9685 Left:  OK
14:15:20.478  INFO     RX        LSM6DSO IMU:   OK
14:15:20.646  INFO     RX        VL53L1X ToF:   OK
14:15:20.677  INFO     RX        Locomotion:    INIT (UN_ARMED, printf mode)
14:15:20.703  INFO     RX        Press L1 to arm, R1 to disarm at any time.
14:15:20.703  INFO     RX        Ready.
14:15:21.922  DEBUG    TX /CONTROLL/0,0,0,0,0,0,0,0,0
14:15:23.535  DEBUG    TX /CONTROLL/0,0,0,0,0,0,0,0,0
14:15:25.142  DEBUG    TX /CONTROLL/0,0,0,0,0,0,0,0,0
14:15:26.751  DEBUG    TX /CONTROLL/0,0,0,0,0,0,0,0,0
14:15:28.358  DEBUG    TX /CONTROLL/0,0,0,0,0,0,0,0,0
14:15:29.967  DEBUG    TX /CONTROLL/0,0,0,0,0,0,0,0,0
14:15:31.580  DEBUG    TX /CONTROLL/0,0,0,0,0,0,0,0,0
14:15:33.193  DEBUG    TX /CONTROLL/0,0,0,0,0,0,0,0,0
14:15:34.803  DEBUG    TX /CONTROLL/0,0,0,0,0,0,0,0,0
14:15:36.410  DEBUG    TX /CONTROLL/0,0,0,0,0,0,0,0,0
14:15:38.019  DEBUG    TX /CONTROLL/0,0,0,0,0,0,0,0,0
14:15:39.626  DEBUG    TX /CONTROLL/0,0,0,0,0,0,0,0,0
