09:25:33.978  INFO     Connecting to 100.122.9.49:5000...
09:25:34.777  DEBUG    TX /CONTROLL/0,0,0,0,0,0,0,0,0
09:25:35.580  DEBUG    TX /CONTROLL/0,0,0,0,0,0,0,0,0
09:25:36.387  DEBUG    TX /CONTROLL/0,0,0,0,0,0,0,0,0
09:25:37.191  DEBUG    TX /CONTROLL/0,0,0,0,0,0,0,0,0
09:25:37.994  DEBUG    TX /CONTROLL/0,0,0,0,0,0,0,0,0
09:25:38.799  DEBUG    TX /CONTROLL/0,0,0,0,0,0,0,0,0
09:25:39.610  DEBUG    TX /CONTROLL/0,0,0,0,0,0,0,0,0
09:25:40.413  DEBUG    TX /CONTROLL/0,0,0,0,0,0,0,0,0
09:25:41.215  DEBUG    TX /CONTROLL/0,0,0,0,0,0,0,0,0
09:25:42.018  DEBUG    TX /CONTROLL/0,0,0,0,0,0,0,0,0
09:25:42.820  DEBUG    TX /CONTROLL/0,0,0,0,0,0,0,0,0
09:25:43.623  DEBUG    TX /CONTROLL/0,0,0,0,0,0,0,0,0
09:25:44.426  DEBUG    TX /CONTROLL/0,0,0,0,0,0,0,0,0
09:25:45.232  DEBUG    TX /CONTROLL/0,0,0,0,0,0,0,0,0
09:25:46.037  DEBUG    TX /CONTROLL/0,0,0,0,0,0,0,0,0
09:25:46.837  DEBUG    TX /CONTROLL/0,0,0,0,0,0,0,0,0
09:25:47.638  DEBUG    TX /CONTROLL/0,0,0,0,0,0,0,0,0
09:25:48.441  DEBUG    TX /CONTROLL/0,0,0,0,0,0,0,0,0
09:25:49.247  DEBUG    TX /CONTROLL/0,0,0,0,0,0,0,0,0
09:25:50.052  DEBUG    TX /CONTROLL/0,0,0,0,0,0,0,0,0
