09:31:51.954  INFO     Connecting to 100.122.9.49:5000...
09:31:52.987  DEBUG    TX /CONTROLL/0,0,0,0,0,0,0,0,0
09:31:53.792  DEBUG    TX /CONTROLL/0,0,0,0,0,0,0,0,0
09:31:54.597  DEBUG    TX /CONTROLL/0,0,0,0,0,0,0,0,0
09:31:55.400  DEBUG    TX /CONTROLL/0,0,0,0,0,0,0,0,0
09:31:56.205  DEBUG    TX /CONTROLL/0,0,0,0,0,0,0,0,0
09:31:57.011  DEBUG    TX /CONTROLL/0,0,0,0,0,0,0,0,0
09:31:57.817  DEBUG    TX /CONTROLL/0,0,0,0,0,0,0,0,0
09:31:58.618  DEBUG    TX /CONTROLL/0,0,0,0,0,0,0,0,0
09:31:59.423  DEBUG    TX /CONTROLL/0,0,0,0,0,0,0,0,0
09:32:00.227  DEBUG    TX /CONTROLL/0,0,0,0,0,0,0,0,0
09:32:01.030  DEBUG    TX /CONTROLL/0,0,0,0,0,0,0,0,0
09:32:01.834  DEBUG    TX /CONTROLL/0,0,0,0,0,0,0,0,0
09:32:02.638  DEBUG    TX /CONTROLL/0,0,0,0,0,0,0,0,0
09:32:03.446  DEBUG    TX /CONTROLL/0,0,0,0,0,0,0,0,0
09:32:04.248  DEBUG    TX /CONTROLL/0,0,0,0,0,0,0,0,0
09:32:05.051  DEBUG    TX /CONTROLL/0,0,0,0,0,0,0,0,0
09:32:05.419  INFO     Network connection established
09:32:05.420  INFO     RX        PCA9685 Right: OK
09:32:05.550  INFO     RX        PCA9685 Left:  OK
09:32:05.550  INFO     RX        LSM6DSO IMU:   OK
09:32:05.803  INFO     RX        VL53L1X ToF:   OK
09:32:05.803  INFO     RX        Locomotion:    INIT (UN_ARMED, printf mode)
09:32:05.803  INFO     RX        Press L1 to arm, R1 to disarm at any time.
09:32:05.803  INFO     RX        Ready.
09:32:05.860  DEBUG    TX /CONTROLL/0,0,0,0,0,0,0,0,0
09:32:06.049  INFO     RX        /BATTERY/V/8.34
09:32:06.049  INFO     RX        /BATTERY/P/97.3
09:32:06.665  DEBUG    TX /CONTROLL/0,0,0,0,0,0,0,0,0
09:32:06.809  INFO     RX        /BATTERY/V/8.33
09:32:07.050  INFO     RX        /BATTERY/P/97.9
09:32:07.472  DEBUG    TX /CONTROLL/0,0,0,0,0,0,0,0,0
09:32:07.808  INFO     RX        /BATTERY/V/8.32
09:32:08.050  INFO     RX        /BATTERY/P/97.9
09:32:08.281  DEBUG    TX /CONTROLL/0,0,0,0,0,0,0,0,0
09:32:08.810  INFO     RX        /BATTERY/V/8.32
09:32:09.088  DEBUG    TX /CONTROLL/0,0,0,0,0,0,0,0,0
09:32:09.888  DEBUG    TX /CONTROLL/0,0,0,0,0,0,0,0,0
09:32:10.694  DEBUG    TX /CONTROLL/0,0,0,0,0,0,0,0,0
09:32:11.499  DEBUG    TX /CONTROLL/0,0,0,0,0,0,0,0,0
09:32:12.303  DEBUG    TX /CONTROLL/0,0,0,0,0,0,0,0,0
09:32:13.108  DEBUG    TX /CONTROLL/0,0,0,0,0,0,0,0,0
09:32:13.910  DEBUG    TX /CONTROLL/0,0,0,0,0,0,0,0,0
09:32:14.712  DEBUG    TX /CONTROLL/0,0,0,0,0,0,0,0,0
09:32:15.517  DEBUG    TX /CONTROLL/0,0,0,0,0,0,0,0,0
09:32:16.321  DEBUG    TX /CONTROLL/0,0,0,0,0,0,0,0,0
09:32:17.126  DEBUG    TX /CONTROLL/0,0,0,0,0,0,0,0,0
09:32:17.931  DEBUG    TX /CONTROLL/0,0,0,0,0,0,0,0,0
09:32:18.736  DEBUG    TX /CONTROLL/0,0,0,0,0,0,0,0,0
09:32:19.540  DEBUG    TX /CONTROLL/0,0,0,0,0,0,0,0,0
09:32:20.343  DEBUG    TX /CONTROLL/0,0,0,0,0,0,0,0,0
09:32:21.084  INFO     RX        /BATTERY//BATTERY/VDDA/12863 mV
09:32:21.084  INFO     RX        === Hexapod Mainboard ===
09:32:21.146  DEBUG    TX /CONTROLL/0,0,0,0,0,0,0,0,0
09:32:21.350  INFO     RX        PCA9685 Right: OK
09:32:21.350  INFO     RX        PCA9685 Left:  OK
09:32:21.350  INFO     RX        LSM6DSO IMU:   OK
09:32:21.350  INFO     RX        VL53L1X ToF:   OK
09:32:21.350  INFO     RX        Locomotion:    INIT (UN_ARMED, printf mode)
09:32:21.350  INFO     RX        Press L1 to arm, R1 to disarm at any time.
09:32:21.350  INFO     RX        Ready.
09:32:21.855  INFO     RX        /BATTERY/V/8.32
09:32:21.949  DEBUG    TX /CONTROLL/0,0,0,0,0,0,0,0,0
09:32:22.104  INFO     RX        /BATTERY/P/98.5
09:32:22.755  DEBUG    TX /CONTROLL/0,0,0,0,0,0,0,0,0
09:32:22.855  INFO     RX        /BATTERY/V/8.29
09:32:23.108  INFO     RX        /BATTERY/P/97.5
09:32:23.559  DEBUG    TX /CONTROLL/0,0,0,0,0,0,0,0,0
09:32:23.854  INFO     RX        /BATTERY/V/8.33
09:32:24.111  INFO     RX        /BATTERY/P/98.1
09:32:24.361  DEBUG    TX /CONTROLL/0,0,0,0,0,0,0,0,0
09:32:24.855  INFO     RX        /BATTERY/V/8.29
09:32:25.110  INFO     RX        /BATTERY/P/98.0
09:32:25.167  DEBUG    TX /CONTROLL/0,0,0,0,0,0,0,0,0
09:32:25.856  INFO     RX        /BATTERY/V/8.33
09:32:25.973  DEBUG    TX /CONTROLL/0,0,0,0,0,0,0,0,0
09:32:26.109  INFO     RX        /BATTERY/P/98.6
09:32:26.776  DEBUG    TX /CONTROLL/0,0,0,0,0,0,0,0,0
09:32:26.855  INFO     RX        /BATTERY/V/8.33
09:32:27.581  DEBUG    TX /CONTROLL/0,0,0,0,0,0,0,0,0
09:32:28.385  DEBUG    TX /CONTROLL/0,0,0,0,0,0,0,0,0
09:32:29.187  DEBUG    TX /CONTROLL/0,0,0,0,0,0,0,0,0
09:32:29.992  DEBUG    TX /CONTROLL/0,0,0,0,0,0,0,0,0
09:32:30.795  DEBUG    TX /CONTROLL/0,0,0,0,0,0,0,0,0
09:32:31.599  DEBUG    TX /CONTROLL/0,0,0,0,0,0,0,0,0
09:32:32.403  DEBUG    TX /CONTROLL/0,0,0,0,0,0,0,0,0
09:32:33.206  DEBUG    TX /CONTROLL/0,0,0,0,0,0,0,0,0
09:32:34.009  DEBUG    TX /CONTROLL/0,0,0,0,0,0,0,0,0
09:32:34.809  DEBUG    TX /CONTROLL/0,0,0,0,0,0,0,0,0
09:32:35.615  DEBUG    TX /CONTROLL/0,0,0,0,0,0,0,0,0
09:32:36.418  DEBUG    TX /CONTROLL/0,0,0,0,0,0,0,0,0
09:32:36.850  INFO     RX        /BATTERY//BATTERY/VDDA/12863 mV
09:32:37.051  INFO     RX        === Hexapod Mainboard ===
09:32:37.051  INFO     RX        PCA9685 Right: OK
09:32:37.051  INFO     RX        PCA9685 Left:  OK
09:32:37.051  INFO     RX        LSM6DSO IMU:   OK
09:32:37.221  DEBUG    TX /CONTROLL/0,0,0,0,0,0,0,0,0
09:32:37.309  INFO     RX        VL53L1X ToF:   OK
09:32:37.309  INFO     RX        Locomotion:    INIT (UN_ARMED, printf mode)
09:32:37.309  INFO     RX        Press L1 to arm, R1 to disarm at any time.
09:32:37.309  INFO     RX        Ready.
09:32:37.806  INFO     RX        /BATTERY/V/8.29
09:32:38.024  DEBUG    TX /CONTROLL/0,0,0,0,0,0,0,0,0
09:32:38.051  INFO     RX        /BATTERY/P/98.2
09:32:38.831  DEBUG    TX /CONTROLL/0,0,0,0,0,0,0,0,0
09:32:38.859  INFO     RX        /BATTERY/V/8.34
09:32:39.113  INFO     RX        /BATTERY/P/97.5
09:32:39.636  DEBUG    TX /CONTROLL/0,0,0,0,0,0,0,0,0
09:32:39.855  INFO     RX        /BATTERY/V/8.35
09:32:40.187  INFO     RX        /BATTERY/P/98.1
09:32:40.441  DEBUG    TX /CONTROLL/0,0,0,0,0,0,0,0,0
09:32:40.718  INFO     RX        /BATTERY/V/8.33
09:32:40.986  INFO     RX        /BATTERY/P/98.2
09:32:41.247  DEBUG    TX /CONTROLL/0,0,0,0,0,0,0,0,0
09:32:41.740  INFO     RX        /BATTERY/V/8.33
09:32:41.740  INFO     RX        /BATTERY/P/97.3
09:32:42.050  DEBUG    TX /CONTROLL/0,0,0,0,0,0,0,0,0
09:32:42.856  DEBUG    TX /CONTROLL/0,0,0,0,0,0,0,0,0
09:32:43.172  INFO     RX        /BATTERY/V/8.33
09:32:43.405  INFO     RX        /BATTERY/P/97.4
09:32:43.661  DEBUG    TX /CONTROLL/0,0,0,0,0,0,0,0,0
09:32:43.908  INFO     RX        /BATTERY/V/8.32
09:32:44.151  INFO     RX        /BATTERY/P/98.3
09:32:44.463  DEBUG    TX /CONTROLL/0,0,0,0,0,0,0,0,0
09:32:44.907  INFO     RX        /BATTERY/V/8.30
09:32:45.152  INFO     RX        /BATTERY/P/97.8
09:32:45.269  DEBUG    TX /CONTROLL/0,0,0,0,0,0,0,0,0
09:32:45.909  INFO     RX        /BATTERY/V/8.33
09:32:46.072  DEBUG    TX /CONTROLL/0,0,0,0,0,0,0,0,0
09:32:46.880  DEBUG    TX /CONTROLL/0,0,0,0,0,0,0,0,0
09:32:47.685  DEBUG    TX /CONTROLL/0,0,0,0,0,0,0,0,0
09:32:48.490  DEBUG    TX /CONTROLL/0,0,0,0,0,0,0,0,0
09:32:49.294  DEBUG    TX /CONTROLL/0,0,0,0,0,0,0,0,0
09:32:50.103  DEBUG    TX /CONTROLL/0,0,0,0,0,0,0,0,0
09:32:50.908  DEBUG    TX /CONTROLL/0,0,0,0,0,0,0,0,0
09:32:51.709  DEBUG    TX /CONTROLL/0,0,0,0,0,0,0,0,0
09:32:52.512  DEBUG    TX /CONTROLL/0,0,0,0,0,0,0,0,0
09:32:53.315  DEBUG    TX /CONTROLL/0,0,0,0,0,0,0,0,0
09:32:54.118  DEBUG    TX /CONTROLL/0,0,0,0,0,0,0,0,0
09:32:54.923  DEBUG    TX /CONTROLL/0,0,0,0,0,0,0,0,0
09:32:55.726  DEBUG    TX /CONTROLL/0,0,0,0,0,0,0,0,0
09:32:56.550  DEBUG    TX /CONTROLL/0,0,0,0,0,0,0,0,0
09:32:57.355  DEBUG    TX /CONTROLL/0,0,0,0,0,0,0,0,0
09:32:58.158  DEBUG    TX /CONTROLL/0,0,0,0,0,0,0,0,0
09:32:58.961  DEBUG    TX /CONTROLL/0,0,0,0,0,0,0,0,0
09:32:59.765  DEBUG    TX /CONTROLL/0,0,0,0,0,0,0,0,0
09:33:00.568  DEBUG    TX /CONTROLL/0,0,0,0,0,0,0,0,0
09:33:01.373  DEBUG    TX /CONTROLL/0,0,0,0,0,0,0,0,0
09:33:02.177  DEBUG    TX /CONTROLL/0,0,0,0,0,0,0,0,0
09:33:02.979  DEBUG    TX /CONTROLL/0,0,0,0,0,0,0,0,0
09:33:03.575  INFO     RX        /BATTERY//BATTERY/VDDA/12855 mV
09:33:03.787  DEBUG    TX /CONTROLL/0,0,0,0,0,0,0,0,0
09:33:03.906  INFO     RX        === Hexapod Mainboard ===
09:33:03.906  INFO     RX        PCA9685 Right: OK
09:33:03.906  INFO     RX        PCA9685 Left:  OK
09:33:03.906  INFO     RX        LSM6DSO IMU:   OK
09:33:03.906  INFO     RX        VL53L1X ToF:   OK
09:33:03.906  INFO     RX        Locomotion:    INIT (UN_ARMED, printf mode)
09:33:03.906  INFO     RX        Press L1 to arm, R1 to disarm at any time.
09:33:03.906  INFO     RX        Ready.
09:33:04.154  INFO     RX        /BATTERY/V/8.32
09:33:04.154  INFO     RX        /BATTERY/P/97.2
09:33:04.591  DEBUG    TX /CONTROLL/0,0,0,0,0,0,0,0,0
09:33:04.906  INFO     RX        /BATTERY/V/8.33
09:33:05.160  INFO     RX        /BATTERY/P/97.2
09:33:05.398  DEBUG    TX /CONTROLL/0,0,0,0,0,0,0,0,0
09:33:05.910  INFO     RX        /BATTERY/V/8.34
09:33:06.152  INFO     RX        /BATTERY/P/97.9
09:33:06.204  DEBUG    TX /CONTROLL/0,0,0,0,0,0,0,0,0
09:33:06.907  INFO     RX        /BATTERY/V/8.33
09:33:07.008  DEBUG    TX /CONTROLL/0,0,0,0,0,0,0,0,0
09:33:07.155  INFO     RX        /BATTERY/P/98.3
09:33:07.812  DEBUG    TX /CONTROLL/0,0,0,0,0,0,0,0,0
09:33:07.907  INFO     RX        /BATTERY/V/8.33
09:33:08.170  INFO     RX        /BATTERY/P/98.2
09:33:08.618  DEBUG    TX /CONTROLL/0,0,0,0,0,0,0,0,0
09:33:08.906  INFO     RX        /BATTERY/V/8.33
09:33:09.156  INFO     RX        /BATTERY/P/97.9
09:33:09.421  DEBUG    TX /CONTROLL/0,0,0,0,0,0,0,0,0
09:33:09.906  INFO     RX        /BATTERY/V/8.28
09:33:10.154  INFO     RX        /BATTERY/P/97.3
09:33:10.226  DEBUG    TX /CONTROLL/0,0,0,0,0,0,0,0,0
09:33:10.906  INFO     RX        /BATTERY/V/8.33
09:33:11.031  DEBUG    TX /CONTROLL/0,0,0,0,0,0,0,0,0
09:33:11.153  INFO     RX        /BATTERY/P/97.3
09:33:11.834  DEBUG    TX /CONTROLL/0,0,0,0,0,0,0,0,0
09:33:11.909  INFO     RX        /BATTERY/V/8.33
09:33:12.153  INFO     RX        /BATTERY/P/97.7
09:33:12.638  DEBUG    TX /CONTROLL/0,0,0,0,0,0,0,0,0
09:33:12.906  INFO     RX        /BATTERY/V/8.31
09:33:13.152  INFO     RX        /BATTERY/P/97.6
09:33:13.441  DEBUG    TX /CONTROLL/0,0,0,0,0,0,0,0,0
09:33:14.154  INFO     RX        /BATTERY/VDDA/12863 mV
09:33:14.154  INFO     RX        === Hexapod Mainboard ===
09:33:14.154  INFO     RX        PCA9685 Right: OK
09:33:14.154  INFO     RX        PCA9685 Left:  OK
09:33:14.154  INFO     RX        LSM6DSO IMU:   OK
09:33:14.245  DEBUG    TX /CONTROLL/0,0,0,0,0,0,0,0,0
09:33:14.403  INFO     RX        VL53L1X ToF:   OK
09:33:14.403  INFO     RX        Locomotion:    INIT (UN_ARMED, printf mode)
09:33:14.403  INFO     RX        Press L1 to arm, R1 to disarm at any time.
09:33:14.403  INFO     RX        Ready.
09:33:14.907  INFO     RX        /BATTERY/V/8.30
09:33:15.051  DEBUG    TX /CONTROLL/0,0,0,0,0,0,0,0,0
09:33:15.155  INFO     RX        /BATTERY/P/97.8
09:33:15.854  DEBUG    TX /CONTROLL/0,0,0,0,0,0,0,0,0
09:33:15.908  INFO     RX        /BATTERY/V/8.32
09:33:16.160  INFO     RX        /BATTERY/P/97.2
09:33:16.658  DEBUG    TX /CONTROLL/0,0,0,0,0,0,0,0,0
09:33:16.993  INFO     RX        /BATTERY/VDDA/12859 mV
09:33:16.993  INFO     RX        === Hexapod Mainboard ===
09:33:17.154  INFO     RX        PCA9685 Right: OK
09:33:17.154  INFO     RX        PCA9685 Left:  OK
09:33:17.154  INFO     RX        LSM6DSO IMU:   OK
09:33:17.405  INFO     RX        VL53L1X ToF:   OK
09:33:17.405  INFO     RX        Locomotion:    INIT (UN_ARMED, printf mode)
09:33:17.405  INFO     RX        Press L1 to arm, R1 to disarm at any time.
09:33:17.405  INFO     RX        Ready.
09:33:17.462  DEBUG    TX /CONTROLL/0,0,0,0,0,0,0,0,0
09:33:17.908  INFO     RX        /BATTERY/V/8.34
09:33:18.155  INFO     RX        /BATTERY/P/96.9
09:33:18.266  DEBUG    TX /CONTROLL/0,0,0,0,0,0,0,0,0
09:33:18.906  INFO     RX        /BATTERY/V/8.33
09:33:19.072  DEBUG    TX /CONTROLL/0,0,0,0,0,0,0,0,0
09:33:19.154  INFO     RX        /BATTERY/P/98.2
09:33:19.697  INFO     RX        /BATTERY/VDDA/12861 mV
09:33:19.697  INFO     RX        === Hexapod Mainboard ===
09:33:19.707  INFO     RX        PCA9685 Right: OK
09:33:19.707  INFO     RX        PCA9685 Left:  OK
09:33:19.879  DEBUG    TX /CONTROLL/0,0,0,0,0,0,0,0,0
09:33:19.952  INFO     RX        LSM6DSO IMU:   OK
09:33:19.952  INFO     RX        VL53L1X ToF:   OK
09:33:19.953  INFO     RX        Locomotion:    INIT (UN_ARMED, printf mode)
09:33:19.953  INFO     RX        Press L1 to arm, R1 to disarm at any time.
09:33:19.953  INFO     RX        Ready.
09:33:20.203  INFO     RX        /BATTERY/V/8.33
09:33:20.203  INFO     RX        /BATTERY/P/97.8
09:33:20.683  DEBUG    TX /CONTROLL/0,0,0,0,0,0,0,0,0
09:33:21.006  INFO     RX        /BATTERY/V/8.33
09:33:21.254  INFO     RX        /BATTERY/P/97.6
09:33:21.490  DEBUG    TX /CONTROLL/0,0,0,0,0,0,0,0,0
09:33:22.005  INFO     RX        /BATTERY/V/8.32
09:33:22.259  INFO     RX        /BATTERY/P/97.5
09:33:22.296  DEBUG    TX /CONTROLL/0,0,0,0,0,0,0,0,0
09:33:23.010  INFO     RX        /BATTERY/V/8.34
09:33:23.099  DEBUG    TX /CONTROLL/0,0,0,0,0,0,0,0,0
09:33:23.258  INFO     RX        /BATTERY/P/97.9
09:33:23.904  DEBUG    TX /CONTROLL/0,0,0,0,0,0,0,0,0
09:33:24.005  INFO     RX        /BATTERY/V/8.34
09:33:24.253  INFO     RX        /BATTERY/P/98.3
09:33:24.709  DEBUG    TX /CONTROLL/0,0,0,0,0,0,0,0,0
09:33:25.006  INFO     RX        /BATTERY/V/8.33
09:33:25.257  INFO     RX        /BATTERY/P/98.2
09:33:25.512  DEBUG    TX /CONTROLL/0,0,0,0,0,0,0,0,0
09:33:26.057  INFO     RX        /BATTERY/V/8.29
09:33:26.058  INFO     RX        /BATTERY/P/97.7
09:33:26.315  DEBUG    TX /CONTROLL/0,0,0,0,0,0,0,0,0
09:33:27.056  INFO     RX        /BATTERY/V/8.30
09:33:27.118  DEBUG    TX /CONTROLL/0,0,0,0,0,0,0,0,0
09:33:27.303  INFO     RX        /BATTERY/P/97.4
09:33:27.920  DEBUG    TX /CONTROLL/0,0,0,0,0,0,0,0,0
09:33:28.104  INFO     RX        /BATTERY/V/8.32
09:33:28.574  INFO     RX        /BATTERY/P/97.4
09:33:28.723  DEBUG    TX /CONTROLL/0,0,0,0,0,0,0,0,0
09:33:29.064  INFO     RX        /BATTERY/V/8.33
09:33:29.304  INFO     RX        /BATTERY/P/97.7
09:33:29.525  DEBUG    TX /CONTROLL/0,0,0,0,0,0,0,0,0
09:33:30.306  INFO     RX        /BATTERY/V/8.33
09:33:30.329  DEBUG    TX /CONTROLL/0,0,0,0,0,0,0,0,0
09:33:30.559  INFO     RX        /BATTERY/P/97.7
09:33:31.064  INFO     RX        /BATTERY/V/8.32
09:33:31.134  DEBUG    TX /CONTROLL/0,0,0,0,0,0,0,0,0
09:33:31.938  DEBUG    TX /CONTROLL/0,0,0,0,0,0,0,0,0
