14:39:38.027  INFO     Connecting to 100.122.9.49:5000...
14:39:39.612  DEBUG    TX /CONTROLL/0,0,0,0,0,0,0,0,0
14:39:41.230  DEBUG    TX /CONTROLL/0,0,0,0,0,0,0,0,0
14:39:42.838  DEBUG    TX /CONTROLL/0,0,0,0,0,0,0,0,0
14:39:44.442  DEBUG    TX /CONTROLL/0,0,0,0,0,0,0,0,0
14:39:46.052  DEBUG    TX /CONTROLL/0,0,0,0,0,0,0,0,0
14:39:47.659  DEBUG    TX /CONTROLL/0,0,0,0,0,0,0,0,0
14:39:48.396  INFO     Network connection established
14:39:48.396  INFO     RX        /BATTERY/VDDA/12849 mV
14:39:48.396  INFO     RX        === Hexapod Mainboard ===
14:39:48.415  INFO     RX        PCA9685 Right: OK
14:39:48.432  INFO     RX        PCA9685 Left:  OK
14:39:48.463  INFO     RX        LSM6DSO IMU:   OK
14:39:48.622  INFO     RX        VL53L1X ToF:   OK
14:39:48.668  INFO     RX        Locomotion:    INIT (UN_ARMED, printf mode)
14:39:48.668  INFO     RX        Press L1 to arm, R1 to disarm at any time.
14:39:48.668  INFO     RX        Ready.
14:39:49.264  DEBUG    TX /CONTROLL/0,0,0,0,0,0,0,0,0
14:39:50.873  DEBUG    TX /CONTROLL/0,0,0,0,0,0,0,0,4
14:39:52.482  DEBUG    TX /CONTROLL/0,0,0,0,0,0,0,0,0
14:39:54.096  DEBUG    TX /CONTROLL/0,0,0,0,0,0,0,0,0
14:39:55.709  DEBUG    TX /CONTROLL/0,0,0,0,0,0,0,0,0
14:39:57.322  DEBUG    TX /CONTROLL/0,0,0,0,0,0,0,0,0
14:39:57.803  INFO     RX        SERVO FR.[C: 90 F:106 T:/BATTERY/VDDA/12861 mV
14:39:57.803  INFO     RX        === Hexapod Mainboard ===
14:39:57.821  INFO     RX        PCA9685 Right: OK
14:39:57.839  INFO     RX        PCA9685 Left:  OK
14:39:57.869  INFO     RX        LSM6DSO IMU:   OK
14:39:58.031  INFO     RX        VL53L1X ToF:   OK
14:39:58.077  INFO     RX        Locomotion:    INIT (UN_ARMED, printf mode)
14:39:58.077  INFO     RX        Press L1 to arm, R1 to disarm at any time.
14:39:58.077  INFO     RX        Ready.
14:39:58.930  DEBUG    TX /CONTROLL/0,0,0,0,0,0,0,0,0
14:40:00.536  DEBUG    TX /CONTROLL/0,0,0,0,0,0,0,0,0
14:40:02.147  DEBUG    TX /CONTROLL/0,0,0,0,0,0,0,0,0
14:40:03.756  DEBUG    TX /CONTROLL/0,0,0,0,0,0,0,0,0
14:40:05.370  DEBUG    TX /CONTROLL/0,0,0,0,0,0,0,0,0
14:40:06.985  DEBUG    TX /CONTROLL/0,0,0,0,0,0,0,0,0
14:40:08.596  DEBUG    TX /CONTROLL/0,0,0,0,0,0,0,0,0
14:40:10.202  DEBUG    TX /CONTROLL/0,0,0,0,0,0,0,0,0
14:40:11.815  DEBUG    TX /CONTROLL/0,0,0,0,0,0,0,0,4
14:40:13.423  DEBUG    TX /CONTROLL/0,0,0,0,0,0,0,0,0
14:40:15.032  DEBUG    TX /CONTROLL/0,0,19,-100,0,0,0,0,0
14:40:16.644  DEBUG    TX /CONTROLL/0,0,0,0,0,0,0,0,0
14:40:16.661  INFO     RX        SERVO FR.[C: 90 F:106 T:/BATTERY/VDDA/12855 mV
14:40:16.661  INFO     RX        === Hexapod Mainboard ===
14:40:16.680  INFO     RX        PCA9685 Right: OK
14:40:16.715  INFO     RX        PCA9685 Left:  OK
14:40:16.744  INFO     RX        LSM6DSO IMU:   OK
14:40:16.889  INFO     RX        VL53L1X ToF:   OK
14:40:16.919  INFO     RX        Locomotion:    INIT (UN_ARMED, printf mode)
14:40:16.920  INFO     RX        Press L1 to arm, R1 to disarm at any time.
14:40:16.920  INFO     RX        Ready.
14:40:18.259  DEBUG    TX /CONTROLL/0,0,0,0,0,0,0,0,0
14:40:19.868  DEBUG    TX /CONTROLL/0,0,0,0,0,0,0,0,0
14:40:21.482  DEBUG    TX /CONTROLL/0,0,0,-89,0,0,0,0,0
14:40:23.095  DEBUG    TX /CONTROLL/0,0,0,0,0,0,0,0,0
14:40:24.708  DEBUG    TX /CONTROLL/31,67,-85,-19,0,0,0,0,0
14:40:26.310  DEBUG    TX /CONTROLL/0,0,0,0,0,0,0,0,32
14:40:27.918  DEBUG    TX /CONTROLL/0,0,0,0,0,0,0,0,0
14:40:29.525  DEBUG    TX /CONTROLL/0,0,0,0,0,0,0,0,0
14:40:29.997  INFO     RX        SERVO FR.[C: 90 F:106 T:107] MR.[C: 90 F:106 T:107] BR.[C: 90 F:106 T:10/BATTERY/VDDA/12855 mV
14:40:29.997  INFO     RX        === Hexapod Mainboard ===
14:40:30.016  INFO     RX        PCA9685 Right: OK
14:40:30.043  INFO     RX        PCA9685 Left:  OK
14:40:30.085  INFO     RX        LSM6DSO IMU:   OK
14:40:30.224  INFO     RX        VL53L1X ToF:   OK
14:40:30.269  INFO     RX        Locomotion:    INIT (UN_ARMED, printf mode)
14:40:30.269  INFO     RX        Press L1 to arm, R1 to disarm at any time.
14:40:30.269  INFO     RX        Ready.
14:40:31.133  DEBUG    TX /CONTROLL/0,0,0,0,0,0,0,0,0
14:40:32.746  DEBUG    TX /CONTROLL/0,0,0,0,0,0,0,0,0
14:40:34.355  DEBUG    TX /CONTROLL/0,0,0,0,0,0,0,0,0
14:40:35.965  DEBUG    TX /CONTROLL/0,0,0,0,0,0,0,0,0
14:40:37.574  DEBUG    TX /CONTROLL/0,0,0,0,0,0,0,0,0
14:40:39.185  DEBUG    TX /CONTROLL/0,0,0,0,0,0,0,0,4
14:40:40.796  DEBUG    TX /CONTROLL/0,0,0,0,0,0,0,0,0
14:40:41.122  INFO     RX        SERVO FR.[C: 90 F:106 T:/BATTERY/VDDA/12857 mV
14:40:41.122  INFO     RX        === Hexapod Mainboard ===
14:40:41.122  INFO     RX        PCA9685 Right: OK
14:40:41.153  INFO     RX        PCA9685 Left:  OK
14:40:41.153  INFO     RX        LSM6DSO IMU:   OK
14:40:41.324  INFO     RX        VL53L1X ToF:   OK
14:40:41.355  INFO     RX        Locomotion:    INIT (UN_ARMED, printf mode)
14:40:41.380  INFO     RX        Press L1 to arm, R1 to disarm at any time.
14:40:41.380  INFO     RX        Ready.
14:40:41.956  INFO     RX        /BATTERY/VDDA/12861 mV
14:40:41.961  INFO     RX        === Hexapod Mainboard ===
14:40:41.996  INFO     RX        PCA9685 Right: OK
14:40:41.996  INFO     RX        PCA9685 Left:  OK
14:40:42.128  INFO     RX        LSM6DSO IMU:   OK
14:40:42.230  INFO     RX        /BATTERY/VDDA/12861 mV
14:40:42.230  INFO     RX        === Hexapod Mainboard ===
14:40:42.249  INFO     RX        PCA9685 Right: OK
14:40:42.283  INFO     RX        PCA9685 Left:  OK
14:40:42.312  INFO     RX        LSM6DSO IMU:   OK
14:40:42.406  DEBUG    TX /CONTROLL/0,0,0,0,0,0,0,0,0
14:40:42.453  INFO     RX        /BATTERY/VDDA/12853 mV
14:40:42.453  INFO     RX        === Hexapod Mainboard ===
14:40:42.472  INFO     RX        PCA9685 Right: OK
14:40:42.508  INFO     RX        PCA9685 Left:  OK
14:40:42.508  INFO     RX        LSM6DSO IMU:   OK
14:40:42.642  INFO     RX        /BATTERY/VDDA/12851 mV
14:40:42.665  INFO     RX        === Hexapod Mainboard ===
14:40:42.665  INFO     RX        PCA9685 Right: OK
14:40:42.700  INFO     RX        PCA9685 Left:  OK
14:40:42.700  INFO     RX        LSM6DSO IMU:   OK
14:40:42.869  INFO     RX        VL53L1X ToF:   OK
14:40:42.900  INFO     RX        Locomotion:    INIT (UN_ARMED, printf mode)
14:40:42.900  INFO     RX        Press L1 to arm, R1 to disarm at any time.
14:40:42.900  INFO     RX        Ready.
14:40:44.016  DEBUG    TX /CONTROLL/0,0,0,0,0,0,0,0,32
14:40:45.628  DEBUG    TX /CONTROLL/0,0,0,0,0,0,0,0,0
14:40:47.239  DEBUG    TX /CONTROLL/0,0,0,0,0,0,0,0,4
14:40:48.849  DEBUG    TX /CONTROLL/0,0,0,0,0,0,0,0,0
14:40:49.615  INFO     RX        SERVO FR.[C: 90 F:106 T:107] MR.[C: 90 F:106 T:107] BR.[C: 90 F:106 T:10/BATTERY/VDDA/12863 mV
14:40:49.615  INFO     RX        === Hexapod Mainboard ===
14:40:49.633  INFO     RX        PCA9685 Right: OK
14:40:49.658  INFO     RX        PCA9685 Left:  OK
14:40:49.694  INFO     RX        LSM6DSO IMU:   OK
14:40:49.894  INFO     RX        VL53L1X ToF:   OK
14:40:49.904  INFO     RX        Locomotion:    INIT (UN_ARMED, printf mode)
14:40:49.904  INFO     RX        Press L1 to arm, R1 to disarm at any time.
14:40:49.904  INFO     RX        Ready.
14:40:50.459  DEBUG    TX /CONTROLL/0,0,0,0,0,0,0,0,0
14:40:52.069  DEBUG    TX /CONTROLL/0,0,0,0,0,0,0,0,0
14:40:52.963  INFO     RX        /BATTERY/VDDA/12861 mV
14:40:52.963  INFO     RX        === Hexapod Mainboard ===
14:40:52.981  INFO     RX        PCA9685 Right: OK
14:40:53.015  INFO     RX        PCA9685 Left:  OK
14:40:53.044  INFO     RX        LSM6DSO IMU:   OK
14:40:53.191  INFO     RX        VL53L1X ToF:   OK
14:40:53.220  INFO     RX        Locomotion:    INIT (UN_ARMED, printf mode)
14:40:53.238  INFO     RX        Press L1 to arm, R1 to disarm at any time.
14:40:53.238  INFO     RX        Ready.
14:40:53.683  DEBUG    TX /CONTROLL/0,0,0,0,0,0,0,0,0
14:40:55.292  DEBUG    TX /CONTROLL/0,0,0,0,0,0,0,0,0
14:40:56.589  INFO     RX        SERVO FR.[C: 90 F:106 T:107] MR.[C: 90 F:106 T:107] BR.[C: 90 F:106 T:107] BL.[C: /BATTERY/VDDA/12855 mV
14:40:56.634  INFO     RX        === Hexapod Mainboard ===
14:40:56.634  INFO     RX        PCA9685 Right: OK
14:40:56.634  INFO     RX        PCA9685 Left:  OK
14:40:56.642  INFO     RX        LSM6DSO IMU:   OK
14:40:56.814  INFO     RX        VL53L1X ToF:   OK
14:40:56.878  INFO     RX        Locomotion:    INIT (UN_ARMED, printf mode)
14:40:56.879  INFO     RX        Press L1 to arm, R1 to disarm at any time.
14:40:56.879  INFO     RX        Ready.
14:40:56.905  DEBUG    TX /CONTROLL/0,0,0,0,0,0,0,0,0
14:40:58.517  DEBUG    TX /CONTROLL/0,0,0,0,0,0,0,0,4
14:41:00.128  DEBUG    TX /CONTROLL/0,0,0,0,0,0,0,0,0
14:41:01.739  DEBUG    TX /CONTROLL/0,0,0,0,0,0,0,0,0
