09:54:18.507  INFO     Connecting to 100.122.9.49:5000...
09:56:30.974  ERROR    Failed to connect: [Errno 110] Connection timed out
09:56:32.553  DEBUG    TX /CONTROLL/0,0,0,0,0,0,0,0,0
09:56:34.169  DEBUG    TX /CONTROLL/0,0,0,0,0,0,0,0,0
09:56:35.781  DEBUG    TX /CONTROLL/0,0,0,0,0,0,0,0,0
09:56:37.390  DEBUG    TX /CONTROLL/0,0,0,0,0,0,0,0,0
09:56:38.999  DEBUG    TX /CONTROLL/0,0,0,0,0,0,0,0,0
09:56:40.607  DEBUG    TX /CONTROLL/0,0,0,0,0,0,0,0,0
09:56:42.237  DEBUG    TX /CONTROLL/0,0,0,0,0,0,0,0,0
09:56:43.848  DEBUG    TX /CONTROLL/0,0,0,0,0,0,0,0,0
09:56:45.466  DEBUG    TX /CONTROLL/0,0,0,0,0,0,0,0,0
09:56:47.073  DEBUG    TX /CONTROLL/0,0,0,0,0,0,0,0,0
09:56:48.691  DEBUG    TX /CONTROLL/0,0,0,0,0,0,0,0,0
09:56:50.319  DEBUG    TX /CONTROLL/0,0,0,0,0,0,0,0,0
09:56:51.933  DEBUG    TX /CONTROLL/0,0,0,0,0,0,0,0,0
09:56:53.544  DEBUG    TX /CONTROLL/0,0,0,0,0,0,0,0,0
09:56:55.162  DEBUG    TX /CONTROLL/0,0,0,0,0,0,0,0,0
09:56:56.779  DEBUG    TX /CONTROLL/0,0,0,0,0,0,0,0,0
09:56:58.395  DEBUG    TX /CONTROLL/0,0,0,0,0,0,0,0,0
09:57:00.009  DEBUG    TX /CONTROLL/0,0,0,0,0,0,0,0,0
09:57:01.626  DEBUG    TX /CONTROLL/0,0,0,0,0,0,0,0,0
09:57:03.232  DEBUG    TX /CONTROLL/0,0,0,0,0,0,0,0,0
09:57:04.843  DEBUG    TX /CONTROLL/0,0,0,0,0,0,0,0,0
09:57:06.456  DEBUG    TX /CONTROLL/0,0,0,0,0,0,0,0,0
09:57:08.061  DEBUG    TX /CONTROLL/0,0,0,0,0,0,0,0,0
09:57:09.663  DEBUG    TX /CONTROLL/0,0,0,0,0,0,0,0,0
09:57:11.268  DEBUG    TX /CONTROLL/0,0,0,0,0,0,0,0,0
09:57:12.887  DEBUG    TX /CONTROLL/0,0,0,0,0,0,0,0,0
09:57:14.490  DEBUG    TX /CONTROLL/0,0,0,0,0,0,0,0,0
09:57:16.096  DEBUG    TX /CONTROLL/0,0,0,0,0,0,0,0,0
09:57:17.710  DEBUG    TX /CONTROLL/0,0,0,0,0,0,0,0,0
09:57:19.322  DEBUG    TX /CONTROLL/0,0,0,0,0,0,0,0,0
09:57:20.932  DEBUG    TX /CONTROLL/0,0,0,0,0,0,0,0,0
09:57:22.543  DEBUG    TX /CONTROLL/0,0,0,0,0,0,0,0,0
09:57:24.159  DEBUG    TX /CONTROLL/0,0,0,0,0,0,0,0,0
09:57:25.767  DEBUG    TX /CONTROLL/0,0,0,0,0,0,0,0,0
09:57:27.378  DEBUG    TX /CONTROLL/0,0,0,0,0,0,0,0,0
09:57:29.001  DEBUG    TX /CONTROLL/0,0,0,0,0,0,0,0,0
09:57:30.608  DEBUG    TX /CONTROLL/0,0,0,0,0,0,0,0,0
09:57:32.213  DEBUG    TX /CONTROLL/0,0,0,0,0,0,0,0,0
09:57:33.818  DEBUG    TX /CONTROLL/0,0,0,0,0,0,0,0,0
09:57:35.430  DEBUG    TX /CONTROLL/0,0,0,0,0,0,0,0,0
09:57:37.039  DEBUG    TX /CONTROLL/0,0,0,0,0,0,0,0,0
09:57:38.650  DEBUG    TX /CONTROLL/0,0,0,0,0,0,0,0,0
09:57:40.260  DEBUG    TX /CONTROLL/0,0,0,0,0,0,0,0,0
09:57:41.863  DEBUG    TX /CONTROLL/0,0,0,0,0,0,0,0,0
09:57:43.465  DEBUG    TX /CONTROLL/0,0,0,0,0,0,0,0,0
09:57:45.077  DEBUG    TX /CONTROLL/0,0,0,0,0,0,0,0,0
09:57:46.688  DEBUG    TX /CONTROLL/0,0,0,0,0,0,0,0,0
09:57:48.297  DEBUG    TX /CONTROLL/0,0,0,0,0,0,0,0,0
09:57:49.897  DEBUG    TX /CONTROLL/0,0,0,0,0,0,0,0,0
09:57:51.501  DEBUG    TX /CONTROLL/0,0,0,0,0,0,0,0,0
09:57:53.101  DEBUG    TX /CONTROLL/0,0,0,0,0,0,0,0,0
09:57:54.718  DEBUG    TX /CONTROLL/0,0,0,0,0,0,0,0,0
09:57:56.326  DEBUG    TX /CONTROLL/0,0,0,0,0,0,0,0,0
09:57:57.929  DEBUG    TX /CONTROLL/0,0,0,0,0,0,0,0,0
09:57:59.535  DEBUG    TX /CONTROLL/0,0,0,0,0,0,0,0,0
09:58:01.138  DEBUG    TX /CONTROLL/0,0,0,0,0,0,0,0,0
09:58:02.741  DEBUG    TX /CONTROLL/0,0,0,0,0,0,0,0,0
09:58:04.345  DEBUG    TX /CONTROLL/0,0,0,0,0,0,0,0,0
09:58:05.949  DEBUG    TX /CONTROLL/0,0,0,0,0,0,0,0,0
09:58:07.553  DEBUG    TX /CONTROLL/0,0,0,0,0,0,0,0,0
09:58:09.164  DEBUG    TX /CONTROLL/0,0,0,0,0,0,0,0,0
09:58:10.771  DEBUG    TX /CONTROLL/0,0,0,0,0,0,0,0,0
09:58:12.374  DEBUG    TX /CONTROLL/0,0,0,0,0,0,0,0,0
09:58:13.984  DEBUG    TX /CONTROLL/0,0,0,0,0,0,0,0,0
09:58:15.593  DEBUG    TX /CONTROLL/0,0,0,0,0,0,0,0,0
09:58:17.198  DEBUG    TX /CONTROLL/0,0,0,0,0,0,0,0,0
09:58:18.799  DEBUG    TX /CONTROLL/0,0,0,0,0,0,0,0,0
09:58:20.401  DEBUG    TX /CONTROLL/0,0,0,0,0,0,0,0,0
09:58:22.010  DEBUG    TX /CONTROLL/0,0,0,0,0,0,0,0,0
09:58:23.616  DEBUG    TX /CONTROLL/0,0,0,0,0,0,0,0,0
09:58:25.218  DEBUG    TX /CONTROLL/0,0,0,0,0,0,0,0,0
09:58:26.824  DEBUG    TX /CONTROLL/0,0,0,0,0,0,0,0,0
09:58:28.424  DEBUG    TX /CONTROLL/0,0,0,0,0,0,0,0,0
09:58:30.030  DEBUG    TX /CONTROLL/0,0,0,0,0,0,0,0,0
09:58:31.632  DEBUG    TX /CONTROLL/0,0,0,0,0,0,0,0,0
09:58:33.240  DEBUG    TX /CONTROLL/0,0,0,0,0,0,0,0,0
09:58:34.840  DEBUG    TX /CONTROLL/0,0,0,0,0,0,0,0,0
09:58:36.441  DEBUG    TX /CONTROLL/0,0,0,0,0,0,0,0,0
09:58:38.044  DEBUG    TX /CONTROLL/0,0,0,0,0,0,0,0,0
09:58:39.652  DEBUG    TX /CONTROLL/0,0,0,0,0,0,0,0,0
09:58:41.261  DEBUG    TX /CONTROLL/0,0,0,0,0,0,0,0,0
09:58:42.868  DEBUG    TX /CONTROLL/0,0,0,0,0,0,0,0,0
09:58:44.471  DEBUG    TX /CONTROLL/0,0,0,0,0,0,0,0,0
09:58:46.072  DEBUG    TX /CONTROLL/0,0,0,0,0,0,0,0,0
09:58:47.672  DEBUG    TX /CONTROLL/0,0,0,0,0,0,0,0,0
09:58:49.281  DEBUG    TX /CONTROLL/0,0,0,0,0,0,0,0,0
09:58:50.889  DEBUG    TX /CONTROLL/0,0,0,0,0,0,0,0,0
09:58:52.493  DEBUG    TX /CONTROLL/0,0,0,0,0,0,0,0,0
09:58:54.099  DEBUG    TX /CONTROLL/0,0,0,0,0,0,0,0,0
09:58:55.701  DEBUG    TX /CONTROLL/0,0,0,0,0,0,0,0,0
09:58:57.303  DEBUG    TX /CONTROLL/0,0,0,0,0,0,0,0,0
09:58:58.905  DEBUG    TX /CONTROLL/0,0,0,0,0,0,0,0,0
09:59:00.512  DEBUG    TX /CONTROLL/0,0,0,0,0,0,0,0,0
09:59:02.113  DEBUG    TX /CONTROLL/0,0,0,0,0,0,0,0,0
09:59:03.718  DEBUG    TX /CONTROLL/0,0,0,0,0,0,0,0,0
09:59:05.322  DEBUG    TX /CONTROLL/0,0,0,0,0,0,0,0,0
09:59:06.925  DEBUG    TX /CONTROLL/0,0,0,0,0,0,0,0,0
09:59:08.528  DEBUG    TX /CONTROLL/0,0,0,0,0,0,0,0,0
09:59:10.133  DEBUG    TX /CONTROLL/0,0,0,0,0,0,0,0,0
09:59:11.739  DEBUG    TX /CONTROLL/0,0,0,0,0,0,0,0,0
09:59:13.341  DEBUG    TX /CONTROLL/0,0,0,0,0,0,0,0,0
09:59:14.945  DEBUG    TX /CONTROLL/0,0,0,0,0,0,0,0,0
09:59:16.553  DEBUG    TX /CONTROLL/0,0,0,0,0,0,0,0,0
09:59:18.160  DEBUG    TX /CONTROLL/0,0,0,0,0,0,0,0,0
09:59:19.770  DEBUG    TX /CONTROLL/0,0,0,0,0,0,0,0,0
09:59:21.373  DEBUG    TX /CONTROLL/0,0,0,0,0,0,0,0,0
09:59:22.975  DEBUG    TX /CONTROLL/0,0,0,0,0,0,0,0,0
09:59:24.603  DEBUG    TX /CONTROLL/0,0,0,0,0,0,0,0,0
09:59:26.211  DEBUG    TX /CONTROLL/0,0,0,0,0,0,0,0,0
09:59:27.817  DEBUG    TX /CONTROLL/0,0,0,0,0,0,0,0,0
09:59:29.419  DEBUG    TX /CONTROLL/0,0,0,0,0,0,0,0,0
09:59:31.019  DEBUG    TX /CONTROLL/0,0,0,0,0,0,0,0,0
09:59:32.629  DEBUG    TX /CONTROLL/0,0,0,0,0,0,0,0,0
09:59:34.239  DEBUG    TX /CONTROLL/0,0,0,0,0,0,0,0,0
09:59:35.842  DEBUG    TX /CONTROLL/0,0,0,0,0,0,0,0,0
09:59:37.444  DEBUG    TX /CONTROLL/0,0,0,0,0,0,0,0,0
09:59:39.052  DEBUG    TX /CONTROLL/0,0,0,0,0,0,0,0,0
09:59:40.666  DEBUG    TX /CONTROLL/0,0,0,0,0,0,0,0,0
09:59:42.266  DEBUG    TX /CONTROLL/0,0,0,0,0,0,0,0,0
09:59:43.867  DEBUG    TX /CONTROLL/0,0,0,0,0,0,0,0,0
09:59:45.470  DEBUG    TX /CONTROLL/0,0,0,0,0,0,0,0,0
09:59:47.080  DEBUG    TX /CONTROLL/0,0,0,0,0,0,0,0,0
09:59:48.695  DEBUG    TX /CONTROLL/0,0,0,0,0,0,0,0,0
09:59:50.310  DEBUG    TX /CONTROLL/0,0,0,0,0,0,0,0,0
09:59:51.912  DEBUG    TX /CONTROLL/0,0,0,0,0,0,0,0,0
09:59:53.516  DEBUG    TX /CONTROLL/0,0,0,0,0,0,0,0,0
09:59:55.119  DEBUG    TX /CONTROLL/0,0,0,0,0,0,0,0,0
09:59:56.727  DEBUG    TX /CONTROLL/0,0,0,0,0,0,0,0,0
09:59:58.327  DEBUG    TX /CONTROLL/0,0,0,0,0,0,0,0,0
09:59:59.931  DEBUG    TX /CONTROLL/0,0,0,0,0,0,0,0,0
10:00:01.533  DEBUG    TX /CONTROLL/0,0,0,0,0,0,0,0,0
10:00:03.144  DEBUG    TX /CONTROLL/0,0,0,0,0,0,0,0,0
10:00:04.749  DEBUG    TX /CONTROLL/0,0,0,0,0,0,0,0,0
10:00:06.351  DEBUG    TX /CONTROLL/0,0,0,0,0,0,0,0,0
10:00:07.956  DEBUG    TX /CONTROLL/0,0,0,0,0,0,0,0,0
10:00:09.562  DEBUG    TX /CONTROLL/0,0,0,0,0,0,0,0,0
10:00:11.163  DEBUG    TX /CONTROLL/0,0,0,0,0,0,0,0,0
10:00:12.770  DEBUG    TX /CONTROLL/0,0,0,0,0,0,0,0,0
10:00:14.377  DEBUG    TX /CONTROLL/0,0,0,0,0,0,0,0,0
10:00:15.977  DEBUG    TX /CONTROLL/0,0,0,0,0,0,0,0,0
10:00:17.586  DEBUG    TX /CONTROLL/0,0,0,0,0,0,0,0,0
10:00:19.189  DEBUG    TX /CONTROLL/0,0,0,0,0,0,0,0,0
10:00:20.789  DEBUG    TX /CONTROLL/0,0,0,0,0,0,0,0,0
10:00:22.391  DEBUG    TX /CONTROLL/0,0,0,0,0,0,0,0,0
10:00:23.994  DEBUG    TX /CONTROLL/0,0,0,0,0,0,0,0,0
10:00:25.595  DEBUG    TX /CONTROLL/0,0,0,0,0,0,0,0,0
10:00:27.199  DEBUG    TX /CONTROLL/0,0,0,0,0,0,0,0,0
10:00:28.813  DEBUG    TX /CONTROLL/0,0,0,0,0,0,0,0,0
10:00:30.415  DEBUG    TX /CONTROLL/0,0,0,0,0,0,0,0,0
10:00:32.020  DEBUG    TX /CONTROLL/0,0,0,0,0,0,0,0,0
10:00:33.630  DEBUG    TX /CONTROLL/0,0,0,0,0,0,0,0,0
10:00:35.235  DEBUG    TX /CONTROLL/0,0,0,0,0,0,0,0,0
10:00:36.843  DEBUG    TX /CONTROLL/0,0,0,0,0,0,0,0,0
10:00:38.451  DEBUG    TX /CONTROLL/0,0,0,0,0,0,0,0,0
10:00:40.059  DEBUG    TX /CONTROLL/0,0,0,0,0,0,0,0,0
10:00:41.662  DEBUG    TX /CONTROLL/0,0,0,0,0,0,0,0,0
10:00:43.266  DEBUG    TX /CONTROLL/0,0,0,0,0,0,0,0,0
10:00:44.872  DEBUG    TX /CONTROLL/0,0,0,0,0,0,0,0,0
10:00:46.472  DEBUG    TX /CONTROLL/0,0,0,0,0,0,0,0,0
10:00:48.081  DEBUG    TX /CONTROLL/0,0,0,0,0,0,0,0,0
10:00:49.687  DEBUG    TX /CONTROLL/0,0,0,0,0,0,0,0,0
10:00:51.296  DEBUG    TX /CONTROLL/0,0,0,0,0,0,0,0,0
10:00:52.905  DEBUG    TX /CONTROLL/0,0,0,0,0,0,0,0,0
10:00:54.506  DEBUG    TX /CONTROLL/0,0,0,0,0,0,0,0,0
10:00:56.110  DEBUG    TX /CONTROLL/0,0,0,0,0,0,0,0,0
10:00:57.712  DEBUG    TX /CONTROLL/0,0,0,0,0,0,0,0,0
10:00:59.313  DEBUG    TX /CONTROLL/0,0,0,0,0,0,0,0,0
10:01:00.925  DEBUG    TX /CONTROLL/0,0,0,0,0,0,0,0,0
10:01:02.529  DEBUG    TX /CONTROLL/0,0,0,0,0,0,0,0,0
10:01:04.142  DEBUG    TX /CONTROLL/0,0,0,0,0,0,0,0,0
10:01:05.755  DEBUG    TX /CONTROLL/0,0,0,0,0,0,0,0,0
10:01:07.358  DEBUG    TX /CONTROLL/0,0,0,0,0,0,0,0,0
10:01:08.964  DEBUG    TX /CONTROLL/0,0,0,0,0,0,0,0,0
10:01:10.572  DEBUG    TX /CONTROLL/0,0,0,0,0,0,0,0,0
10:01:12.175  DEBUG    TX /CONTROLL/0,0,0,0,0,0,0,0,0
10:01:13.786  DEBUG    TX /CONTROLL/0,0,0,0,0,0,0,0,0
10:01:15.405  DEBUG    TX /CONTROLL/0,0,0,0,0,0,0,0,0
10:01:17.009  DEBUG    TX /CONTROLL/0,0,0,0,0,0,0,0,0
10:01:18.618  DEBUG    TX /CONTROLL/0,0,0,0,0,0,0,0,0
10:01:20.232  DEBUG    TX /CONTROLL/0,0,0,0,0,0,0,0,0
10:01:21.855  DEBUG    TX /CONTROLL/0,0,0,0,0,0,0,0,0
10:01:23.466  DEBUG    TX /CONTROLL/0,0,0,0,0,0,0,0,0
10:01:25.074  DEBUG    TX /CONTROLL/0,0,0,0,0,0,0,0,0
10:01:26.679  DEBUG    TX /CONTROLL/0,0,0,0,0,0,0,0,0
10:01:28.291  DEBUG    TX /CONTROLL/0,0,0,0,0,0,0,0,0
10:01:29.899  DEBUG    TX /CONTROLL/0,0,0,0,0,0,0,0,0
10:01:31.509  DEBUG    TX /CONTROLL/0,0,0,0,0,0,0,0,0
10:01:33.131  DEBUG    TX /CONTROLL/0,0,0,0,0,0,0,0,0
10:01:34.745  DEBUG    TX /CONTROLL/0,0,0,0,0,0,0,0,0
10:01:36.358  DEBUG    TX /CONTROLL/0,0,0,0,0,0,0,0,0
10:01:37.965  DEBUG    TX /CONTROLL/0,0,0,0,0,0,0,0,0
10:01:39.574  DEBUG    TX /CONTROLL/0,0,0,0,0,0,0,0,0
10:01:41.182  DEBUG    TX /CONTROLL/0,0,0,0,0,0,0,0,0
10:01:42.793  DEBUG    TX /CONTROLL/0,0,0,0,0,0,0,0,0
10:01:44.402  DEBUG    TX /CONTROLL/0,0,0,0,0,0,0,0,0
10:01:46.012  DEBUG    TX /CONTROLL/0,0,0,0,0,0,0,0,0
10:01:47.622  DEBUG    TX /CONTROLL/0,0,0,0,0,0,0,0,0
10:01:49.231  DEBUG    TX /CONTROLL/0,0,0,0,0,0,0,0,0
10:01:50.840  DEBUG    TX /CONTROLL/0,0,0,0,0,0,0,0,0
10:01:52.471  DEBUG    TX /CONTROLL/0,0,0,0,0,0,0,0,0
10:01:54.089  DEBUG    TX /CONTROLL/0,0,0,0,0,0,0,0,0
10:01:55.709  DEBUG    TX /CONTROLL/0,0,0,0,0,0,0,0,0
10:01:57.312  DEBUG    TX /CONTROLL/0,0,0,0,0,0,0,0,0
10:01:58.929  DEBUG    TX /CONTROLL/0,0,0,0,0,0,0,0,0
10:02:00.536  DEBUG    TX /CONTROLL/0,0,0,0,0,0,0,0,0
10:02:02.153  DEBUG    TX /CONTROLL/0,0,0,0,0,0,0,0,0
10:02:03.764  DEBUG    TX /CONTROLL/0,0,0,0,0,0,0,0,0
10:02:05.374  DEBUG    TX /CONTROLL/0,0,0,0,0,0,0,0,0
10:02:06.991  DEBUG    TX /CONTROLL/0,0,0,0,0,0,0,0,0
10:02:08.603  DEBUG    TX /CONTROLL/0,0,0,0,0,0,0,0,0
10:02:10.216  DEBUG    TX /CONTROLL/0,0,0,0,0,0,0,0,0
10:02:11.818  DEBUG    TX /CONTROLL/0,0,0,0,0,0,0,0,0
10:02:13.422  DEBUG    TX /CONTROLL/0,0,0,0,0,0,0,0,0
