12:41:55.213  INFO     Connecting to 100.122.9.49:5000...
12:41:55.227  INFO     Network connection established
12:41:55.227  INFO     RX        Locomotion:    INIT (UN_ARMED, printf mode)
12:41:55.227  INFO     RX        Press L1 to arm, R1 to disarm at any time.
12:41:55.227  INFO     RX        /ERR/INIT/0x0000000b
12:41:55.227  INFO     RX        Ready.
12:41:55.227  INFO     RX        /BATTERY/V/7.54
12:41:55.227  INFO     RX        /BATTERY/V/7.59
12:41:55.227  INFO     RX        /BATTERY/V/7.57
12:41:55.227  INFO     RX        /BATTERY/V/7.57
12:41:55.227  INFO     RX        /BATTERY/V/7.58
12:41:55.228  INFO     RX        /BATTERY/V/7.58
12:41:56.786  DEBUG    TX /CONTROLL/0,0,0,0,0,0,0,0,0
12:41:58.398  DEBUG    TX /CONTROLL/0,0,0,0,0,0,0,0,0
12:42:00.010  DEBUG    TX /CONTROLL/0,0,0,0,0,0,0,0,0
12:42:01.616  DEBUG    TX /CONTROLL/0,0,0,0,0,0,0,0,0
12:42:03.228  DEBUG    TX /CONTROLL/0,0,0,0,0,0,0,0,0
12:42:03.250  INFO     RX        /BATTERY/V/BATTERY/VDDA/12861 mV
12:42:03.250  INFO     RX        === Hexapod Mainboard ===
12:42:03.894  INFO     RX        PCA9685 Right: FAIL
12:42:03.909  INFO     RX        PCA9685 Left:  FAIL
12:42:03.909  INFO     RX        LSM6DSO16IS IMU (filtered): DISABLED
12:42:04.848  DEBUG    TX /CONTROLL/0,0,0,0,0,0,0,0,0
12:42:05.914  INFO     RX        VL53L1X ToF:   FAIL
12:42:05.966  INFO     RX        Locomotion:    INIT (UN_ARMED, printf mode)
12:42:05.976  INFO     RX        Press L1 to arm, R1 to disarm at any time.
12:42:05.976  INFO     RX        /ERR/INIT/0x0000000b
12:42:05.976  INFO     RX        Ready.
12:42:06.018  INFO     RX        /BATTERY/V/7.60
12:42:06.216  INFO     RX        /BATTERY/V/7.56
12:42:06.455  DEBUG    TX /CONTROLL/0,0,0,0,0,0,0,0,0
