15:23:19.806  INFO     Connecting to 100.122.9.49:5000...
15:23:21.392  DEBUG    TX /CONTROLL/0,0,0,0,0,0,0,0,0
15:23:23.025  DEBUG    TX /CONTROLL/0,0,0,0,0,0,0,0,0
15:23:24.646  DEBUG    TX /CONTROLL/0,0,0,0,0,0,0,0,0
15:23:26.261  DEBUG    TX /CONTROLL/0,0,0,0,0,0,0,0,0
15:23:27.875  DEBUG    TX /CONTROLL/0,0,0,0,0,0,0,0,0
15:23:28.401  INFO     Network connection established
15:23:28.401  INFO     RX        /BATTERY/VDDA/12857 mV
15:23:28.401  INFO     RX        === Hexapod Mainboard ===
15:23:28.407  INFO     RX        PCA9685 Right: OK
15:23:28.407  INFO     RX        PCA9685 Left:  OK
15:23:28.407  INFO     RX        LSM6DSO IMU:   OK
15:23:28.543  INFO     RX        VL53L1X ToF:   OK
15:23:28.582  INFO     RX        Locomotion:    INIT (UN_ARMED, printf mode)
15:23:29.480  DEBUG    TX /CONTROLL/0,0,0,0,0,0,0,0,0
15:23:31.104  DEBUG    TX /CONTROLL/0,0,0,0,0,0,0,0,0
15:23:32.168  INFO     RX        Press L1 to arm, R1 to d/BATTERY/VDDA/12863 mV
15:23:32.168  INFO     RX        === Hexapod Mainboard ===
15:23:32.168  INFO     RX        PCA9685 Right: OK
15:23:32.200  INFO     RX        PCA9685 Left:  OK
15:23:32.239  INFO     RX        LSM6DSO IMU:   OK
15:23:32.379  INFO     RX        VL53L1X ToF:   OK
15:23:32.426  INFO     RX        Locomotion:    INIT (UN_ARMED, printf mode)
15:23:32.427  INFO     RX        Press L1 to arm, R1 to disarm at any time.
15:23:32.427  INFO     RX        Ready.
15:23:32.714  DEBUG    TX /CONTROLL/0,0,0,0,0,0,0,0,0
15:23:34.328  DEBUG    TX /CONTROLL/0,0,0,0,0,0,0,0,4
15:23:35.940  DEBUG    TX /CONTROLL/0,0,0,0,0,0,0,0,0
15:23:36.752  INFO     RX        SERVO FR.[C: 90 F:106 T:107] MR.[C: 90 F:106 T:107] BR.[C: 90 F:106 T:10/BATTERY/VDDA/12855 mV
15:23:36.752  INFO     RX        === Hexapod Mainboard ===
15:23:36.795  INFO     RX        PCA9685 Right: OK
15:23:36.795  INFO     RX        PCA9685 Left:  OK
15:23:36.807  INFO     RX        LSM6DSO IMU:   OK
15:23:36.979  INFO     RX        VL53L1X ToF:   OK
15:23:37.009  INFO     RX        Locomotion:    INIT (UN_ARMED, printf mode)
15:23:37.009  INFO     RX        Press L1 to arm, R1 to disarm at any time.
15:23:37.009  INFO     RX        Ready.
15:23:37.553  DEBUG    TX /CONTROLL/0,0,0,0,0,0,0,0,0
15:23:39.162  DEBUG    TX /CONTROLL/0,0,0,0,0,0,0,0,4
15:23:40.777  DEBUG    TX /CONTROLL/0,0,0,0,0,0,0,0,0
15:23:42.393  DEBUG    TX /CONTROLL/0,0,0,0,0,0,0,0,0
15:23:44.001  DEBUG    TX /CONTROLL/0,0,0,0,0,0,0,0,0
15:23:44.556  INFO     RX        SERVO FR.[C: 90 F:106 T:107] MR.[C: 90 F:106 T:107] BR.[C: 90 F:106 T:10/BATTERY/VDDA/12855 mV
15:23:44.557  INFO     RX        === Hexapod Mainboard ===
15:23:44.584  INFO     RX        PCA9685 Right: OK
15:23:44.616  INFO     RX        PCA9685 Left:  OK
15:23:44.616  INFO     RX        LSM6DSO IMU:   OK
15:23:44.783  INFO     RX        VL53L1X ToF:   OK
15:23:44.841  INFO     RX        Locomotion:    INIT (UN_ARMED, printf mode)
15:23:44.841  INFO     RX        Press L1 to arm, R1 to disarm at any time.
15:23:44.841  INFO     RX        Ready.
15:23:45.607  DEBUG    TX /CONTROLL/0,0,0,0,0,0,0,0,0
15:23:46.910  INFO     RX        SERVO FR.[C: 90 F:106 T:107] MR.[C: 90 F:106 T:107] BR.[C: 90 F:106 T:10/BATTERY/VDDA/12859 mV
15:23:46.910  INFO     RX        === Hexapod Mainboard ===
15:23:46.930  INFO     RX        PCA9685 Right: OK
15:23:46.965  INFO     RX        PCA9685 Left:  OK
15:23:46.966  INFO     RX        LSM6DSO IMU:   OK
15:23:47.138  INFO     RX        VL53L1X ToF:   OK
15:23:47.167  INFO     RX        Locomotion:    INIT (UN_ARMED, printf mode)
15:23:47.167  INFO     RX        Press L1 to arm, R1 to disarm at any time.
15:23:47.167  INFO     RX        Ready.
15:23:47.216  DEBUG    TX /CONTROLL/0,0,0,0,0,0,0,0,0
15:23:48.832  DEBUG    TX /CONTROLL/0,0,0,0,0,0,0,0,0
15:23:50.437  DEBUG    TX /CONTROLL/0,0,0,0,0,0,0,0,0
15:23:50.877  INFO     RX        SERVO FR.[C: 90 F:106 T:107] MR.[C: 90 F:106 T:107] BR.[C: 90 F:106 T:10/BATTERY/VDDA/12857 mV
15:23:50.890  INFO     RX        === Hexapod Mainboard ===
15:23:51.018  INFO     RX        PCA9685 Right: OK
15:23:51.018  INFO     RX        PCA9685 Left:  OK
15:23:51.024  INFO     RX        LSM6DSO IMU:   OK
15:23:51.106  INFO     RX        VL53L1X ToF:   OK
15:23:51.148  INFO     RX        Locomotion:    INIT (UN_ARMED, printf mode)
15:23:51.148  INFO     RX        Press L1 to arm, R1 to disarm at any time.
15:23:51.148  INFO     RX        Ready.
15:23:52.046  DEBUG    TX /CONTROLL/0,0,0,0,0,0,0,0,0
15:23:53.658  DEBUG    TX /CONTROLL/0,0,0,0,0,0,0,0,0
15:23:55.266  DEBUG    TX /CONTROLL/0,0,0,0,0,0,0,0,0
15:23:56.874  DEBUG    TX /CONTROLL/0,0,0,0,0,0,0,0,0
15:23:58.484  DEBUG    TX /CONTROLL/0,0,0,0,0,0,0,0,0
15:24:00.096  DEBUG    TX /CONTROLL/0,0,0,0,0,0,0,0,0
15:24:01.703  DEBUG    TX /CONTROLL/0,0,0,0,0,0,0,0,0
15:24:01.878  INFO     RX        SERVO FR.[C: 90 F:106 T:107] MR.[C: 90 F:106 T:107] BR.[C: 90 F:106 T:10/BATTERY/VDDA/12861 mV
15:24:01.878  INFO     RX        === Hexapod Mainboard ===
15:24:01.902  INFO     RX        PCA9685 Right: OK
15:24:01.937  INFO     RX        PCA9685 Left:  OK
15:24:01.937  INFO     RX        LSM6DSO IMU:   OK
15:24:02.102  INFO     RX        VL53L1X ToF:   OK
15:24:02.158  INFO     RX        Locomotion:    INIT (UN_ARMED, printf mode)
15:24:02.158  INFO     RX        Press L1 to arm, R1 to disarm at any time.
15:24:02.158  INFO     RX        Ready.
15:24:03.311  DEBUG    TX /CONTROLL/0,0,0,0,0,0,0,0,0
15:24:04.926  DEBUG    TX /CONTROLL/0,0,16,-100,0,0,0,0,0
15:24:06.536  DEBUG    TX /CONTROLL/0,0,0,0,0,0,0,0,0
15:24:06.631  INFO     RX        SERVO FR.[C: 90 F:106 T:/BATTERY/VDDA/12853 mV
15:24:06.631  INFO     RX        === Hexapod Mainboard ===
15:24:06.648  INFO     RX        PCA9685 Right: OK
15:24:06.669  INFO     RX        PCA9685 Left:  OK
15:24:06.705  INFO     RX        LSM6DSO IMU:   OK
15:24:06.857  INFO     RX        VL53L1X ToF:   OK
15:24:06.887  INFO     RX        Locomotion:    INIT (UN_ARMED, printf mode)
15:24:06.887  INFO     RX        Press L1 to arm, R1 to disarm at any time.
15:24:06.887  INFO     RX        Ready.
15:24:08.148  DEBUG    TX /CONTROLL/0,0,0,0,0,0,0,0,0
15:24:09.758  DEBUG    TX /CONTROLL/0,0,32,-100,0,0,0,0,0
15:24:11.296  INFO     RX        SERVO FR.[C: 90 F:106 T:107] MR.[C: 90 F:106 T:107] BR.[C: 90 F:106 T:10/BATTERY/VDDA/12859 mV
15:24:11.296  INFO     RX        === Hexapod Mainboard ===
15:24:11.314  INFO     RX        PCA9685 Right: OK
15:24:11.335  INFO     RX        PCA9685 Left:  OK
15:24:11.364  DEBUG    TX /CONTROLL/0,0,0,0,0,0,0,0,0
15:24:11.368  INFO     RX        LSM6DSO IMU:   OK
15:24:11.522  INFO     RX        VL53L1X ToF:   OK
15:24:11.569  INFO     RX        Locomotion:    INIT (UN_ARMED, printf mode)
15:24:11.569  INFO     RX        Press L1 to arm, R1 to disarm at any time.
15:24:11.569  INFO     RX        Ready.
15:24:12.976  DEBUG    TX /CONTROLL/0,0,0,0,0,0,0,0,0
15:24:13.853  INFO     RX        /BATTERY/VDDA/12851 mV
15:24:13.853  INFO     RX        === Hexapod Mainboard ===
15:24:13.888  INFO     RX        PCA9685 Right: OK
15:24:13.888  INFO     RX        PCA9685 Left:  OK
15:24:13.918  INFO     RX        LSM6DSO IMU:   OK
15:24:14.068  INFO     RX        VL53L1X ToF:   OK
15:24:14.098  INFO     RX        Locomotion:    INIT (UN_ARMED, printf mode)
15:24:14.110  INFO     RX        Press L1 to arm, R1 to disarm at any time.
15:24:14.110  INFO     RX        Ready.
15:24:14.588  DEBUG    TX /CONTROLL/0,0,0,0,0,0,0,0,0
15:24:16.199  DEBUG    TX /CONTROLL/0,0,0,0,0,0,0,0,0
15:24:17.810  DEBUG    TX /CONTROLL/0,0,0,0,0,0,0,0,0
15:24:19.416  DEBUG    TX /CONTROLL/0,0,0,0,0,0,0,0,0
15:24:21.030  DEBUG    TX /CONTROLL/0,0,0,0,0,0,0,0,0
15:24:22.635  DEBUG    TX /CONTROLL/0,0,0,0,0,0,0,0,0
15:24:23.865  INFO     RX        /ERR/LOKO/0x00000002
15:24:23.896  INFO     RX        /ERR/LOKO/0x00000002
15:24:23.896  INFO     RX        /ERR/LOKO/0x00000002
15:24:23.896  INFO     RX        /ERR/LOKO/0x00000002
15:24:23.932  INFO     RX        /ERR/LOKO/0x00000002
15:24:23.933  INFO     RX        /ERR/LOKO/0x00000002
15:24:23.933  INFO     RX        /ERR/LOKO/0x00000002
15:24:23.962  INFO     RX        /ERR/LOKO/0x00000002
15:24:23.962  INFO     RX        /ERR/LOKO/0x00000002
15:24:23.996  INFO     RX        /ERR/LOKO/0x00000002
15:24:23.996  INFO     RX        /ERR/LOKO/0x00000002
15:24:23.996  INFO     RX        /ERR/LOKO/0x00000002
15:24:24.024  INFO     RX        /ERR/LOKO/0x00000002
15:24:24.024  INFO     RX        /ERR/LOKO/0x00000002
15:24:24.024  INFO     RX        /ERR/LOKO/0x00000002
15:24:24.060  INFO     RX        /ERR/LOKO/0x00000002
15:24:24.060  INFO     RX        /ERR/LOKO/0x00000002
15:24:24.060  INFO     RX        /ERR/LOKO/0x00000002
15:24:24.089  INFO     RX        /ERR/LOKO/0x00000002
15:24:24.089  INFO     RX        /ERR/LOKO/0x00000002
15:24:24.121  INFO     RX        /ERR/LOKO/0x00000002
15:24:24.121  INFO     RX        /ERR/LOKO/0x00000002
15:24:24.121  INFO     RX        /ERR/LOKO/0x00000002
15:24:24.155  INFO     RX        /ERR/LOKO/0x00000002
15:24:24.155  INFO     RX        /ERR/LOKO/0x00000002
15:24:24.155  INFO     RX        /ERR/LOKO/0x00000002
15:24:24.185  INFO     RX        /ERR/LOKO/0x00000002
15:24:24.246  DEBUG    TX /CONTROLL/0,0,0,0,0,0,0,0,0
15:24:25.670  INFO     RX        /ERR/LOKO/0x00000002
15:24:25.670  INFO     RX        /ERR/LOKO/0x00000002
15:24:25.699  INFO     RX        /ERR/LOKO/0x00000002
15:24:25.699  INFO     RX        /ERR/LOKO/0x00000002
15:24:25.734  INFO     RX        /ERR/LOKO/0x00000002
15:24:25.734  INFO     RX        /ERR/LOKO/0x00000002
15:24:25.734  INFO     RX        /ERR/LOKO/0x00000002
15:24:25.767  INFO     RX        /ERR/LOKO/0x00000002
15:24:25.767  INFO     RX        /ERR/LOKO/0x00000002
15:24:25.767  INFO     RX        /ERR/LOKO/0x00000002
15:24:25.798  INFO     RX        /ERR/LOKO/0x00000002
15:24:25.798  INFO     RX        /ERR/LOKO/0x00000002
15:24:25.798  INFO     RX        /ERR/LOKO/0x00000002
15:24:25.833  INFO     RX        /ERR/LOKO/0x00000002
15:24:25.833  INFO     RX        /ERR/LOKO/0x00000002
15:24:25.833  INFO     RX        /ERR/LOKO/0x00000002
15:24:25.857  DEBUG    TX /CONTROLL/0,0,0,-23,0,0,0,0,0
15:24:25.863  INFO     RX        /ERR/LOKO/0x00000002
15:24:25.863  INFO     RX        /ERR/LOKO/0x00000002
15:24:25.893  INFO     RX        /ERR/LOKO/0x00000002
15:24:25.893  INFO     RX        /ERR/LOKO/0x00000002
15:24:25.893  INFO     RX        /ERR/LOKO/0x00000002
15:24:25.927  INFO     RX        /ERR/LOKO/0x00000002
15:24:25.927  INFO     RX        /ERR/LOKO/0x00000002
15:24:25.927  INFO     RX        /ERR/LOKO/0x00000002
15:24:25.959  INFO     RX        /ERR/LOKO/0x00000002
15:24:25.960  INFO     RX        /ERR/LOKO/0x00000002
15:24:25.960  INFO     RX        /ERR/LOKO/0x00000002
15:24:25.989  INFO     RX        /ERR/LOKO/0x00000002
15:24:25.989  INFO     RX        /ERR/LOKO/0x00000002
15:24:26.025  INFO     RX        /ERR/LOKO/0x00000002
15:24:26.026  INFO     RX        /ERR/LOKO/0x00000002
15:24:26.026  INFO     RX        /ERR/LOKO/0x00000002
15:24:26.055  INFO     RX        /ERR/LOKO/0x00000002
15:24:26.055  INFO     RX        /ERR/LOKO/0x00000002
15:24:26.055  INFO     RX        /ERR/LOKO/0x00000002
15:24:26.090  INFO     RX        /ERR/LOKO/0x00000002
15:24:26.090  INFO     RX        /ERR/LOKO/0x00000002
15:24:26.090  INFO     RX        /ERR/LOKO/0x00000002
15:24:26.119  INFO     RX        /ERR/LOKO/0x00000002
15:24:26.119  INFO     RX        /ERR/LOKO/0x00000002
15:24:26.153  INFO     RX        /ERR/LOKO/0x00000002
15:24:26.153  INFO     RX        /ERR/LOKO/0x00000002
15:24:26.153  INFO     RX        /ERR/LOKO/0x00000002
15:24:26.183  INFO     RX        /ERR/LOKO/0x00000002
15:24:26.183  INFO     RX        /ERR/LOKO/0x00000002
15:24:26.216  INFO     RX        /ERR/LOKO/0x00000002
15:24:26.216  INFO     RX        /ERR/LOKO/0x00000002
15:24:26.216  INFO     RX        /ERR/LOKO/0x00000002
15:24:26.249  INFO     RX        /ERR/LOKO/0x00000002
15:24:26.250  INFO     RX        /ERR/LOKO/0x00000002
15:24:26.250  INFO     RX        /ERR/LOKO/0x00000002
15:24:26.278  INFO     RX        /ERR/LOKO/0x00000002
15:24:26.278  INFO     RX        /ERR/LOKO/0x00000002
15:24:26.278  INFO     RX        /ERR/LOKO/0x00000002
15:24:26.313  INFO     RX        /ERR/LOKO/0x00000002
15:24:26.314  INFO     RX        /ERR/LOKO/0x00000002
15:24:26.314  INFO     RX        /ERR/LOKO/0x00000002
15:24:26.342  INFO     RX        /ERR/LOKO/0x00000002
15:24:26.805  INFO     RX        /ERR/LOKO/0x00000002
15:24:26.805  INFO     RX        /ERR/LOKO/0x00000002
15:24:26.826  INFO     RX        /ERR/LOKO/0x00000002
15:24:26.826  INFO     RX        /ERR/LOKO/0x00000002
15:24:26.860  INFO     RX        /ERR/LOKO/0x00000002
15:24:26.860  INFO     RX        /ERR/LOKO/0x00000002
15:24:26.860  INFO     RX        /ERR/LOKO/0x00000002
15:24:26.890  INFO     RX        /ERR/LOKO/0x00000002
15:24:26.890  INFO     RX        /ERR/LOKO/0x00000002
15:24:26.890  INFO     RX        /ERR/LOKO/0x00000002
15:24:26.922  INFO     RX        /ERR/LOKO/0x00000002
15:24:26.922  INFO     RX        /ERR/LOKO/0x00000002
15:24:26.922  INFO     RX        /ERR/LOKO/0x00000002
15:24:26.957  INFO     RX        /ERR/LOKO/0x00000002
15:24:26.957  INFO     RX        /ERR/LOKO/0x00000002
15:24:26.958  INFO     RX        /ERR/LOKO/0x00000002
15:24:26.987  INFO     RX        /ERR/LOKO/0x00000002
15:24:26.987  INFO     RX        /ERR/LOKO/0x00000002
15:24:27.024  INFO     RX        /ERR/LOKO/0x00000002
15:24:27.024  INFO     RX        /ERR/LOKO/0x00000002
15:24:27.024  INFO     RX        /ERR/LOKO/0x00000002
15:24:27.053  INFO     RX        /ERR/LOKO/0x00000002
15:24:27.053  INFO     RX        /ERR/LOKO/0x00000002
15:24:27.053  INFO     RX        /ERR/LOKO/0x00000002
15:24:27.086  INFO     RX        /ERR/LOKO/0x00000002
15:24:27.086  INFO     RX        /ERR/LOKO/0x00000002
15:24:27.121  INFO     RX        /ERR/LOKO/0x00000002
15:24:27.121  INFO     RX        /ERR/LOKO/0x00000002
15:24:27.121  INFO     RX        /ERR/LOKO/0x00000002
15:24:27.148  INFO     RX        /ERR/LOKO/0x00000002
15:24:27.148  INFO     RX        /ERR/LOKO/0x00000002
15:24:27.148  INFO     RX        /ERR/LOKO/0x00000002
15:24:27.184  INFO     RX        /ERR/LOKO/0x00000002
15:24:27.184  INFO     RX        /ERR/LOKO/0x00000002
15:24:27.184  INFO     RX        /ERR/LOKO/0x00000002
15:24:27.213  INFO     RX        /ERR/LOKO/0x00000002
15:24:27.213  INFO     RX        /ERR/LOKO/0x00000002
15:24:27.248  INFO     RX        /ERR/LOKO/0x00000002
15:24:27.248  INFO     RX        /ERR/LOKO/0x00000002
15:24:27.248  INFO     RX        /ERR/LOKO/0x00000002
15:24:27.278  INFO     RX        /ERR/LOKO/0x00000002
15:24:27.278  INFO     RX        /ERR/LOKO/0x00000002
15:24:27.278  INFO     RX        /ERR/LOKO/0x00000002
15:24:27.312  INFO     RX        /ERR/LOKO/0x00000002
15:24:27.312  INFO     RX        /ERR/LOKO/0x00000002
15:24:27.312  INFO     RX        /ERR/LOKO/0x00000002
15:24:27.342  INFO     RX        /ERR/LOKO/0x00000002
15:24:27.342  INFO     RX        /ERR/LOKO/0x00000002
15:24:27.377  INFO     RX        /ERR/LOKO/0x00000002
15:24:27.377  INFO     RX        /ERR/LOKO/0x00000002
15:24:27.377  INFO     RX        /ERR/LOKO/0x00000002
15:24:27.406  INFO     RX        /ERR/LOKO/0x00000002
15:24:27.407  INFO     RX        /ERR/LOKO/0x00000002
15:24:27.407  INFO     RX        /ERR/LOKO/0x00000002
15:24:27.441  INFO     RX        /ERR/LOKO/0x00000002
15:24:27.441  INFO     RX        /ERR/LOKO/0x00000002
15:24:27.441  INFO     RX        /ERR/LOKO/0x00000002
15:24:27.466  DEBUG    TX /CONTROLL/0,0,0,-13,0,0,0,0,0
15:24:27.470  INFO     RX        /ERR/LOKO/0x00000002
15:24:27.470  INFO     RX        /ERR/LOKO/0x00000002
15:24:27.505  INFO     RX        /ERR/LOKO/0x00000002
15:24:27.505  INFO     RX        /ERR/LOKO/0x00000002
15:24:27.505  INFO     RX        /ERR/LOKO/0x00000002
15:24:27.534  INFO     RX        /ERR/LOKO/0x00000002
15:24:27.534  INFO     RX        /ERR/LOKO/0x00000002
15:24:27.569  INFO     RX        /ERR/LOKO/0x00000002
15:24:27.569  INFO     RX        /ERR/LOKO/0x00000002
15:24:27.569  INFO     RX        /ERR/LOKO/0x00000002
15:24:27.569  INFO     RX        /ERR/LOKO/0x00000002
15:24:27.599  INFO     RX        /ERR/LOKO/0x00000002
15:24:27.599  INFO     RX        /ERR/LOKO/0x00000002
15:24:27.631  INFO     RX        /ERR/LOKO/0x00000002
15:24:27.631  INFO     RX        /ERR/LOKO/0x00000002
15:24:27.631  INFO     RX        /ERR/LOKO/0x00000002
15:24:27.662  INFO     RX        /ERR/LOKO/0x00000002
15:24:27.662  INFO     RX        /ERR/LOKO/0x00000002
15:24:27.698  INFO     RX        /ERR/LOKO/0x00000002
15:24:27.698  INFO     RX        /ERR/LOKO/0x00000002
15:24:27.698  INFO     RX        /ERR/LOKO/0x00000002
15:24:27.731  INFO     RX        /ERR/LOKO/0x00000002
15:24:27.731  INFO     RX        /ERR/LOKO/0x00000002
15:24:27.731  INFO     RX        /ERR/LOKO/0x00000002
15:24:27.761  INFO     RX        /ERR/LOKO/0x00000002
15:24:27.761  INFO     RX        /ERR/LOKO/0x00000002
15:24:27.761  INFO     RX        /ERR/LOKO/0x00000002
15:24:27.799  INFO     RX        /ERR/LOKO/0x00000002
15:24:27.799  INFO     RX        /ERR/LOKO/0x00000002
15:24:27.799  INFO     RX        /ERR/LOKO/0x00000002
15:24:27.832  INFO     RX        /ERR/LOKO/0x00000002
15:24:27.832  INFO     RX        /ERR/LOKO/0x00000002
15:24:27.832  INFO     RX        /ERR/LOKO/0x00000002
15:24:27.862  INFO     RX        /ERR/LOKO/0x00000002
15:24:27.862  INFO     RX        /ERR/LOKO/0x00000002
15:24:27.894  INFO     RX        /ERR/LOKO/0x00000002
15:24:27.894  INFO     RX        /ERR/LOKO/0x00000002
15:24:27.894  INFO     RX        /ERR/LOKO/0x00000002
15:24:27.923  INFO     RX        /ERR/LOKO/0x00000002
15:24:27.923  INFO     RX        /ERR/LOKO/0x00000002
15:24:27.957  INFO     RX        /ERR/LOKO/0x00000002
15:24:27.957  INFO     RX        /ERR/LOKO/0x00000002
15:24:27.957  INFO     RX        /ERR/LOKO/0x00000002
15:24:27.992  INFO     RX        /ERR/LOKO/0x00000002
15:24:27.992  INFO     RX        /ERR/LOKO/0x00000002
15:24:27.992  INFO     RX        /ERR/LOKO/0x00000002
15:24:28.022  INFO     RX        /ERR/LOKO/0x00000002
15:24:28.023  INFO     RX        /ERR/LOKO/0x00000002
15:24:28.023  INFO     RX        /ERR/LOKO/0x00000002
15:24:28.059  INFO     RX        /ERR/LOKO/0x00000002
15:24:28.059  INFO     RX        /ERR/LOKO/0x00000002
15:24:28.059  INFO     RX        /ERR/LOKO/0x00000002
15:24:28.084  INFO     RX        /ERR/LOKO/0x00000002
15:24:28.084  INFO     RX        /ERR/LOKO/0x00000002
15:24:28.119  INFO     RX        /ERR/LOKO/0x00000002
15:24:28.119  INFO     RX        /ERR/LOKO/0x00000002
15:24:28.119  INFO     RX        /ERR/LOKO/0x00000002
15:24:28.149  INFO     RX        /ERR/LOKO/0x00000002
15:24:28.149  INFO     RX        /ERR/LOKO/0x00000002
15:24:28.149  INFO     RX        /ERR/LOKO/0x00000002
15:24:28.185  INFO     RX        /ERR/LOKO/0x00000002
15:24:28.185  INFO     RX        /ERR/LOKO/0x00000002
15:24:28.185  INFO     RX        /ERR/LOKO/0x00000002
15:24:28.213  INFO     RX        /ERR/LOKO/0x00000002
15:24:28.213  INFO     RX        /ERR/LOKO/0x00000002
15:24:28.247  INFO     RX        /ERR/LOKO/0x00000002
15:24:28.247  INFO     RX        /ERR/LOKO/0x00000002
15:24:28.247  INFO     RX        /ERR/LOKO/0x00000002
15:24:28.279  INFO     RX        /ERR/LOKO/0x00000002
15:24:28.279  INFO     RX        /ERR/LOKO/0x00000002
15:24:28.312  INFO     RX        /ERR/LOKO/0x00000002
15:24:28.312  INFO     RX        /ERR/LOKO/0x00000002
15:24:28.312  INFO     RX        /ERR/LOKO/0x00000002
15:24:28.341  INFO     RX        /ERR/LOKO/0x00000002
15:24:28.341  INFO     RX        /ERR/LOKO/0x00000002
15:24:28.341  INFO     RX        /ERR/LOKO/0x00000002
15:24:28.375  INFO     RX        /ERR/LOKO/0x00000002
15:24:28.376  INFO     RX        /ERR/LOKO/0x00000002
15:24:28.376  INFO     RX        /ERR/LOKO/0x00000002
15:24:28.405  INFO     RX        /ERR/LOKO/0x00000002
15:24:28.405  INFO     RX        /ERR/LOKO/0x00000002
15:24:28.437  INFO     RX        /ERR/LOKO/0x00000002
15:24:28.437  INFO     RX        /ERR/LOKO/0x00000002
15:24:28.437  INFO     RX        /ERR/LOKO/0x00000002
15:24:28.470  INFO     RX        /ERR/LOKO/0x00000002
15:24:28.470  INFO     RX        /ERR/LOKO/0x00000002
15:24:28.470  INFO     RX        /ERR/LOKO/0x00000002
15:24:28.504  INFO     RX        /ERR/LOKO/0x00000002
15:24:28.504  INFO     RX        /ERR/LOKO/0x00000002
15:24:28.505  INFO     RX        /ERR/LOKO/0x00000002
15:24:28.534  INFO     RX        /ERR/LOKO/0x00000002
15:24:28.534  INFO     RX        /ERR/LOKO/0x00000002
15:24:28.567  INFO     RX        /ERR/LOKO/0x00000002
15:24:28.567  INFO     RX        /ERR/LOKO/0x00000002
15:24:28.567  INFO     RX        /ERR/LOKO/0x00000002
15:24:28.601  INFO     RX        /ERR/LOKO/0x00000002
15:24:28.601  INFO     RX        /ERR/LOKO/0x00000002
15:24:28.601  INFO     RX        /ERR/LOKO/0x00000002
15:24:28.636  INFO     RX        /ERR/LOKO/0x00000002
15:24:28.636  INFO     RX        /ERR/LOKO/0x00000002
15:24:28.636  INFO     RX        /ERR/LOKO/0x00000002
15:24:28.662  INFO     RX        /ERR/LOKO/0x00000002
15:24:28.663  INFO     RX        /ERR/LOKO/0x00000002
15:24:28.694  INFO     RX        /ERR/LOKO/0x00000002
15:24:28.694  INFO     RX        /ERR/LOKO/0x00000002
15:24:28.694  INFO     RX        /ERR/LOKO/0x00000002
15:24:28.731  INFO     RX        /ERR/LOKO/0x00000002
15:24:28.731  INFO     RX        /ERR/LOKO/0x00000002
15:24:28.732  INFO     RX        /ERR/LOKO/0x00000002
15:24:28.762  INFO     RX        /ERR/LOKO/0x00000002
15:24:28.762  INFO     RX        /ERR/LOKO/0x00000002
15:24:28.790  INFO     RX        /ERR/LOKO/0x00000002
15:24:28.791  INFO     RX        /ERR/LOKO/0x00000002
15:24:28.791  INFO     RX        /ERR/LOKO/0x00000002
15:24:28.826  INFO     RX        /ERR/LOKO/0x00000002
15:24:28.826  INFO     RX        /ERR/LOKO/0x00000002
15:24:28.826  INFO     RX        /ERR/LOKO/0x00000002
15:24:28.858  INFO     RX        /ERR/LOKO/0x00000002
15:24:28.859  INFO     RX        /ERR/LOKO/0x00000002
15:24:28.859  INFO     RX        /ERR/LOKO/0x00000002
15:24:28.886  INFO     RX        /ERR/LOKO/0x00000002
15:24:28.886  INFO     RX        /ERR/LOKO/0x00000002
15:24:28.920  INFO     RX        /ERR/LOKO/0x00000002
15:24:28.920  INFO     RX        /ERR/LOKO/0x00000002
15:24:28.920  INFO     RX        /ERR/LOKO/0x00000002
15:24:28.955  INFO     RX        /ERR/LOKO/0x00000002
15:24:28.955  INFO     RX        /ERR/LOKO/0x00000002
15:24:28.955  INFO     RX        /ERR/LOKO/0x00000002
15:24:28.989  INFO     RX        /ERR/LOKO/0x00000002
15:24:28.989  INFO     RX        /ERR/LOKO/0x00000002
15:24:28.989  INFO     RX        /ERR/LOKO/0x00000002
15:24:29.017  INFO     RX        /ERR/LOKO/0x00000002
15:24:29.018  INFO     RX        /ERR/LOKO/0x00000002
15:24:29.052  INFO     RX        /ERR/LOKO/0x00000002
15:24:29.052  INFO     RX        /ERR/LOKO/0x00000002
15:24:29.052  INFO     RX        /ERR/LOKO/0x00000002
15:24:29.077  DEBUG    TX /CONTROLL/0,0,0,-12,0,0,0,0,0
15:24:29.080  INFO     RX        /ERR/LOKO/0x00000002
15:24:29.080  INFO     RX        /ERR/LOKO/0x00000002
15:24:29.080  INFO     RX        /ERR/LOKO/0x00000002
15:24:29.115  INFO     RX        /ERR/LOKO/0x00000002
15:24:29.115  INFO     RX        /ERR/LOKO/0x00000002
15:24:29.115  INFO     RX        /ERR/LOKO/0x00000002
15:24:29.145  INFO     RX        /ERR/LOKO/0x00000002
15:24:29.886  INFO     RX        /ERR/LOKO/0x00000002
15:24:29.886  INFO     RX        /ERR/LOKO/0x00000002
15:24:29.992  INFO     RX        /ERR/LOKO/0x00000002
15:24:29.992  INFO     RX        /ERR/LOKO/0x00000002
15:24:29.992  INFO     RX        /ERR/LOKO/0x00000002
15:24:29.992  INFO     RX        /ERR/LOKO/0x00000002
15:24:29.992  INFO     RX        /ERR/LOKO/0x00000002
15:24:29.992  INFO     RX        /ERR/LOKO/0x00000002
15:24:29.992  INFO     RX        /ERR/LOKO/0x00000002
15:24:29.992  INFO     RX        /ERR/LOKO/0x00000002
15:24:29.995  INFO     RX        /ERR/LOKO/0x00000002
15:24:29.997  INFO     RX        /ERR/LOKO/0x00000002
15:24:30.014  INFO     RX        /ERR/LOKO/0x00000002
15:24:30.047  INFO     RX        /ERR/LOKO/0x00000002
15:24:30.047  INFO     RX        /ERR/LOKO/0x00000002
15:24:30.047  INFO     RX        /ERR/LOKO/0x00000002
15:24:30.077  INFO     RX        /ERR/LOKO/0x00000002
15:24:30.077  INFO     RX        /ERR/LOKO/0x00000002
15:24:30.111  INFO     RX        /ERR/LOKO/0x00000002
15:24:30.111  INFO     RX        /ERR/LOKO/0x00000002
15:24:30.111  INFO     RX        /ERR/LOKO/0x00000002
15:24:30.144  INFO     RX        /ERR/LOKO/0x00000002
15:24:30.144  INFO     RX        /ERR/LOKO/0x00000002
15:24:30.144  INFO     RX        /ERR/LOKO/0x00000002
15:24:30.173  INFO     RX        /ERR/LOKO/0x00000002
15:24:30.173  INFO     RX        /ERR/LOKO/0x00000002
15:24:30.173  INFO     RX        /ERR/LOKO/0x00000002
15:24:30.208  INFO     RX        /ERR/LOKO/0x00000002
15:24:30.209  INFO     RX        /ERR/LOKO/0x00000002
15:24:30.209  INFO     RX        /ERR/LOKO/0x00000002
15:24:30.238  INFO     RX        /ERR/LOKO/0x00000002
15:24:30.238  INFO     RX        /ERR/LOKO/0x00000002
15:24:30.274  INFO     RX        /ERR/LOKO/0x00000002
15:24:30.274  INFO     RX        /ERR/LOKO/0x00000002
15:24:30.274  INFO     RX        /ERR/LOKO/0x00000002
15:24:30.303  INFO     RX        /ERR/LOKO/0x00000002
15:24:30.303  INFO     RX        /ERR/LOKO/0x00000002
15:24:30.303  INFO     RX        /ERR/LOKO/0x00000002
15:24:30.338  INFO     RX        /ERR/LOKO/0x00000002
15:24:30.338  INFO     RX        /ERR/LOKO/0x00000002
15:24:30.338  INFO     RX        /ERR/LOKO/0x00000002
15:24:30.371  INFO     RX        /ERR/LOKO/0x00000002
15:24:30.371  INFO     RX        /ERR/LOKO/0x00000002
15:24:30.371  INFO     RX        /ERR/LOKO/0x00000002
15:24:30.403  INFO     RX        /ERR/LOKO/0x00000002
15:24:30.403  INFO     RX        /ERR/LOKO/0x00000002
15:24:30.433  INFO     RX        /ERR/LOKO/0x00000002
15:24:30.433  INFO     RX        /ERR/LOKO/0x00000002
15:24:30.433  INFO     RX        /ERR/LOKO/0x00000002
15:24:30.466  INFO     RX        /ERR/LOKO/0x00000002
15:24:30.467  INFO     RX        /ERR/LOKO/0x00000002
15:24:30.467  INFO     RX        /ERR/LOKO/0x00000002
15:24:30.500  INFO     RX        /ERR/LOKO/0x00000002
15:24:30.500  INFO     RX        /ERR/LOKO/0x00000002
15:24:30.500  INFO     RX        /ERR/LOKO/0x00000002
15:24:30.530  INFO     RX        /ERR/LOKO/0x00000002
15:24:30.531  INFO     RX        /ERR/LOKO/0x00000002
15:24:30.563  INFO     RX        /ERR/LOKO/0x00000002
15:24:30.563  INFO     RX        /ERR/LOKO/0x00000002
15:24:30.563  INFO     RX        /ERR/LOKO/0x00000002
15:24:30.598  INFO     RX        /ERR/LOKO/0x00000002
15:24:30.598  INFO     RX        /ERR/LOKO/0x00000002
15:24:30.598  INFO     RX        /ERR/LOKO/0x00000002
15:24:30.627  INFO     RX        /ERR/LOKO/0x00000002
15:24:30.627  INFO     RX        /ERR/LOKO/0x00000002
15:24:30.662  INFO     RX        /ERR/LOKO/0x00000002
15:24:30.662  INFO     RX        /ERR/LOKO/0x00000002
15:24:30.662  INFO     RX        /ERR/LOKO/0x00000002
15:24:30.688  DEBUG    TX /CONTROLL/0,0,0,0,0,0,0,0,0
15:24:30.694  INFO     RX        /ERR/LOKO/0x00000002
15:24:30.694  INFO     RX        /ERR/LOKO/0x00000002
15:24:30.694  INFO     RX        /ERR/LOKO/0x00000002
15:24:30.728  INFO     RX        /ERR/LOKO/0x00000002
15:24:30.728  INFO     RX        /ERR/LOKO/0x00000002
15:24:30.728  INFO     RX        /ERR/LOKO/0x00000002
15:24:30.757  INFO     RX        /ERR/LOKO/0x00000002
15:24:30.757  INFO     RX        /ERR/LOKO/0x00000002
15:24:30.791  INFO     RX        /ERR/LOKO/0x00000002
15:24:30.791  INFO     RX        /ERR/LOKO/0x00000002
15:24:30.792  INFO     RX        /ERR/LOKO/0x00000002
15:24:30.822  INFO     RX        /ERR/LOKO/0x00000002
15:24:30.822  INFO     RX        /ERR/LOKO/0x00000002
15:24:30.822  INFO     RX        /ERR/LOKO/0x00000002
15:24:30.865  INFO     RX        /ERR/LOKO/0x00000002
15:24:30.865  INFO     RX        /ERR/LOKO/0x00000002
15:24:30.865  INFO     RX        /ERR/LOKO/0x00000002
15:24:30.865  INFO     RX        /ERR/LOKO/0x00000002
15:24:30.885  INFO     RX        /ERR/LOKO/0x00000002
15:24:30.921  INFO     RX        /ERR/LOKO/0x00000002
15:24:30.921  INFO     RX        /ERR/LOKO/0x00000002
15:24:30.921  INFO     RX        /ERR/LOKO/0x00000002
15:24:30.958  INFO     RX        /ERR/LOKO/0x00000002
15:24:30.958  INFO     RX        /ERR/LOKO/0x00000002
15:24:30.958  INFO     RX        /ERR/LOKO/0x00000002
15:24:30.958  INFO     RX        /ERR/LOKO/0x00000002
15:24:30.982  INFO     RX        /ERR/LOKO/0x00000002
15:24:30.982  INFO     RX        /ERR/LOKO/0x00000002
15:24:31.014  INFO     RX        /ERR/LOKO/0x00000002
15:24:31.014  INFO     RX        /ERR/LOKO/0x00000002
15:24:31.048  INFO     RX        /ERR/LOKO/0x00000002
15:24:31.048  INFO     RX        /ERR/LOKO/0x00000002
15:24:31.048  INFO     RX        /ERR/LOKO/0x00000002
15:24:31.078  INFO     RX        /ERR/LOKO/0x00000002
15:24:31.078  INFO     RX        /ERR/LOKO/0x00000002
15:24:31.078  INFO     RX        /ERR/LOKO/0x00000002
15:24:31.112  INFO     RX        /ERR/LOKO/0x00000002
15:24:31.113  INFO     RX        /ERR/LOKO/0x00000002
15:24:31.113  INFO     RX        /ERR/LOKO/0x00000002
15:24:31.141  INFO     RX        /ERR/LOKO/0x00000002
15:24:31.141  INFO     RX        /ERR/LOKO/0x00000002
15:24:31.176  INFO     RX        /ERR/LOKO/0x00000002
15:24:31.176  INFO     RX        /ERR/LOKO/0x00000002
15:24:31.176  INFO     RX        /ERR/LOKO/0x00000002
15:24:31.207  INFO     RX        /ERR/LOKO/0x00000002
15:24:31.207  INFO     RX        /ERR/LOKO/0x00000002
15:24:31.207  INFO     RX        /ERR/LOKO/0x00000002
15:24:31.239  INFO     RX        /ERR/LOKO/0x00000002
15:24:31.239  INFO     RX        /ERR/LOKO/0x00000002
15:24:31.276  INFO     RX        /ERR/LOKO/0x00000002
15:24:31.276  INFO     RX        /ERR/LOKO/0x00000002
15:24:31.276  INFO     RX        /ERR/LOKO/0x00000002
15:24:31.276  INFO     RX        /ERR/LOKO/0x00000002
15:24:31.306  INFO     RX        /ERR/LOKO/0x00000002
15:24:31.306  INFO     RX        /ERR/LOKO/0x00000002
15:24:31.339  INFO     RX        /ERR/LOKO/0x00000002
15:24:31.340  INFO     RX        /ERR/LOKO/0x00000002
15:24:31.340  INFO     RX        /ERR/LOKO/0x00000002
15:24:31.372  INFO     RX        /ERR/LOKO/0x00000002
15:24:31.372  INFO     RX        /ERR/LOKO/0x00000002
15:24:31.372  INFO     RX        /ERR/LOKO/0x00000002
15:24:31.403  INFO     RX        /ERR/LOKO/0x00000002
15:24:31.404  INFO     RX        /ERR/LOKO/0x00000002
15:24:31.404  INFO     RX        /ERR/LOKO/0x00000002
15:24:31.434  INFO     RX        /ERR/LOKO/0x00000002
15:24:31.434  INFO     RX        /ERR/LOKO/0x00000002
15:24:31.466  INFO     RX        /ERR/LOKO/0x00000002
15:24:31.467  INFO     RX        /ERR/LOKO/0x00000002
15:24:31.467  INFO     RX        /ERR/LOKO/0x00000002
15:24:31.502  INFO     RX        /ERR/LOKO/0x00000002
15:24:31.502  INFO     RX        /ERR/LOKO/0x00000002
15:24:31.502  INFO     RX        /ERR/LOKO/0x00000002
15:24:31.530  INFO     RX        /ERR/LOKO/0x00000002
15:24:31.530  INFO     RX        /ERR/LOKO/0x00000002
15:24:31.566  INFO     RX        /ERR/LOKO/0x00000002
15:24:31.566  INFO     RX        /ERR/LOKO/0x00000002
15:24:31.566  INFO     RX        /ERR/LOKO/0x00000002
15:24:31.595  INFO     RX        /ERR/LOKO/0x00000002
15:24:31.595  INFO     RX        /ERR/LOKO/0x00000002
15:24:31.595  INFO     RX        /ERR/LOKO/0x00000002
15:24:31.627  INFO     RX        /ERR/LOKO/0x00000002
15:24:31.627  INFO     RX        /ERR/LOKO/0x00000002
15:24:31.627  INFO     RX        /ERR/LOKO/0x00000002
15:24:31.660  INFO     RX        /ERR/LOKO/0x00000002
15:24:31.660  INFO     RX        /ERR/LOKO/0x00000002
15:24:31.696  INFO     RX        /ERR/LOKO/0x00000002
15:24:31.696  INFO     RX        /ERR/LOKO/0x00000002
15:24:31.696  INFO     RX        /ERR/LOKO/0x00000002
15:24:31.724  INFO     RX        /ERR/LOKO/0x00000002
15:24:31.724  INFO     RX        /ERR/LOKO/0x00000002
15:24:31.725  INFO     RX        /ERR/LOKO/0x00000002
15:24:31.759  INFO     RX        /ERR/LOKO/0x00000002
15:24:31.759  INFO     RX        /ERR/LOKO/0x00000002
15:24:31.759  INFO     RX        /ERR/LOKO/0x00000002
15:24:31.793  INFO     RX        /ERR/LOKO/0x00000002
15:24:31.793  INFO     RX        /ERR/LOKO/0x00000002
15:24:31.793  INFO     RX        /ERR/LOKO/0x00000002
15:24:31.820  INFO     RX        /ERR/LOKO/0x00000002
15:24:31.820  INFO     RX        /ERR/LOKO/0x00000002
15:24:31.857  INFO     RX        /ERR/LOKO/0x00000002
15:24:31.857  INFO     RX        /ERR/LOKO/0x00000002
15:24:31.857  INFO     RX        /ERR/LOKO/0x00000002
15:24:31.890  INFO     RX        /ERR/LOKO/0x00000002
15:24:31.890  INFO     RX        /ERR/LOKO/0x00000002
15:24:31.890  INFO     RX        /ERR/LOKO/0x00000002
15:24:31.920  INFO     RX        /ERR/LOKO/0x00000002
15:24:31.920  INFO     RX        /ERR/LOKO/0x00000002
15:24:31.920  INFO     RX        /ERR/LOKO/0x00000002
15:24:31.950  INFO     RX        /ERR/LOKO/0x00000002
15:24:31.950  INFO     RX        /ERR/LOKO/0x00000002
15:24:31.984  INFO     RX        /ERR/LOKO/0x00000002
15:24:31.984  INFO     RX        /ERR/LOKO/0x00000002
15:24:31.984  INFO     RX        /ERR/LOKO/0x00000002
15:24:32.020  INFO     RX        /ERR/LOKO/0x00000002
15:24:32.020  INFO     RX        /ERR/LOKO/0x00000002
15:24:32.020  INFO     RX        /ERR/LOKO/0x00000002
15:24:32.047  INFO     RX        /ERR/LOKO/0x00000002
15:24:32.047  INFO     RX        /ERR/LOKO/0x00000002
15:24:32.079  INFO     RX        /ERR/LOKO/0x00000002
15:24:32.079  INFO     RX        /ERR/LOKO/0x00000002
15:24:32.079  INFO     RX        /ERR/LOKO/0x00000002
15:24:32.113  INFO     RX        /ERR/LOKO/0x00000002
15:24:32.113  INFO     RX        /ERR/LOKO/0x00000002
15:24:32.113  INFO     RX        /ERR/LOKO/0x00000002
15:24:32.147  INFO     RX        /ERR/LOKO/0x00000002
15:24:32.147  INFO     RX        /ERR/LOKO/0x00000002
15:24:32.147  INFO     RX        /ERR/LOKO/0x00000002
15:24:32.184  INFO     RX        /ERR/LOKO/0x00000002
15:24:32.184  INFO     RX        /ERR/LOKO/0x00000002
15:24:32.184  INFO     RX        /ERR/LOKO/0x00000002
15:24:32.207  INFO     RX        /ERR/LOKO/0x00000002
15:24:32.207  INFO     RX        /ERR/LOKO/0x00000002
15:24:32.242  INFO     RX        /ERR/LOKO/0x00000002
15:24:32.242  INFO     RX        /ERR/LOKO/0x00000002
15:24:32.242  INFO     RX        /ERR/LOKO/0x00000002
15:24:32.271  INFO     RX        /ERR/LOKO/0x00000002
15:24:32.271  INFO     RX        /ERR/LOKO/0x00000002
15:24:32.300  DEBUG    TX /CONTROLL/0,0,0,0,0,0,0,0,0
15:24:32.304  INFO     RX        /ERR/LOKO/0x00000002
15:24:32.304  INFO     RX        /ERR/LOKO/0x00000002
15:24:32.304  INFO     RX        /ERR/LOKO/0x00000002
15:24:32.342  INFO     RX        /ERR/LOKO/0x00000002
15:24:32.342  INFO     RX        /ERR/LOKO/0x00000002
15:24:32.342  INFO     RX        /ERR/LOKO/0x00000002
15:24:32.370  INFO     RX        /ERR/LOKO/0x00000002
15:24:32.370  INFO     RX        /ERR/LOKO/0x00000002
15:24:32.370  INFO     RX        /ERR/LOKO/0x00000002
15:24:32.403  INFO     RX        /ERR/LOKO/0x00000002
15:24:32.404  INFO     RX        /ERR/LOKO/0x00000002
15:24:32.404  INFO     RX        /ERR/LOKO/0x00000002
15:24:32.445  INFO     RX        /ERR/LOKO/0x00000002
15:24:32.446  INFO     RX        /ERR/LOKO/0x00000002
15:24:32.446  INFO     RX        /ERR/LOKO/0x00000002
15:24:32.468  INFO     RX        /ERR/LOKO/0x00000002
15:24:32.468  INFO     RX        /ERR/LOKO/0x00000002
15:24:32.591  INFO     RX        /ERR/LOKO/0x00000002
15:24:32.591  INFO     RX        /ERR/LOKO/0x00000002
15:24:32.591  INFO     RX        /ERR/LOKO/0x00000002
15:24:32.591  INFO     RX        /ERR/LOKO/0x00000002
15:24:32.591  INFO     RX        /ERR/LOKO/0x00000002
15:24:32.591  INFO     RX        /ERR/LOKO/0x00000002
15:24:32.591  INFO     RX        /ERR/LOKO/0x00000002
15:24:32.591  INFO     RX        /ERR/LOKO/0x00000002
15:24:32.598  INFO     RX        /ERR/LOKO/0x00000002
15:24:32.599  INFO     RX        /ERR/LOKO/0x00000002
15:24:32.599  INFO     RX        /ERR/LOKO/0x00000002
15:24:32.599  INFO     RX        /ERR/LOKO/0x00000002
15:24:32.637  INFO     RX        /ERR/LOKO/0x00000002
15:24:32.637  INFO     RX        /ERR/LOKO/0x00000002
15:24:32.637  INFO     RX        /ERR/LOKO/0x00000002
15:24:32.662  INFO     RX        /ERR/LOKO/0x00000002
15:24:32.662  INFO     RX        /ERR/LOKO/0x00000002
15:24:32.697  INFO     RX        /ERR/LOKO/0x00000002
15:24:32.697  INFO     RX        /ERR/LOKO/0x00000002
15:24:32.697  INFO     RX        /ERR/LOKO/0x00000002
15:24:32.726  INFO     RX        /ERR/LOKO/0x00000002
15:24:32.727  INFO     RX        /ERR/LOKO/0x00000002
15:24:32.727  INFO     RX        /ERR/LOKO/0x00000002
15:24:32.759  INFO     RX        /ERR/LOKO/0x00000002
15:24:32.759  INFO     RX        /ERR/LOKO/0x00000002
15:24:32.792  INFO     RX        /ERR/LOKO/0x00000002
15:24:32.792  INFO     RX        /ERR/LOKO/0x00000002
15:24:32.792  INFO     RX        /ERR/LOKO/0x00000002
15:24:32.823  INFO     RX        /ERR/LOKO/0x00000002
15:24:32.823  INFO     RX        /ERR/LOKO/0x00000002
15:24:32.823  INFO     RX        /ERR/LOKO/0x00000002
15:24:32.857  INFO     RX        /ERR/LOKO/0x00000002
15:24:32.857  INFO     RX        /ERR/LOKO/0x00000002
15:24:32.857  INFO     RX        /ERR/LOKO/0x00000002
15:24:32.886  INFO     RX        /ERR/LOKO/0x00000002
15:24:32.886  INFO     RX        /ERR/LOKO/0x00000002
15:24:32.921  INFO     RX        /ERR/LOKO/0x00000002
15:24:32.921  INFO     RX        /ERR/LOKO/0x00000002
15:24:32.921  INFO     RX        /ERR/LOKO/0x00000002
15:24:32.950  INFO     RX        /ERR/LOKO/0x00000002
15:24:32.950  INFO     RX        /ERR/LOKO/0x00000002
15:24:32.950  INFO     RX        /ERR/LOKO/0x00000002
15:24:32.987  INFO     RX        /ERR/LOKO/0x00000002
15:24:32.987  INFO     RX        /ERR/LOKO/0x00000002
15:24:32.987  INFO     RX        /ERR/LOKO/0x00000002
15:24:33.018  INFO     RX        /ERR/LOKO/0x00000002
15:24:33.019  INFO     RX        /ERR/LOKO/0x00000002
15:24:33.019  INFO     RX        /ERR/LOKO/0x00000002
15:24:33.050  INFO     RX        /ERR/LOKO/0x00000002
15:24:33.050  INFO     RX        /ERR/LOKO/0x00000002
15:24:33.051  INFO     RX        /ERR/LOKO/0x00000002
15:24:33.082  INFO     RX        /ERR/LOKO/0x00000002
15:24:33.082  INFO     RX        /ERR/LOKO/0x00000002
15:24:33.113  INFO     RX        /ERR/LOKO/0x00000002
15:24:33.113  INFO     RX        /ERR/LOKO/0x00000002
15:24:33.113  INFO     RX        /ERR/LOKO/0x00000002
15:24:33.148  INFO     RX        /ERR/LOKO/0x00000002
15:24:33.148  INFO     RX        /ERR/LOKO/0x00000002
15:24:33.148  INFO     RX        /ERR/LOKO/0x00000002
15:24:33.181  INFO     RX        /ERR/LOKO/0x00000002
15:24:33.181  INFO     RX        /ERR/LOKO/0x00000002
15:24:33.181  INFO     RX        /ERR/LOKO/0x00000002
15:24:33.210  INFO     RX        /ERR/LOKO/0x00000002
15:24:33.210  INFO     RX        /ERR/LOKO/0x00000002
15:24:33.245  INFO     RX        /ERR/LOKO/0x00000002
15:24:33.245  INFO     RX        /ERR/LOKO/0x00000002
15:24:33.245  INFO     RX        /ERR/LOKO/0x00000002
15:24:33.274  INFO     RX        /ERR/LOKO/0x00000002
15:24:33.274  INFO     RX        /ERR/LOKO/0x00000002
15:24:33.274  INFO     RX        /ERR/LOKO/0x00000002
15:24:33.309  INFO     RX        /ERR/LOKO/0x00000002
15:24:33.309  INFO     RX        /ERR/LOKO/0x00000002
15:24:33.309  INFO     RX        /ERR/LOKO/0x00000002
15:24:33.339  INFO     RX        /ERR/LOKO/0x00000002
15:24:33.339  INFO     RX        /ERR/LOKO/0x00000002
15:24:33.373  INFO     RX        /ERR/LOKO/0x00000002
15:24:33.373  INFO     RX        /ERR/LOKO/0x00000002
15:24:33.373  INFO     RX        /ERR/LOKO/0x00000002
15:24:33.403  INFO     RX        /ERR/LOKO/0x00000002
15:24:33.403  INFO     RX        /ERR/LOKO/0x00000002
15:24:33.403  INFO     RX        /ERR/LOKO/0x00000002
15:24:33.438  INFO     RX        /ERR/LOKO/0x00000002
15:24:33.438  INFO     RX        /ERR/LOKO/0x00000002
15:24:33.438  INFO     RX        /ERR/LOKO/0x00000002
15:24:33.466  INFO     RX        /ERR/LOKO/0x00000002
15:24:33.467  INFO     RX        /ERR/LOKO/0x00000002
15:24:33.499  INFO     RX        /ERR/LOKO/0x00000002
15:24:33.499  INFO     RX        /ERR/LOKO/0x00000002
15:24:33.499  INFO     RX        /ERR/LOKO/0x00000002
15:24:33.534  INFO     RX        /ERR/LOKO/0x00000002
15:24:33.534  INFO     RX        /ERR/LOKO/0x00000002
15:24:33.534  INFO     RX        /ERR/LOKO/0x00000002
15:24:33.567  INFO     RX        /ERR/LOKO/0x00000002
15:24:33.567  INFO     RX        /ERR/LOKO/0x00000002
15:24:33.567  INFO     RX        /ERR/LOKO/0x00000002
15:24:33.597  INFO     RX        /ERR/LOKO/0x00000002
15:24:33.597  INFO     RX        /ERR/LOKO/0x00000002
15:24:33.597  INFO     RX        /ERR/LOKO/0x00000002
15:24:33.630  INFO     RX        /ERR/LOKO/0x00000002
15:24:33.631  INFO     RX        /ERR/LOKO/0x00000002
15:24:33.631  INFO     RX        /ERR/LOKO/0x00000002
15:24:33.663  INFO     RX        /ERR/LOKO/0x00000002
15:24:33.663  INFO     RX        /ERR/LOKO/0x00000002
15:24:33.691  INFO     RX        /ERR/LOKO/0x00000002
15:24:33.691  INFO     RX        /ERR/LOKO/0x00000002
15:24:33.691  INFO     RX        /ERR/LOKO/0x00000002
15:24:33.726  INFO     RX        /ERR/LOKO/0x00000002
15:24:33.726  INFO     RX        /ERR/LOKO/0x00000002
15:24:33.726  INFO     RX        /ERR/LOKO/0x00000002
15:24:33.758  INFO     RX        /ERR/LOKO/0x00000002
15:24:33.758  INFO     RX        /ERR/LOKO/0x00000002
15:24:33.758  INFO     RX        /ERR/LOKO/0x00000002
15:24:33.791  INFO     RX        /ERR/LOKO/0x00000002
15:24:33.791  INFO     RX        /ERR/LOKO/0x00000002
15:24:33.820  INFO     RX        /ERR/LOKO/0x00000002
15:24:33.820  INFO     RX        /ERR/LOKO/0x00000002
15:24:33.820  INFO     RX        /ERR/LOKO/0x00000002
15:24:33.855  INFO     RX        /ERR/LOKO/0x00000002
15:24:33.855  INFO     RX        /ERR/LOKO/0x00000002
15:24:33.855  INFO     RX        /ERR/LOKO/0x00000002
15:24:33.893  INFO     RX        /ERR/LOKO/0x00000002
15:24:33.893  INFO     RX        /ERR/LOKO/0x00000002
15:24:33.893  INFO     RX        /ERR/LOKO/0x00000002
15:24:33.913  DEBUG    TX /CONTROLL/0,0,-53,57,0,0,0,0,0
15:24:33.920  INFO     RX        /ERR/LOKO/0x00000002
15:24:33.921  INFO     RX        /ERR/LOKO/0x00000002
15:24:33.954  INFO     RX        /ERR/LOKO/0x00000002
15:24:33.954  INFO     RX        /ERR/LOKO/0x00000002
15:24:33.954  INFO     RX        /ERR/LOKO/0x00000002
15:24:33.981  INFO     RX        /ERR/LOKO/0x00000002
15:24:33.981  INFO     RX        /ERR/LOKO/0x00000002
15:24:33.981  INFO     RX        /ERR/LOKO/0x00000002
15:24:34.016  INFO     RX        /ERR/LOKO/0x00000002
15:24:34.016  INFO     RX        /ERR/LOKO/0x00000002
15:24:34.016  INFO     RX        /ERR/LOKO/0x00000002
15:24:34.046  INFO     RX        /ERR/LOKO/0x00000002
15:24:34.046  INFO     RX        /ERR/LOKO/0x00000002
15:24:34.084  INFO     RX        /ERR/LOKO/0x00000002
15:24:34.084  INFO     RX        /ERR/LOKO/0x00000002
15:24:34.084  INFO     RX        /ERR/LOKO/0x00000002
15:24:34.084  INFO     RX        /ERR/LOKO/0x00000002
15:24:34.111  INFO     RX        /ERR/LOKO/0x00000002
15:24:34.111  INFO     RX        /ERR/LOKO/0x00000002
15:24:34.142  INFO     RX        /ERR/LOKO/0x00000002
15:24:34.142  INFO     RX        /ERR/LOKO/0x00000002
15:24:34.142  INFO     RX        /ERR/LOKO/0x00000002
15:24:34.175  INFO     RX        /ERR/LOKO/0x00000002
15:24:34.175  INFO     RX        /ERR/LOKO/0x00000002
15:24:34.211  INFO     RX        /ERR/LOKO/0x00000002
15:24:34.211  INFO     RX        /ERR/LOKO/0x00000002
15:24:34.211  INFO     RX        /ERR/LOKO/0x00000002
15:24:34.243  INFO     RX        /ERR/LOKO/0x00000002
15:24:34.243  INFO     RX        /ERR/LOKO/0x00000002
15:24:34.243  INFO     RX        /ERR/LOKO/0x00000002
15:24:34.270  INFO     RX        /ERR/LOKO/0x00000002
15:24:34.270  INFO     RX        /ERR/LOKO/0x00000002
15:24:34.270  INFO     RX        /ERR/LOKO/0x00000002
15:24:34.306  INFO     RX        /ERR/LOKO/0x00000002
15:24:34.306  INFO     RX        /ERR/LOKO/0x00000002
15:24:34.306  INFO     RX        /ERR/LOKO/0x00000002
15:24:34.334  INFO     RX        /ERR/LOKO/0x00000002
15:24:34.334  INFO     RX        /ERR/LOKO/0x00000002
15:24:34.369  INFO     RX        /ERR/LOKO/0x00000002
15:24:34.369  INFO     RX        /ERR/LOKO/0x00000002
15:24:34.369  INFO     RX        /ERR/LOKO/0x00000002
15:24:34.398  INFO     RX        /ERR/LOKO/0x00000002
15:24:34.398  INFO     RX        /ERR/LOKO/0x00000002
15:24:34.398  INFO     RX        /ERR/LOKO/0x00000002
15:24:34.430  INFO     RX        /ERR/LOKO/0x00000002
15:24:34.430  INFO     RX        /ERR/LOKO/0x00000002
15:24:34.462  INFO     RX        /ERR/LOKO/0x00000002
15:24:34.462  INFO     RX        /ERR/LOKO/0x00000002
15:24:34.462  INFO     RX        /ERR/LOKO/0x00000002
15:24:34.497  INFO     RX        /ERR/LOKO/0x00000002
15:24:34.497  INFO     RX        /ERR/LOKO/0x00000002
15:24:34.497  INFO     RX        /ERR/LOKO/0x00000002
15:24:34.527  INFO     RX        /ERR/LOKO/0x00000002
15:24:34.527  INFO     RX        /ERR/LOKO/0x00000002
15:24:34.527  INFO     RX        /ERR/LOKO/0x00000002
15:24:34.561  INFO     RX        /ERR/LOKO/0x00000002
15:24:34.561  INFO     RX        /ERR/LOKO/0x00000002
15:24:34.561  INFO     RX        /ERR/LOKO/0x00000002
15:24:34.591  INFO     RX        /ERR/LOKO/0x00000002
15:24:34.591  INFO     RX        /ERR/LOKO/0x00000002
15:24:34.624  INFO     RX        /ERR/LOKO/0x00000002
15:24:34.624  INFO     RX        /ERR/LOKO/0x00000002
15:24:34.624  INFO     RX        /ERR/LOKO/0x00000002
15:24:34.658  INFO     RX        /ERR/LOKO/0x00000002
15:24:34.658  INFO     RX        /ERR/LOKO/0x00000002
15:24:34.658  INFO     RX        /ERR/LOKO/0x00000002
15:24:34.690  INFO     RX        /ERR/LOKO/0x00000002
15:24:34.690  INFO     RX        /ERR/LOKO/0x00000002
15:24:34.690  INFO     RX        /ERR/LOKO/0x00000002
15:24:34.723  INFO     RX        /ERR/LOKO/0x00000002
15:24:34.723  INFO     RX        /ERR/LOKO/0x00000002
15:24:34.723  INFO     RX        /ERR/LOKO/0x00000002
15:24:34.753  INFO     RX        /ERR/LOKO/0x00000002
15:24:34.753  INFO     RX        /ERR/LOKO/0x00000002
15:24:34.789  INFO     RX        /ERR/LOKO/0x00000002
15:24:34.789  INFO     RX        /ERR/LOKO/0x00000002
15:24:34.789  INFO     RX        /ERR/LOKO/0x00000002
15:24:34.818  INFO     RX        /ERR/LOKO/0x00000002
15:24:34.818  INFO     RX        /ERR/LOKO/0x00000002
15:24:34.818  INFO     RX        /ERR/LOKO/0x00000002
15:24:34.855  INFO     RX        /ERR/LOKO/0x00000002
15:24:34.855  INFO     RX        /ERR/LOKO/0x00000002
15:24:34.855  INFO     RX        /ERR/LOKO/0x00000002
15:24:34.882  INFO     RX        /ERR/LOKO/0x00000002
15:24:34.882  INFO     RX        /ERR/LOKO/0x00000002
15:24:34.917  INFO     RX        /ERR/LOKO/0x00000002
15:24:34.917  INFO     RX        /ERR/LOKO/0x00000002
15:24:34.917  INFO     RX        /ERR/LOKO/0x00000002
15:24:34.945  INFO     RX        /ERR/LOKO/0x00000002
15:24:34.945  INFO     RX        /ERR/LOKO/0x00000002
15:24:34.945  INFO     RX        /ERR/LOKO/0x00000002
15:24:34.979  INFO     RX        /ERR/LOKO/0x00000002
15:24:34.979  INFO     RX        /ERR/LOKO/0x00000002
15:24:34.979  INFO     RX        /ERR/LOKO/0x00000002
15:24:35.012  INFO     RX        /ERR/LOKO/0x00000002
15:24:35.013  INFO     RX        /ERR/LOKO/0x00000002
15:24:35.013  INFO     RX        /ERR/LOKO/0x00000002
15:24:35.046  INFO     RX        /ERR/LOKO/0x00000002
15:24:35.046  INFO     RX        /ERR/LOKO/0x00000002
15:24:35.073  INFO     RX        /ERR/LOKO/0x00000002
15:24:35.073  INFO     RX        /ERR/LOKO/0x00000002
15:24:35.073  INFO     RX        /ERR/LOKO/0x00000002
15:24:35.106  INFO     RX        /ERR/LOKO/0x00000002
15:24:35.106  INFO     RX        /ERR/LOKO/0x00000002
15:24:35.106  INFO     RX        /ERR/LOKO/0x00000002
15:24:35.140  INFO     RX        /ERR/LOKO/0x00000002
15:24:35.141  INFO     RX        /ERR/LOKO/0x00000002
15:24:35.141  INFO     RX        /ERR/LOKO/0x00000002
15:24:35.172  INFO     RX        /ERR/LOKO/0x00000002
15:24:35.172  INFO     RX        /ERR/LOKO/0x00000002
15:24:35.204  INFO     RX        /ERR/LOKO/0x00000002
15:24:35.204  INFO     RX        /ERR/LOKO/0x00000002
15:24:35.204  INFO     RX        /ERR/LOKO/0x00000002
15:24:35.240  INFO     RX        /ERR/LOKO/0x00000002
15:24:35.241  INFO     RX        /ERR/LOKO/0x00000002
15:24:35.241  INFO     RX        /ERR/LOKO/0x00000002
15:24:35.267  INFO     RX        /ERR/LOKO/0x00000002
15:24:35.267  INFO     RX        /ERR/LOKO/0x00000002
15:24:35.303  INFO     RX        /ERR/LOKO/0x00000002
15:24:35.303  INFO     RX        /ERR/LOKO/0x00000002
15:24:35.303  INFO     RX        /ERR/LOKO/0x00000002
15:24:35.304  INFO     RX        /ERR/LOKO/0x00000002
15:24:35.336  INFO     RX        /ERR/LOKO/0x00000002
15:24:35.336  INFO     RX        /ERR/LOKO/0x00000002
15:24:35.372  INFO     RX        /ERR/LOKO/0x00000002
15:24:35.372  INFO     RX        /ERR/LOKO/0x00000002
15:24:35.372  INFO     RX        /ERR/LOKO/0x00000002
15:24:35.372  INFO     RX        /ERR/LOKO/0x00000002
15:24:35.398  INFO     RX        /ERR/LOKO/0x00000002
15:24:35.398  INFO     RX        /ERR/LOKO/0x00000002
15:24:35.431  INFO     RX        /ERR/LOKO/0x00000002
15:24:35.431  INFO     RX        /ERR/LOKO/0x00000002
15:24:35.431  INFO     RX        /ERR/LOKO/0x00000002
15:24:35.462  INFO     RX        /ERR/LOKO/0x00000002
15:24:35.462  INFO     RX        /ERR/LOKO/0x00000002
15:24:35.497  INFO     RX        /ERR/LOKO/0x00000002
15:24:35.497  INFO     RX        /ERR/LOKO/0x00000002
15:24:35.498  INFO     RX        /ERR/LOKO/0x00000002
15:24:35.523  DEBUG    TX /CONTROLL/0,0,0,0,0,0,0,0,0
15:24:35.529  INFO     RX        /ERR/LOKO/0x00000002
15:24:35.529  INFO     RX        /ERR/LOKO/0x00000002
15:24:35.529  INFO     RX        /ERR/LOKO/0x00000002
15:24:35.562  INFO     RX        /ERR/LOKO/0x00000002
15:24:35.562  INFO     RX        /ERR/LOKO/0x00000002
15:24:35.562  INFO     RX        /ERR/LOKO/0x00000002
15:24:35.591  INFO     RX        /ERR/LOKO/0x00000002
15:24:35.591  INFO     RX        /ERR/LOKO/0x00000002
15:24:35.627  INFO     RX        /ERR/LOKO/0x00000002
15:24:35.627  INFO     RX        /ERR/LOKO/0x00000002
15:24:35.627  INFO     RX        /ERR/LOKO/0x00000002
15:24:35.658  INFO     RX        /ERR/LOKO/0x00000002
15:24:35.658  INFO     RX        /ERR/LOKO/0x00000002
15:24:35.658  INFO     RX        /ERR/LOKO/0x00000002
15:24:35.688  INFO     RX        /ERR/LOKO/0x00000002
15:24:35.688  INFO     RX        /ERR/LOKO/0x00000002
15:24:35.688  INFO     RX        /ERR/LOKO/0x00000002
15:24:35.723  INFO     RX        /ERR/LOKO/0x00000002
15:24:35.723  INFO     RX        /ERR/LOKO/0x00000002
15:24:35.723  INFO     RX        /ERR/LOKO/0x00000002
15:24:35.756  INFO     RX        /ERR/LOKO/0x00000002
15:24:35.756  INFO     RX        /ERR/LOKO/0x00000002
15:24:35.756  INFO     RX        /ERR/LOKO/0x00000002
15:24:35.785  INFO     RX        /ERR/LOKO/0x00000002
15:24:35.785  INFO     RX        /ERR/LOKO/0x00000002
15:24:35.820  INFO     RX        /ERR/LOKO/0x00000002
15:24:35.820  INFO     RX        /ERR/LOKO/0x00000002
15:24:35.820  INFO     RX        /ERR/LOKO/0x00000002
15:24:35.848  INFO     RX        /ERR/LOKO/0x00000002
15:24:35.849  INFO     RX        /ERR/LOKO/0x00000002
15:24:35.849  INFO     RX        /ERR/LOKO/0x00000002
15:24:35.883  INFO     RX        /ERR/LOKO/0x00000002
15:24:35.883  INFO     RX        /ERR/LOKO/0x00000002
15:24:35.912  INFO     RX        /ERR/LOKO/0x00000002
15:24:35.912  INFO     RX        /ERR/LOKO/0x00000002
15:24:35.912  INFO     RX        /ERR/LOKO/0x00000002
15:24:35.949  INFO     RX        /ERR/LOKO/0x00000002
15:24:35.949  INFO     RX        /ERR/LOKO/0x00000002
15:24:35.949  INFO     RX        /ERR/LOKO/0x00000002
15:24:35.982  INFO     RX        /ERR/LOKO/0x00000002
15:24:35.982  INFO     RX        /ERR/LOKO/0x00000002
15:24:35.982  INFO     RX        /ERR/LOKO/0x00000002
15:24:36.014  INFO     RX        /ERR/LOKO/0x00000002
15:24:36.014  INFO     RX        /ERR/LOKO/0x00000002
15:24:36.014  INFO     RX        /ERR/LOKO/0x00000002
15:24:36.044  INFO     RX        /ERR/LOKO/0x00000002
15:24:36.044  INFO     RX        /ERR/LOKO/0x00000002
15:24:36.079  INFO     RX        /ERR/LOKO/0x00000002
15:24:36.079  INFO     RX        /ERR/LOKO/0x00000002
15:24:36.079  INFO     RX        /ERR/LOKO/0x00000002
15:24:36.111  INFO     RX        /ERR/LOKO/0x00000002
15:24:36.111  INFO     RX        /ERR/LOKO/0x00000002
15:24:36.111  INFO     RX        /ERR/LOKO/0x00000002
15:24:36.143  INFO     RX        /ERR/LOKO/0x00000002
15:24:36.143  INFO     RX        /ERR/LOKO/0x00000002
15:24:36.143  INFO     RX        /ERR/LOKO/0x00000002
15:24:36.174  INFO     RX        /ERR/LOKO/0x00000002
15:24:36.175  INFO     RX        /ERR/LOKO/0x00000002
15:24:36.175  INFO     RX        /ERR/LOKO/0x00000002
15:24:36.207  INFO     RX        /ERR/LOKO/0x00000002
15:24:37.019  INFO     RX        /ERR/LOKO/0x00000002
15:24:37.019  INFO     RX        /ERR/LOKO/0x00000002
15:24:37.050  INFO     RX        /ERR/LOKO/0x00000002
15:24:37.050  INFO     RX        /ERR/LOKO/0x00000002
15:24:37.050  INFO     RX        /ERR/LOKO/0x00000002
15:24:37.081  INFO     RX        /ERR/LOKO/0x00000002
15:24:37.081  INFO     RX        /ERR/LOKO/0x00000002
15:24:37.116  INFO     RX        /ERR/LOKO/0x00000002
15:24:37.116  INFO     RX        /ERR/LOKO/0x00000002
15:24:37.116  INFO     RX        /ERR/LOKO/0x00000002
15:24:37.142  DEBUG    TX /CONTROLL/0,0,0,0,0,0,0,0,0
15:24:37.146  INFO     RX        /ERR/LOKO/0x00000002
15:24:37.146  INFO     RX        /ERR/LOKO/0x00000002
15:24:37.146  INFO     RX        /ERR/LOKO/0x00000002
15:24:37.185  INFO     RX        /ERR/LOKO/0x00000002
15:24:37.185  INFO     RX        /ERR/LOKO/0x00000002
15:24:37.185  INFO     RX        /ERR/LOKO/0x00000002
15:24:37.210  INFO     RX        /ERR/LOKO/0x00000002
15:24:37.210  INFO     RX        /ERR/LOKO/0x00000002
15:24:37.245  INFO     RX        /ERR/LOKO/0x00000002
15:24:37.246  INFO     RX        /ERR/LOKO/0x00000002
15:24:37.246  INFO     RX        /ERR/LOKO/0x00000002
15:24:37.278  INFO     RX        /ERR/LOKO/0x00000002
15:24:37.278  INFO     RX        /ERR/LOKO/0x00000002
15:24:37.278  INFO     RX        /ERR/LOKO/0x00000002
15:24:37.307  INFO     RX        /ERR/LOKO/0x00000002
15:24:37.307  INFO     RX        /ERR/LOKO/0x00000002
15:24:37.342  INFO     RX        /ERR/LOKO/0x00000002
15:24:37.342  INFO     RX        /ERR/LOKO/0x00000002
15:24:37.342  INFO     RX        /ERR/LOKO/0x00000002
15:24:37.371  INFO     RX        /ERR/LOKO/0x00000002
15:24:37.371  INFO     RX        /ERR/LOKO/0x00000002
15:24:37.371  INFO     RX        /ERR/LOKO/0x00000002
15:24:37.406  INFO     RX        /ERR/LOKO/0x00000002
15:24:37.406  INFO     RX        /ERR/LOKO/0x00000002
15:24:37.406  INFO     RX        /ERR/LOKO/0x00000002
15:24:37.435  INFO     RX        /ERR/LOKO/0x00000002
15:24:37.435  INFO     RX        /ERR/LOKO/0x00000002
15:24:37.466  INFO     RX        /ERR/LOKO/0x00000002
15:24:37.466  INFO     RX        /ERR/LOKO/0x00000002
15:24:37.466  INFO     RX        /ERR/LOKO/0x00000002
15:24:37.501  INFO     RX        /ERR/LOKO/0x00000002
15:24:37.501  INFO     RX        /ERR/LOKO/0x00000002
15:24:37.501  INFO     RX        /ERR/LOKO/0x00000002
15:24:37.530  INFO     RX        /ERR/LOKO/0x00000002
15:24:37.530  INFO     RX        /ERR/LOKO/0x00000002
15:24:37.567  INFO     RX        /ERR/LOKO/0x00000002
15:24:37.567  INFO     RX        /ERR/LOKO/0x00000002
15:24:37.567  INFO     RX        /ERR/LOKO/0x00000002
15:24:37.567  INFO     RX        /ERR/LOKO/0x00000002
15:24:37.598  INFO     RX        /ERR/LOKO/0x00000002
15:24:37.598  INFO     RX        /ERR/LOKO/0x00000002
15:24:37.627  INFO     RX        /ERR/LOKO/0x00000002
15:24:37.627  INFO     RX        /ERR/LOKO/0x00000002
15:24:37.627  INFO     RX        /ERR/LOKO/0x00000002
15:24:37.660  INFO     RX        /ERR/LOKO/0x00000002
15:24:37.660  INFO     RX        /ERR/LOKO/0x00000002
15:24:37.694  INFO     RX        /ERR/LOKO/0x00000002
15:24:37.694  INFO     RX        /ERR/LOKO/0x00000002
15:24:37.694  INFO     RX        /ERR/LOKO/0x00000002
15:24:37.727  INFO     RX        /ERR/LOKO/0x00000002
15:24:37.727  INFO     RX        /ERR/LOKO/0x00000002
15:24:37.727  INFO     RX        /ERR/LOKO/0x00000002
15:24:37.757  INFO     RX        /ERR/LOKO/0x00000002
15:24:37.757  INFO     RX        /ERR/LOKO/0x00000002
15:24:37.757  INFO     RX        /ERR/LOKO/0x00000002
15:24:37.789  INFO     RX        /ERR/LOKO/0x00000002
15:24:37.789  INFO     RX        /ERR/LOKO/0x00000002
15:24:37.824  INFO     RX        /ERR/LOKO/0x00000002
15:24:37.824  INFO     RX        /ERR/LOKO/0x00000002
15:24:37.824  INFO     RX        /ERR/LOKO/0x00000002
15:24:37.853  INFO     RX        /ERR/LOKO/0x00000002
15:24:37.854  INFO     RX        /ERR/LOKO/0x00000002
15:24:37.854  INFO     RX        /ERR/LOKO/0x00000002
15:24:37.887  INFO     RX        /ERR/LOKO/0x00000002
15:24:37.887  INFO     RX        /ERR/LOKO/0x00000002
15:24:37.887  INFO     RX        /ERR/LOKO/0x00000002
15:24:37.917  INFO     RX        /ERR/LOKO/0x00000002
15:24:37.917  INFO     RX        /ERR/LOKO/0x00000002
15:24:37.952  INFO     RX        /ERR/LOKO/0x00000002
15:24:37.952  INFO     RX        /ERR/LOKO/0x00000002
15:24:37.952  INFO     RX        /ERR/LOKO/0x00000002
15:24:37.982  INFO     RX        /ERR/LOKO/0x00000002
15:24:37.982  INFO     RX        /ERR/LOKO/0x00000002
15:24:37.982  INFO     RX        /ERR/LOKO/0x00000002
15:24:38.014  INFO     RX        /ERR/LOKO/0x00000002
15:24:38.015  INFO     RX        /ERR/LOKO/0x00000002
15:24:38.015  INFO     RX        /ERR/LOKO/0x00000002
15:24:38.049  INFO     RX        /ERR/LOKO/0x00000002
15:24:38.049  INFO     RX        /ERR/LOKO/0x00000002
15:24:38.049  INFO     RX        /ERR/LOKO/0x00000002
15:24:38.082  INFO     RX        /ERR/LOKO/0x00000002
15:24:38.082  INFO     RX        /ERR/LOKO/0x00000002
15:24:38.114  INFO     RX        /ERR/LOKO/0x00000002
15:24:38.114  INFO     RX        /ERR/LOKO/0x00000002
15:24:38.114  INFO     RX        /ERR/LOKO/0x00000002
15:24:38.143  INFO     RX        /ERR/LOKO/0x00000002
15:24:38.143  INFO     RX        /ERR/LOKO/0x00000002
15:24:38.143  INFO     RX        /ERR/LOKO/0x00000002
15:24:38.178  INFO     RX        /ERR/LOKO/0x00000002
15:24:38.178  INFO     RX        /ERR/LOKO/0x00000002
15:24:38.178  INFO     RX        /ERR/LOKO/0x00000002
15:24:38.211  INFO     RX        /ERR/LOKO/0x00000002
15:24:38.211  INFO     RX        /ERR/LOKO/0x00000002
15:24:38.240  INFO     RX        /ERR/LOKO/0x00000002
15:24:38.240  INFO     RX        /ERR/LOKO/0x00000002
15:24:38.240  INFO     RX        /ERR/LOKO/0x00000002
15:24:38.272  INFO     RX        /ERR/LOKO/0x00000002
15:24:38.272  INFO     RX        /ERR/LOKO/0x00000002
15:24:38.306  INFO     RX        /ERR/LOKO/0x00000002
15:24:38.306  INFO     RX        /ERR/LOKO/0x00000002
15:24:38.306  INFO     RX        /ERR/LOKO/0x00000002
15:24:38.339  INFO     RX        /ERR/LOKO/0x00000002
15:24:38.339  INFO     RX        /ERR/LOKO/0x00000002
15:24:38.339  INFO     RX        /ERR/LOKO/0x00000002
15:24:38.368  INFO     RX        /ERR/LOKO/0x00000002
15:24:38.369  INFO     RX        /ERR/LOKO/0x00000002
15:24:38.369  INFO     RX        /ERR/LOKO/0x00000002
15:24:38.404  INFO     RX        /ERR/LOKO/0x00000002
15:24:38.404  INFO     RX        /ERR/LOKO/0x00000002
15:24:38.404  INFO     RX        /ERR/LOKO/0x00000002
15:24:38.433  INFO     RX        /ERR/LOKO/0x00000002
15:24:38.433  INFO     RX        /ERR/LOKO/0x00000002
15:24:38.468  INFO     RX        /ERR/LOKO/0x00000002
15:24:38.468  INFO     RX        /ERR/LOKO/0x00000002
15:24:38.468  INFO     RX        /ERR/LOKO/0x00000002
15:24:38.498  INFO     RX        /ERR/LOKO/0x00000002
15:24:38.499  INFO     RX        /ERR/LOKO/0x00000002
15:24:38.499  INFO     RX        /ERR/LOKO/0x00000002
15:24:38.532  INFO     RX        /ERR/LOKO/0x00000002
15:24:38.532  INFO     RX        /ERR/LOKO/0x00000002
15:24:38.532  INFO     RX        /ERR/LOKO/0x00000002
15:24:38.562  INFO     RX        /ERR/LOKO/0x00000002
15:24:38.562  INFO     RX        /ERR/LOKO/0x00000002
15:24:38.595  INFO     RX        /ERR/LOKO/0x00000002
15:24:38.595  INFO     RX        /ERR/LOKO/0x00000002
15:24:38.595  INFO     RX        /ERR/LOKO/0x00000002
15:24:38.627  INFO     RX        /ERR/LOKO/0x00000002
15:24:38.627  INFO     RX        /ERR/LOKO/0x00000002
15:24:38.627  INFO     RX        /ERR/LOKO/0x00000002
15:24:38.662  INFO     RX        /ERR/LOKO/0x00000002
15:24:38.662  INFO     RX        /ERR/LOKO/0x00000002
15:24:38.662  INFO     RX        /ERR/LOKO/0x00000002
15:24:38.694  INFO     RX        /ERR/LOKO/0x00000002
15:24:38.694  INFO     RX        /ERR/LOKO/0x00000002
15:24:38.694  INFO     RX        /ERR/LOKO/0x00000002
15:24:38.724  INFO     RX        /ERR/LOKO/0x00000002
15:24:38.724  INFO     RX        /ERR/LOKO/0x00000002
15:24:38.753  DEBUG    TX /CONTROLL/0,0,0,0,0,0,0,0,0
15:24:38.758  INFO     RX        /ERR/LOKO/0x00000002
15:24:38.758  INFO     RX        /ERR/LOKO/0x00000002
15:24:38.758  INFO     RX        /ERR/LOKO/0x00000002
15:24:38.791  INFO     RX        /ERR/LOKO/0x00000002
15:24:38.791  INFO     RX        /ERR/LOKO/0x00000002
15:24:38.791  INFO     RX        /ERR/LOKO/0x00000002
15:24:38.821  INFO     RX        /ERR/LOKO/0x00000002
15:24:38.822  INFO     RX        /ERR/LOKO/0x00000002
15:24:38.857  INFO     RX        /ERR/LOKO/0x00000002
15:24:38.857  INFO     RX        /ERR/LOKO/0x00000002
15:24:38.857  INFO     RX        /ERR/LOKO/0x00000002
15:24:38.885  INFO     RX        /ERR/LOKO/0x00000002
15:24:38.885  INFO     RX        /ERR/LOKO/0x00000002
15:24:38.885  INFO     RX        /ERR/LOKO/0x00000002
15:24:38.922  INFO     RX        /ERR/LOKO/0x00000002
15:24:38.922  INFO     RX        /ERR/LOKO/0x00000002
15:24:38.922  INFO     RX        /ERR/LOKO/0x00000002
15:24:38.949  INFO     RX        /ERR/LOKO/0x00000002
15:24:38.949  INFO     RX        /ERR/LOKO/0x00000002
15:24:38.981  INFO     RX        /ERR/LOKO/0x00000002
15:24:38.981  INFO     RX        /ERR/LOKO/0x00000002
15:24:38.982  INFO     RX        /ERR/LOKO/0x00000002
15:24:39.015  INFO     RX        /ERR/LOKO/0x00000002
15:24:39.015  INFO     RX        /ERR/LOKO/0x00000002
15:24:39.015  INFO     RX        /ERR/LOKO/0x00000002
15:24:39.049  INFO     RX        /ERR/LOKO/0x00000002
15:24:39.049  INFO     RX        /ERR/LOKO/0x00000002
15:24:39.050  INFO     RX        /ERR/LOKO/0x00000002
15:24:39.078  INFO     RX        /ERR/LOKO/0x00000002
15:24:39.078  INFO     RX        /ERR/LOKO/0x00000002
15:24:39.115  INFO     RX        /ERR/LOKO/0x00000002
15:24:39.115  INFO     RX        /ERR/LOKO/0x00000002
15:24:39.115  INFO     RX        /ERR/LOKO/0x00000002
15:24:39.144  INFO     RX        /ERR/LOKO/0x00000002
15:24:39.144  INFO     RX        /ERR/LOKO/0x00000002
15:24:39.144  INFO     RX        /ERR/LOKO/0x00000002
15:24:39.175  INFO     RX        /ERR/LOKO/0x00000002
15:24:39.175  INFO     RX        /ERR/LOKO/0x00000002
15:24:39.176  INFO     RX        /ERR/LOKO/0x00000002
15:24:39.211  INFO     RX        /ERR/LOKO/0x00000002
15:24:39.211  INFO     RX        /ERR/LOKO/0x00000002
15:24:39.211  INFO     RX        /ERR/LOKO/0x00000002
15:24:39.240  INFO     RX        /ERR/LOKO/0x00000002
15:24:39.240  INFO     RX        /ERR/LOKO/0x00000002
15:24:39.275  INFO     RX        /ERR/LOKO/0x00000002
15:24:39.275  INFO     RX        /ERR/LOKO/0x00000002
15:24:39.275  INFO     RX        /ERR/LOKO/0x00000002
15:24:39.305  INFO     RX        /ERR/LOKO/0x00000002
15:24:39.306  INFO     RX        /ERR/LOKO/0x00000002
15:24:39.306  INFO     RX        /ERR/LOKO/0x00000002
15:24:39.341  INFO     RX        /ERR/LOKO/0x00000002
15:24:39.341  INFO     RX        /ERR/LOKO/0x00000002
15:24:39.341  INFO     RX        /ERR/LOKO/0x00000002
15:24:39.371  INFO     RX        /ERR/LOKO/0x00000002
15:24:39.371  INFO     RX        /ERR/LOKO/0x00000002
15:24:39.404  INFO     RX        /ERR/LOKO/0x00000002
15:24:39.404  INFO     RX        /ERR/LOKO/0x00000002
15:24:39.405  INFO     RX        /ERR/LOKO/0x00000002
15:24:39.443  INFO     RX        /ERR/LOKO/0x00000002
15:24:39.443  INFO     RX        /ERR/LOKO/0x00000002
15:24:39.443  INFO     RX        /ERR/LOKO/0x00000002
15:24:39.469  INFO     RX        /ERR/LOKO/0x00000002
15:24:39.469  INFO     RX        /ERR/LOKO/0x00000002
15:24:39.469  INFO     RX        /ERR/LOKO/0x00000002
15:24:39.504  INFO     RX        /ERR/LOKO/0x00000002
15:24:39.505  INFO     RX        /ERR/LOKO/0x00000002
15:24:39.505  INFO     RX        /ERR/LOKO/0x00000002
15:24:39.534  INFO     RX        /ERR/LOKO/0x00000002
15:24:39.534  INFO     RX        /ERR/LOKO/0x00000002
15:24:39.568  INFO     RX        /ERR/LOKO/0x00000002
15:24:39.569  INFO     RX        /ERR/LOKO/0x00000002
15:24:39.569  INFO     RX        /ERR/LOKO/0x00000002
15:24:39.596  INFO     RX        /ERR/LOKO/0x00000002
15:24:39.596  INFO     RX        /ERR/LOKO/0x00000002
15:24:39.596  INFO     RX        /ERR/LOKO/0x00000002
15:24:39.632  INFO     RX        /ERR/LOKO/0x00000002
15:24:39.632  INFO     RX        /ERR/LOKO/0x00000002
15:24:39.632  INFO     RX        /ERR/LOKO/0x00000002
15:24:39.662  INFO     RX        /ERR/LOKO/0x00000002
15:24:39.662  INFO     RX        /ERR/LOKO/0x00000002
15:24:39.699  INFO     RX        /ERR/LOKO/0x00000002
15:24:39.699  INFO     RX        /ERR/LOKO/0x00000002
15:24:39.700  INFO     RX        /ERR/LOKO/0x00000002
15:24:39.732  INFO     RX        /ERR/LOKO/0x00000002
15:24:39.732  INFO     RX        /ERR/LOKO/0x00000002
15:24:39.732  INFO     RX        /ERR/LOKO/0x00000002
15:24:39.759  INFO     RX        /ERR/LOKO/0x00000002
15:24:39.760  INFO     RX        /ERR/LOKO/0x00000002
15:24:39.760  INFO     RX        /ERR/LOKO/0x00000002
15:24:39.795  INFO     RX        /ERR/LOKO/0x00000002
15:24:39.795  INFO     RX        /ERR/LOKO/0x00000002
15:24:39.795  INFO     RX        /ERR/LOKO/0x00000002
15:24:39.824  INFO     RX        /ERR/LOKO/0x00000002
15:24:39.824  INFO     RX        /ERR/LOKO/0x00000002
15:24:39.854  INFO     RX        /ERR/LOKO/0x00000002
15:24:39.854  INFO     RX        /ERR/LOKO/0x00000002
15:24:39.854  INFO     RX        /ERR/LOKO/0x00000002
15:24:39.886  INFO     RX        /ERR/LOKO/0x00000002
15:24:39.886  INFO     RX        /ERR/LOKO/0x00000002
15:24:39.886  INFO     RX        /ERR/LOKO/0x00000002
15:24:39.921  INFO     RX        /ERR/LOKO/0x00000002
15:24:39.921  INFO     RX        /ERR/LOKO/0x00000002
15:24:39.922  INFO     RX        /ERR/LOKO/0x00000002
15:24:39.951  INFO     RX        /ERR/LOKO/0x00000002
15:24:39.951  INFO     RX        /ERR/LOKO/0x00000002
15:24:39.985  INFO     RX        /ERR/LOKO/0x00000002
15:24:39.986  INFO     RX        /ERR/LOKO/0x00000002
15:24:39.986  INFO     RX        /ERR/LOKO/0x00000002
15:24:40.015  INFO     RX        /ERR/LOKO/0x00000002
15:24:40.015  INFO     RX        /ERR/LOKO/0x00000002
15:24:40.015  INFO     RX        /ERR/LOKO/0x00000002
15:24:40.050  INFO     RX        /ERR/LOKO/0x00000002
15:24:40.050  INFO     RX        /ERR/LOKO/0x00000002
15:24:40.050  INFO     RX        /ERR/LOKO/0x00000002
15:24:40.084  INFO     RX        /ERR/LOKO/0x00000002
15:24:40.084  INFO     RX        /ERR/LOKO/0x00000002
15:24:40.084  INFO     RX        /ERR/LOKO/0x00000002
15:24:40.112  INFO     RX        /ERR/LOKO/0x00000002
15:24:40.113  INFO     RX        /ERR/LOKO/0x00000002
15:24:40.148  INFO     RX        /ERR/LOKO/0x00000002
15:24:40.148  INFO     RX        /ERR/LOKO/0x00000002
15:24:40.148  INFO     RX        /ERR/LOKO/0x00000002
15:24:40.177  INFO     RX        /ERR/LOKO/0x00000002
15:24:40.177  INFO     RX        /ERR/LOKO/0x00000002
15:24:40.177  INFO     RX        /ERR/LOKO/0x00000002
15:24:40.210  INFO     RX        /ERR/LOKO/0x00000002
15:24:40.210  INFO     RX        /ERR/LOKO/0x00000002
15:24:40.241  INFO     RX        /ERR/LOKO/0x00000002
15:24:40.241  INFO     RX        /ERR/LOKO/0x00000002
15:24:40.241  INFO     RX        /ERR/LOKO/0x00000002
15:24:40.276  INFO     RX        /ERR/LOKO/0x00000002
15:24:40.276  INFO     RX        /ERR/LOKO/0x00000002
15:24:40.276  INFO     RX        /ERR/LOKO/0x00000002
15:24:40.305  INFO     RX        /ERR/LOKO/0x00000002
15:24:40.305  INFO     RX        /ERR/LOKO/0x00000002
15:24:40.305  INFO     RX        /ERR/LOKO/0x00000002
15:24:40.340  INFO     RX        /ERR/LOKO/0x00000002
15:24:40.340  INFO     RX        /ERR/LOKO/0x00000002
15:24:40.340  INFO     RX        /ERR/LOKO/0x00000002
15:24:40.366  DEBUG    TX /CONTROLL/0,0,-15,-100,0,0,0,0,0
15:24:40.369  INFO     RX        /ERR/LOKO/0x00000002
15:24:40.369  INFO     RX        /ERR/LOKO/0x00000002
15:24:40.405  INFO     RX        /ERR/LOKO/0x00000002
15:24:40.405  INFO     RX        /ERR/LOKO/0x00000002
15:24:40.405  INFO     RX        /ERR/LOKO/0x00000002
15:24:40.434  INFO     RX        /ERR/LOKO/0x00000002
15:24:40.434  INFO     RX        /ERR/LOKO/0x00000002
15:24:40.434  INFO     RX        /ERR/LOKO/0x00000002
15:24:40.466  INFO     RX        /ERR/LOKO/0x00000002
15:24:40.466  INFO     RX        /ERR/LOKO/0x00000002
15:24:40.466  INFO     RX        /ERR/LOKO/0x00000002
15:24:40.498  INFO     RX        /ERR/LOKO/0x00000002
15:24:40.498  INFO     RX        /ERR/LOKO/0x00000002
15:24:40.530  INFO     RX        /ERR/LOKO/0x00000002
15:24:40.530  INFO     RX        /ERR/LOKO/0x00000002
15:24:40.530  INFO     RX        /ERR/LOKO/0x00000002
15:24:40.565  INFO     RX        /ERR/LOKO/0x00000002
15:24:40.565  INFO     RX        /ERR/LOKO/0x00000002
15:24:40.565  INFO     RX        /ERR/LOKO/0x00000002
15:24:40.598  INFO     RX        /ERR/LOKO/0x00000002
15:24:40.598  INFO     RX        /ERR/LOKO/0x00000002
15:24:40.598  INFO     RX        /ERR/LOKO/0x00000002
15:24:40.626  INFO     RX        /ERR/LOKO/0x00000002
15:24:40.626  INFO     RX        /ERR/LOKO/0x00000002
15:24:40.664  INFO     RX        /ERR/LOKO/0x00000002
15:24:40.664  INFO     RX        /ERR/LOKO/0x00000002
15:24:40.664  INFO     RX        /ERR/LOKO/0x00000002
15:24:40.664  INFO     RX        /ERR/LOKO/0x00000002
15:24:40.690  INFO     RX        /ERR/LOKO/0x00000002
15:24:40.690  INFO     RX        /ERR/LOKO/0x00000002
15:24:40.726  INFO     RX        /ERR/LOKO/0x00000002
15:24:40.726  INFO     RX        /ERR/LOKO/0x00000002
15:24:40.726  INFO     RX        /ERR/LOKO/0x00000002
15:24:40.759  INFO     RX        /ERR/LOKO/0x00000002
15:24:40.759  INFO     RX        /ERR/LOKO/0x00000002
15:24:40.759  INFO     RX        /ERR/LOKO/0x00000002
15:24:40.790  INFO     RX        /ERR/LOKO/0x00000002
15:24:40.790  INFO     RX        /ERR/LOKO/0x00000002
15:24:40.790  INFO     RX        /ERR/LOKO/0x00000002
15:24:40.819  INFO     RX        /ERR/LOKO/0x00000002
15:24:40.819  INFO     RX        /ERR/LOKO/0x00000002
15:24:40.855  INFO     RX        /ERR/LOKO/0x00000002
15:24:40.855  INFO     RX        /ERR/LOKO/0x00000002
15:24:40.855  INFO     RX        /ERR/LOKO/0x00000002
15:24:40.884  INFO     RX        /ERR/LOKO/0x00000002
15:24:40.884  INFO     RX        /ERR/LOKO/0x00000002
15:24:40.884  INFO     RX        /ERR/LOKO/0x00000002
15:24:40.919  INFO     RX        /ERR/LOKO/0x00000002
15:24:40.919  INFO     RX        /ERR/LOKO/0x00000002
15:24:40.919  INFO     RX        /ERR/LOKO/0x00000002
15:24:40.948  INFO     RX        /ERR/LOKO/0x00000002
15:24:40.949  INFO     RX        /ERR/LOKO/0x00000002
15:24:40.984  INFO     RX        /ERR/LOKO/0x00000002
15:24:40.984  INFO     RX        /ERR/LOKO/0x00000002
15:24:40.984  INFO     RX        /ERR/LOKO/0x00000002
15:24:41.014  INFO     RX        /ERR/LOKO/0x00000002
15:24:41.014  INFO     RX        /ERR/LOKO/0x00000002
15:24:41.014  INFO     RX        /ERR/LOKO/0x00000002
15:24:41.049  INFO     RX        /ERR/LOKO/0x00000002
15:24:41.049  INFO     RX        /ERR/LOKO/0x00000002
15:24:41.049  INFO     RX        /ERR/LOKO/0x00000002
15:24:41.079  INFO     RX        /ERR/LOKO/0x00000002
15:24:41.079  INFO     RX        /ERR/LOKO/0x00000002
15:24:41.113  INFO     RX        /ERR/LOKO/0x00000002
15:24:41.113  INFO     RX        /ERR/LOKO/0x00000002
15:24:41.113  INFO     RX        /ERR/LOKO/0x00000002
15:24:41.142  INFO     RX        /ERR/LOKO/0x00000002
15:24:41.142  INFO     RX        /ERR/LOKO/0x00000002
15:24:41.142  INFO     RX        /ERR/LOKO/0x00000002
15:24:41.174  INFO     RX        /ERR/LOKO/0x00000002
15:24:41.174  INFO     RX        /ERR/LOKO/0x00000002
15:24:41.174  INFO     RX        /ERR/LOKO/0x00000002
15:24:41.209  INFO     RX        /ERR/LOKO/0x00000002
15:24:41.209  INFO     RX        /ERR/LOKO/0x00000002
15:24:41.209  INFO     RX        /ERR/LOKO/0x00000002
15:24:41.238  INFO     RX        /ERR/LOKO/0x00000002
15:24:41.238  INFO     RX        /ERR/LOKO/0x00000002
15:24:41.273  INFO     RX        /ERR/LOKO/0x00000002
15:24:41.273  INFO     RX        /ERR/LOKO/0x00000002
15:24:41.273  INFO     RX        /ERR/LOKO/0x00000002
15:24:41.302  INFO     RX        /ERR/LOKO/0x00000002
15:24:41.302  INFO     RX        /ERR/LOKO/0x00000002
15:24:41.302  INFO     RX        /ERR/LOKO/0x00000002
15:24:41.338  INFO     RX        /ERR/LOKO/0x00000002
15:24:41.338  INFO     RX        /ERR/LOKO/0x00000002
15:24:41.338  INFO     RX        /ERR/LOKO/0x00000002
15:24:41.366  INFO     RX        /ERR/LOKO/0x00000002
15:24:41.366  INFO     RX        /ERR/LOKO/0x00000002
15:24:41.398  INFO     RX        /ERR/LOKO/0x00000002
15:24:41.399  INFO     RX        /ERR/LOKO/0x00000002
15:24:41.399  INFO     RX        /ERR/LOKO/0x00000002
15:24:41.435  INFO     RX        /ERR/LOKO/0x00000002
15:24:41.435  INFO     RX        /ERR/LOKO/0x00000002
15:24:41.435  INFO     RX        /ERR/LOKO/0x00000002
15:24:41.467  INFO     RX        /ERR/LOKO/0x00000002
15:24:41.467  INFO     RX        /ERR/LOKO/0x00000002
15:24:41.467  INFO     RX        /ERR/LOKO/0x00000002
15:24:41.499  INFO     RX        /ERR/LOKO/0x00000002
15:24:41.499  INFO     RX        /ERR/LOKO/0x00000002
15:24:41.499  INFO     RX        /ERR/LOKO/0x00000002
15:24:41.528  INFO     RX        /ERR/LOKO/0x00000002
15:24:41.528  INFO     RX        /ERR/LOKO/0x00000002
15:24:41.563  INFO     RX        /ERR/LOKO/0x00000002
15:24:41.563  INFO     RX        /ERR/LOKO/0x00000002
15:24:41.563  INFO     RX        /ERR/LOKO/0x00000002
15:24:41.598  INFO     RX        /ERR/LOKO/0x00000002
15:24:41.598  INFO     RX        /ERR/LOKO/0x00000002
15:24:41.598  INFO     RX        /ERR/LOKO/0x00000002
15:24:41.623  INFO     RX        /ERR/LOKO/0x00000002
15:24:41.623  INFO     RX        /ERR/LOKO/0x00000002
15:24:41.659  INFO     RX        /ERR/LOKO/0x00000002
15:24:41.659  INFO     RX        /ERR/LOKO/0x00000002
15:24:41.659  INFO     RX        /ERR/LOKO/0x00000002
15:24:41.688  INFO     RX        /ERR/LOKO/0x00000002
15:24:41.688  INFO     RX        /ERR/LOKO/0x00000002
15:24:41.688  INFO     RX        /ERR/LOKO/0x00000002
15:24:41.723  INFO     RX        /ERR/LOKO/0x00000002
15:24:41.723  INFO     RX        /ERR/LOKO/0x00000002
15:24:41.723  INFO     RX        /ERR/LOKO/0x00000002
15:24:41.753  INFO     RX        /ERR/LOKO/0x00000002
15:24:41.753  INFO     RX        /ERR/LOKO/0x00000002
15:24:41.788  INFO     RX        /ERR/LOKO/0x00000002
15:24:41.788  INFO     RX        /ERR/LOKO/0x00000002
15:24:41.788  INFO     RX        /ERR/LOKO/0x00000002
15:24:41.817  INFO     RX        /ERR/LOKO/0x00000002
15:24:41.817  INFO     RX        /ERR/LOKO/0x00000002
15:24:41.817  INFO     RX        /ERR/LOKO/0x00000002
15:24:41.851  INFO     RX        /ERR/LOKO/0x00000002
15:24:41.851  INFO     RX        /ERR/LOKO/0x00000002
15:24:41.851  INFO     RX        /ERR/LOKO/0x00000002
15:24:41.881  INFO     RX        /ERR/LOKO/0x00000002
15:24:41.881  INFO     RX        /ERR/LOKO/0x00000002
15:24:41.916  INFO     RX        /ERR/LOKO/0x00000002
15:24:41.916  INFO     RX        /ERR/LOKO/0x00000002
15:24:41.916  INFO     RX        /ERR/LOKO/0x00000002
15:24:41.945  INFO     RX        /ERR/LOKO/0x00000002
15:24:41.945  INFO     RX        /ERR/LOKO/0x00000002
15:24:41.945  INFO     RX        /ERR/LOKO/0x00000002
15:24:41.974  DEBUG    TX /CONTROLL/0,0,99,0,0,0,0,0,0
15:24:41.978  INFO     RX        /ERR/LOKO/0x00000002
15:24:41.978  INFO     RX        /ERR/LOKO/0x00000002
15:24:41.978  INFO     RX        /ERR/LOKO/0x00000002
15:24:42.012  INFO     RX        /ERR/LOKO/0x00000002
15:24:42.012  INFO     RX        /ERR/LOKO/0x00000002
15:24:42.012  INFO     RX        /ERR/LOKO/0x00000002
15:24:42.041  INFO     RX        /ERR/LOKO/0x00000002
15:24:42.041  INFO     RX        /ERR/LOKO/0x00000002
15:24:42.076  INFO     RX        /ERR/LOKO/0x00000002
15:24:42.077  INFO     RX        /ERR/LOKO/0x00000002
15:24:42.077  INFO     RX        /ERR/LOKO/0x00000002
15:24:42.107  INFO     RX        /ERR/LOKO/0x00000002
15:24:42.107  INFO     RX        /ERR/LOKO/0x00000002
15:24:42.107  INFO     RX        /ERR/LOKO/0x00000002
15:24:42.144  INFO     RX        /ERR/LOKO/0x00000002
15:24:42.144  INFO     RX        /ERR/LOKO/0x00000002
15:24:42.144  INFO     RX        /ERR/LOKO/0x00000002
15:24:42.173  INFO     RX        /ERR/LOKO/0x00000002
15:24:42.173  INFO     RX        /ERR/LOKO/0x00000002
15:24:42.173  INFO     RX        /ERR/LOKO/0x00000002
15:24:42.209  INFO     RX        /ERR/LOKO/0x00000002
15:24:42.209  INFO     RX        /ERR/LOKO/0x00000002
15:24:42.209  INFO     RX        /ERR/LOKO/0x00000002
15:24:42.237  INFO     RX        /ERR/LOKO/0x00000002
15:24:42.237  INFO     RX        /ERR/LOKO/0x00000002
15:24:42.274  INFO     RX        /ERR/LOKO/0x00000002
15:24:42.274  INFO     RX        /ERR/LOKO/0x00000002
15:24:42.274  INFO     RX        /ERR/LOKO/0x00000002
15:24:42.306  INFO     RX        /ERR/LOKO/0x00000002
15:24:42.307  INFO     RX        /ERR/LOKO/0x00000002
15:24:42.307  INFO     RX        /ERR/LOKO/0x00000002
15:24:42.335  INFO     RX        /ERR/LOKO/0x00000002
15:24:42.335  INFO     RX        /ERR/LOKO/0x00000002
15:24:42.335  INFO     RX        /ERR/LOKO/0x00000002
15:24:42.371  INFO     RX        /ERR/LOKO/0x00000002
15:24:42.371  INFO     RX        /ERR/LOKO/0x00000002
15:24:42.371  INFO     RX        /ERR/LOKO/0x00000002
15:24:42.401  INFO     RX        /ERR/LOKO/0x00000002
15:24:42.401  INFO     RX        /ERR/LOKO/0x00000002
15:24:42.435  INFO     RX        /ERR/LOKO/0x00000002
15:24:42.435  INFO     RX        /ERR/LOKO/0x00000002
15:24:42.435  INFO     RX        /ERR/LOKO/0x00000002
15:24:42.464  INFO     RX        /ERR/LOKO/0x00000002
15:24:42.464  INFO     RX        /ERR/LOKO/0x00000002
15:24:42.464  INFO     RX        /ERR/LOKO/0x00000002
15:24:42.499  INFO     RX        /ERR/LOKO/0x00000002
15:24:42.500  INFO     RX        /ERR/LOKO/0x00000002
15:24:42.500  INFO     RX        /ERR/LOKO/0x00000002
15:24:42.528  INFO     RX        /ERR/LOKO/0x00000002
15:24:42.528  INFO     RX        /ERR/LOKO/0x00000002
15:24:42.560  INFO     RX        /ERR/LOKO/0x00000002
15:24:42.560  INFO     RX        /ERR/LOKO/0x00000002
15:24:42.560  INFO     RX        /ERR/LOKO/0x00000002
15:24:42.592  INFO     RX        /ERR/LOKO/0x00000002
15:24:42.592  INFO     RX        /ERR/LOKO/0x00000002
15:24:42.592  INFO     RX        /ERR/LOKO/0x00000002
15:24:42.627  INFO     RX        /ERR/LOKO/0x00000002
15:24:42.627  INFO     RX        /ERR/LOKO/0x00000002
15:24:42.627  INFO     RX        /ERR/LOKO/0x00000002
15:24:42.655  INFO     RX        /ERR/LOKO/0x00000002
15:24:42.656  INFO     RX        /ERR/LOKO/0x00000002
15:24:42.688  INFO     RX        /ERR/LOKO/0x00000002
15:24:42.689  INFO     RX        /ERR/LOKO/0x00000002
15:24:42.689  INFO     RX        /ERR/LOKO/0x00000002
15:24:42.723  INFO     RX        /ERR/LOKO/0x00000002
15:24:42.723  INFO     RX        /ERR/LOKO/0x00000002
15:24:42.723  INFO     RX        /ERR/LOKO/0x00000002
15:24:42.752  INFO     RX        /ERR/LOKO/0x00000002
15:24:42.752  INFO     RX        /ERR/LOKO/0x00000002
15:24:42.752  INFO     RX        /ERR/LOKO/0x00000002
15:24:42.788  INFO     RX        /ERR/LOKO/0x00000002
15:24:42.788  INFO     RX        /ERR/LOKO/0x00000002
15:24:42.788  INFO     RX        /ERR/LOKO/0x00000002
15:24:42.817  INFO     RX        /ERR/LOKO/0x00000002
15:24:42.817  INFO     RX        /ERR/LOKO/0x00000002
15:24:42.853  INFO     RX        /ERR/LOKO/0x00000002
15:24:42.853  INFO     RX        /ERR/LOKO/0x00000002
15:24:42.853  INFO     RX        /ERR/LOKO/0x00000002
15:24:42.882  INFO     RX        /ERR/LOKO/0x00000002
15:24:42.883  INFO     RX        /ERR/LOKO/0x00000002
15:24:42.883  INFO     RX        /ERR/LOKO/0x00000002
15:24:42.915  INFO     RX        /ERR/LOKO/0x00000002
15:24:42.915  INFO     RX        /ERR/LOKO/0x00000002
15:24:42.915  INFO     RX        /ERR/LOKO/0x00000002
15:24:42.950  INFO     RX        /ERR/LOKO/0x00000002
15:24:42.950  INFO     RX        /ERR/LOKO/0x00000002
15:24:42.950  INFO     RX        /ERR/LOKO/0x00000002
15:24:42.982  INFO     RX        /ERR/LOKO/0x00000002
15:24:42.982  INFO     RX        /ERR/LOKO/0x00000002
15:24:43.015  INFO     RX        /ERR/LOKO/0x00000002
15:24:43.015  INFO     RX        /ERR/LOKO/0x00000002
15:24:43.015  INFO     RX        /ERR/LOKO/0x00000002
15:24:43.043  INFO     RX        /ERR/LOKO/0x00000002
15:24:43.044  INFO     RX        /ERR/LOKO/0x00000002
15:24:43.044  INFO     RX        /ERR/LOKO/0x00000002
15:24:43.079  INFO     RX        /ERR/LOKO/0x00000002
15:24:43.079  INFO     RX        /ERR/LOKO/0x00000002
15:24:43.079  INFO     RX        /ERR/LOKO/0x00000002
15:24:43.110  INFO     RX        /ERR/LOKO/0x00000002
15:24:43.110  INFO     RX        /ERR/LOKO/0x00000002
15:24:43.143  INFO     RX        /ERR/LOKO/0x00000002
15:24:43.143  INFO     RX        /ERR/LOKO/0x00000002
15:24:43.143  INFO     RX        /ERR/LOKO/0x00000002
15:24:43.173  INFO     RX        /ERR/LOKO/0x00000002
15:24:43.173  INFO     RX        /ERR/LOKO/0x00000002
15:24:43.173  INFO     RX        /ERR/LOKO/0x00000002
15:24:43.208  INFO     RX        /ERR/LOKO/0x00000002
15:24:43.209  INFO     RX        /ERR/LOKO/0x00000002
15:24:43.209  INFO     RX        /ERR/LOKO/0x00000002
15:24:43.238  INFO     RX        /ERR/LOKO/0x00000002
15:24:43.238  INFO     RX        /ERR/LOKO/0x00000002
15:24:43.271  INFO     RX        /ERR/LOKO/0x00000002
15:24:43.271  INFO     RX        /ERR/LOKO/0x00000002
15:24:43.271  INFO     RX        /ERR/LOKO/0x00000002
15:24:43.306  INFO     RX        /ERR/LOKO/0x00000002
15:24:43.306  INFO     RX        /ERR/LOKO/0x00000002
15:24:43.306  INFO     RX        /ERR/LOKO/0x00000002
15:24:43.334  INFO     RX        /ERR/LOKO/0x00000002
15:24:43.334  INFO     RX        /ERR/LOKO/0x00000002
15:24:43.334  INFO     RX        /ERR/LOKO/0x00000002
15:24:43.370  INFO     RX        /ERR/LOKO/0x00000002
15:24:43.370  INFO     RX        /ERR/LOKO/0x00000002
15:24:43.370  INFO     RX        /ERR/LOKO/0x00000002
15:24:43.399  INFO     RX        /ERR/LOKO/0x00000002
15:24:43.399  INFO     RX        /ERR/LOKO/0x00000002
15:24:43.435  INFO     RX        /ERR/LOKO/0x00000002
15:24:43.435  INFO     RX        /ERR/LOKO/0x00000002
15:24:43.435  INFO     RX        /ERR/LOKO/0x00000002
15:24:43.462  INFO     RX        /ERR/LOKO/0x00000002
15:24:43.462  INFO     RX        /ERR/LOKO/0x00000002
15:24:43.462  INFO     RX        /ERR/LOKO/0x00000002
15:24:43.494  INFO     RX        /ERR/LOKO/0x00000002
15:24:43.494  INFO     RX        /ERR/LOKO/0x00000002
15:24:43.494  INFO     RX        /ERR/LOKO/0x00000002
15:24:43.530  INFO     RX        /ERR/LOKO/0x00000002
15:24:43.530  INFO     RX        /ERR/LOKO/0x00000002
15:24:43.530  INFO     RX        /ERR/LOKO/0x00000002
15:24:43.559  INFO     RX        /ERR/LOKO/0x00000002
15:24:43.559  INFO     RX        /ERR/LOKO/0x00000002
15:24:43.587  DEBUG    TX /CONTROLL/0,0,0,0,0,0,0,0,0
15:24:43.590  INFO     RX        /ERR/LOKO/0x00000002
15:24:43.590  INFO     RX        /ERR/LOKO/0x00000002
15:24:43.591  INFO     RX        /ERR/LOKO/0x00000002
15:24:43.623  INFO     RX        /ERR/LOKO/0x00000002
15:24:43.623  INFO     RX        /ERR/LOKO/0x00000002
15:24:43.623  INFO     RX        /ERR/LOKO/0x00000002
15:24:43.657  INFO     RX        /ERR/LOKO/0x00000002
15:24:43.657  INFO     RX        /ERR/LOKO/0x00000002
15:24:43.657  INFO     RX        /ERR/LOKO/0x00000002
15:24:43.686  INFO     RX        /ERR/LOKO/0x00000002
15:24:43.686  INFO     RX        /ERR/LOKO/0x00000002
15:24:43.722  INFO     RX        /ERR/LOKO/0x00000002
15:24:43.722  INFO     RX        /ERR/LOKO/0x00000002
15:24:43.722  INFO     RX        /ERR/LOKO/0x00000002
15:24:43.751  INFO     RX        /ERR/LOKO/0x00000002
15:24:43.751  INFO     RX        /ERR/LOKO/0x00000002
15:24:43.751  INFO     RX        /ERR/LOKO/0x00000002
15:24:43.787  INFO     RX        /ERR/LOKO/0x00000002
15:24:43.787  INFO     RX        /ERR/LOKO/0x00000002
15:24:43.787  INFO     RX        /ERR/LOKO/0x00000002
15:24:43.816  INFO     RX        /ERR/LOKO/0x00000002
15:24:43.817  INFO     RX        /ERR/LOKO/0x00000002
15:24:43.852  INFO     RX        /ERR/LOKO/0x00000002
15:24:43.852  INFO     RX        /ERR/LOKO/0x00000002
15:24:43.852  INFO     RX        /ERR/LOKO/0x00000002
15:24:43.881  INFO     RX        /ERR/LOKO/0x00000002
15:24:43.881  INFO     RX        /ERR/LOKO/0x00000002
15:24:43.881  INFO     RX        /ERR/LOKO/0x00000002
15:24:43.918  INFO     RX        /ERR/LOKO/0x00000002
15:24:43.918  INFO     RX        /ERR/LOKO/0x00000002
15:24:43.918  INFO     RX        /ERR/LOKO/0x00000002
15:24:43.946  INFO     RX        /ERR/LOKO/0x00000002
15:24:43.946  INFO     RX        /ERR/LOKO/0x00000002
15:24:43.978  INFO     RX        /ERR/LOKO/0x00000002
15:24:43.979  INFO     RX        /ERR/LOKO/0x00000002
15:24:43.979  INFO     RX        /ERR/LOKO/0x00000002
15:24:44.014  INFO     RX        /ERR/LOKO/0x00000002
15:24:44.014  INFO     RX        /ERR/LOKO/0x00000002
15:24:44.014  INFO     RX        /ERR/LOKO/0x00000002
15:24:44.050  INFO     RX        /ERR/LOKO/0x00000002
15:24:44.050  INFO     RX        /ERR/LOKO/0x00000002
15:24:44.050  INFO     RX        /ERR/LOKO/0x00000002
15:24:44.076  INFO     RX        /ERR/LOKO/0x00000002
15:24:44.076  INFO     RX        /ERR/LOKO/0x00000002
15:24:44.077  INFO     RX        /ERR/LOKO/0x00000002
15:24:44.111  INFO     RX        /ERR/LOKO/0x00000002
15:24:45.202  DEBUG    TX /CONTROLL/0,0,0,0,0,0,0,0,0
15:24:46.813  DEBUG    TX /CONTROLL/0,0,0,0,0,0,0,0,0
15:24:48.424  DEBUG    TX /CONTROLL/0,0,0,0,0,0,0,0,0
15:24:50.038  DEBUG    TX /CONTROLL/0,0,0,0,0,0,0,0,0
15:24:51.649  DEBUG    TX /CONTROLL/0,0,0,0,0,0,0,0,0
15:24:53.270  DEBUG    TX /CONTROLL/0,0,0,0,0,0,0,0,0
15:24:54.885  DEBUG    TX /CONTROLL/0,0,0,0,0,0,0,0,0
15:24:56.492  DEBUG    TX /CONTROLL/0,0,0,0,0,0,0,0,0
15:24:58.099  DEBUG    TX /CONTROLL/0,0,0,0,0,0,0,0,0
