09:28:51.807  INFO     Starting GStreamer camera pipeline...
09:28:51.910  INFO     Camera stream connected
09:28:51.922  INFO     Connecting to 100.122.9.49:5000...
09:28:52.779  DEBUG    TX /CONTROLL/0,0,0,0,0,0,0,0,0
09:28:53.580  DEBUG    TX /CONTROLL/0,0,0,0,0,0,0,0,0
09:28:54.383  DEBUG    TX /CONTROLL/0,0,0,0,0,0,0,0,0
09:28:55.190  DEBUG    TX /CONTROLL/0,0,0,0,0,0,0,0,0
09:28:55.994  DEBUG    TX /CONTROLL/0,0,0,0,0,0,0,0,0
09:28:56.798  DEBUG    TX /CONTROLL/0,0,0,0,0,0,0,0,0
09:28:57.603  DEBUG    TX /CONTROLL/0,0,0,0,0,0,0,0,0
09:28:58.406  DEBUG    TX /CONTROLL/0,0,0,0,0,0,0,0,0
09:28:59.211  DEBUG    TX /CONTROLL/0,0,0,0,0,0,0,0,0
09:29:00.013  DEBUG    TX /CONTROLL/0,0,0,0,0,0,0,0,0
09:29:00.821  DEBUG    TX /CONTROLL/0,0,0,0,0,0,0,0,0
09:29:01.625  DEBUG    TX /CONTROLL/0,0,0,0,0,0,0,0,0
09:29:02.430  DEBUG    TX /CONTROLL/0,0,0,0,0,0,0,0,0
09:29:03.235  DEBUG    TX /CONTROLL/0,0,0,0,0,0,0,0,0
09:29:04.044  DEBUG    TX /CONTROLL/0,0,0,0,0,0,0,0,0
09:29:04.850  DEBUG    TX /CONTROLL/0,0,0,0,0,0,0,0,0
09:29:05.654  DEBUG    TX /CONTROLL/0,0,0,0,0,0,0,0,0
09:29:06.463  DEBUG    TX /CONTROLL/0,0,0,0,0,0,0,0,0
09:29:07.273  DEBUG    TX /CONTROLL/0,0,0,0,0,0,0,0,0
09:29:08.076  DEBUG    TX /CONTROLL/0,0,0,0,0,0,0,0,0
09:29:08.879  DEBUG    TX /CONTROLL/0,0,0,0,0,0,0,0,0
09:29:09.683  DEBUG    TX /CONTROLL/0,0,0,0,0,0,0,0,0
09:29:10.486  DEBUG    TX /CONTROLL/0,0,0,0,0,0,0,0,0
09:29:11.288  DEBUG    TX /CONTROLL/0,0,0,0,0,0,0,0,0
09:29:12.090  DEBUG    TX /CONTROLL/0,0,0,0,0,0,0,0,0
09:29:12.895  DEBUG    TX /CONTROLL/0,0,0,0,0,0,0,0,0
09:29:13.699  DEBUG    TX /CONTROLL/0,0,0,0,0,0,0,0,0
09:29:14.505  DEBUG    TX /CONTROLL/0,0,0,0,0,0,0,0,0
09:29:15.311  DEBUG    TX /CONTROLL/0,0,0,0,0,0,0,0,0
09:29:16.117  DEBUG    TX /CONTROLL/0,0,0,0,0,0,0,0,0
09:29:16.922  DEBUG    TX /CONTROLL/0,0,0,0,0,0,0,0,0
09:29:17.728  DEBUG    TX /CONTROLL/0,0,0,0,0,0,0,0,0
09:29:18.534  DEBUG    TX /CONTROLL/0,0,0,0,0,0,0,0,0
09:29:19.340  DEBUG    TX /CONTROLL/0,0,0,0,0,0,0,0,0
09:29:20.141  DEBUG    TX /CONTROLL/0,0,0,0,0,0,0,0,0
09:29:20.277  INFO     Network connection established
09:29:20.277  INFO     RX        ainboard ===
09:29:20.296  INFO     RX        PCA9685 Right: OK
09:29:20.543  INFO     RX        LSM6DSO IMU:   OK
09:29:20.543  INFO     RX        VL53L1X ToF:   OK
09:29:20.947  DEBUG    TX /CONTROLL/0,0,0,0,0,0,0,0,0
09:29:21.751  DEBUG    TX /CONTROLL/0,0,0,0,0,0,0,0,0
09:29:22.553  DEBUG    TX /CONTROLL/0,0,0,0,0,0,0,0,0
09:29:22.643  INFO     RX        /BATTERY/VDDA/12876 mV
09:29:22.643  INFO     RX        === Hexapod Mainboard ===
09:29:22.643  INFO     RX        PCA9685 Right: OK
09:29:22.643  INFO     RX        PCA9685 Left:  OK
09:29:22.643  INFO     RX        LSM6DSO IMU:   OK
09:29:22.643  INFO     RX        VL53L1X ToF:   OK
09:29:22.643  INFO     RX        Locomotion:    INIT (UN_ARMED, printf mode)
09:29:22.643  INFO     RX        Press L1 to arm, R1 to disarm at any time.
09:29:22.643  INFO     RX        Ready.
09:29:23.364  DEBUG    TX /CONTROLL/0,0,0,0,0,0,0,0,0
09:29:24.168  DEBUG    TX /CONTROLL/0,0,0,0,0,0,0,0,0
09:29:24.976  DEBUG    TX /CONTROLL/0,0,0,0,0,0,0,0,0
09:29:25.671  INFO     RX        /BATTERY/VDDA/12863 mV
09:29:25.671  INFO     RX        === Hexapod Mainboard ===
09:29:25.793  DEBUG    TX /CONTROLL/0,0,0,0,0,0,0,0,0
09:29:25.943  INFO     RX        PCA9685 Right: OK
09:29:25.943  INFO     RX        PCA9685 Left:  OK
09:29:25.943  INFO     RX        LSM6DSO IMU:   OK
09:29:25.943  INFO     RX        VL53L1X ToF:   OK
09:29:25.943  INFO     RX        Locomotion:    INIT (UN_ARMED, printf mode)
09:29:25.943  INFO     RX        Press L1 to arm, R1 to disarm at any time.
09:29:25.943  INFO     RX        Ready.
09:29:26.598  DEBUG    TX /CONTROLL/0,0,0,0,0,0,0,0,0
09:29:27.405  DEBUG    TX /CONTROLL/0,0,0,0,0,0,0,0,0
09:29:28.207  DEBUG    TX /CONTROLL/0,0,0,0,0,0,0,0,0
09:29:29.010  DEBUG    TX /CONTROLL/0,0,0,0,0,0,0,0,0
09:29:29.810  DEBUG    TX /CONTROLL/0,0,0,0,0,0,0,0,0
09:29:30.616  DEBUG    TX /CONTROLL/0,0,0,0,0,0,0,0,0
09:29:31.418  DEBUG    TX /CONTROLL/0,0,0,0,0,0,0,0,0
09:29:32.222  DEBUG    TX /CONTROLL/0,0,0,0,0,0,0,0,0
09:29:32.847  INFO     RX        /BATTERY/VDDA/12859 mV
09:29:32.945  INFO     RX        === Hexapod Mainboard ===
09:29:32.945  INFO     RX        PCA9685 Right: OK
09:29:32.945  INFO     RX        PCA9685 Left:  OK
09:29:32.945  INFO     RX        LSM6DSO IMU:   OK
09:29:33.022  DEBUG    TX /CONTROLL/0,0,0,0,0,0,0,0,0
09:29:33.194  INFO     RX        VL53L1X ToF:   OK
09:29:33.194  INFO     RX        Locomotion:    INIT (UN_ARMED, printf mode)
09:29:33.194  INFO     RX        Press L1 to arm, R1 to disarm at any time.
09:29:33.194  INFO     RX        Ready.
09:29:33.825  DEBUG    TX /CONTROLL/0,0,0,0,0,0,0,0,0
09:29:34.626  DEBUG    TX /CONTROLL/0,0,0,0,0,0,0,0,0
09:29:35.431  DEBUG    TX /CONTROLL/0,0,0,0,0,0,0,0,0
09:29:36.235  DEBUG    TX /CONTROLL/0,0,0,0,0,0,0,0,0
09:29:37.036  DEBUG    TX /CONTROLL/0,0,0,0,0,0,0,0,0
09:29:37.839  DEBUG    TX /CONTROLL/0,0,0,0,0,0,0,0,0
09:29:38.640  DEBUG    TX /CONTROLL/0,0,0,0,0,0,0,0,0
09:29:39.449  DEBUG    TX /CONTROLL/0,0,0,0,0,0,0,0,0
09:29:40.255  DEBUG    TX /CONTROLL/0,0,0,0,0,0,0,0,0
09:29:41.056  DEBUG    TX /CONTROLL/0,0,0,0,0,0,0,0,0
09:29:41.864  DEBUG    TX /CONTROLL/0,0,0,0,0,0,0,0,0
09:29:42.677  DEBUG    TX /CONTROLL/0,0,0,0,0,0,0,0,0
09:29:43.484  DEBUG    TX /CONTROLL/0,0,0,0,0,0,0,0,0
09:29:44.294  DEBUG    TX /CONTROLL/0,0,0,0,0,0,0,0,0
09:29:45.102  DEBUG    TX /CONTROLL/0,0,0,0,0,0,0,0,0
09:29:45.910  DEBUG    TX /CONTROLL/0,0,0,0,0,0,0,0,0
09:29:46.710  DEBUG    TX /CONTROLL/0,0,0,0,0,0,0,0,0
09:29:47.517  DEBUG    TX /CONTROLL/0,0,0,0,0,0,0,0,0
09:29:48.324  DEBUG    TX /CONTROLL/0,0,0,0,0,0,0,0,0
09:29:49.124  DEBUG    TX /CONTROLL/0,0,0,0,0,0,0,0,0
09:29:49.929  DEBUG    TX /CONTROLL/0,0,0,0,0,0,0,0,0
09:29:50.730  DEBUG    TX /CONTROLL/0,0,0,0,0,0,0,0,0
09:29:51.530  DEBUG    TX /CONTROLL/0,0,0,0,0,0,0,0,0
09:29:52.330  DEBUG    TX /CONTROLL/0,0,0,0,0,0,0,0,0
09:29:53.131  DEBUG    TX /CONTROLL/0,0,0,0,0,0,0,0,0
09:29:53.934  DEBUG    TX /CONTROLL/0,0,0,0,0,0,0,0,0
09:29:54.736  DEBUG    TX /CONTROLL/0,0,0,0,0,0,0,0,0
09:29:55.544  DEBUG    TX /CONTROLL/0,0,0,0,0,0,0,0,0
09:29:56.347  DEBUG    TX /CONTROLL/0,0,0,0,0,0,0,0,0
09:29:57.149  DEBUG    TX /CONTROLL/0,0,0,0,0,0,0,0,0
09:29:57.952  DEBUG    TX /CONTROLL/0,0,0,0,0,0,0,0,0
09:29:58.754  DEBUG    TX /CONTROLL/0,0,0,0,0,0,0,0,0
09:29:59.558  DEBUG    TX /CONTROLL/0,0,0,0,0,0,0,0,0
09:30:00.361  DEBUG    TX /CONTROLL/0,0,0,0,0,0,0,0,0
09:30:01.170  DEBUG    TX /CONTROLL/0,0,0,0,0,0,0,0,0
09:30:01.974  DEBUG    TX /CONTROLL/0,0,0,0,0,0,0,0,0
09:30:02.779  DEBUG    TX /CONTROLL/0,0,0,0,0,0,0,0,0
09:30:03.583  DEBUG    TX /CONTROLL/0,0,0,0,0,0,0,0,0
09:30:04.386  DEBUG    TX /CONTROLL/0,0,0,0,0,0,0,0,0
09:30:05.194  DEBUG    TX /CONTROLL/0,0,0,0,0,0,0,0,0
09:30:05.996  DEBUG    TX /CONTROLL/0,0,0,0,0,0,0,0,0
09:30:06.799  DEBUG    TX /CONTROLL/0,0,0,0,0,0,0,0,0
09:30:07.599  DEBUG    TX /CONTROLL/0,0,0,0,0,0,0,0,0
09:30:08.400  DEBUG    TX /CONTROLL/0,0,0,0,0,0,0,0,0
09:30:09.204  DEBUG    TX /CONTROLL/0,0,0,0,0,0,0,0,0
09:30:10.007  DEBUG    TX /CONTROLL/0,0,0,0,0,0,0,0,0
09:30:10.809  DEBUG    TX /CONTROLL/0,0,0,0,0,0,0,0,0
09:30:11.613  DEBUG    TX /CONTROLL/0,0,0,0,0,0,0,0,0
09:30:12.415  DEBUG    TX /CONTROLL/0,0,0,0,0,0,0,0,0
09:30:13.221  DEBUG    TX /CONTROLL/0,0,0,0,0,0,0,0,0
09:30:14.025  DEBUG    TX /CONTROLL/0,0,0,0,0,0,0,0,0
09:30:14.830  DEBUG    TX /CONTROLL/0,0,0,0,0,0,0,0,0
09:30:15.633  DEBUG    TX /CONTROLL/0,0,0,0,0,0,0,0,0
09:30:16.438  DEBUG    TX /CONTROLL/0,0,0,0,0,0,0,0,0
09:30:17.242  DEBUG    TX /CONTROLL/0,0,0,0,0,0,0,0,0
09:30:18.051  DEBUG    TX /CONTROLL/0,0,0,0,0,0,0,0,0
09:30:18.853  DEBUG    TX /CONTROLL/0,0,0,0,0,0,0,0,0
09:30:19.656  DEBUG    TX /CONTROLL/0,0,0,0,0,0,0,0,0
09:30:20.464  DEBUG    TX /CONTROLL/0,0,0,0,0,0,0,0,0
09:30:21.272  DEBUG    TX /CONTROLL/0,0,0,0,0,0,0,0,0
09:30:22.076  DEBUG    TX /CONTROLL/0,0,0,0,0,0,0,0,0
09:30:22.880  DEBUG    TX /CONTROLL/0,0,0,0,0,0,0,0,0
09:30:23.683  DEBUG    TX /CONTROLL/0,0,0,0,0,0,0,0,0
09:30:24.483  DEBUG    TX /CONTROLL/0,0,0,0,0,0,0,0,0
09:30:25.287  DEBUG    TX /CONTROLL/0,0,0,0,0,0,0,0,0
09:30:26.090  DEBUG    TX /CONTROLL/0,0,0,0,0,0,0,0,0
09:30:26.891  DEBUG    TX /CONTROLL/0,0,0,0,0,0,0,0,0
09:30:27.695  DEBUG    TX /CONTROLL/0,0,0,0,0,0,0,0,0
09:30:28.499  DEBUG    TX /CONTROLL/0,0,0,0,0,0,0,0,0
09:30:29.302  DEBUG    TX /CONTROLL/0,0,0,0,0,0,0,0,0
09:30:30.109  DEBUG    TX /CONTROLL/0,0,0,0,0,0,0,0,0
09:30:30.910  DEBUG    TX /CONTROLL/0,0,0,0,0,0,0,0,0
09:30:31.714  DEBUG    TX /CONTROLL/0,0,0,0,0,0,0,0,0
09:30:32.517  DEBUG    TX /CONTROLL/0,0,0,0,0,0,0,0,0
09:30:33.321  DEBUG    TX /CONTROLL/0,0,0,0,0,0,0,0,0
09:30:34.130  DEBUG    TX /CONTROLL/0,0,0,0,0,0,0,0,0
09:30:34.935  DEBUG    TX /CONTROLL/0,0,0,0,0,0,0,0,0
09:30:35.740  DEBUG    TX /CONTROLL/0,0,0,0,0,0,0,0,0
09:30:36.542  DEBUG    TX /CONTROLL/0,0,0,0,0,0,0,0,0
09:30:37.350  DEBUG    TX /CONTROLL/0,0,0,0,0,0,0,0,0
09:30:38.154  DEBUG    TX /CONTROLL/0,0,0,0,0,0,0,0,0
09:30:38.959  DEBUG    TX /CONTROLL/0,0,0,0,0,0,0,0,0
09:30:39.763  DEBUG    TX /CONTROLL/0,0,0,0,0,0,0,0,0
09:30:40.568  DEBUG    TX /CONTROLL/0,0,0,0,0,0,0,0,0
09:30:41.372  DEBUG    TX /CONTROLL/0,0,0,0,0,0,0,0,0
09:30:42.180  DEBUG    TX /CONTROLL/0,0,0,0,0,0,0,0,0
09:30:42.981  DEBUG    TX /CONTROLL/0,0,0,0,0,0,0,0,0
09:30:43.784  DEBUG    TX /CONTROLL/0,0,0,0,0,0,0,0,0
09:30:44.585  DEBUG    TX /CONTROLL/0,0,0,0,0,0,0,0,0
09:30:45.393  DEBUG    TX /CONTROLL/0,0,0,0,0,0,0,0,0
09:30:46.195  DEBUG    TX /CONTROLL/0,0,0,0,0,0,0,0,0
09:30:46.996  DEBUG    TX /CONTROLL/0,0,0,0,0,0,0,0,0
09:30:47.800  DEBUG    TX /CONTROLL/0,0,0,0,0,0,0,0,0
09:30:48.601  DEBUG    TX /CONTROLL/0,0,0,0,0,0,0,0,0
09:30:49.405  DEBUG    TX /CONTROLL/0,0,0,0,0,0,0,0,0
09:30:50.208  DEBUG    TX /CONTROLL/0,0,0,0,0,0,0,0,0
09:30:51.015  DEBUG    TX /CONTROLL/0,0,0,0,0,0,0,0,0
09:30:51.819  DEBUG    TX /CONTROLL/0,0,0,0,0,0,0,0,0
09:30:52.630  DEBUG    TX /CONTROLL/0,0,0,0,0,0,0,0,0
09:30:53.434  DEBUG    TX /CONTROLL/0,0,0,0,0,0,0,0,0
09:30:54.237  DEBUG    TX /CONTROLL/0,0,0,0,0,0,0,0,0
09:30:55.043  DEBUG    TX /CONTROLL/0,0,0,0,0,0,0,0,0
09:30:55.849  DEBUG    TX /CONTROLL/0,0,0,0,0,0,0,0,0
09:30:56.656  DEBUG    TX /CONTROLL/0,0,0,0,0,0,0,0,0
09:30:57.462  DEBUG    TX /CONTROLL/0,0,0,0,0,0,0,0,0
09:30:58.266  DEBUG    TX /CONTROLL/0,0,0,0,0,0,0,0,0
09:30:59.069  DEBUG    TX /CONTROLL/0,0,0,0,0,0,0,0,0
09:30:59.870  DEBUG    TX /CONTROLL/0,0,0,0,0,0,0,0,0
09:31:00.679  DEBUG    TX /CONTROLL/0,0,0,0,0,0,0,0,0
09:31:01.487  DEBUG    TX /CONTROLL/0,0,0,0,0,0,0,0,0
09:31:02.287  DEBUG    TX /CONTROLL/0,0,0,0,0,0,0,0,0
09:31:03.090  DEBUG    TX /CONTROLL/0,0,0,0,0,0,0,0,0
09:31:03.890  DEBUG    TX /CONTROLL/0,0,0,0,0,0,0,0,0
09:31:04.691  DEBUG    TX /CONTROLL/0,0,0,0,0,0,0,0,0
09:31:05.492  DEBUG    TX /CONTROLL/0,0,0,0,0,0,0,0,0
09:31:06.293  DEBUG    TX /CONTROLL/0,0,0,0,0,0,0,0,0
09:31:07.098  DEBUG    TX /CONTROLL/0,0,0,0,0,0,0,0,0
