13:09:08.904  INFO     Connecting to 100.122.9.49:5000...
13:09:10.503  DEBUG    TX /CONTROLL/0,0,0,0,0,0,0,0,0
13:09:12.116  DEBUG    TX /CONTROLL/0,0,0,0,0,0,0,0,0
13:09:13.725  DEBUG    TX /CONTROLL/0,0,0,0,0,0,0,0,0
13:09:15.333  DEBUG    TX /CONTROLL/0,0,0,0,0,0,0,0,0
13:09:16.950  DEBUG    TX /CONTROLL/0,0,0,0,0,0,0,0,0
13:09:18.555  DEBUG    TX /CONTROLL/0,0,0,0,0,0,0,0,32
13:09:20.167  DEBUG    TX /CONTROLL/0,0,0,0,0,0,0,0,0
13:09:21.780  DEBUG    TX /CONTROLL/0,0,0,0,0,0,0,0,0
13:09:23.397  DEBUG    TX /CONTROLL/0,0,0,0,0,0,0,0,0
13:09:25.005  DEBUG    TX /CONTROLL/0,0,0,0,0,0,0,0,0
13:09:26.616  DEBUG    TX /CONTROLL/0,0,0,0,0,0,0,0,0
13:09:28.224  DEBUG    TX /CONTROLL/0,0,0,0,0,0,0,0,0
13:09:29.836  DEBUG    TX /CONTROLL/0,0,0,0,0,0,0,0,0
13:09:31.444  DEBUG    TX /CONTROLL/0,0,-21,-57,0,0,0,0,0
13:09:33.051  DEBUG    TX /CONTROLL/45,-95,0,0,0,0,0,0,0
13:09:34.657  DEBUG    TX /CONTROLL/0,0,0,0,0,0,0,0,0
13:09:36.262  DEBUG    TX /CONTROLL/0,0,0,0,0,0,0,0,0
13:09:37.874  DEBUG    TX /CONTROLL/0,0,0,0,0,0,0,0,0
13:09:39.481  DEBUG    TX /CONTROLL/0,0,0,0,0,0,0,0,0
13:09:41.090  DEBUG    TX /CONTROLL/0,0,0,0,0,0,0,0,0
13:09:42.697  DEBUG    TX /CONTROLL/0,0,0,0,0,0,0,0,0
13:09:44.306  DEBUG    TX /CONTROLL/0,0,0,0,0,0,0,0,0
13:09:45.918  DEBUG    TX /CONTROLL/0,0,0,0,0,0,0,0,0
13:09:47.524  DEBUG    TX /CONTROLL/0,0,0,0,0,0,0,0,0
13:09:49.138  DEBUG    TX /CONTROLL/0,0,0,0,0,0,0,0,0
13:09:50.744  DEBUG    TX /CONTROLL/0,0,0,0,0,0,0,0,0
13:09:52.353  DEBUG    TX /CONTROLL/0,0,0,0,0,0,0,0,0
13:09:53.960  DEBUG    TX /CONTROLL/0,0,0,0,0,0,0,0,0
13:09:55.570  DEBUG    TX /CONTROLL/0,0,0,0,0,0,0,0,0
13:09:57.175  DEBUG    TX /CONTROLL/0,0,0,0,0,0,0,0,0
13:09:58.785  DEBUG    TX /CONTROLL/0,0,0,0,0,0,0,0,0
13:10:00.391  DEBUG    TX /CONTROLL/0,0,0,0,0,0,0,0,0
13:10:02.004  DEBUG    TX /CONTROLL/0,0,0,0,0,0,0,0,4
13:10:03.614  DEBUG    TX /CONTROLL/0,0,0,0,0,0,0,0,0
13:10:05.222  DEBUG    TX /CONTROLL/0,0,0,0,0,0,0,0,0
13:10:06.837  DEBUG    TX /CONTROLL/0,0,0,0,0,0,0,0,0
13:10:08.446  DEBUG    TX /CONTROLL/0,0,0,0,0,0,0,0,0
13:10:10.009  INFO     Network connection established
13:10:10.013  INFO     RX        /BATTERY/VDDA/12870 mV
13:10:10.013  INFO     RX        === Hexapod Mainboard ===
13:10:10.024  INFO     RX        PCA9685 Right: OK
13:10:10.051  DEBUG    TX /CONTROLL/0,0,0,0,0,0,0,0,0
13:10:10.054  INFO     RX        PCA9685 Left:  OK
13:10:10.090  INFO     RX        LSM6DSO IMU:   OK
13:10:10.236  INFO     RX        VL53L1X ToF:   OK
13:10:11.663  DEBUG    TX /CONTROLL/0,0,0,0,0,0,0,0,0
13:10:13.277  DEBUG    TX /CONTROLL/0,0,0,0,0,0,0,0,0
13:10:14.887  DEBUG    TX /CONTROLL/0,0,0,0,0,0,0,0,4
13:10:16.495  DEBUG    TX /CONTROLL/0,0,0,0,0,0,0,0,0
13:10:18.102  DEBUG    TX /CONTROLL/0,0,0,0,0,0,0,0,0
13:10:19.486  INFO     RX        Locomotion:    INIT /BATTERY/VDDA/12861 mV
13:10:19.487  INFO     RX        === Hexapod Mainboard ===
13:10:19.708  INFO     RX        PCA9685 Right: OK
13:10:19.708  INFO     RX        PCA9685 Left:  OK
13:10:19.708  INFO     RX        LSM6DSO IMU:   OK
13:10:19.716  DEBUG    TX /CONTROLL/0,0,0,0,0,0,0,0,0
13:10:20.025  INFO     RX        VL53L1X ToF:   OK
13:10:20.026  INFO     RX        Locomotion:    INIT (UN_ARMED, printf mode)
13:10:21.324  DEBUG    TX /CONTROLL/0,0,0,0,0,0,0,0,0
13:10:22.939  DEBUG    TX /CONTROLL/0,0,0,0,0,0,0,0,0
13:10:24.552  DEBUG    TX /CONTROLL/0,0,0,0,0,0,0,0,0
13:10:26.164  DEBUG    TX /CONTROLL/0,0,0,0,0,0,0,0,0
13:10:26.883  INFO     RX        Press L1/BATTERY/VDDA/12865 mV
13:10:26.883  INFO     RX        === Hexapod Mainboard ===
13:10:26.907  INFO     RX        PCA9685 Right: OK
13:10:26.942  INFO     RX        PCA9685 Left:  OK
13:10:26.942  INFO     RX        LSM6DSO IMU:   OK
13:10:27.114  INFO     RX        VL53L1X ToF:   OK
13:10:27.142  INFO     RX        Locomotion:    INIT (UN_ARMED, printf mode)
13:10:27.142  INFO     RX        Press L1 to arm, R1 to disarm at any time.
13:10:27.142  INFO     RX        Ready.
13:10:27.772  DEBUG    TX /CONTROLL/0,0,0,0,0,0,0,0,0
13:10:29.379  DEBUG    TX /CONTROLL/0,0,0,0,0,0,0,0,0
13:10:30.985  DEBUG    TX /CONTROLL/0,0,0,0,0,0,0,0,0
13:10:32.594  DEBUG    TX /CONTROLL/0,0,0,0,0,0,0,0,4
13:10:34.201  DEBUG    TX /CONTROLL/0,0,-26,-100,0,0,0,0,0
13:10:35.813  DEBUG    TX /CONTROLL/0,0,0,0,0,0,0,0,0
13:10:37.419  DEBUG    TX /CONTROLL/0,0,0,0,0,0,0,0,0
13:10:39.031  DEBUG    TX /CONTROLL/0,0,0,0,0,0,0,0,0
13:10:40.642  DEBUG    TX /CONTROLL/0,0,0,0,0,0,0,0,0
13:10:42.250  DEBUG    TX /CONTROLL/0,0,0,0,0,0,1,0,0
13:10:43.863  DEBUG    TX /CONTROLL/0,0,0,0,0,0,0,0,4
13:10:45.471  DEBUG    TX /CONTROLL/0,0,0,0,0,0,0,0,4
13:10:47.078  DEBUG    TX /CONTROLL/0,0,0,0,0,0,0,0,0
13:10:48.689  DEBUG    TX /CONTROLL/0,0,0,0,0,0,0,0,0
13:10:50.296  DEBUG    TX /CONTROLL/0,0,0,0,0,0,0,0,0
13:10:51.905  DEBUG    TX /CONTROLL/0,0,0,0,0,0,0,0,0
13:10:53.515  DEBUG    TX /CONTROLL/0,0,0,0,0,0,0,0,0
13:10:55.124  DEBUG    TX /CONTROLL/0,0,0,0,0,0,0,0,0
13:10:56.479  INFO     RX        SERVO FR.[C: 90 F:10/BATTERY/VDDA/12859 mV
13:10:56.479  INFO     RX        === Hexapod Mainboard ===
13:10:56.526  INFO     RX        PCA9685 Right: OK
13:10:56.526  INFO     RX        PCA9685 Left:  OK
13:10:56.534  INFO     RX        LSM6DSO IMU:   OK
13:10:56.707  INFO     RX        VL53L1X ToF:   OK
13:10:56.733  DEBUG    TX /CONTROLL/0,0,0,0,0,0,0,0,0
13:10:56.736  INFO     RX        Locomotion:    INIT (UN_ARMED, printf mode)
13:10:56.736  INFO     RX        Press L1 to arm, R1 to disarm at any time.
13:10:56.736  INFO     RX        Ready.
13:10:58.344  DEBUG    TX /CONTROLL/0,0,0,0,0,0,0,0,0
13:10:59.953  DEBUG    TX /CONTROLL/0,0,0,0,0,0,0,0,0
13:11:01.559  DEBUG    TX /CONTROLL/0,0,0,0,0,0,0,0,0
13:11:03.171  DEBUG    TX /CONTROLL/0,0,0,0,0,0,0,0,4
13:11:04.299  INFO     RX        SERVO FR.[C: 90 F:106 T:107] MR.[C: 90 F:106 T:107/BATTERY/VDDA/12863 mV
13:11:04.299  INFO     RX        === Hexapod Mainboard ===
13:11:04.299  INFO     RX        PCA9685 Right: OK
13:11:04.335  INFO     RX        PCA9685 Left:  OK
13:11:04.335  INFO     RX        LSM6DSO IMU:   OK
13:11:04.502  INFO     RX        VL53L1X ToF:   OK
13:11:04.530  INFO     RX        Locomotion:    INIT (UN_ARMED, printf mode)
13:11:04.566  INFO     RX        Press L1 to arm, R1 to disarm at any time.
13:11:04.566  INFO     RX        Ready.
13:11:04.781  DEBUG    TX /CONTROLL/0,0,0,0,0,0,0,0,0
13:11:06.390  DEBUG    TX /CONTROLL/0,0,0,0,0,0,0,0,0
13:11:08.001  DEBUG    TX /CONTROLL/0,0,0,0,0,0,0,0,0
13:11:09.609  DEBUG    TX /CONTROLL/0,0,0,0,0,0,0,0,0
13:11:11.219  DEBUG    TX /CONTROLL/0,0,0,0,0,0,0,0,0
13:11:12.827  DEBUG    TX /CONTROLL/0,0,0,0,0,0,0,0,0
13:11:14.433  DEBUG    TX /CONTROLL/0,0,0,0,0,0,0,0,0
13:11:16.048  DEBUG    TX /CONTROLL/0,0,0,0,0,0,0,0,0
13:11:17.657  DEBUG    TX /CONTROLL/0,0,0,0,0,0,0,0,0
13:11:19.269  DEBUG    TX /CONTROLL/0,0,0,0,0,0,0,0,0
13:11:20.883  DEBUG    TX /CONTROLL/0,0,0,0,0,0,0,0,0
13:11:22.498  DEBUG    TX /CONTROLL/0,0,0,0,0,0,0,0,0
13:11:24.108  DEBUG    TX /CONTROLL/0,0,0,0,0,0,0,0,0
13:11:25.717  DEBUG    TX /CONTROLL/0,0,0,0,0,0,0,0,0
13:11:27.328  DEBUG    TX /CONTROLL/0,0,0,0,0,0,0,0,0
13:11:28.942  DEBUG    TX /CONTROLL/0,0,0,0,0,0,0,0,0
13:11:30.550  DEBUG    TX /CONTROLL/0,0,0,0,0,0,0,0,0
13:11:32.161  DEBUG    TX /CONTROLL/0,0,0,0,0,0,0,0,0
13:11:33.769  DEBUG    TX /CONTROLL/0,0,0,0,0,0,0,0,0
13:11:35.374  DEBUG    TX /CONTROLL/0,0,0,0,0,0,0,0,0
13:11:36.982  DEBUG    TX /CONTROLL/0,0,0,0,0,0,0,0,0
13:11:38.599  DEBUG    TX /CONTROLL/0,0,0,0,0,0,0,0,0
13:11:40.210  DEBUG    TX /CONTROLL/0,0,0,0,0,0,0,0,0
13:11:41.818  DEBUG    TX /CONTROLL/0,0,0,0,0,0,0,0,0
13:11:43.434  DEBUG    TX /CONTROLL/0,0,0,0,0,0,0,0,0
13:11:45.042  DEBUG    TX /CONTROLL/0,0,0,0,0,0,0,0,0
13:11:46.655  DEBUG    TX /CONTROLL/0,0,0,0,0,0,0,0,0
13:11:48.264  DEBUG    TX /CONTROLL/0,0,0,0,0,0,0,0,0
13:11:49.877  DEBUG    TX /CONTROLL/0,0,0,0,0,0,0,0,0
13:11:51.486  DEBUG    TX /CONTROLL/0,0,0,0,0,0,0,0,0
13:11:53.095  DEBUG    TX /CONTROLL/0,0,0,0,0,0,0,0,0
13:11:54.705  DEBUG    TX /CONTROLL/0,0,0,0,0,0,0,0,0
13:11:56.313  DEBUG    TX /CONTROLL/0,0,0,0,0,0,0,0,0
13:11:57.929  DEBUG    TX /CONTROLL/0,0,0,0,0,0,0,0,0
13:11:59.541  DEBUG    TX /CONTROLL/0,0,0,0,0,0,0,0,0
13:12:01.153  DEBUG    TX /CONTROLL/0,0,0,0,0,0,0,0,0
13:12:02.770  DEBUG    TX /CONTROLL/0,0,0,0,0,0,0,0,0
13:12:04.385  DEBUG    TX /CONTROLL/0,0,0,0,0,0,0,0,0
13:12:05.995  DEBUG    TX /CONTROLL/0,0,0,0,0,0,0,0,0
13:12:07.605  DEBUG    TX /CONTROLL/0,0,0,0,0,0,0,0,0
13:12:09.218  DEBUG    TX /CONTROLL/0,0,0,0,0,0,0,0,0
13:12:10.827  DEBUG    TX /CONTROLL/0,0,0,0,0,0,0,0,0
13:12:12.436  DEBUG    TX /CONTROLL/0,0,0,0,0,0,0,0,0
13:12:14.046  DEBUG    TX /CONTROLL/0,0,0,0,0,0,0,0,0
13:12:15.656  DEBUG    TX /CONTROLL/0,0,0,0,0,0,0,0,0
13:12:17.270  DEBUG    TX /CONTROLL/0,0,0,0,0,0,0,0,0
13:12:18.877  DEBUG    TX /CONTROLL/0,0,0,0,0,0,0,0,0
13:12:20.487  DEBUG    TX /CONTROLL/0,0,0,0,0,0,0,0,0
13:12:22.098  DEBUG    TX /CONTROLL/0,0,0,0,0,0,0,0,0
13:12:23.707  DEBUG    TX /CONTROLL/0,0,0,0,0,0,0,0,0
13:12:25.317  DEBUG    TX /CONTROLL/0,0,0,0,0,0,0,0,0
13:12:26.925  DEBUG    TX /CONTROLL/0,0,0,0,0,0,0,0,0
13:12:28.533  DEBUG    TX /CONTROLL/0,0,0,0,0,0,0,0,0
13:12:30.147  DEBUG    TX /CONTROLL/0,0,0,0,0,0,0,0,0
13:12:31.764  DEBUG    TX /CONTROLL/0,0,0,0,0,0,0,0,0
13:12:33.377  DEBUG    TX /CONTROLL/0,0,0,0,0,0,0,0,0
13:12:34.989  DEBUG    TX /CONTROLL/0,0,0,0,0,0,0,0,0
13:12:36.598  DEBUG    TX /CONTROLL/0,0,0,0,0,0,0,0,0
13:12:38.210  DEBUG    TX /CONTROLL/0,0,0,0,0,0,0,0,0
13:12:39.820  DEBUG    TX /CONTROLL/0,0,0,0,0,0,0,0,0
13:12:41.433  DEBUG    TX /CONTROLL/0,0,0,0,0,0,0,0,0
13:12:43.041  DEBUG    TX /CONTROLL/0,0,0,0,0,0,0,0,0
13:12:44.653  DEBUG    TX /CONTROLL/0,0,0,0,0,0,0,0,0
13:12:46.265  DEBUG    TX /CONTROLL/0,0,0,0,0,0,0,0,0
13:12:47.071  INFO     RX        /BATTERY/VDDA/12861 mV
13:12:47.071  INFO     RX        === Hexapod Mainboard ===
13:12:47.071  INFO     RX        PCA9685 Right: OK
13:12:47.106  INFO     RX        PCA9685 Left:  OK
13:12:47.107  INFO     RX        LSM6DSO IMU:   OK
13:12:47.273  INFO     RX        VL53L1X ToF:   OK
13:12:47.330  INFO     RX        Locomotion:    INIT (UN_ARMED, printf mode)
13:12:47.330  INFO     RX        Press L1 to arm, R1 to disarm at any time.
13:12:47.330  INFO     RX        Ready.
13:12:47.873  DEBUG    TX /CONTROLL/0,0,0,0,0,0,0,0,0
13:12:49.485  DEBUG    TX /CONTROLL/0,0,0,0,0,0,0,0,0
13:12:51.092  DEBUG    TX /CONTROLL/0,0,0,0,0,0,0,0,0
13:12:52.701  DEBUG    TX /CONTROLL/0,0,15,0,0,0,0,0,0
13:12:54.317  DEBUG    TX /CONTROLL/22,-18,0,0,0,0,0,0,0
13:12:55.932  DEBUG    TX /CONTROLL/0,0,0,0,0,0,0,0,0
13:12:57.540  DEBUG    TX /CONTROLL/0,0,0,0,0,0,0,0,0
13:12:59.148  DEBUG    TX /CONTROLL/0,0,0,0,0,0,0,0,0
13:13:00.755  DEBUG    TX /CONTROLL/0,0,0,0,0,0,0,0,0
13:13:02.082  INFO     RX        /BATTERY/VDDA/12861 mV
13:13:02.082  INFO     RX        === Hexapod Mainboard ===
13:13:02.110  INFO     RX        PCA9685 Right: OK
13:13:02.142  INFO     RX        PCA9685 Left:  OK
13:13:02.143  INFO     RX        LSM6DSO IMU:   OK
13:13:02.310  INFO     RX        VL53L1X ToF:   OK
13:13:02.338  INFO     RX        Locomotion:    INIT (UN_ARMED, printf mode)
13:13:02.364  DEBUG    TX /CONTROLL/0,0,0,0,0,0,0,0,0
13:13:02.367  INFO     RX        Press L1 to arm, R1 to disarm at any time.
13:13:02.368  INFO     RX        Ready.
13:13:03.973  DEBUG    TX /CONTROLL/0,0,0,0,0,0,0,0,0
13:13:05.584  DEBUG    TX /CONTROLL/0,0,0,0,0,0,0,0,0
13:13:07.195  DEBUG    TX /CONTROLL/0,0,0,0,0,0,0,0,4
13:13:08.804  DEBUG    TX /CONTROLL/0,0,0,-100,0,0,0,0,0
13:13:10.416  DEBUG    TX /CONTROLL/0,0,-92,-49,0,0,0,0,0
13:13:12.026  DEBUG    TX /CONTROLL/0,0,0,0,0,0,0,0,0
13:13:13.635  DEBUG    TX /CONTROLL/0,0,0,0,0,0,0,0,0
13:13:15.249  DEBUG    TX /CONTROLL/0,0,0,0,0,0,0,0,16
13:13:16.855  DEBUG    TX /CONTROLL/0,0,0,0,0,0,0,0,32
13:13:18.462  DEBUG    TX /CONTROLL/0,0,0,0,0,0,0,0,0
13:13:20.073  DEBUG    TX /CONTROLL/0,0,0,0,0,0,0,0,0
13:13:20.312  INFO     RX        /BATTERY/VDDA/12849 mV
13:13:20.312  INFO     RX        === Hexapod Mainboard ===
13:13:20.336  INFO     RX        PCA9685 Right: OK
13:13:20.371  INFO     RX        PCA9685 Left:  OK
13:13:20.371  INFO     RX        LSM6DSO IMU:   OK
13:13:20.540  INFO     RX        VL53L1X ToF:   OK
13:13:20.570  INFO     RX        Locomotion:    INIT (UN_ARMED, printf mode)
13:13:20.592  INFO     RX        Press L1 to arm, R1 to disarm at any time.
13:13:20.592  INFO     RX        Ready.
13:13:21.687  DEBUG    TX /CONTROLL/0,0,0,0,0,0,0,0,0
13:13:23.295  DEBUG    TX /CONTROLL/0,0,0,0,0,0,0,0,16
13:13:24.906  DEBUG    TX /CONTROLL/0,0,0,0,0,0,0,0,0
13:13:26.515  DEBUG    TX /CONTROLL/0,0,0,0,0,0,0,0,0
13:13:28.123  DEBUG    TX /CONTROLL/0,0,0,0,0,0,0,0,0
13:13:29.716  DEBUG    TX /CONTROLL/0,0,0,0,0,0,0,0,0
13:13:31.330  DEBUG    TX /CONTROLL/0,0,0,0,0,0,0,0,0
13:13:32.940  DEBUG    TX /CONTROLL/0,0,0,0,0,0,0,0,0
13:13:34.552  DEBUG    TX /CONTROLL/0,0,0,0,0,0,0,0,0
13:13:36.165  DEBUG    TX /CONTROLL/0,0,0,0,0,0,0,0,0
13:13:37.770  DEBUG    TX /CONTROLL/0,0,0,0,0,0,0,0,0
13:13:39.379  DEBUG    TX /CONTROLL/0,0,0,0,0,0,0,0,0
13:13:40.991  DEBUG    TX /CONTROLL/0,0,0,0,0,0,0,0,0
13:13:42.601  DEBUG    TX /CONTROLL/0,0,0,0,0,0,0,0,0
13:13:44.212  DEBUG    TX /CONTROLL/0,0,0,0,0,0,0,0,0
13:13:45.822  DEBUG    TX /CONTROLL/0,0,0,0,0,0,0,0,0
13:13:47.426  DEBUG    TX /CONTROLL/0,0,0,0,0,0,0,0,0
13:13:49.029  DEBUG    TX /CONTROLL/0,0,0,0,0,0,0,0,0
13:13:50.640  DEBUG    TX /CONTROLL/0,0,0,0,0,0,0,0,0
13:13:52.255  DEBUG    TX /CONTROLL/0,0,0,0,0,0,0,0,0
13:13:53.868  DEBUG    TX /CONTROLL/0,0,0,0,0,0,0,0,0
13:13:55.480  DEBUG    TX /CONTROLL/0,0,0,0,0,0,0,0,0
13:13:57.087  DEBUG    TX /CONTROLL/0,0,0,0,0,0,0,0,0
13:13:58.701  DEBUG    TX /CONTROLL/0,0,0,0,0,0,0,0,0
13:14:00.319  DEBUG    TX /CONTROLL/0,0,0,0,0,0,0,0,0
13:14:01.339  INFO     RX        SERVO FR.[C: 90 F:106 T:107] MR.[C: 90 F:106 T:107/BATTERY/VDDA/12861 mV
13:14:01.340  INFO     RX        === Hexapod Mainboard ===
13:14:01.358  INFO     RX        PCA9685 Right: OK
13:14:01.385  INFO     RX        PCA9685 Left:  OK
13:14:01.419  INFO     RX        LSM6DSO IMU:   OK
13:14:01.567  INFO     RX        VL53L1X ToF:   OK
13:14:01.595  INFO     RX        Locomotion:    INIT (UN_ARMED, printf mode)
13:14:01.610  INFO     RX        Press L1 to arm, R1 to disarm at any time.
13:14:01.610  INFO     RX        Ready.
13:14:01.929  DEBUG    TX /CONTROLL/0,0,0,0,0,0,0,0,0
13:14:03.541  DEBUG    TX /CONTROLL/0,0,0,0,0,0,0,0,0
13:14:05.155  DEBUG    TX /CONTROLL/0,0,0,0,0,0,0,0,0
13:14:06.761  DEBUG    TX /CONTROLL/0,0,0,0,0,0,0,0,4
13:14:08.376  DEBUG    TX /CONTROLL/21,-100,0,0,0,0,0,0,0
13:14:09.983  DEBUG    TX /CONTROLL/0,12,0,0,0,0,0,0,0
13:14:11.595  DEBUG    TX /CONTROLL/0,0,0,0,0,0,0,0,4
13:14:13.213  DEBUG    TX /CONTROLL/0,0,0,0,0,0,0,0,20
13:14:14.823  DEBUG    TX /CONTROLL/70,-71,-94,52,0,0,0,0,0
13:14:16.435  DEBUG    TX /CONTROLL/0,0,0,0,0,0,0,0,0
13:14:18.049  DEBUG    TX /CONTROLL/0,0,0,-100,0,0,0,0,0
13:14:19.655  DEBUG    TX /CONTROLL/99,-34,-62,-93,0,0,0,0,0
13:14:21.268  DEBUG    TX /CONTROLL/99,18,-100,12,0,0,0,0,0
13:14:22.879  DEBUG    TX /CONTROLL/82,74,-12,99,0,0,0,0,0
13:14:24.492  DEBUG    TX /CONTROLL/0,20,31,99,0,0,0,0,0
13:14:26.100  DEBUG    TX /CONTROLL/0,0,-81,-65,0,0,0,0,0
13:14:27.707  DEBUG    TX /CONTROLL/0,0,16,-100,0,0,0,0,0
13:14:29.318  DEBUG    TX /CONTROLL/0,0,0,-100,0,0,0,0,0
13:14:30.929  DEBUG    TX /CONTROLL/0,0,74,-89,0,0,0,0,0
13:14:32.538  DEBUG    TX /CONTROLL/95,-47,-86,-67,0,0,0,0,0
13:14:34.151  DEBUG    TX /CONTROLL/97,38,-88,-65,0,0,0,0,0
13:14:35.766  DEBUG    TX /CONTROLL/26,-100,-87,-65,0,0,0,0,0
13:14:37.381  DEBUG    TX /CONTROLL/-12,-100,-86,-67,0,0,0,0,0
13:14:38.990  DEBUG    TX /CONTROLL/0,0,-87,-67,0,0,0,0,0
13:14:40.595  DEBUG    TX /CONTROLL/-74,-77,-85,-70,0,0,0,0,0
13:14:42.207  DEBUG    TX /CONTROLL/-75,-77,-84,-71,0,0,0,0,0
13:14:43.816  DEBUG    TX /CONTROLL/-63,-85,-70,-86,0,0,0,0,0
13:14:45.425  DEBUG    TX /CONTROLL/12,27,16,27,0,0,0,0,0
13:14:47.039  DEBUG    TX /CONTROLL/99,16,-100,0,0,0,0,0,0
13:14:48.649  DEBUG    TX /CONTROLL/99,0,-100,-33,0,0,0,0,0
13:14:50.257  DEBUG    TX /CONTROLL/99,0,-98,-45,0,0,0,0,0
13:14:51.870  DEBUG    TX /CONTROLL/-100,0,99,0,0,0,0,0,0
13:14:53.482  DEBUG    TX /CONTROLL/0,-100,-13,99,0,0,0,0,0
13:14:55.092  DEBUG    TX /CONTROLL/0,99,-20,-100,0,0,0,0,0
13:14:56.698  DEBUG    TX /CONTROLL/0,0,0,0,0,0,0,0,0
13:14:58.306  DEBUG    TX /CONTROLL/0,0,0,0,0,0,0,0,0
13:14:59.919  DEBUG    TX /CONTROLL/0,0,0,0,0,0,0,0,0
13:15:01.212  INFO     RX        SERVO FR.[C: 90 F:106 T:107] MR.[C: 90 F:106 T:107/BATTERY/VDDA/12863 mV
13:15:01.212  INFO     RX        === Hexapod Mainboard ===
13:15:01.246  INFO     RX        PCA9685 Right: OK
13:15:01.247  INFO     RX        PCA9685 Left:  OK
13:15:01.276  INFO     RX        LSM6DSO IMU:   OK
13:15:01.429  INFO     RX        VL53L1X ToF:   OK
13:15:01.470  INFO     RX        Locomotion:    INIT (UN_ARMED, printf mode)
13:15:01.470  INFO     RX        Press L1 to arm, R1 to disarm at any time.
13:15:01.470  INFO     RX        Ready.
13:15:01.529  DEBUG    TX /CONTROLL/0,0,0,0,0,0,0,0,0
13:15:03.140  DEBUG    TX /CONTROLL/0,0,0,0,0,0,0,0,0
13:15:04.749  DEBUG    TX /CONTROLL/0,0,0,0,0,0,0,0,0
