Archive member included to satisfy reference by file (symbol)

/opt/st/stm32cubeide_2.0.0_3/plugins/com.st.stm32cube.ide.mcu.externaltools.gnu-tools-for-stm32.13.3.rel1.linux64_1.0.100.202509120712/tools/bin/../lib/gcc/arm-none-eabi/13.3.1/../../../../arm-none-eabi/lib/thumb/v7e-m+dp/hard/libc_nano.a(libc_a-exit.o)
                              /opt/st/stm32cubeide_2.0.0_3/plugins/com.st.stm32cube.ide.mcu.externaltools.gnu-tools-for-stm32.13.3.rel1.linux64_1.0.100.202509120712/tools/bin/../lib/gcc/arm-none-eabi/13.3.1/../../../../arm-none-eabi/lib/thumb/v7e-m+dp/hard/crt0.o (exit)
/opt/st/stm32cubeide_2.0.0_3/plugins/com.st.stm32cube.ide.mcu.externaltools.gnu-tools-for-stm32.13.3.rel1.linux64_1.0.100.202509120712/tools/bin/../lib/gcc/arm-none-eabi/13.3.1/../../../../arm-none-eabi/lib/thumb/v7e-m+dp/hard/libc_nano.a(libc_a-strtol.o)
                              ./Core/Src/main.o (strtol)
/opt/st/stm32cubeide_2.0.0_3/plugins/com.st.stm32cube.ide.mcu.externaltools.gnu-tools-for-stm32.13.3.rel1.linux64_1.0.100.202509120712/tools/bin/../lib/gcc/arm-none-eabi/13.3.1/../../../../arm-none-eabi/lib/thumb/v7e-m+dp/hard/libc_nano.a(libc_a-ctype_.o)
                              /opt/st/stm32cubeide_2.0.0_3/plugins/com.st.stm32cube.ide.mcu.externaltools.gnu-tools-for-stm32.13.3.rel1.linux64_1.0.100.202509120712/tools/bin/../lib/gcc/arm-none-eabi/13.3.1/../../../../arm-none-eabi/lib/thumb/v7e-m+dp/hard/libc_nano.a(libc_a-strtol.o) (_ctype_)
/opt/st/stm32cubeide_2.0.0_3/plugins/com.st.stm32cube.ide.mcu.externaltools.gnu-tools-for-stm32.13.3.rel1.linux64_1.0.100.202509120712/tools/bin/../lib/gcc/arm-none-eabi/13.3.1/../../../../arm-none-eabi/lib/thumb/v7e-m+dp/hard/libc_nano.a(libc_a-findfp.o)
                              /opt/st/stm32cubeide_2.0.0_3/plugins/com.st.stm32cube.ide.mcu.externaltools.gnu-tools-for-stm32.13.3.rel1.linux64_1.0.100.202509120712/tools/bin/../lib/gcc/arm-none-eabi/13.3.1/../../../../arm-none-eabi/lib/thumb/v7e-m+dp/hard/libc_nano.a(libc_a-exit.o) (__stdio_exit_handler)
/opt/st/stm32cubeide_2.0.0_3/plugins/com.st.stm32cube.ide.mcu.externaltools.gnu-tools-for-stm32.13.3.rel1.linux64_1.0.100.202509120712/tools/bin/../lib/gcc/arm-none-eabi/13.3.1/../../../../arm-none-eabi/lib/thumb/v7e-m+dp/hard/libc_nano.a(libc_a-fwalk.o)
                              /opt/st/stm32cubeide_2.0.0_3/plugins/com.st.stm32cube.ide.mcu.externaltools.gnu-tools-for-stm32.13.3.rel1.linux64_1.0.100.202509120712/tools/bin/../lib/gcc/arm-none-eabi/13.3.1/../../../../arm-none-eabi/lib/thumb/v7e-m+dp/hard/libc_nano.a(libc_a-findfp.o) (_fwalk_sglue)
/opt/st/stm32cubeide_2.0.0_3/plugins/com.st.stm32cube.ide.mcu.externaltools.gnu-tools-for-stm32.13.3.rel1.linux64_1.0.100.202509120712/tools/bin/../lib/gcc/arm-none-eabi/13.3.1/../../../../arm-none-eabi/lib/thumb/v7e-m+dp/hard/libc_nano.a(libc_a-printf.o)
                              ./Core/Src/main.o (printf)
/opt/st/stm32cubeide_2.0.0_3/plugins/com.st.stm32cube.ide.mcu.externaltools.gnu-tools-for-stm32.13.3.rel1.linux64_1.0.100.202509120712/tools/bin/../lib/gcc/arm-none-eabi/13.3.1/../../../../arm-none-eabi/lib/thumb/v7e-m+dp/hard/libc_nano.a(libc_a-puts.o)
                              ./Core/Src/main.o (puts)
/opt/st/stm32cubeide_2.0.0_3/plugins/com.st.stm32cube.ide.mcu.externaltools.gnu-tools-for-stm32.13.3.rel1.linux64_1.0.100.202509120712/tools/bin/../lib/gcc/arm-none-eabi/13.3.1/../../../../arm-none-eabi/lib/thumb/v7e-m+dp/hard/libc_nano.a(libc_a-setvbuf.o)
                              ./Core/Src/main.o (setvbuf)
/opt/st/stm32cubeide_2.0.0_3/plugins/com.st.stm32cube.ide.mcu.externaltools.gnu-tools-for-stm32.13.3.rel1.linux64_1.0.100.202509120712/tools/bin/../lib/gcc/arm-none-eabi/13.3.1/../../../../arm-none-eabi/lib/thumb/v7e-m+dp/hard/libc_nano.a(libc_a-stdio.o)
                              /opt/st/stm32cubeide_2.0.0_3/plugins/com.st.stm32cube.ide.mcu.externaltools.gnu-tools-for-stm32.13.3.rel1.linux64_1.0.100.202509120712/tools/bin/../lib/gcc/arm-none-eabi/13.3.1/../../../../arm-none-eabi/lib/thumb/v7e-m+dp/hard/libc_nano.a(libc_a-findfp.o) (__sread)
/opt/st/stm32cubeide_2.0.0_3/plugins/com.st.stm32cube.ide.mcu.externaltools.gnu-tools-for-stm32.13.3.rel1.linux64_1.0.100.202509120712/tools/bin/../lib/gcc/arm-none-eabi/13.3.1/../../../../arm-none-eabi/lib/thumb/v7e-m+dp/hard/libc_nano.a(libc_a-wbuf.o)
                              /opt/st/stm32cubeide_2.0.0_3/plugins/com.st.stm32cube.ide.mcu.externaltools.gnu-tools-for-stm32.13.3.rel1.linux64_1.0.100.202509120712/tools/bin/../lib/gcc/arm-none-eabi/13.3.1/../../../../arm-none-eabi/lib/thumb/v7e-m+dp/hard/libc_nano.a(libc_a-puts.o) (__swbuf_r)
/opt/st/stm32cubeide_2.0.0_3/plugins/com.st.stm32cube.ide.mcu.externaltools.gnu-tools-for-stm32.13.3.rel1.linux64_1.0.100.202509120712/tools/bin/../lib/gcc/arm-none-eabi/13.3.1/../../../../arm-none-eabi/lib/thumb/v7e-m+dp/hard/libc_nano.a(libc_a-wsetup.o)
[...]
Memory Configuration

Name             Origin             Length             Attributes
FLASH            0x08000000         0x00200000         xr
DTCMRAM          0x20000000         0x00020000         xrw
RAM_D1           0x24000000         0x00080000         xrw
RAM_D2           0x30000000         0x00048000         xrw
RAM_D3           0x38000000         0x00010000         xrw
ITCMRAM          0x00000000         0x00010000         xrw
*default*        0x00000000         0xffffffff

Linker script and memory map

LOAD /opt/st/stm32cubeide_2.0.0_3/plugins/com.st.stm32cube.ide.mcu.externaltools.gnu-tools-for-stm32.13.3.rel1.linux64_1.0.100.202509120712/tools/bin/../lib/gcc/arm-none-eabi/13.3.1/thumb/v7e-m+dp/hard/crti.o
LOAD /opt/st/stm32cubeide_2.0.0_3/plugins/com.st.stm32cube.ide.mcu.externaltools.gnu-tools-for-stm32.13.3.rel1.linux64_1.0.100.202509120712/tools/bin/../lib/gcc/arm-none-eabi/13.3.1/thumb/v7e-m+dp/hard/crtbegin.o
LOAD /opt/st/stm32cubeide_2.0.0_3/plugins/com.st.stm32cube.ide.mcu.externaltools.gnu-tools-for-stm32.13.3.rel1.linux64_1.0.100.202509120712/tools/bin/../lib/gcc/arm-none-eabi/13.3.1/../../../../arm-none-eabi/lib/thumb/v7e-m+dp/hard/crt0.o
LOAD ./Core/Src/lsm6dso_reg.o
LOAD ./Core/Src/main.o
LOAD ./Core/Src/pca9685.o
LOAD ./Core/Src/stm32h7xx_hal_msp.o
LOAD ./Core/Src/stm32h7xx_it.o
LOAD ./Core/Src/syscalls.o
LOAD ./Core/Src/sysmem.o
LOAD ./Core/Src/system_stm32h7xx.o
LOAD ./Core/Startup/startup_stm32h743zitx.o
LOAD ./Drivers/STM32H7xx_HAL_Driver/Src/stm32h7xx_hal.o
LOAD ./Drivers/STM32H7xx_HAL_Driver/Src/stm32h7xx_hal_adc.o
LOAD ./Drivers/STM32H7xx_HAL_Driver/Src/stm32h7xx_hal_adc_ex.o
LOAD ./Drivers/STM32H7xx_HAL_Driver/Src/stm32h7xx_hal_cortex.o
LOAD ./Drivers/STM32H7xx_HAL_Driver/Src/stm32h7xx_hal_dma.o
LOAD ./Drivers/STM32H7xx_HAL_Driver/Src/stm32h7xx_hal_dma_ex.o
LOAD ./Drivers/STM32H7xx_HAL_Driver/Src/stm32h7xx_hal_exti.o
LOAD ./Drivers/STM32H7xx_HAL_Driver/Src/stm32h7xx_hal_flash.o
LOAD ./Drivers/STM32H7xx_HAL_Driver/Src/stm32h7xx_hal_flash_ex.o
LOAD ./Drivers/STM32H7xx_HAL_Driver/Src/stm32h7xx_hal_gpio.o
LOAD ./Drivers/STM32H7xx_HAL_Driver/Src/stm32h7xx_hal_hsem.o
LOAD ./Drivers/STM32H7xx_HAL_Driver/Src/stm32h7xx_hal_i2c.o
LOAD ./Drivers/STM32H7xx_HAL_Driver/Src/stm32h7xx_hal_i2c_ex.o
LOAD ./Drivers/STM32H7xx_HAL_Driver/Src/stm32h7xx_hal_mdma.o
LOAD ./Drivers/STM32H7xx_HAL_Driver/Src/stm32h7xx_hal_pwr.o
LOAD ./Drivers/STM32H7xx_HAL_Driver/Src/stm32h7xx_hal_pwr_ex.o
LOAD ./Drivers/STM32H7xx_HAL_Driver/Src/stm32h7xx_hal_rcc.o
LOAD ./Drivers/STM32H7xx_HAL_Driver/Src/stm32h7xx_hal_rcc_ex.o
LOAD ./Drivers/STM32H7xx_HAL_Driver/Src/stm32h7xx_hal_tim.o
LOAD ./Drivers/STM32H7xx_HAL_Driver/Src/stm32h7xx_hal_tim_ex.o
LOAD ./Drivers/STM32H7xx_HAL_Driver/Src/stm32h7xx_hal_uart.o
LOAD ./Drivers/STM32H7xx_HAL_Driver/Src/stm32h7xx_hal_uart_ex.o
START GROUP
LOAD /opt/st/stm32cubeide_2.0.0_3/plugins/com.st.stm32cube.ide.mcu.externaltools.gnu-tools-for-stm32.13.3.rel1.linux64_1.0.100.202509120712/tools/bin/../lib/gcc/arm-none-eabi/13.3.1/../../../../arm-none-eabi/lib/thumb/v7e-m+dp/hard/libc_nano.a
LOAD /opt/st/stm32cubeide_2.0.0_3/plugins/com.st.stm32cube.ide.mcu.externaltools.gnu-tools-for-stm32.13.3.rel1.linux64_1.0.100.202509120712/tools/bin/../lib/gcc/arm-none-eabi/13.3.1/../../../../arm-none-eabi/lib/thumb/v7e-m+dp/hard/libm.a
END GROUP
START GROUP
LOAD /opt/st/stm32cubeide_2.0.0_3/plugins/com.st.stm32cube.ide.mcu.externaltools.gnu-tools-for-stm32.13.3.rel1.linux64_1.0.100.202509120712/tools/bin/../lib/gcc/arm-none-eabi/13.3.1/thumb/v7e-m+dp/hard/libgcc.a
LOAD /opt/st/stm32cubeide_2.0.0_3/plugins/com.st.stm32cube.ide.mcu.externaltools.gnu-tools-for-stm32.13.3.rel1.linux64_1.0.100.202509120712/tools/bin/../lib/gcc/arm-none-eabi/13.3.1/../../../../arm-none-eabi/lib/thumb/v7e-m+dp/hard/libc_nano.a
END GROUP
START GROUP
LOAD /opt/st/stm32cubeide_2.0.0_3/plugins/com.st.stm32cube.ide.mcu.externaltools.gnu-tools-for-stm32.13.3.rel1.linux64_1.0.100.202509120712/tools/bin/../lib/gcc/arm-none-eabi/13.3.1/thumb/v7e-m+dp/hard/libgcc.a
LOAD /opt/st/stm32cubeide_2.0.0_3/plugins/com.st.stm32cube.ide.mcu.externaltools.gnu-tools-for-stm32.13.3.rel1.linux64_1.0.100.202509120712/tools/bin/../lib/gcc/arm-none-eabi/13.3.1/../../../../arm-none-eabi/lib/thumb/v7e-m+dp/hard/libc_nano.a
LOAD /opt/st/stm32cubeide_2.0.0_3/plugins/com.st.stm32cube.ide.mcu.externaltools.gnu-tools-for-stm32.13.3.rel1.linux64_1.0.100.202509120712/tools/bin/../lib/gcc/arm-none-eabi/13.3.1/../../../../arm-none-eabi/lib/thumb/v7e-m+dp/hard/libnosys.a
END GROUP
START GROUP
LOAD /opt/st/stm32cubeide_2.0.0_3/plugins/com.st.stm32cube.ide.mcu.externaltools.gnu-tools-for-stm32.13.3.rel1.linux64_1.0.100.202509120712/tools/bin/../lib/gcc/arm-none-eabi/13.3.1/thumb/v7e-m+dp/hard/libgcc.a
LOAD /opt/st/stm32cubeide_2.0.0_3/plugins/com.st.stm32cube.ide.mcu.externaltools.gnu-tools-for-stm32.13.3.rel1.linux64_1.0.100.202509120712/tools/bin/../lib/gcc/arm-none-eabi/13.3.1/../../../../arm-none-eabi/lib/thumb/v7e-m+dp/hard/libc_nano.a
LOAD /opt/st/stm32cubeide_2.0.0_3/plugins/com.st.stm32cube.ide.mcu.externaltools.gnu-tools-for-stm32.13.3.rel1.linux64_1.0.100.202509120712/tools/bin/../lib/gcc/arm-none-eabi/13.3.1/../../../../arm-none-eabi/lib/thumb/v7e-m+dp/hard/libnosys.a
END GROUP
LOAD /opt/st/stm32cubeide_2.0.0_3/plugins/com.st.stm32cube.ide.mcu.externaltools.gnu-tools-for-stm32.13.3.rel1.linux64_1.0.100.202509120712/tools/bin/../lib/gcc/arm-none-eabi/13.3.1/thumb/v7e-m+dp/hard/crtend.o
LOAD /opt/st/stm32cubeide_2.0.0_3/plugins/com.st.stm32cube.ide.mcu.externaltools.gnu-tools-for-stm32.13.3.rel1.linux64_1.0.100.202509120712/tools/bin/../lib/gcc/arm-none-eabi/13.3.1/thumb/v7e-m+dp/hard/crtn.o
                0x24080000                        _estack = (ORIGIN (RAM_D1) + LENGTH (RAM_D1))
                0x00000200                        _Min_Heap_Size = 0x200
                0x00000400                        _Min_Stack_Size = 0x400

.isr_vector     0x08000000      0x298
                0x08000000                        . = ALIGN (0x4)
 *(.isr_vector)
 .isr_vector    0x08000000      0x298 ./Core/Startup/startup_stm32h743zitx.o
                0x08000000                g_pfnVectors
                0x08000298                        . = ALIGN (0x4)

.text           0x080002a0     0x9ef4
                0x080002a0                        . = ALIGN (0x4)
 *(.text)
 .text          0x080002a0       0x40 /opt/st/stm32cubeide_2.0.0_3/plugins/com.st.stm32cube.ide.mcu.externaltools.gnu-tools-for-stm32.13.3.rel1.linux64_1.0.100.202509120712/tools/bin/../lib/gcc/arm-none-eabi/13.3.1/thumb/v7e-m+dp/hard/crtbegin.o
 .text          0x080002e0       0xa0 /opt/st/stm32cubeide_2.0.0_3/plugins/com.st.stm32cube.ide.mcu.externaltools.gnu-tools-for-stm32.13.3.rel1.linux64_1.0.100.202509120712/tools/bin/../lib/gcc/arm-none-eabi/13.3.1/../../../../arm-none-eabi/lib/thumb/v7e-m+dp/hard/libc_nano.a(libc_a-memchr.o)
                0x080002e0                memchr
 .text          0x08000380       0x30 /opt/st/stm32cubeide_2.0.0_3/plugins/com.st.stm32cube.ide.mcu.externaltools.gnu-tools-for-stm32.13.3.rel1.linux64_1.0.100.202509120712/tools/bin/../lib/gcc/arm-none-eabi/13.3.1/thumb/v7e-m+dp/hard/libgcc.a(_aeabi_uldivmod.o)
                0x08000380                __aeabi_uldivmod
 .text          0x080003b0      0x2f8 /opt/st/stm32cubeide_2.0.0_3/plugins/com.st.stm32cube.ide.mcu.externaltools.gnu-tools-for-stm32.13.3.rel1.linux64_1.0.100.202509120712/tools/bin/../lib/gcc/arm-none-eabi/13.3.1/thumb/v7e-m+dp/hard/libgcc.a(_udivmoddi4.o)
                0x080003b0                __udivmoddi4
 .text          0x080006a8        0x4 /opt/st/stm32cubeide_2.0.0_3/plugins/com.st.stm32cube.ide.mcu.externaltools.gnu-tools-for-stm32.13.3.rel1.linux64_1.0.100.202509120712/tools/bin/../lib/gcc/arm-none-eabi/13.3.1/thumb/v7e-m+dp/hard/libgcc.a(_dvmd_tls.o)
                0x080006a8                __aeabi_ldiv0
                0x080006a8                __aeabi_idiv0
 *(.text*)
 .text._write   0x080006ac       0x2c ./Core/Src/main.o
                0x080006ac                _write
 .text.set_servo
                0x080006d8       0xd4 ./Core/Src/main.o
 .text.print_calibration
                0x080007ac       0x80 ./Core/Src/main.o
 .text.uart_process_byte
                0x0800082c      0x10c ./Core/Src/main.o
 .text.main     0x08000938      0x1a4 ./Core/Src/main.o
                0x08000938                main
 .text.SystemClock_Config
                0x08000adc       0xe8 ./Core/Src/main.o
                0x08000adc                SystemClock_Config
 .text.PeriphCommonClock_Config
                0x08000bc4       0x5e ./Core/Src/main.o
                0x08000bc4                PeriphCommonClock_Config
 *fill*         0x08000c22        0x2 
 .text.MX_ADC1_Init
                0x08000c24       0xf8 ./Core/Src/main.o
 .text.MX_ADC2_Init
                0x08000d1c       0xd4 ./Core/Src/main.o
 .text.MX_ADC3_Init
                0x08000df0       0xd4 ./Core/Src/main.o
 .text.MX_I2C1_Init
                0x08000ec4       0x80 ./Core/Src/main.o
 .text.MX_USART1_UART_Init
                0x08000f44       0x98 ./Core/Src/main.o
 .text.MX_GPIO_Init
                0x08000fdc      0x210 ./Core/Src/main.o
 .text.MPU_Config
                0x080011ec       0x58 ./Core/Src/main.o
 .text.Error_Handler
                0x08001244        0xc ./Core/Src/main.o
                0x08001244                Error_Handler
 .text.i2c_recover
                0x08001250       0x2c ./Core/Src/pca9685.o
 .text.write_reg
                0x0800127c       0x6a ./Core/Src/pca9685.o
 .text.read_reg
                0x080012e6       0x80 ./Core/Src/pca9685.o
 *fill*         0x08001366        0x2 
 .text.PCA9685_Init
                0x08001368       0x8c ./Core/Src/pca9685.o
                0x08001368                PCA9685_Init
 .text.PCA9685_SetFrequency
                0x080013f4      0x100 ./Core/Src/pca9685.o
                0x080013f4                PCA9685_SetFrequency
 .text.PCA9685_SetPWM
                0x080014f4       0x68 ./Core/Src/pca9685.o
                0x080014f4                PCA9685_SetPWM
 .text.PCA9685_SetServoPulse
                0x0800155c       0x7c ./Core/Src/pca9685.o
                0x0800155c                PCA9685_SetServoPulse
 .text.HAL_MspInit
                0x080015d8       0x34 ./Core/Src/stm32h7xx_hal_msp.o
                0x080015d8                HAL_MspInit
 .text.HAL_ADC_MspInit
                0x0800160c      0x184 ./Core/Src/stm32h7xx_hal_msp.o
                0x0800160c                HAL_ADC_MspInit
 .text.HAL_I2C_MspInit
                0x08001790       0xd4 ./Core/Src/stm32h7xx_hal_msp.o
                0x08001790                HAL_I2C_MspInit
 .text.HAL_UART_MspInit
                0x08001864       0xd0 ./Core/Src/stm32h7xx_hal_msp.o
                0x08001864                HAL_UART_MspInit
 .text.NMI_Handler
                0x08001934        0x8 ./Core/Src/stm32h7xx_it.o
                0x08001934                NMI_Handler
 .text.HardFault_Handler
                0x0800193c        0x8 ./Core/Src/stm32h7xx_it.o
                0x0800193c                HardFault_Handler
 .text.MemManage_Handler
                0x08001944        0x8 ./Core/Src/stm32h7xx_it.o
                0x08001944                MemManage_Handler
 .text.BusFault_Handler
                0x0800194c        0x8 ./Core/Src/stm32h7xx_it.o
                0x0800194c                BusFault_Handler
 .text.UsageFault_Handler
                0x08001954        0x8 ./Core/Src/stm32h7xx_it.o
                0x08001954                UsageFault_Handler
 .text.SVC_Handler
                0x0800195c        0xe ./Core/Src/stm32h7xx_it.o
                0x0800195c                SVC_Handler
 .text.DebugMon_Handler
                0x0800196a        0xe ./Core/Src/stm32h7xx_it.o
                0x0800196a                DebugMon_Handler
 .text.PendSV_Handler
                0x08001978        0xe ./Core/Src/stm32h7xx_it.o
                0x08001978                PendSV_Handler
 .text.SysTick_Handler
                0x08001986        0xc ./Core/Src/stm32h7xx_it.o
                0x08001986                SysTick_Handler
 .text._read    0x08001992       0x3a ./Core/Src/syscalls.o
                0x08001992                _read
 .text._close   0x080019cc       0x18 ./Core/Src/syscalls.o
                0x080019cc                _close
 .text._fstat   0x080019e4       0x20 ./Core/Src/syscalls.o
                0x080019e4                _fstat
 .text._isatty  0x08001a04       0x16 ./Core/Src/syscalls.o
                0x08001a04                _isatty
 .text._lseek   0x08001a1a       0x1a ./Core/Src/syscalls.o
                0x08001a1a                _lseek
 .text._sbrk    0x08001a34       0x6c ./Core/Src/sysmem.o
                0x08001a34                _sbrk
 .text.SystemInit
                0x08001aa0      0x140 ./Core/Src/system_stm32h7xx.o
                0x08001aa0                SystemInit
 .text.ExitRun0Mode
                0x08001be0       0x30 ./Core/Src/system_stm32h7xx.o
                0x08001be0                ExitRun0Mode
 .text.Reset_Handler
                0x08001c10       0x54 ./Core/Startup/startup_stm32h743zitx.o
                0x08001c10                Reset_Handler
 .text.Default_Handler
                0x08001c64        0x2 ./Core/Startup/startup_stm32h743zitx.o
                0x08001c64                RTC_Alarm_IRQHandler
                0x08001c64                EXTI2_IRQHandler
                0x08001c64                TIM8_CC_IRQHandler
                0x08001c64                HRTIM1_Master_IRQHandler
                0x08001c64                UART8_IRQHandler
                0x08001c64                SPI4_IRQHandler
                0x08001c64                TIM1_CC_IRQHandler
                0x08001c64                BDMA_Channel6_IRQHandler
                0x08001c64                DMA2_Stream5_IRQHandler
                0x08001c64                HRTIM1_FLT_IRQHandler
                0x08001c64                JPEG_IRQHandler
                0x08001c64                DMA1_Stream5_IRQHandler
                0x08001c64                BDMA_Channel1_IRQHandler
                0x08001c64                HRTIM1_TIMD_IRQHandler
                0x08001c64                TAMP_STAMP_IRQHandler
                0x08001c64                EXTI3_IRQHandler
                0x08001c64                LPTIM4_IRQHandler
                0x08001c64                TIM8_TRG_COM_TIM14_IRQHandler
                0x08001c64                LPTIM2_IRQHandler
                0x08001c64                DFSDM1_FLT1_IRQHandler
                0x08001c64                DMAMUX2_OVR_IRQHandler
                0x08001c64                TIM8_UP_TIM13_IRQHandler
                0x08001c64                I2C3_ER_IRQHandler
                0x08001c64                DFSDM1_FLT2_IRQHandler
                0x08001c64                MDMA_IRQHandler
                0x08001c64                LPTIM3_IRQHandler
                0x08001c64                HSEM1_IRQHandler
                0x08001c64                EXTI0_IRQHandler
                0x08001c64                I2C2_EV_IRQHandler
                0x08001c64                DMA1_Stream2_IRQHandler
                0x08001c64                FPU_IRQHandler
                0x08001c64                OTG_HS_WKUP_IRQHandler
                0x08001c64                FDCAN1_IT1_IRQHandler
                0x08001c64                LTDC_ER_IRQHandler
                0x08001c64                DMA2_Stream2_IRQHandler
                0x08001c64                HRTIM1_TIME_IRQHandler
                0x08001c64                SPI1_IRQHandler
                0x08001c64                TIM6_DAC_IRQHandler
                0x08001c64                DCMI_IRQHandler
                0x08001c64                HRTIM1_TIMC_IRQHandler
                0x08001c64                DMA2_Stream3_IRQHandler
                0x08001c64                SAI2_IRQHandler
                0x08001c64                DFSDM1_FLT3_IRQHandler
                0x08001c64                USART6_IRQHandler
                0x08001c64                TIM17_IRQHandler
                0x08001c64                USART3_IRQHandler
                0x08001c64                BDMA_Channel7_IRQHandler
                0x08001c64                LPTIM5_IRQHandler
                0x08001c64                UART5_IRQHandler
                0x08001c64                ADC3_IRQHandler
                0x08001c64                DMA2_Stream0_IRQHandler
                0x08001c64                TIM4_IRQHandler
                0x08001c64                BDMA_Channel2_IRQHandler
                0x08001c64                QUADSPI_IRQHandler
                0x08001c64                I2C1_EV_IRQHandler
                0x08001c64                DMA1_Stream6_IRQHandler
                0x08001c64                DMAMUX1_OVR_IRQHandler
                0x08001c64                DMA1_Stream1_IRQHandler
                0x08001c64                TIM16_IRQHandler
                0x08001c64                UART4_IRQHandler
                0x08001c64                BDMA_Channel5_IRQHandler
                0x08001c64                TIM3_IRQHandler
                0x08001c64                RCC_IRQHandler
                0x08001c64                TIM8_BRK_TIM12_IRQHandler
                0x08001c64                TIM1_TRG_COM_IRQHandler
                0x08001c64                Default_Handler
                0x08001c64                ECC_IRQHandler
                0x08001c64                CEC_IRQHandler
                0x08001c64                EXTI15_10_IRQHandler
                0x08001c64                BDMA_Channel0_IRQHandler
                0x08001c64                ADC_IRQHandler
                0x08001c64                DMA1_Stream7_IRQHandler
                0x08001c64                HRTIM1_TIMA_IRQHandler
                0x08001c64                SPI5_IRQHandler
                0x08001c64                TIM7_IRQHandler
                0x08001c64                SDMMC1_IRQHandler
                0x08001c64                TIM5_IRQHandler
                0x08001c64                DMA2_Stream7_IRQHandler
                0x08001c64                TIM15_IRQHandler
                0x08001c64                PVD_AVD_IRQHandler
                0x08001c64                I2C3_EV_IRQHandler
                0x08001c64                EXTI9_5_IRQHandler
                0x08001c64                RTC_WKUP_IRQHandler
                0x08001c64                LTDC_IRQHandler
                0x08001c64                SAI3_IRQHandler
                0x08001c64                ETH_WKUP_IRQHandler
                0x08001c64                SPDIF_RX_IRQHandler
                0x08001c64                SPI2_IRQHandler
                0x08001c64                OTG_HS_EP1_IN_IRQHandler
                0x08001c64                DMA1_Stream0_IRQHandler
                0x08001c64                CRS_IRQHandler
                0x08001c64                EXTI4_IRQHandler
                0x08001c64                RNG_IRQHandler
                0x08001c64                HRTIM1_TIMB_IRQHandler
                0x08001c64                FDCAN2_IT1_IRQHandler
                0x08001c64                ETH_IRQHandler
                0x08001c64                TIM1_UP_IRQHandler
                0x08001c64                BDMA_Channel4_IRQHandler
                0x08001c64                OTG_HS_EP1_OUT_IRQHandler
                0x08001c64                WWDG_IRQHandler
                0x08001c64                SPI6_IRQHandler
                0x08001c64                MDIOS_IRQHandler
                0x08001c64                I2C4_EV_IRQHandler
                0x08001c64                FDCAN2_IT0_IRQHandler
                0x08001c64                LPUART1_IRQHandler
                0x08001c64                FDCAN1_IT0_IRQHandler
                0x08001c64                TIM2_IRQHandler
                0x08001c64                OTG_FS_WKUP_IRQHandler
                0x08001c64                OTG_HS_IRQHandler
                0x08001c64                DMA2D_IRQHandler
                0x08001c64                TIM1_BRK_IRQHandler
                0x08001c64                EXTI1_IRQHandler
                0x08001c64                SDMMC2_IRQHandler
                0x08001c64                OTG_FS_EP1_OUT_IRQHandler
                0x08001c64                BDMA_Channel3_IRQHandler
                0x08001c64                UART7_IRQHandler
                0x08001c64                MDIOS_WKUP_IRQHandler
                0x08001c64                USART2_IRQHandler
                0x08001c64                DFSDM1_FLT0_IRQHandler
                0x08001c64                SAI4_IRQHandler
                0x08001c64                I2C2_ER_IRQHandler
                0x08001c64                DMA2_Stream1_IRQHandler
                0x08001c64                FLASH_IRQHandler
                0x08001c64                DMA2_Stream4_IRQHandler
                0x08001c64                USART1_IRQHandler
                0x08001c64                OTG_FS_IRQHandler
                0x08001c64                SPI3_IRQHandler
                0x08001c64                WAKEUP_PIN_IRQHandler
                0x08001c64                DMA1_Stream4_IRQHandler
                0x08001c64                OTG_FS_EP1_IN_IRQHandler
                0x08001c64                I2C1_ER_IRQHandler
                0x08001c64                FMC_IRQHandler
                0x08001c64                FDCAN_CAL_IRQHandler
                0x08001c64                SWPMI1_IRQHandler
                0x08001c64                COMP1_IRQHandler
                0x08001c64                LPTIM1_IRQHandler
                0x08001c64                I2C4_ER_IRQHandler
                0x08001c64                DMA2_Stream6_IRQHandler
                0x08001c64                SAI1_IRQHandler
                0x08001c64                DMA1_Stream3_IRQHandler
 *fill*         0x08001c66        0x2 
 .text.HAL_Init
                0x08001c68       0x78 ./Drivers/STM32H7xx_HAL_Driver/Src/stm32h7xx_hal.o
                0x08001c68                HAL_Init
 .text.HAL_InitTick
                0x08001ce0       0x6c ./Drivers/STM32H7xx_HAL_Driver/Src/stm32h7xx_hal.o
                0x08001ce0                HAL_InitTick
 .text.HAL_IncTick
                0x08001d4c       0x28 ./Drivers/STM32H7xx_HAL_Driver/Src/stm32h7xx_hal.o
                0x08001d4c                HAL_IncTick
 .text.HAL_GetTick
                0x08001d74       0x18 ./Drivers/STM32H7xx_HAL_Driver/Src/stm32h7xx_hal.o
                0x08001d74                HAL_GetTick
 .text.HAL_Delay
                0x08001d8c       0x48 ./Drivers/STM32H7xx_HAL_Driver/Src/stm32h7xx_hal.o
                0x08001d8c                HAL_Delay
 .text.HAL_GetREVID
                0x08001dd4       0x18 ./Drivers/STM32H7xx_HAL_Driver/Src/stm32h7xx_hal.o
                0x08001dd4                HAL_GetREVID
 .text.LL_ADC_SetCommonClock
                0x08001dec       0x26 ./Drivers/STM32H7xx_HAL_Driver/Src/stm32h7xx_hal_adc.o
 .text.LL_ADC_SetCommonPathInternalCh
                0x08001e12       0x26 ./Drivers/STM32H7xx_HAL_Driver/Src/stm32h7xx_hal_adc.o
 .text.LL_ADC_GetCommonPathInternalCh
                0x08001e38       0x1c ./Drivers/STM32H7xx_HAL_Driver/Src/stm32h7xx_hal_adc.o
 .text.LL_ADC_SetChannelPreselection
                0x08001e54       0x66 ./Drivers/STM32H7xx_HAL_Driver/Src/stm32h7xx_hal_adc.o
 .text.LL_ADC_SetOffset
                0x08001eba       0x40 ./Drivers/STM32H7xx_HAL_Driver/Src/stm32h7xx_hal_adc.o
 .text.LL_ADC_SetDataRightShift
                0x08001efa       0x32 ./Drivers/STM32H7xx_HAL_Driver/Src/stm32h7xx_hal_adc.o
 .text.LL_ADC_SetOffsetSignedSaturation
                0x08001f2c       0x36 ./Drivers/STM32H7xx_HAL_Driver/Src/stm32h7xx_hal_adc.o
 .text.LL_ADC_REG_SetSequencerRanks
                0x08001f62       0x58 ./Drivers/STM32H7xx_HAL_Driver/Src/stm32h7xx_hal_adc.o
 .text.LL_ADC_SetChannelSamplingTime
                0x08001fba       0x56 ./Drivers/STM32H7xx_HAL_Driver/Src/stm32h7xx_hal_adc.o
 .text.LL_ADC_SetChannelSingleDiff
                0x08002010       0x48 ./Drivers/STM32H7xx_HAL_Driver/Src/stm32h7xx_hal_adc.o
 .text.LL_ADC_DisableDeepPowerDown
                0x08002058       0x24 ./Drivers/STM32H7xx_HAL_Driver/Src/stm32h7xx_hal_adc.o
 .text.LL_ADC_IsDeepPowerDownEnabled
                0x0800207c       0x28 ./Drivers/STM32H7xx_HAL_Driver/Src/stm32h7xx_hal_adc.o
 .text.LL_ADC_EnableInternalRegulator
                0x080020a4       0x28 ./Drivers/STM32H7xx_HAL_Driver/Src/stm32h7xx_hal_adc.o
 .text.LL_ADC_IsInternalRegulatorEnabled
                0x080020cc       0x28 ./Drivers/STM32H7xx_HAL_Driver/Src/stm32h7xx_hal_adc.o
 .text.LL_ADC_IsEnabled
                0x080020f4       0x26 ./Drivers/STM32H7xx_HAL_Driver/Src/stm32h7xx_hal_adc.o
 .text.LL_ADC_REG_IsConversionOngoing
                0x0800211a       0x26 ./Drivers/STM32H7xx_HAL_Driver/Src/stm32h7xx_hal_adc.o
 .text.LL_ADC_INJ_IsConversionOngoing
                0x08002140       0x26 ./Drivers/STM32H7xx_HAL_Driver/Src/stm32h7xx_hal_adc.o
 *fill*         0x08002166        0x2 
 .text.HAL_ADC_Init
                0x08002168      0x344 ./Drivers/STM32H7xx_HAL_Driver/Src/stm32h7xx_hal_adc.o
                0x08002168                HAL_ADC_Init
 .text.HAL_ADC_ConfigChannel
                0x080024ac      0x5e0 ./Drivers/STM32H7xx_HAL_Driver/Src/stm32h7xx_hal_adc.o
                0x080024ac                HAL_ADC_ConfigChannel
 .text.ADC_ConfigureBoostMode
                0x08002a8c      0x218 ./Drivers/STM32H7xx_HAL_Driver/Src/stm32h7xx_hal_adc.o
                0x08002a8c                ADC_ConfigureBoostMode
 .text.LL_ADC_IsEnabled
                0x08002ca4       0x26 ./Drivers/STM32H7xx_HAL_Driver/Src/stm32h7xx_hal_adc_ex.o
 .text.LL_ADC_REG_IsConversionOngoing
                0x08002cca       0x26 ./Drivers/STM32H7xx_HAL_Driver/Src/stm32h7xx_hal_adc_ex.o
 .text.HAL_ADCEx_MultiModeConfigChannel
                0x08002cf0      0x1bc ./Drivers/STM32H7xx_HAL_Driver/Src/stm32h7xx_hal_adc_ex.o
                0x08002cf0                HAL_ADCEx_MultiModeConfigChannel
 .text.__NVIC_SetPriorityGrouping
                0x08002eac       0x48 ./Drivers/STM32H7xx_HAL_Driver/Src/stm32h7xx_hal_cortex.o
 .text.__NVIC_GetPriorityGrouping
                0x08002ef4       0x1c ./Drivers/STM32H7xx_HAL_Driver/Src/stm32h7xx_hal_cortex.o
 .text.__NVIC_SetPriority
                0x08002f10       0x54 ./Drivers/STM32H7xx_HAL_Driver/Src/stm32h7xx_hal_cortex.o
 .text.NVIC_EncodePriority
                0x08002f64       0x66 ./Drivers/STM32H7xx_HAL_Driver/Src/stm32h7xx_hal_cortex.o
 *fill*         0x08002fca        0x2 
 .text.SysTick_Config
                0x08002fcc       0x44 ./Drivers/STM32H7xx_HAL_Driver/Src/stm32h7xx_hal_cortex.o
 .text.HAL_NVIC_SetPriorityGrouping
                0x08003010       0x16 ./Drivers/STM32H7xx_HAL_Driver/Src/stm32h7xx_hal_cortex.o
                0x08003010                HAL_NVIC_SetPriorityGrouping
 .text.HAL_NVIC_SetPriority
                0x08003026       0x34 ./Drivers/STM32H7xx_HAL_Driver/Src/stm32h7xx_hal_cortex.o
                0x08003026                HAL_NVIC_SetPriority
 .text.HAL_SYSTICK_Config
                0x0800305a       0x18 ./Drivers/STM32H7xx_HAL_Driver/Src/stm32h7xx_hal_cortex.o
                0x0800305a                HAL_SYSTICK_Config
 *fill*         0x08003072        0x2 
 .text.HAL_MPU_Disable
                0x08003074       0x30 ./Drivers/STM32H7xx_HAL_Driver/Src/stm32h7xx_hal_cortex.o
                0x08003074                HAL_MPU_Disable
 .text.HAL_MPU_Enable
                0x080030a4       0x40 ./Drivers/STM32H7xx_HAL_Driver/Src/stm32h7xx_hal_cortex.o
                0x080030a4                HAL_MPU_Enable
 .text.HAL_MPU_ConfigRegion
                0x080030e4       0x80 ./Drivers/STM32H7xx_HAL_Driver/Src/stm32h7xx_hal_cortex.o
                0x080030e4                HAL_MPU_ConfigRegion
 .text.HAL_GPIO_Init
                0x08003164      0x360 ./Drivers/STM32H7xx_HAL_Driver/Src/stm32h7xx_hal_gpio.o
                0x08003164                HAL_GPIO_Init
 .text.HAL_GPIO_WritePin
                0x080034c4       0x32 ./Drivers/STM32H7xx_HAL_Driver/Src/stm32h7xx_hal_gpio.o
                0x080034c4                HAL_GPIO_WritePin
 .text.HAL_GPIO_TogglePin
                0x080034f6       0x34 ./Drivers/STM32H7xx_HAL_Driver/Src/stm32h7xx_hal_gpio.o
                0x080034f6                HAL_GPIO_TogglePin
 *fill*         0x0800352a        0x2 
 .text.HAL_I2C_Init
                0x0800352c      0x138 ./Drivers/STM32H7xx_HAL_Driver/Src/stm32h7xx_hal_i2c.o
                0x0800352c                HAL_I2C_Init
 .text.HAL_I2C_Master_Transmit
                0x08003664      0x230 ./Drivers/STM32H7xx_HAL_Driver/Src/stm32h7xx_hal_i2c.o
                0x08003664                HAL_I2C_Master_Transmit
 .text.HAL_I2C_Master_Receive
                0x08003894      0x1ec ./Drivers/STM32H7xx_HAL_Driver/Src/stm32h7xx_hal_i2c.o
                0x08003894                HAL_I2C_Master_Receive
 .text.I2C_Flush_TXDR
                0x08003a80       0x48 ./Drivers/STM32H7xx_HAL_Driver/Src/stm32h7xx_hal_i2c.o
 .text.I2C_WaitOnFlagUntilTimeout
                0x08003ac8       0xb2 ./Drivers/STM32H7xx_HAL_Driver/Src/stm32h7xx_hal_i2c.o
 .text.I2C_WaitOnTXISFlagUntilTimeout
                0x08003b7a       0x8e ./Drivers/STM32H7xx_HAL_Driver/Src/stm32h7xx_hal_i2c.o
 .text.I2C_WaitOnSTOPFlagUntilTimeout
                0x08003c08       0x86 ./Drivers/STM32H7xx_HAL_Driver/Src/stm32h7xx_hal_i2c.o
 *fill*         0x08003c8e        0x2 
 .text.I2C_WaitOnRXNEFlagUntilTimeout
                0x08003c90      0x118 ./Drivers/STM32H7xx_HAL_Driver/Src/stm32h7xx_hal_i2c.o
 .text.I2C_IsErrorOccurred
                0x08003da8      0x1c0 ./Drivers/STM32H7xx_HAL_Driver/Src/stm32h7xx_hal_i2c.o
 .text.I2C_TransferConfig
                0x08003f68       0x64 ./Drivers/STM32H7xx_HAL_Driver/Src/stm32h7xx_hal_i2c.o
 .text.HAL_I2CEx_ConfigAnalogFilter
                0x08003fcc       0x96 ./Drivers/STM32H7xx_HAL_Driver/Src/stm32h7xx_hal_i2c_ex.o
                0x08003fcc                HAL_I2CEx_ConfigAnalogFilter
 .text.HAL_I2CEx_ConfigDigitalFilter
                0x08004062       0x98 ./Drivers/STM32H7xx_HAL_Driver/Src/stm32h7xx_hal_i2c_ex.o
                0x08004062                HAL_I2CEx_ConfigDigitalFilter
 *fill*         0x080040fa        0x2 
 .text.HAL_PWREx_ConfigSupply
                0x080040fc       0x74 ./Drivers/STM32H7xx_HAL_Driver/Src/stm32h7xx_hal_pwr_ex.o
                0x080040fc                HAL_PWREx_ConfigSupply
 .text.HAL_RCC_OscConfig
                0x08004170      0x8b4 ./Drivers/STM32H7xx_HAL_Driver/Src/stm32h7xx_hal_rcc.o
                0x08004170                HAL_RCC_OscConfig
 .text.HAL_RCC_ClockConfig
                0x08004a24      0x36c ./Drivers/STM32H7xx_HAL_Driver/Src/stm32h7xx_hal_rcc.o
                0x08004a24                HAL_RCC_ClockConfig
 .text.HAL_RCC_GetSysClockFreq
                0x08004d90      0x2f4 ./Drivers/STM32H7xx_HAL_Driver/Src/stm32h7xx_hal_rcc.o
                0x08004d90                HAL_RCC_GetSysClockFreq
 .text.HAL_RCC_GetHCLKFreq
                0x08005084       0x60 ./Drivers/STM32H7xx_HAL_Driver/Src/stm32h7xx_hal_rcc.o
                0x08005084                HAL_RCC_GetHCLKFreq
 .text.HAL_RCC_GetPCLK1Freq
                0x080050e4       0x2c ./Drivers/STM32H7xx_HAL_Driver/Src/stm32h7xx_hal_rcc.o
                0x080050e4                HAL_RCC_GetPCLK1Freq
 .text.HAL_RCC_GetPCLK2Freq
                0x08005110       0x2c ./Drivers/STM32H7xx_HAL_Driver/Src/stm32h7xx_hal_rcc.o
                0x08005110                HAL_RCC_GetPCLK2Freq
 .text.HAL_RCCEx_PeriphCLKConfig
                0x0800513c     0x1414 ./Drivers/STM32H7xx_HAL_Driver/Src/stm32h7xx_hal_rcc_ex.o
                0x0800513c                HAL_RCCEx_PeriphCLKConfig
 .text.HAL_RCCEx_GetPeriphCLKFreq
                0x08006550      0xb00 ./Drivers/STM32H7xx_HAL_Driver/Src/stm32h7xx_hal_rcc_ex.o
                0x08006550                HAL_RCCEx_GetPeriphCLKFreq
 .text.HAL_RCCEx_GetD3PCLK1Freq
                0x08007050       0x2c ./Drivers/STM32H7xx_HAL_Driver/Src/stm32h7xx_hal_rcc_ex.o
                0x08007050                HAL_RCCEx_GetD3PCLK1Freq
 .text.HAL_RCCEx_GetPLL2ClockFreq
                0x0800707c      0x2a8 ./Drivers/STM32H7xx_HAL_Driver/Src/stm32h7xx_hal_rcc_ex.o
                0x0800707c                HAL_RCCEx_GetPLL2ClockFreq
 .text.HAL_RCCEx_GetPLL3ClockFreq
                0x08007324      0x2a8 ./Drivers/STM32H7xx_HAL_Driver/Src/stm32h7xx_hal_rcc_ex.o
                0x08007324                HAL_RCCEx_GetPLL3ClockFreq
 .text.HAL_RCCEx_GetPLL1ClockFreq
                0x080075cc      0x2a4 ./Drivers/STM32H7xx_HAL_Driver/Src/stm32h7xx_hal_rcc_ex.o
                0x080075cc                HAL_RCCEx_GetPLL1ClockFreq
 .text.RCCEx_PLL2_Config
                0x08007870      0x164 ./Drivers/STM32H7xx_HAL_Driver/Src/stm32h7xx_hal_rcc_ex.o
 .text.RCCEx_PLL3_Config
                0x080079d4      0x164 ./Drivers/STM32H7xx_HAL_Driver/Src/stm32h7xx_hal_rcc_ex.o
 .text.HAL_UART_Init
                0x08007b38       0xa0 ./Drivers/STM32H7xx_HAL_Driver/Src/stm32h7xx_hal_uart.o
                0x08007b38                HAL_UART_Init
 .text.HAL_UART_Transmit
                0x08007bd8      0x11c ./Drivers/STM32H7xx_HAL_Driver/Src/stm32h7xx_hal_uart.o
                0x08007bd8                HAL_UART_Transmit
 .text.HAL_UART_Receive
                0x08007cf4      0x190 ./Drivers/STM32H7xx_HAL_Driver/Src/stm32h7xx_hal_uart.o
                0x08007cf4                HAL_UART_Receive
 .text.UART_SetConfig
                0x08007e84      0xad0 ./Drivers/STM32H7xx_HAL_Driver/Src/stm32h7xx_hal_uart.o
                0x08007e84                UART_SetConfig
 .text.UART_AdvFeatureConfig
                0x08008954      0x144 ./Drivers/STM32H7xx_HAL_Driver/Src/stm32h7xx_hal_uart.o
                0x08008954                UART_AdvFeatureConfig
 .text.UART_CheckIdleState
                0x08008a98      0x154 ./Drivers/STM32H7xx_HAL_Driver/Src/stm32h7xx_hal_uart.o
                0x08008a98                UART_CheckIdleState
 .text.UART_WaitOnFlagUntilTimeout
                0x08008bec       0xda ./Drivers/STM32H7xx_HAL_Driver/Src/stm32h7xx_hal_uart.o
                0x08008bec                UART_WaitOnFlagUntilTimeout
 *fill*         0x08008cc6        0x2 
 .text.UART_EndRxTransfer
                0x08008cc8       0xcc ./Drivers/STM32H7xx_HAL_Driver/Src/stm32h7xx_hal_uart.o
 .text.HAL_UARTEx_DisableFifoMode
                0x08008d94       0x72 ./Drivers/STM32H7xx_HAL_Driver/Src/stm32h7xx_hal_uart_ex.o
                0x08008d94                HAL_UARTEx_DisableFifoMode
 .text.HAL_UARTEx_SetTxFifoThreshold
                0x08008e06       0x7c ./Drivers/STM32H7xx_HAL_Driver/Src/stm32h7xx_hal_uart_ex.o
                0x08008e06                HAL_UARTEx_SetTxFifoThreshold
 .text.HAL_UARTEx_SetRxFifoThreshold
                0x08008e82       0x7c ./Drivers/STM32H7xx_HAL_Driver/Src/stm32h7xx_hal_uart_ex.o
                0x08008e82                HAL_UARTEx_SetRxFifoThreshold
 *fill*         0x08008efe        0x2 
 .text.UARTEx_SetNbDataToProcess
                0x08008f00       0x9c ./Drivers/STM32H7xx_HAL_Driver/Src/stm32h7xx_hal_uart_ex.o
 .text._strtol_l.isra.0
                0x08008f9c       0xf4 /opt/st/stm32cubeide_2.0.0_3/plugins/com.st.stm32cube.ide.mcu.externaltools.gnu-tools-for-stm32.13.3.rel1.linux64_1.0.100.202509120712/tools/bin/../lib/gcc/arm-none-eabi/13.3.1/../../../../arm-none-eabi/lib/thumb/v7e-m+dp/hard/libc_nano.a(libc_a-strtol.o)
 .text.strtol   0x08009090       0x14 /opt/st/stm32cubeide_2.0.0_3/plugins/com.st.stm32cube.ide.mcu.externaltools.gnu-tools-for-stm32.13.3.rel1.linux64_1.0.100.202509120712/tools/bin/../lib/gcc/arm-none-eabi/13.3.1/../../../../arm-none-eabi/lib/thumb/v7e-m+dp/hard/libc_nano.a(libc_a-strtol.o)
                0x08009090                strtol
 .text.std      0x080090a4       0x6c /opt/st/stm32cubeide_2.0.0_3/plugins/com.st.stm32cube.ide.mcu.externaltools.gnu-tools-for-stm32.13.3.rel1.linux64_1.0.100.202509120712/tools/bin/../lib/gcc/arm-none-eabi/13.3.1/../../../../arm-none-eabi/lib/thumb/v7e-m+dp/hard/libc_nano.a(libc_a-findfp.o)
 .text.stdio_exit_handler
                0x08009110       0x18 /opt/st/stm32cubeide_2.0.0_3/plugins/com.st.stm32cube.ide.mcu.externaltools.gnu-tools-for-stm32.13.3.rel1.linux64_1.0.100.202509120712/tools/bin/../lib/gcc/arm-none-eabi/13.3.1/../../../../arm-none-eabi/lib/thumb/v7e-m+dp/hard/libc_nano.a(libc_a-findfp.o)
 .text.cleanup_stdio
                0x08009128       0x40 /opt/st/stm32cubeide_2.0.0_3/plugins/com.st.stm32cube.ide.mcu.externaltools.gnu-tools-for-stm32.13.3.rel1.linux64_1.0.100.202509120712/tools/bin/../lib/gcc/arm-none-eabi/13.3.1/../../../../arm-none-eabi/lib/thumb/v7e-m+dp/hard/libc_nano.a(libc_a-findfp.o)
 .text.global_stdio_init.part.0
                0x08009168       0x3c /opt/st/stm32cubeide_2.0.0_3/plugins/com.st.stm32cube.ide.mcu.externaltools.gnu-tools-for-stm32.13.3.rel1.linux64_1.0.100.202509120712/tools/bin/../lib/gcc/arm-none-eabi/13.3.1/../../../../arm-none-eabi/lib/thumb/v7e-m+dp/hard/libc_nano.a(libc_a-findfp.o)
 .text.__sfp_lock_acquire
                0x080091a4        0xc /opt/st/stm32cubeide_2.0.0_3/plugins/com.st.stm32cube.ide.mcu.externaltools.gnu-tools-for-stm32.13.3.rel1.linux64_1.0.100.202509120712/tools/bin/../lib/gcc/arm-none-eabi/13.3.1/../../../../arm-none-eabi/lib/thumb/v7e-m+dp/hard/libc_nano.a(libc_a-findfp.o)
                0x080091a4                __sfp_lock_acquire
 .text.__sfp_lock_release
                0x080091b0        0xc /opt/st/stm32cubeide_2.0.0_3/plugins/com.st.stm32cube.ide.mcu.externaltools.gnu-tools-for-stm32.13.3.rel1.linux64_1.0.100.202509120712/tools/bin/../lib/gcc/arm-none-eabi/13.3.1/../../../../arm-none-eabi/lib/thumb/v7e-m+dp/hard/libc_nano.a(libc_a-findfp.o)
                0x080091b0                __sfp_lock_release
 .text.__sinit  0x080091bc       0x30 /opt/st/stm32cubeide_2.0.0_3/plugins/com.st.stm32cube.ide.mcu.externaltools.gnu-tools-for-stm32.13.3.rel1.linux64_1.0.100.202509120712/tools/bin/../lib/gcc/arm-none-eabi/13.3.1/../../../../arm-none-eabi/lib/thumb/v7e-m+dp/hard/libc_nano.a(libc_a-findfp.o)
                0x080091bc                __sinit
 .text._fwalk_sglue
                0x080091ec       0x3c /opt/st/stm32cubeide_2.0.0_3/plugins/com.st.stm32cube.ide.mcu.externaltools.gnu-tools-for-stm32.13.3.rel1.linux64_1.0.100.202509120712/tools/bin/../lib/gcc/arm-none-eabi/13.3.1/../../../../arm-none-eabi/lib/thumb/v7e-m+dp/hard/libc_nano.a(libc_a-fwalk.o)
                0x080091ec                _fwalk_sglue
 .text.printf   0x08009228       0x24 /opt/st/stm32cubeide_2.0.0_3/plugins/com.st.stm32cube.ide.mcu.externaltools.gnu-tools-for-stm32.13.3.rel1.linux64_1.0.100.202509120712/tools/bin/../lib/gcc/arm-none-eabi/13.3.1/../../../../arm-none-eabi/lib/thumb/v7e-m+dp/hard/libc_nano.a(libc_a-printf.o)
                0x08009228                printf
                0x08009228                iprintf
 .text._puts_r  0x0800924c       0xaa /opt/st/stm32cubeide_2.0.0_3/plugins/com.st.stm32cube.ide.mcu.externaltools.gnu-tools-for-stm32.13.3.rel1.linux64_1.0.100.202509120712/tools/bin/../lib/gcc/arm-none-eabi/13.3.1/../../../../arm-none-eabi/lib/thumb/v7e-m+dp/hard/libc_nano.a(libc_a-puts.o)
                0x0800924c                _puts_r
 *fill*         0x080092f6        0x2 
 .text.puts     0x080092f8       0x10 /opt/st/stm32cubeide_2.0.0_3/plugins/com.st.stm32cube.ide.mcu.externaltools.gnu-tools-for-stm32.13.3.rel1.linux64_1.0.100.202509120712/tools/bin/../lib/gcc/arm-none-eabi/13.3.1/../../../../arm-none-eabi/lib/thumb/v7e-m+dp/hard/libc_nano.a(libc_a-puts.o)
                0x080092f8                puts
 .text.setvbuf  0x08009308      0x168 /opt/st/stm32cubeide_2.0.0_3/plugins/com.st.stm32cube.ide.mcu.externaltools.gnu-tools-for-stm32.13.3.rel1.linux64_1.0.100.202509120712/tools/bin/../lib/gcc/arm-none-eabi/13.3.1/../../../../arm-none-eabi/lib/thumb/v7e-m+dp/hard/libc_nano.a(libc_a-setvbuf.o)
                0x08009308                setvbuf
 .text.__sread  0x08009470       0x22 /opt/st/stm32cubeide_2.0.0_3/plugins/com.st.stm32cube.ide.mcu.externaltools.gnu-tools-for-stm32.13.3.rel1.linux64_1.0.100.202509120712/tools/bin/../lib/gcc/arm-none-eabi/13.3.1/../../../../arm-none-eabi/lib/thumb/v7e-m+dp/hard/libc_nano.a(libc_a-stdio.o)
                0x08009470                __sread
 .text.__swrite
                0x08009492       0x38 /opt/st/stm32cubeide_2.0.0_3/plugins/com.st.stm32cube.ide.mcu.externaltools.gnu-tools-for-stm32.13.3.rel1.linux64_1.0.100.202509120712/tools/bin/../lib/gcc/arm-none-eabi/13.3.1/../../../../arm-none-eabi/lib/thumb/v7e-m+dp/hard/libc_nano.a(libc_a-stdio.o)
                0x08009492                __swrite
 .text.__sseek  0x080094ca       0x24 /opt/st/stm32cubeide_2.0.0_3/plugins/com.st.stm32cube.ide.mcu.externaltools.gnu-tools-for-stm32.13.3.rel1.linux64_1.0.100.202509120712/tools/bin/../lib/gcc/arm-none-eabi/13.3.1/../../../../arm-none-eabi/lib/thumb/v7e-m+dp/hard/libc_nano.a(libc_a-stdio.o)
                0x080094ca                __sseek
 .text.__sclose
                0x080094ee        0x8 /opt/st/stm32cubeide_2.0.0_3/plugins/com.st.stm32cube.ide.mcu.externaltools.gnu-tools-for-stm32.13.3.rel1.linux64_1.0.100.202509120712/tools/bin/../lib/gcc/arm-none-eabi/13.3.1/../../../../arm-none-eabi/lib/thumb/v7e-m+dp/hard/libc_nano.a(libc_a-stdio.o)
                0x080094ee                __sclose
 .text.__swbuf_r
                0x080094f6       0x7c /opt/st/stm32cubeide_2.0.0_3/plugins/com.st.stm32cube.ide.mcu.externaltools.gnu-tools-for-stm32.13.3.rel1.linux64_1.0.100.202509120712/tools/bin/../lib/gcc/arm-none-eabi/13.3.1/../../../../arm-none-eabi/lib/thumb/v7e-m+dp/hard/libc_nano.a(libc_a-wbuf.o)
                0x080094f6                __swbuf_r
 *fill*         0x08009572        0x2 
 .text.__swsetup_r
                0x08009574       0xac /opt/st/stm32cubeide_2.0.0_3/plugins/com.st.stm32cube.ide.mcu.externaltools.gnu-tools-for-stm32.13.3.rel1.linux64_1.0.100.202509120712/tools/bin/../lib/gcc/arm-none-eabi/13.3.1/../../../../arm-none-eabi/lib/thumb/v7e-m+dp/hard/libc_nano.a(libc_a-wsetup.o)
                0x08009574                __swsetup_r
 .text.memset   0x08009620       0x10 /opt/st/stm32cubeide_2.0.0_3/plugins/com.st.stm32cube.ide.mcu.externaltools.gnu-tools-for-stm32.13.3.rel1.linux64_1.0.100.202509120712/tools/bin/../lib/gcc/arm-none-eabi/13.3.1/../../../../arm-none-eabi/lib/thumb/v7e-m+dp/hard/libc_nano.a(libc_a-memset.o)
                0x08009620                memset
 .text._close_r
                0x08009630       0x20 /opt/st/stm32cubeide_2.0.0_3/plugins/com.st.stm32cube.ide.mcu.externaltools.gnu-tools-for-stm32.13.3.rel1.linux64_1.0.100.202509120712/tools/bin/../lib/gcc/arm-none-eabi/13.3.1/../../../../arm-none-eabi/lib/thumb/v7e-m+dp/hard/libc_nano.a(libc_a-closer.o)
                0x08009630                _close_r
 .text._lseek_r
                0x08009650       0x24 /opt/st/stm32cubeide_2.0.0_3/plugins/com.st.stm32cube.ide.mcu.externaltools.gnu-tools-for-stm32.13.3.rel1.linux64_1.0.100.202509120712/tools/bin/../lib/gcc/arm-none-eabi/13.3.1/../../../../arm-none-eabi/lib/thumb/v7e-m+dp/hard/libc_nano.a(libc_a-lseekr.o)
                0x08009650                _lseek_r
 .text._read_r  0x08009674       0x24 /opt/st/stm32cubeide_2.0.0_3/plugins/com.st.stm32cube.ide.mcu.externaltools.gnu-tools-for-stm32.13.3.rel1.linux64_1.0.100.202509120712/tools/bin/../lib/gcc/arm-none-eabi/13.3.1/../../../../arm-none-eabi/lib/thumb/v7e-m+dp/hard/libc_nano.a(libc_a-readr.o)
                0x08009674                _read_r
 .text._write_r
                0x08009698       0x24 /opt/st/stm32cubeide_2.0.0_3/plugins/com.st.stm32cube.ide.mcu.externaltools.gnu-tools-for-stm32.13.3.rel1.linux64_1.0.100.202509120712/tools/bin/../lib/gcc/arm-none-eabi/13.3.1/../../../../arm-none-eabi/lib/thumb/v7e-m+dp/hard/libc_nano.a(libc_a-writer.o)
                0x08009698                _write_r
 .text.__errno  0x080096bc        0xc /opt/st/stm32cubeide_2.0.0_3/plugins/com.st.stm32cube.ide.mcu.externaltools.gnu-tools-for-stm32.13.3.rel1.linux64_1.0.100.202509120712/tools/bin/../lib/gcc/arm-none-eabi/13.3.1/../../../../arm-none-eabi/lib/thumb/v7e-m+dp/hard/libc_nano.a(libc_a-errno.o)
                0x080096bc                __errno
 .text.__libc_init_array
                0x080096c8       0x48 /opt/st/stm32cubeide_2.0.0_3/plugins/com.st.stm32cube.ide.mcu.externaltools.gnu-tools-for-stm32.13.3.rel1.linux64_1.0.100.202509120712/tools/bin/../lib/gcc/arm-none-eabi/13.3.1/../../../../arm-none-eabi/lib/thumb/v7e-m+dp/hard/libc_nano.a(libc_a-init.o)
                0x080096c8                __libc_init_array
 .text.__retarget_lock_init_recursive
                0x08009710        0x2 /opt/st/stm32cubeide_2.0.0_3/plugins/com.st.stm32cube.ide.mcu.externaltools.gnu-tools-for-stm32.13.3.rel1.linux64_1.0.100.202509120712/tools/bin/../lib/gcc/arm-none-eabi/13.3.1/../../../../arm-none-eabi/lib/thumb/v7e-m+dp/hard/libc_nano.a(libc_a-lock.o)
                0x08009710                __retarget_lock_init_recursive
 .text.__retarget_lock_acquire_recursive
                0x08009712        0x2 /opt/st/stm32cubeide_2.0.0_3/plugins/com.st.stm32cube.ide.mcu.externaltools.gnu-tools-for-stm32.13.3.rel1.linux64_1.0.100.202509120712/tools/bin/../lib/gcc/arm-none-eabi/13.3.1/../../../../arm-none-eabi/lib/thumb/v7e-m+dp/hard/libc_nano.a(libc_a-lock.o)
                0x08009712                __retarget_lock_acquire_recursive
 .text.__retarget_lock_release_recursive
                0x08009714        0x2 /opt/st/stm32cubeide_2.0.0_3/plugins/com.st.stm32cube.ide.mcu.externaltools.gnu-tools-for-stm32.13.3.rel1.linux64_1.0.100.202509120712/tools/bin/../lib/gcc/arm-none-eabi/13.3.1/../../../../arm-none-eabi/lib/thumb/v7e-m+dp/hard/libc_nano.a(libc_a-lock.o)
                0x08009714                __retarget_lock_release_recursive
 *fill*         0x08009716        0x2 
 .text._free_r  0x08009718       0x94 /opt/st/stm32cubeide_2.0.0_3/plugins/com.st.stm32cube.ide.mcu.externaltools.gnu-tools-for-stm32.13.3.rel1.linux64_1.0.100.202509120712/tools/bin/../lib/gcc/arm-none-eabi/13.3.1/../../../../arm-none-eabi/lib/thumb/v7e-m+dp/hard/libc_nano.a(libc_a-freer.o)
                0x08009718                _free_r
 .text.malloc   0x080097ac       0x10 /opt/st/stm32cubeide_2.0.0_3/plugins/com.st.stm32cube.ide.mcu.externaltools.gnu-tools-for-stm32.13.3.rel1.linux64_1.0.100.202509120712/tools/bin/../lib/gcc/arm-none-eabi/13.3.1/../../../../arm-none-eabi/lib/thumb/v7e-m+dp/hard/libc_nano.a(libc_a-malloc.o)
                0x080097ac                malloc
 .text.sbrk_aligned
                0x080097bc       0x44 /opt/st/stm32cubeide_2.0.0_3/plugins/com.st.stm32cube.ide.mcu.externaltools.gnu-tools-for-stm32.13.3.rel1.linux64_1.0.100.202509120712/tools/bin/../lib/gcc/arm-none-eabi/13.3.1/../../../../arm-none-eabi/lib/thumb/v7e-m+dp/hard/libc_nano.a(libc_a-mallocr.o)
 .text._malloc_r
                0x08009800      0x100 /opt/st/stm32cubeide_2.0.0_3/plugins/com.st.stm32cube.ide.mcu.externaltools.gnu-tools-for-stm32.13.3.rel1.linux64_1.0.100.202509120712/tools/bin/../lib/gcc/arm-none-eabi/13.3.1/../../../../arm-none-eabi/lib/thumb/v7e-m+dp/hard/libc_nano.a(libc_a-mallocr.o)
                0x08009800                _malloc_r
 .text.__malloc_lock
                0x08009900        0xc /opt/st/stm32cubeide_2.0.0_3/plugins/com.st.stm32cube.ide.mcu.externaltools.gnu-tools-for-stm32.13.3.rel1.linux64_1.0.100.202509120712/tools/bin/../lib/gcc/arm-none-eabi/13.3.1/../../../../arm-none-eabi/lib/thumb/v7e-m+dp/hard/libc_nano.a(libc_a-mlock.o)
                0x08009900                __malloc_lock
 .text.__malloc_unlock
                0x0800990c        0xc /opt/st/stm32cubeide_2.0.0_3/plugins/com.st.stm32cube.ide.mcu.externaltools.gnu-tools-for-stm32.13.3.rel1.linux64_1.0.100.202509120712/tools/bin/../lib/gcc/arm-none-eabi/13.3.1/../../../../arm-none-eabi/lib/thumb/v7e-m+dp/hard/libc_nano.a(libc_a-mlock.o)
                0x0800990c                __malloc_unlock
 .text.__sfputc_r
                0x08009918       0x2e /opt/st/stm32cubeide_2.0.0_3/plugins/com.st.stm32cube.ide.mcu.externaltools.gnu-tools-for-stm32.13.3.rel1.linux64_1.0.100.202509120712/tools/bin/../lib/gcc/arm-none-eabi/13.3.1/../../../../arm-none-eabi/lib/thumb/v7e-m+dp/hard/libc_nano.a(libc_a-nano-vfprintf.o)
 .text.__sfputs_r
                0x08009946       0x24 /opt/st/stm32cubeide_2.0.0_3/plugins/com.st.stm32cube.ide.mcu.externaltools.gnu-tools-for-stm32.13.3.rel1.linux64_1.0.100.202509120712/tools/bin/../lib/gcc/arm-none-eabi/13.3.1/../../../../arm-none-eabi/lib/thumb/v7e-m+dp/hard/libc_nano.a(libc_a-nano-vfprintf.o)
                0x08009946                __sfputs_r
 *fill*         0x0800996a        0x2 
 .text._vfprintf_r
                0x0800996c      0x230 /opt/st/stm32cubeide_2.0.0_3/plugins/com.st.stm32cube.ide.mcu.externaltools.gnu-tools-for-stm32.13.3.rel1.linux64_1.0.100.202509120712/tools/bin/../lib/gcc/arm-none-eabi/13.3.1/../../../../arm-none-eabi/lib/thumb/v7e-m+dp/hard/libc_nano.a(libc_a-nano-vfprintf.o)
                0x0800996c                _vfiprintf_r
                0x0800996c                _vfprintf_r
 .text._printf_common
                0x08009b9c       0xda /opt/st/stm32cubeide_2.0.0_3/plugins/com.st.stm32cube.ide.mcu.externaltools.gnu-tools-for-stm32.13.3.rel1.linux64_1.0.100.202509120712/tools/bin/../lib/gcc/arm-none-eabi/13.3.1/../../../../arm-none-eabi/lib/thumb/v7e-m+dp/hard/libc_nano.a(libc_a-nano-vfprintf_i.o)
                0x08009b9c                _printf_common
 *fill*         0x08009c76        0x2 
 .text._printf_i
                0x08009c78      0x23c /opt/st/stm32cubeide_2.0.0_3/plugins/com.st.stm32cube.ide.mcu.externaltools.gnu-tools-for-stm32.13.3.rel1.linux64_1.0.100.202509120712/tools/bin/../lib/gcc/arm-none-eabi/13.3.1/../../../../arm-none-eabi/lib/thumb/v7e-m+dp/hard/libc_nano.a(libc_a-nano-vfprintf_i.o)
                0x08009c78                _printf_i
 .text.__sflush_r
                0x08009eb4      0x108 /opt/st/stm32cubeide_2.0.0_3/plugins/com.st.stm32cube.ide.mcu.externaltools.gnu-tools-for-stm32.13.3.rel1.linux64_1.0.100.202509120712/tools/bin/../lib/gcc/arm-none-eabi/13.3.1/../../../../arm-none-eabi/lib/thumb/v7e-m+dp/hard/libc_nano.a(libc_a-fflush.o)
                0x08009eb4                __sflush_r
 .text._fflush_r
                0x08009fbc       0x50 /opt/st/stm32cubeide_2.0.0_3/plugins/com.st.stm32cube.ide.mcu.externaltools.gnu-tools-for-stm32.13.3.rel1.linux64_1.0.100.202509120712/tools/bin/../lib/gcc/arm-none-eabi/13.3.1/../../../../arm-none-eabi/lib/thumb/v7e-m+dp/hard/libc_nano.a(libc_a-fflush.o)
                0x08009fbc                _fflush_r
 .text.__swhatbuf_r
                0x0800a00c       0x4c /opt/st/stm32cubeide_2.0.0_3/plugins/com.st.stm32cube.ide.mcu.externaltools.gnu-tools-for-stm32.13.3.rel1.linux64_1.0.100.202509120712/tools/bin/../lib/gcc/arm-none-eabi/13.3.1/../../../../arm-none-eabi/lib/thumb/v7e-m+dp/hard/libc_nano.a(libc_a-makebuf.o)
                0x0800a00c                __swhatbuf_r
 .text.__smakebuf_r
                0x0800a058       0x78 /opt/st/stm32cubeide_2.0.0_3/plugins/com.st.stm32cube.ide.mcu.externaltools.gnu-tools-for-stm32.13.3.rel1.linux64_1.0.100.202509120712/tools/bin/../lib/gcc/arm-none-eabi/13.3.1/../../../../arm-none-eabi/lib/thumb/v7e-m+dp/hard/libc_nano.a(libc_a-makebuf.o)
                0x0800a058                __smakebuf_r
 .text._fstat_r
                0x0800a0d0       0x24 /opt/st/stm32cubeide_2.0.0_3/plugins/com.st.stm32cube.ide.mcu.externaltools.gnu-tools-for-stm32.13.3.rel1.linux64_1.0.100.202509120712/tools/bin/../lib/gcc/arm-none-eabi/13.3.1/../../../../arm-none-eabi/lib/thumb/v7e-m+dp/hard/libc_nano.a(libc_a-fstatr.o)
                0x0800a0d0                _fstat_r
 .text._isatty_r
                0x0800a0f4       0x20 /opt/st/stm32cubeide_2.0.0_3/plugins/com.st.stm32cube.ide.mcu.externaltools.gnu-tools-for-stm32.13.3.rel1.linux64_1.0.100.202509120712/tools/bin/../lib/gcc/arm-none-eabi/13.3.1/../../../../arm-none-eabi/lib/thumb/v7e-m+dp/hard/libc_nano.a(libc_a-isattyr.o)
                0x0800a0f4                _isatty_r
 .text._sbrk_r  0x0800a114       0x20 /opt/st/stm32cubeide_2.0.0_3/plugins/com.st.stm32cube.ide.mcu.externaltools.gnu-tools-for-stm32.13.3.rel1.linux64_1.0.100.202509120712/tools/bin/../lib/gcc/arm-none-eabi/13.3.1/../../../../arm-none-eabi/lib/thumb/v7e-m+dp/hard/libc_nano.a(libc_a-sbrkr.o)
                0x0800a114                _sbrk_r
 .text.roundf   0x0800a134       0x48 /opt/st/stm32cubeide_2.0.0_3/plugins/com.st.stm32cube.ide.mcu.externaltools.gnu-tools-for-stm32.13.3.rel1.linux64_1.0.100.202509120712/tools/bin/../lib/gcc/arm-none-eabi/13.3.1/../../../../arm-none-eabi/lib/thumb/v7e-m+dp/hard/libm.a(libm_a-sf_round.o)
                0x0800a134                roundf
 *(.glue_7)
 .glue_7        0x0800a17c        0x0 linker stubs
 *(.glue_7t)
 .glue_7t       0x0800a17c        0x0 linker stubs
 *(.eh_frame)
 .eh_frame      0x0800a17c        0x0 /opt/st/stm32cubeide_2.0.0_3/plugins/com.st.stm32cube.ide.mcu.externaltools.gnu-tools-for-stm32.13.3.rel1.linux64_1.0.100.202509120712/tools/bin/../lib/gcc/arm-none-eabi/13.3.1/thumb/v7e-m+dp/hard/crtbegin.o
 *(.init)
 .init          0x0800a17c        0x4 /opt/st/stm32cubeide_2.0.0_3/plugins/com.st.stm32cube.ide.mcu.externaltools.gnu-tools-for-stm32.13.3.rel1.linux64_1.0.100.202509120712/tools/bin/../lib/gcc/arm-none-eabi/13.3.1/thumb/v7e-m+dp/hard/crti.o
                0x0800a17c                _init
 .init          0x0800a180        0x8 /opt/st/stm32cubeide_2.0.0_3/plugins/com.st.stm32cube.ide.mcu.externaltools.gnu-tools-for-stm32.13.3.rel1.linux64_1.0.100.202509120712/tools/bin/../lib/gcc/arm-none-eabi/13.3.1/thumb/v7e-m+dp/hard/crtn.o
 *(.fini)
 .fini          0x0800a188        0x4 /opt/st/stm32cubeide_2.0.0_3/plugins/com.st.stm32cube.ide.mcu.externaltools.gnu-tools-for-stm32.13.3.rel1.linux64_1.0.100.202509120712/tools/bin/../lib/gcc/arm-none-eabi/13.3.1/thumb/v7e-m+dp/hard/crti.o
                0x0800a188                _fini
 .fini          0x0800a18c        0x8 /opt/st/stm32cubeide_2.0.0_3/plugins/com.st.stm32cube.ide.mcu.externaltools.gnu-tools-for-stm32.13.3.rel1.linux64_1.0.100.202509120712/tools/bin/../lib/gcc/arm-none-eabi/13.3.1/thumb/v7e-m+dp/hard/crtn.o
                0x0800a194                        . = ALIGN (0x4)
                0x0800a194                        _etext = .

.vfp11_veneer   0x0800a194        0x0
 .vfp11_veneer  0x0800a194        0x0 linker stubs

.v4_bx          0x0800a194        0x0
 .v4_bx         0x0800a194        0x0 linker stubs

.iplt           0x0800a194        0x0
 .iplt          0x0800a194        0x0 /opt/st/stm32cubeide_2.0.0_3/plugins/com.st.stm32cube.ide.mcu.externaltools.gnu-tools-for-stm32.13.3.rel1.linux64_1.0.100.202509120712/tools/bin/../lib/gcc/arm-none-eabi/13.3.1/thumb/v7e-m+dp/hard/crtbegin.o

.rodata         0x0800a194      0x3a0
                0x0800a194                        . = ALIGN (0x4)
 *(.rodata)
 .rodata        0x0800a194      0x233 ./Core/Src/main.o
 *(.rodata*)
 *fill*         0x0800a3c7        0x1 
 .rodata.D1CorePrescTable
                0x0800a3c8       0x10 ./Core/Src/system_stm32h7xx.o
                0x0800a3c8                D1CorePrescTable
 .rodata.UARTPrescTable
                0x0800a3d8       0x18 ./Drivers/STM32H7xx_HAL_Driver/Src/stm32h7xx_hal_uart.o
                0x0800a3d8                UARTPrescTable
 .rodata.numerator.1
                0x0800a3f0        0x8 ./Drivers/STM32H7xx_HAL_Driver/Src/stm32h7xx_hal_uart_ex.o
 .rodata.denominator.0
                0x0800a3f8        0x8 ./Drivers/STM32H7xx_HAL_Driver/Src/stm32h7xx_hal_uart_ex.o
 .rodata._ctype_
                0x0800a400      0x101 /opt/st/stm32cubeide_2.0.0_3/plugins/com.st.stm32cube.ide.mcu.externaltools.gnu-tools-for-stm32.13.3.rel1.linux64_1.0.100.202509120712/tools/bin/../lib/gcc/arm-none-eabi/13.3.1/../../../../arm-none-eabi/lib/thumb/v7e-m+dp/hard/libc_nano.a(libc_a-ctype_.o)
                0x0800a400                _ctype_
 .rodata._vfprintf_r.str1.1
                0x0800a501       0x33 /opt/st/stm32cubeide_2.0.0_3/plugins/com.st.stm32cube.ide.mcu.externaltools.gnu-tools-for-stm32.13.3.rel1.linux64_1.0.100.202509120712/tools/bin/../lib/gcc/arm-none-eabi/13.3.1/../../../../arm-none-eabi/lib/thumb/v7e-m+dp/hard/libc_nano.a(libc_a-nano-vfprintf.o)
                                 0x11 (size before relaxing)
 .rodata._printf_i.str1.1
                0x0800a534        0x0 /opt/st/stm32cubeide_2.0.0_3/plugins/com.st.stm32cube.ide.mcu.externaltools.gnu-tools-for-stm32.13.3.rel1.linux64_1.0.100.202509120712/tools/bin/../lib/gcc/arm-none-eabi/13.3.1/../../../../arm-none-eabi/lib/thumb/v7e-m+dp/hard/libc_nano.a(libc_a-nano-vfprintf_i.o)
                                 0x22 (size before relaxing)
                0x0800a534                        . = ALIGN (0x4)

.ARM.extab
 *(.ARM.extab* .gnu.linkonce.armextab.*)

.ARM            0x0800a534        0x8
                0x0800a534                        __exidx_start = .
 *(.ARM.exidx*)
 .ARM.exidx     0x0800a534        0x8 /opt/st/stm32cubeide_2.0.0_3/plugins/com.st.stm32cube.ide.mcu.externaltools.gnu-tools-for-stm32.13.3.rel1.linux64_1.0.100.202509120712/tools/bin/../lib/gcc/arm-none-eabi/13.3.1/../../../../arm-none-eabi/lib/thumb/v7e-m+dp/hard/libc_nano.a(libc_a-memchr.o)
 .ARM.exidx     0x0800a53c        0x0 /opt/st/stm32cubeide_2.0.0_3/plugins/com.st.stm32cube.ide.mcu.externaltools.gnu-tools-for-stm32.13.3.rel1.linux64_1.0.100.202509120712/tools/bin/../lib/gcc/arm-none-eabi/13.3.1/thumb/v7e-m+dp/hard/libgcc.a(_udivmoddi4.o)
                                  0x8 (size before relaxing)
                0x0800a53c                        __exidx_end = .

.preinit_array  0x0800a53c        0x0
                0x0800a53c                        PROVIDE (__preinit_array_start = .)
 *(.preinit_array*)
                0x0800a53c                        PROVIDE (__preinit_array_end = .)

.init_array     0x0800a53c        0x4
                0x0800a53c                        PROVIDE (__init_array_start = .)
 *(SORT_BY_NAME(.init_array.*))
 *(.init_array*)
 .init_array    0x0800a53c        0x4 /opt/st/stm32cubeide_2.0.0_3/plugins/com.st.stm32cube.ide.mcu.externaltools.gnu-tools-for-stm32.13.3.rel1.linux64_1.0.100.202509120712/tools/bin/../lib/gcc/arm-none-eabi/13.3.1/thumb/v7e-m+dp/hard/crtbegin.o
                0x0800a540                        PROVIDE (__init_array_end = .)

.fini_array     0x0800a540        0x4
                [!provide]                        PROVIDE (__fini_array_start = .)
 *(SORT_BY_NAME(.fini_array.*))
 *(.fini_array*)
 .fini_array    0x0800a540        0x4 /opt/st/stm32cubeide_2.0.0_3/plugins/com.st.stm32cube.ide.mcu.externaltools.gnu-tools-for-stm32.13.3.rel1.linux64_1.0.100.202509120712/tools/bin/../lib/gcc/arm-none-eabi/13.3.1/thumb/v7e-m+dp/hard/crtbegin.o
                [!provide]                        PROVIDE (__fini_array_end = .)
                0x0800a544                        _sidata = LOADADDR (.data)

.rel.dyn        0x0800a544        0x0
 .rel.iplt      0x0800a544        0x0 /opt/st/stm32cubeide_2.0.0_3/plugins/com.st.stm32cube.ide.mcu.externaltools.gnu-tools-for-stm32.13.3.rel1.linux64_1.0.100.202509120712/tools/bin/../lib/gcc/arm-none-eabi/13.3.1/thumb/v7e-m+dp/hard/crtbegin.o

.data           0x24000000       0xb4 load address 0x0800a544
                0x24000000                        . = ALIGN (0x4)
                0x24000000                        _sdata = .
 *(.data)
 *(.data*)
 .data.servo_names
                0x24000000       0x48 ./Core/Src/main.o
 .data.SystemCoreClock
                0x24000048        0x4 ./Core/Src/system_stm32h7xx.o
                0x24000048                SystemCoreClock
 .data.SystemD2Clock
                0x2400004c        0x4 ./Core/Src/system_stm32h7xx.o
                0x2400004c                SystemD2Clock
 .data.uwTickPrio
                0x24000050        0x4 ./Drivers/STM32H7xx_HAL_Driver/Src/stm32h7xx_hal.o
                0x24000050                uwTickPrio
 .data.uwTickFreq
                0x24000054        0x1 ./Drivers/STM32H7xx_HAL_Driver/Src/stm32h7xx_hal.o
                0x24000054                uwTickFreq
 *fill*         0x24000055        0x3 
 .data.__sglue  0x24000058        0xc /opt/st/stm32cubeide_2.0.0_3/plugins/com.st.stm32cube.ide.mcu.externaltools.gnu-tools-for-stm32.13.3.rel1.linux64_1.0.100.202509120712/tools/bin/../lib/gcc/arm-none-eabi/13.3.1/../../../../arm-none-eabi/lib/thumb/v7e-m+dp/hard/libc_nano.a(libc_a-findfp.o)
                0x24000058                __sglue
 .data._impure_ptr
                0x24000064        0x4 /opt/st/stm32cubeide_2.0.0_3/plugins/com.st.stm32cube.ide.mcu.externaltools.gnu-tools-for-stm32.13.3.rel1.linux64_1.0.100.202509120712/tools/bin/../lib/gcc/arm-none-eabi/13.3.1/../../../../arm-none-eabi/lib/thumb/v7e-m+dp/hard/libc_nano.a(libc_a-impure.o)
                0x24000064                _impure_ptr
 .data._impure_data
                0x24000068       0x4c /opt/st/stm32cubeide_2.0.0_3/plugins/com.st.stm32cube.ide.mcu.externaltools.gnu-tools-for-stm32.13.3.rel1.linux64_1.0.100.202509120712/tools/bin/../lib/gcc/arm-none-eabi/13.3.1/../../../../arm-none-eabi/lib/thumb/v7e-m+dp/hard/libc_nano.a(libc_a-impure.o)
                0x24000068                _impure_data
 *(.RamFunc)
 *(.RamFunc*)
                0x240000b4                        . = ALIGN (0x4)
                0x240000b4                        _edata = .

.igot.plt       0x240000b4        0x0 load address 0x0800a5f8
 .igot.plt      0x240000b4        0x0 /opt/st/stm32cubeide_2.0.0_3/plugins/com.st.stm32cube.ide.mcu.externaltools.gnu-tools-for-stm32.13.3.rel1.linux64_1.0.100.202509120712/tools/bin/../lib/gcc/arm-none-eabi/13.3.1/thumb/v7e-m+dp/hard/crtbegin.o
                0x240000b4                        . = ALIGN (0x4)

.bss            0x240000b4      0x434 load address 0x0800a5f8
                0x240000b4                        _sbss = .
                0x240000b4                        __bss_start__ = _sbss
 *(.bss)
 .bss           0x240000b4       0x1c /opt/st/stm32cubeide_2.0.0_3/plugins/com.st.stm32cube.ide.mcu.externaltools.gnu-tools-for-stm32.13.3.rel1.linux64_1.0.100.202509120712/tools/bin/../lib/gcc/arm-none-eabi/13.3.1/thumb/v7e-m+dp/hard/crtbegin.o
 *(.bss*)
 .bss.hadc1     0x240000d0       0x64 ./Core/Src/main.o
                0x240000d0                hadc1
 .bss.hadc2     0x24000134       0x64 ./Core/Src/main.o
                0x24000134                hadc2
 .bss.hadc3     0x24000198       0x64 ./Core/Src/main.o
                0x24000198                hadc3
 .bss.hi2c1     0x240001fc       0x54 ./Core/Src/main.o
                0x240001fc                hi2c1
 .bss.huart1    0x24000250       0x94 ./Core/Src/main.o
                0x24000250                huart1
 .bss.servo_angles
                0x240002e4       0x48 ./Core/Src/main.o
 .bss.pca_right
                0x2400032c       0x10 ./Core/Src/main.o
 .bss.pca_left  0x2400033c       0x10 ./Core/Src/main.o
 .bss.rx_buf    0x2400034c       0x40 ./Core/Src/main.o
 .bss.rx_byte   0x2400038c        0x1 ./Core/Src/main.o
 .bss.rx_pos    0x2400038d        0x1 ./Core/Src/main.o
 *fill*         0x2400038e        0x2 
 .bss.HAL_RCC_ADC12_CLK_ENABLED
                0x24000390        0x4 ./Core/Src/stm32h7xx_hal_msp.o
 .bss.__sbrk_heap_end
                0x24000394        0x4 ./Core/Src/sysmem.o
 .bss.uwTick    0x24000398        0x4 ./Drivers/STM32H7xx_HAL_Driver/Src/stm32h7xx_hal.o
                0x24000398                uwTick
 .bss.__sf      0x2400039c      0x138 /opt/st/stm32cubeide_2.0.0_3/plugins/com.st.stm32cube.ide.mcu.externaltools.gnu-tools-for-stm32.13.3.rel1.linux64_1.0.100.202509120712/tools/bin/../lib/gcc/arm-none-eabi/13.3.1/../../../../arm-none-eabi/lib/thumb/v7e-m+dp/hard/libc_nano.a(libc_a-findfp.o)
                0x2400039c                __sf
 .bss.__stdio_exit_handler
                0x240004d4        0x4 /opt/st/stm32cubeide_2.0.0_3/plugins/com.st.stm32cube.ide.mcu.externaltools.gnu-tools-for-stm32.13.3.rel1.linux64_1.0.100.202509120712/tools/bin/../lib/gcc/arm-none-eabi/13.3.1/../../../../arm-none-eabi/lib/thumb/v7e-m+dp/hard/libc_nano.a(libc_a-findfp.o)
                0x240004d4                __stdio_exit_handler
 .bss.errno     0x240004d8        0x4 /opt/st/stm32cubeide_2.0.0_3/plugins/com.st.stm32cube.ide.mcu.externaltools.gnu-tools-for-stm32.13.3.rel1.linux64_1.0.100.202509120712/tools/bin/../lib/gcc/arm-none-eabi/13.3.1/../../../../arm-none-eabi/lib/thumb/v7e-m+dp/hard/libc_nano.a(libc_a-reent.o)
                0x240004d8                errno
 .bss.__lock___malloc_recursive_mutex
                0x240004dc        0x1 /opt/st/stm32cubeide_2.0.0_3/plugins/com.st.stm32cube.ide.mcu.externaltools.gnu-tools-for-stm32.13.3.rel1.linux64_1.0.100.202509120712/tools/bin/../lib/gcc/arm-none-eabi/13.3.1/../../../../arm-none-eabi/lib/thumb/v7e-m+dp/hard/libc_nano.a(libc_a-lock.o)
                0x240004dc                __lock___malloc_recursive_mutex
 .bss.__lock___sfp_recursive_mutex
                0x240004dd        0x1 /opt/st/stm32cubeide_2.0.0_3/plugins/com.st.stm32cube.ide.mcu.externaltools.gnu-tools-for-stm32.13.3.rel1.linux64_1.0.100.202509120712/tools/bin/../lib/gcc/arm-none-eabi/13.3.1/../../../../arm-none-eabi/lib/thumb/v7e-m+dp/hard/libc_nano.a(libc_a-lock.o)
                0x240004dd                __lock___sfp_recursive_mutex
 *fill*         0x240004de        0x2 
 .bss.__malloc_sbrk_start
                0x240004e0        0x4 /opt/st/stm32cubeide_2.0.0_3/plugins/com.st.stm32cube.ide.mcu.externaltools.gnu-tools-for-stm32.13.3.rel1.linux64_1.0.100.202509120712/tools/bin/../lib/gcc/arm-none-eabi/13.3.1/../../../../arm-none-eabi/lib/thumb/v7e-m+dp/hard/libc_nano.a(libc_a-mallocr.o)
                0x240004e0                __malloc_sbrk_start
 .bss.__malloc_free_list
                0x240004e4        0x4 /opt/st/stm32cubeide_2.0.0_3/plugins/com.st.stm32cube.ide.mcu.externaltools.gnu-tools-for-stm32.13.3.rel1.linux64_1.0.100.202509120712/tools/bin/../lib/gcc/arm-none-eabi/13.3.1/../../../../arm-none-eabi/lib/thumb/v7e-m+dp/hard/libc_nano.a(libc_a-mallocr.o)
                0x240004e4                __malloc_free_list
 *(COMMON)
                0x240004e8                        . = ALIGN (0x4)
                0x240004e8                        _ebss = .
                0x240004e8                        __bss_end__ = _ebss

._user_heap_stack
                0x240004e8      0x600 load address 0x0800a5f8
                0x240004e8                        . = ALIGN (0x8)
                [!provide]                        PROVIDE (end = .)
                0x240004e8                        PROVIDE (_end = .)
                0x240006e8                        . = (. + _Min_Heap_Size)
 *fill*         0x240004e8      0x200 
                0x24000ae8                        . = (. + _Min_Stack_Size)
 *fill*         0x240006e8      0x400 
                0x24000ae8                        . = ALIGN (0x8)

/DISCARD/
 libc.a(*)
 libm.a(*)
 libgcc.a(*)

.ARM.attributes
                0x00000000       0x2e
 *(.ARM.attributes)
 .ARM.attributes
                0x00000000       0x20 /opt/st/stm32cubeide_2.0.0_3/plugins/com.st.stm32cube.ide.mcu.externaltools.gnu-tools-for-stm32.13.3.rel1.linux64_1.0.100.202509120712/tools/bin/../lib/gcc/arm-none-eabi/13.3.1/thumb/v7e-m+dp/hard/crti.o
 .ARM.attributes
                0x00000020       0x32 /opt/st/stm32cubeide_2.0.0_3/plugins/com.st.stm32cube.ide.mcu.externaltools.gnu-tools-for-stm32.13.3.rel1.linux64_1.0.100.202509120712/tools/bin/../lib/gcc/arm-none-eabi/13.3.1/thumb/v7e-m+dp/hard/crtbegin.o
 .ARM.attributes
                0x00000052       0x32 ./Core/Src/main.o
 .ARM.attributes
                0x00000084       0x32 ./Core/Src/pca9685.o
 .ARM.attributes
                0x000000b6       0x32 ./Core/Src/stm32h7xx_hal_msp.o
 .ARM.attributes
                0x000000e8       0x32 ./Core/Src/stm32h7xx_it.o
 .ARM.attributes
                0x0000011a       0x32 ./Core/Src/syscalls.o
 .ARM.attributes
                0x0000014c       0x32 ./Core/Src/sysmem.o
 .ARM.attributes
                0x0000017e       0x32 ./Core/Src/system_stm32h7xx.o
 .ARM.attributes
                0x000001b0       0x21 ./Core/Startup/startup_stm32h743zitx.o
 .ARM.attributes
                0x000001d1       0x32 ./Drivers/STM32H7xx_HAL_Driver/Src/stm32h7xx_hal.o
 .ARM.attributes
                0x00000203       0x32 ./Drivers/STM32H7xx_HAL_Driver/Src/stm32h7xx_hal_adc.o
 .ARM.attributes
                0x00000235       0x32 ./Drivers/STM32H7xx_HAL_Driver/Src/stm32h7xx_hal_adc_ex.o
 .ARM.attributes
                0x00000267       0x32 ./Drivers/STM32H7xx_HAL_Driver/Src/stm32h7xx_hal_cortex.o
 .ARM.attributes
                0x00000299       0x32 ./Drivers/STM32H7xx_HAL_Driver/Src/stm32h7xx_hal_gpio.o
 .ARM.attributes
                0x000002cb       0x32 ./Drivers/STM32H7xx_HAL_Driver/Src/stm32h7xx_hal_i2c.o
 .ARM.attributes
                0x000002fd       0x32 ./Drivers/STM32H7xx_HAL_Driver/Src/stm32h7xx_hal_i2c_ex.o
 .ARM.attributes
                0x0000032f       0x32 ./Drivers/STM32H7xx_HAL_Driver/Src/stm32h7xx_hal_pwr_ex.o
 .ARM.attributes
                0x00000361       0x32 ./Drivers/STM32H7xx_HAL_Driver/Src/stm32h7xx_hal_rcc.o
 .ARM.attributes
                0x00000393       0x32 ./Drivers/STM32H7xx_HAL_Driver/Src/stm32h7xx_hal_rcc_ex.o
 .ARM.attributes
                0x000003c5       0x32 ./Drivers/STM32H7xx_HAL_Driver/Src/stm32h7xx_hal_uart.o
 .ARM.attributes
                0x000003f7       0x32 ./Drivers/STM32H7xx_HAL_Driver/Src/stm32h7xx_hal_uart_ex.o
 .ARM.attributes
                0x00000429       0x32 /opt/st/stm32cubeide_2.0.0_3/plugins/com.st.stm32cube.ide.mcu.externaltools.gnu-tools-for-stm32.13.3.rel1.linux64_1.0.100.202509120712/tools/bin/../lib/gcc/arm-none-eabi/13.3.1/../../../../arm-none-eabi/lib/thumb/v7e-m+dp/hard/libc_nano.a(libc_a-strtol.o)
 .ARM.attributes
                0x0000045b       0x32 /opt/st/stm32cubeide_2.0.0_3/plugins/com.st.stm32cube.ide.mcu.externaltools.gnu-tools-for-stm32.13.3.rel1.linux64_1.0.100.202509120712/tools/bin/../lib/gcc/arm-none-eabi/13.3.1/../../../../arm-none-eabi/lib/thumb/v7e-m+dp/hard/libc_nano.a(libc_a-ctype_.o)
 .ARM.attributes
                0x0000048d       0x32 /opt/st/stm32cubeide_2.0.0_3/plugins/com.st.stm32cube.ide.mcu.externaltools.gnu-tools-for-stm32.13.3.rel1.linux64_1.0.100.202509120712/tools/bin/../lib/gcc/arm-none-eabi/13.3.1/../../../../arm-none-eabi/lib/thumb/v7e-m+dp/hard/libc_nano.a(libc_a-findfp.o)
 .ARM.attributes
                0x000004bf       0x32 /opt/st/stm32cubeide_2.0.0_3/plugins/com.st.stm32cube.ide.mcu.externaltools.gnu-tools-for-stm32.13.3.rel1.linux64_1.0.100.202509120712/tools/bin/../lib/gcc/arm-none-eabi/13.3.1/../../../../arm-none-eabi/lib/thumb/v7e-m+dp/hard/libc_nano.a(libc_a-fwalk.o)
 .ARM.attributes
                0x000004f1       0x32 /opt/st/stm32cubeide_2.0.0_3/plugins/com.st.stm32cube.ide.mcu.externaltools.gnu-tools-for-stm32.13.3.rel1.linux64_1.0.100.202509120712/tools/bin/../lib/gcc/arm-none-eabi/13.3.1/../../../../arm-none-eabi/lib/thumb/v7e-m+dp/hard/libc_nano.a(libc_a-printf.o)
 .ARM.attributes
                0x00000523       0x32 /opt/st/stm32cubeide_2.0.0_3/plugins/com.st.stm32cube.ide.mcu.externaltools.gnu-tools-for-stm32.13.3.rel1.linux64_1.0.100.202509120712/tools/bin/../lib/gcc/arm-none-eabi/13.3.1/../../../../arm-none-eabi/lib/thumb/v7e-m+dp/hard/libc_nano.a(libc_a-puts.o)
 .ARM.attributes
                0x00000555       0x32 /opt/st/stm32cubeide_2.0.0_3/plugins/com.st.stm32cube.ide.mcu.externaltools.gnu-tools-for-stm32.13.3.rel1.linux64_1.0.100.202509120712/tools/bin/../lib/gcc/arm-none-eabi/13.3.1/../../../../arm-none-eabi/lib/thumb/v7e-m+dp/hard/libc_nano.a(libc_a-setvbuf.o)
 .ARM.attributes
                0x00000587       0x32 /opt/st/stm32cubeide_2.0.0_3/plugins/com.st.stm32cube.ide.mcu.externaltools.gnu-tools-for-stm32.13.3.rel1.linux64_1.0.100.202509120712/tools/bin/../lib/gcc/arm-none-eabi/13.3.1/../../../../arm-none-eabi/lib/thumb/v7e-m+dp/hard/libc_nano.a(libc_a-stdio.o)
 .ARM.attributes
                0x000005b9       0x32 /opt/st/stm32cubeide_2.0.0_3/plugins/com.st.stm32cube.ide.mcu.externaltools.gnu-tools-for-stm32.13.3.rel1.linux64_1.0.100.202509120712/tools/bin/../lib/gcc/arm-none-eabi/13.3.1/../../../../arm-none-eabi/lib/thumb/v7e-m+dp/hard/libc_nano.a(libc_a-wbuf.o)
 .ARM.attributes
                0x000005eb       0x32 /opt/st/stm32cubeide_2.0.0_3/plugins/com.st.stm32cube.ide.mcu.externaltools.gnu-tools-for-stm32.13.3.rel1.linux64_1.0.100.202509120712/tools/bin/../lib/gcc/arm-none-eabi/13.3.1/../../../../arm-none-eabi/lib/thumb/v7e-m+dp/hard/libc_nano.a(libc_a-wsetup.o)
 .ARM.attributes
                0x0000061d       0x32 /opt/st/stm32cubeide_2.0.0_3/plugins/com.st.stm32cube.ide.mcu.externaltools.gnu-tools-for-stm32.13.3.rel1.linux64_1.0.100.202509120712/tools/bin/../lib/gcc/arm-none-eabi/13.3.1/../../../../arm-none-eabi/lib/thumb/v7e-m+dp/hard/libc_nano.a(libc_a-memset.o)
 .ARM.attributes
                0x0000064f       0x32 /opt/st/stm32cubeide_2.0.0_3/plugins/com.st.stm32cube.ide.mcu.externaltools.gnu-tools-for-stm32.13.3.rel1.linux64_1.0.100.202509120712/tools/bin/../lib/gcc/arm-none-eabi/13.3.1/../../../../arm-none-eabi/lib/thumb/v7e-m+dp/hard/libc_nano.a(libc_a-closer.o)
 .ARM.attributes
                0x00000681       0x32 /opt/st/stm32cubeide_2.0.0_3/plugins/com.st.stm32cube.ide.mcu.externaltools.gnu-tools-for-stm32.13.3.rel1.linux64_1.0.100.202509120712/tools/bin/../lib/gcc/arm-none-eabi/13.3.1/../../../../arm-none-eabi/lib/thumb/v7e-m+dp/hard/libc_nano.a(libc_a-reent.o)
 .ARM.attributes
                0x000006b3       0x32 /opt/st/stm32cubeide_2.0.0_3/plugins/com.st.stm32cube.ide.mcu.externaltools.gnu-tools-for-stm32.13.3.rel1.linux64_1.0.100.202509120712/tools/bin/../lib/gcc/arm-none-eabi/13.3.1/../../../../arm-none-eabi/lib/thumb/v7e-m+dp/hard/libc_nano.a(libc_a-impure.o)
 .ARM.attributes
                0x000006e5       0x32 /opt/st/stm32cubeide_2.0.0_3/plugins/com.st.stm32cube.ide.mcu.externaltools.gnu-tools-for-stm32.13.3.rel1.linux64_1.0.100.202509120712/tools/bin/../lib/gcc/arm-none-eabi/13.3.1/../../../../arm-none-eabi/lib/thumb/v7e-m+dp/hard/libc_nano.a(libc_a-lseekr.o)
 .ARM.attributes
                0x00000717       0x32 /opt/st/stm32cubeide_2.0.0_3/plugins/com.st.stm32cube.ide.mcu.externaltools.gnu-tools-for-stm32.13.3.rel1.linux64_1.0.100.202509120712/tools/bin/../lib/gcc/arm-none-eabi/13.3.1/../../../../arm-none-eabi/lib/thumb/v7e-m+dp/hard/libc_nano.a(libc_a-readr.o)
 .ARM.attributes
                0x00000749       0x32 /opt/st/stm32cubeide_2.0.0_3/plugins/com.st.stm32cube.ide.mcu.externaltools.gnu-tools-for-stm32.13.3.rel1.linux64_1.0.100.202509120712/tools/bin/../lib/gcc/arm-none-eabi/13.3.1/../../../../arm-none-eabi/lib/thumb/v7e-m+dp/hard/libc_nano.a(libc_a-writer.o)
 .ARM.attributes
                0x0000077b       0x32 /opt/st/stm32cubeide_2.0.0_3/plugins/com.st.stm32cube.ide.mcu.externaltools.gnu-tools-for-stm32.13.3.rel1.linux64_1.0.100.202509120712/tools/bin/../lib/gcc/arm-none-eabi/13.3.1/../../../../arm-none-eabi/lib/thumb/v7e-m+dp/hard/libc_nano.a(libc_a-errno.o)
 .ARM.attributes
                0x000007ad       0x32 /opt/st/stm32cubeide_2.0.0_3/plugins/com.st.stm32cube.ide.mcu.externaltools.gnu-tools-for-stm32.13.3.rel1.linux64_1.0.100.202509120712/tools/bin/../lib/gcc/arm-none-eabi/13.3.1/../../../../arm-none-eabi/lib/thumb/v7e-m+dp/hard/libc_nano.a(libc_a-init.o)
 .ARM.attributes
                0x000007df       0x32 /opt/st/stm32cubeide_2.0.0_3/plugins/com.st.stm32cube.ide.mcu.externaltools.gnu-tools-for-stm32.13.3.rel1.linux64_1.0.100.202509120712/tools/bin/../lib/gcc/arm-none-eabi/13.3.1/../../../../arm-none-eabi/lib/thumb/v7e-m+dp/hard/libc_nano.a(libc_a-lock.o)
 .ARM.attributes
                0x00000811       0x32 /opt/st/stm32cubeide_2.0.0_3/plugins/com.st.stm32cube.ide.mcu.externaltools.gnu-tools-for-stm32.13.3.rel1.linux64_1.0.100.202509120712/tools/bin/../lib/gcc/arm-none-eabi/13.3.1/../../../../arm-none-eabi/lib/thumb/v7e-m+dp/hard/libc_nano.a(libc_a-freer.o)
 .ARM.attributes
                0x00000843       0x32 /opt/st/stm32cubeide_2.0.0_3/plugins/com.st.stm32cube.ide.mcu.externaltools.gnu-tools-for-stm32.13.3.rel1.linux64_1.0.100.202509120712/tools/bin/../lib/gcc/arm-none-eabi/13.3.1/../../../../arm-none-eabi/lib/thumb/v7e-m+dp/hard/libc_nano.a(libc_a-malloc.o)
 .ARM.attributes
                0x00000875       0x32 /opt/st/stm32cubeide_2.0.0_3/plugins/com.st.stm32cube.ide.mcu.externaltools.gnu-tools-for-stm32.13.3.rel1.linux64_1.0.100.202509120712/tools/bin/../lib/gcc/arm-none-eabi/13.3.1/../../../../arm-none-eabi/lib/thumb/v7e-m+dp/hard/libc_nano.a(libc_a-mallocr.o)
 .ARM.attributes
                0x000008a7       0x32 /opt/st/stm32cubeide_2.0.0_3/plugins/com.st.stm32cube.ide.mcu.externaltools.gnu-tools-for-stm32.13.3.rel1.linux64_1.0.100.202509120712/tools/bin/../lib/gcc/arm-none-eabi/13.3.1/../../../../arm-none-eabi/lib/thumb/v7e-m+dp/hard/libc_nano.a(libc_a-mlock.o)
 .ARM.attributes
                0x000008d9       0x32 /opt/st/stm32cubeide_2.0.0_3/plugins/com.st.stm32cube.ide.mcu.externaltools.gnu-tools-for-stm32.13.3.rel1.linux64_1.0.100.202509120712/tools/bin/../lib/gcc/arm-none-eabi/13.3.1/../../../../arm-none-eabi/lib/thumb/v7e-m+dp/hard/libc_nano.a(libc_a-nano-vfprintf.o)
 .ARM.attributes
                0x0000090b       0x32 /opt/st/stm32cubeide_2.0.0_3/plugins/com.st.stm32cube.ide.mcu.externaltools.gnu-tools-for-stm32.13.3.rel1.linux64_1.0.100.202509120712/tools/bin/../lib/gcc/arm-none-eabi/13.3.1/../../../../arm-none-eabi/lib/thumb/v7e-m+dp/hard/libc_nano.a(libc_a-nano-vfprintf_i.o)
 .ARM.attributes
                0x0000093d       0x32 /opt/st/stm32cubeide_2.0.0_3/plugins/com.st.stm32cube.ide.mcu.externaltools.gnu-tools-for-stm32.13.3.rel1.linux64_1.0.100.202509120712/tools/bin/../lib/gcc/arm-none-eabi/13.3.1/../../../../arm-none-eabi/lib/thumb/v7e-m+dp/hard/libc_nano.a(libc_a-fflush.o)
 .ARM.attributes
                0x0000096f       0x32 /opt/st/stm32cubeide_2.0.0_3/plugins/com.st.stm32cube.ide.mcu.externaltools.gnu-tools-for-stm32.13.3.rel1.linux64_1.0.100.202509120712/tools/bin/../lib/gcc/arm-none-eabi/13.3.1/../../../../arm-none-eabi/lib/thumb/v7e-m+dp/hard/libc_nano.a(libc_a-makebuf.o)
 .ARM.attributes
                0x000009a1       0x32 /opt/st/stm32cubeide_2.0.0_3/plugins/com.st.stm32cube.ide.mcu.externaltools.gnu-tools-for-stm32.13.3.rel1.linux64_1.0.100.202509120712/tools/bin/../lib/gcc/arm-none-eabi/13.3.1/../../../../arm-none-eabi/lib/thumb/v7e-m+dp/hard/libc_nano.a(libc_a-fstatr.o)
 .ARM.attributes
                0x000009d3       0x32 /opt/st/stm32cubeide_2.0.0_3/plugins/com.st.stm32cube.ide.mcu.externaltools.gnu-tools-for-stm32.13.3.rel1.linux64_1.0.100.202509120712/tools/bin/../lib/gcc/arm-none-eabi/13.3.1/../../../../arm-none-eabi/lib/thumb/v7e-m+dp/hard/libc_nano.a(libc_a-isattyr.o)
 .ARM.attributes
                0x00000a05       0x32 /opt/st/stm32cubeide_2.0.0_3/plugins/com.st.stm32cube.ide.mcu.externaltools.gnu-tools-for-stm32.13.3.rel1.linux64_1.0.100.202509120712/tools/bin/../lib/gcc/arm-none-eabi/13.3.1/../../../../arm-none-eabi/lib/thumb/v7e-m+dp/hard/libc_nano.a(libc_a-sbrkr.o)
 .ARM.attributes
                0x00000a37       0x1c /opt/st/stm32cubeide_2.0.0_3/plugins/com.st.stm32cube.ide.mcu.externaltools.gnu-tools-for-stm32.13.3.rel1.linux64_1.0.100.202509120712/tools/bin/../lib/gcc/arm-none-eabi/13.3.1/../../../../arm-none-eabi/lib/thumb/v7e-m+dp/hard/libc_nano.a(libc_a-memchr.o)
 .ARM.attributes
                0x00000a53       0x32 /opt/st/stm32cubeide_2.0.0_3/plugins/com.st.stm32cube.ide.mcu.externaltools.gnu-tools-for-stm32.13.3.rel1.linux64_1.0.100.202509120712/tools/bin/../lib/gcc/arm-none-eabi/13.3.1/../../../../arm-none-eabi/lib/thumb/v7e-m+dp/hard/libm.a(libm_a-sf_round.o)
 .ARM.attributes
                0x00000a85       0x20 /opt/st/stm32cubeide_2.0.0_3/plugins/com.st.stm32cube.ide.mcu.externaltools.gnu-tools-for-stm32.13.3.rel1.linux64_1.0.100.202509120712/tools/bin/../lib/gcc/arm-none-eabi/13.3.1/thumb/v7e-m+dp/hard/libgcc.a(_aeabi_uldivmod.o)
 .ARM.attributes
                0x00000aa5       0x32 /opt/st/stm32cubeide_2.0.0_3/plugins/com.st.stm32cube.ide.mcu.externaltools.gnu-tools-for-stm32.13.3.rel1.linux64_1.0.100.202509120712/tools/bin/../lib/gcc/arm-none-eabi/13.3.1/thumb/v7e-m+dp/hard/libgcc.a(_udivmoddi4.o)
 .ARM.attributes
                0x00000ad7       0x20 /opt/st/stm32cubeide_2.0.0_3/plugins/com.st.stm32cube.ide.mcu.externaltools.gnu-tools-for-stm32.13.3.rel1.linux64_1.0.100.202509120712/tools/bin/../lib/gcc/arm-none-eabi/13.3.1/thumb/v7e-m+dp/hard/libgcc.a(_dvmd_tls.o)
 .ARM.attributes
                0x00000af7       0x20 /opt/st/stm32cubeide_2.0.0_3/plugins/com.st.stm32cube.ide.mcu.externaltools.gnu-tools-for-stm32.13.3.rel1.linux64_1.0.100.202509120712/tools/bin/../lib/gcc/arm-none-eabi/13.3.1/thumb/v7e-m+dp/hard/crtn.o
OUTPUT(i2c_scanner.elf elf32-littlearm)
LOAD linker stubs
LOAD /opt/st/stm32cubeide_2.0.0_3/plugins/com.st.stm32cube.ide.mcu.externaltools.gnu-tools-for-stm32.13.3.rel1.linux64_1.0.100.202509120712/tools/bin/../lib/gcc/arm-none-eabi/13.3.1/../../../../arm-none-eabi/lib/thumb/v7e-m+dp/hard/libc.a
LOAD /opt/st/stm32cubeide_2.0.0_3/plugins/com.st.stm32cube.ide.mcu.externaltools.gnu-tools-for-stm32.13.3.rel1.linux64_1.0.100.202509120712/tools/bin/../lib/gcc/arm-none-eabi/13.3.1/../../../../arm-none-eabi/lib/thumb/v7e-m+dp/hard/libm.a
LOAD /opt/st/stm32cubeide_2.0.0_3/plugins/com.st.stm32cube.ide.mcu.externaltools.gnu-tools-for-stm32.13.3.rel1.linux64_1.0.100.202509120712/tools/bin/../lib/gcc/arm-none-eabi/13.3.1/thumb/v7e-m+dp/hard/libgcc.a

.debug_info     0x00000000    0x19118
 .debug_info    0x00000000     0x2b6c ./Core/Src/main.o
 .debug_info    0x00002b6c      0xb21 ./Core/Src/pca9685.o
 .debug_info    0x0000368d     0x193d ./Core/Src/stm32h7xx_hal_msp.o
 .debug_info    0x00004fca      0x128 ./Core/Src/stm32h7xx_it.o
 .debug_info    0x000050f2      0x6a3 ./Core/Src/syscalls.o
 .debug_info    0x00005795      0x168 ./Core/Src/sysmem.o
 .debug_info    0x000058fd      0xdb2 ./Core/Src/system_stm32h7xx.o
 .debug_info    0x000066af       0x30 ./Core/Startup/startup_stm32h743zitx.o
 .debug_info    0x000066df     0x153b ./Drivers/STM32H7xx_HAL_Driver/Src/stm32h7xx_hal.o
 .debug_info    0x00007c1a     0x1d84 ./Drivers/STM32H7xx_HAL_Driver/Src/stm32h7xx_hal_adc.o
 .debug_info    0x0000999e     0x1ea5 ./Drivers/STM32H7xx_HAL_Driver/Src/stm32h7xx_hal_adc_ex.o
 .debug_info    0x0000b843     0x10b1 ./Drivers/STM32H7xx_HAL_Driver/Src/stm32h7xx_hal_cortex.o
 .debug_info    0x0000c8f4      0xc5a ./Drivers/STM32H7xx_HAL_Driver/Src/stm32h7xx_hal_gpio.o
 .debug_info    0x0000d54e     0x22c9 ./Drivers/STM32H7xx_HAL_Driver/Src/stm32h7xx_hal_i2c.o
 .debug_info    0x0000f817      0xd84 ./Drivers/STM32H7xx_HAL_Driver/Src/stm32h7xx_hal_i2c_ex.o
 .debug_info    0x0001059b     0x1012 ./Drivers/STM32H7xx_HAL_Driver/Src/stm32h7xx_hal_pwr_ex.o
 .debug_info    0x000115ad      0xe6a ./Drivers/STM32H7xx_HAL_Driver/Src/stm32h7xx_hal_rcc.o
 .debug_info    0x00012417     0x1225 ./Drivers/STM32H7xx_HAL_Driver/Src/stm32h7xx_hal_rcc_ex.o
 .debug_info    0x0001363c     0x4b1d ./Drivers/STM32H7xx_HAL_Driver/Src/stm32h7xx_hal_uart.o
 .debug_info    0x00018159      0xfbf ./Drivers/STM32H7xx_HAL_Driver/Src/stm32h7xx_hal_uart_ex.o

.debug_abbrev   0x00000000     0x2c45
 .debug_abbrev  0x00000000      0x38c ./Core/Src/main.o
 .debug_abbrev  0x0000038c      0x204 ./Core/Src/pca9685.o
 .debug_abbrev  0x00000590      0x250 ./Core/Src/stm32h7xx_hal_msp.o
 .debug_abbrev  0x000007e0       0x73 ./Core/Src/stm32h7xx_it.o
 .debug_abbrev  0x00000853      0x1b6 ./Core/Src/syscalls.o
 .debug_abbrev  0x00000a09       0xbc ./Core/Src/sysmem.o
 .debug_abbrev  0x00000ac5      0x165 ./Core/Src/system_stm32h7xx.o
 .debug_abbrev  0x00000c2a       0x24 ./Core/Startup/startup_stm32h743zitx.o
 .debug_abbrev  0x00000c4e      0x295 ./Drivers/STM32H7xx_HAL_Driver/Src/stm32h7xx_hal.o
 .debug_abbrev  0x00000ee3      0x2d1 ./Drivers/STM32H7xx_HAL_Driver/Src/stm32h7xx_hal_adc.o
 .debug_abbrev  0x000011b4      0x31a ./Drivers/STM32H7xx_HAL_Driver/Src/stm32h7xx_hal_adc_ex.o
 .debug_abbrev  0x000014ce      0x339 ./Drivers/STM32H7xx_HAL_Driver/Src/stm32h7xx_hal_cortex.o
 .debug_abbrev  0x00001807      0x205 ./Drivers/STM32H7xx_HAL_Driver/Src/stm32h7xx_hal_gpio.o
 .debug_abbrev  0x00001a0c      0x25d ./Drivers/STM32H7xx_HAL_Driver/Src/stm32h7xx_hal_i2c.o
 .debug_abbrev  0x00001c69      0x1f5 ./Drivers/STM32H7xx_HAL_Driver/Src/stm32h7xx_hal_i2c_ex.o
 .debug_abbrev  0x00001e5e      0x2a7 ./Drivers/STM32H7xx_HAL_Driver/Src/stm32h7xx_hal_pwr_ex.o
 .debug_abbrev  0x00002105      0x2c8 ./Drivers/STM32H7xx_HAL_Driver/Src/stm32h7xx_hal_rcc.o
 .debug_abbrev  0x000023cd      0x269 ./Drivers/STM32H7xx_HAL_Driver/Src/stm32h7xx_hal_rcc_ex.o
 .debug_abbrev  0x00002636      0x33d ./Drivers/STM32H7xx_HAL_Driver/Src/stm32h7xx_hal_uart.o
 .debug_abbrev  0x00002973      0x2d2 ./Drivers/STM32H7xx_HAL_Driver/Src/stm32h7xx_hal_uart_ex.o

.debug_aranges  0x00000000     0x12b0
 .debug_aranges
                0x00000000       0x90 ./Core/Src/main.o
 .debug_aranges
                0x00000090       0x70 ./Core/Src/pca9685.o
 .debug_aranges
                0x00000100       0x50 ./Core/Src/stm32h7xx_hal_msp.o
 .debug_aranges
                0x00000150       0x60 ./Core/Src/stm32h7xx_it.o
 .debug_aranges
                0x000001b0       0xa8 ./Core/Src/syscalls.o
 .debug_aranges
                0x00000258       0x20 ./Core/Src/sysmem.o
 .debug_aranges
                0x00000278       0x30 ./Core/Src/system_stm32h7xx.o
 .debug_aranges
                0x000002a8       0x28 ./Core/Startup/startup_stm32h743zitx.o
 .debug_aranges
                0x000002d0      0x198 ./Drivers/STM32H7xx_HAL_Driver/Src/stm32h7xx_hal.o
 .debug_aranges
                0x00000468      0x230 ./Drivers/STM32H7xx_HAL_Driver/Src/stm32h7xx_hal_adc.o
 .debug_aranges
                0x00000698      0x1e0 ./Drivers/STM32H7xx_HAL_Driver/Src/stm32h7xx_hal_adc_ex.o
 .debug_aranges
                0x00000878      0x130 ./Drivers/STM32H7xx_HAL_Driver/Src/stm32h7xx_hal_cortex.o
 .debug_aranges
                0x000009a8       0x58 ./Drivers/STM32H7xx_HAL_Driver/Src/stm32h7xx_hal_gpio.o
 .debug_aranges
                0x00000a00      0x2a0 ./Drivers/STM32H7xx_HAL_Driver/Src/stm32h7xx_hal_i2c.o
 .debug_aranges
                0x00000ca0       0x48 ./Drivers/STM32H7xx_HAL_Driver/Src/stm32h7xx_hal_i2c_ex.o
 .debug_aranges
                0x00000ce8      0x158 ./Drivers/STM32H7xx_HAL_Driver/Src/stm32h7xx_hal_pwr_ex.o
 .debug_aranges
                0x00000e40       0x88 ./Drivers/STM32H7xx_HAL_Driver/Src/stm32h7xx_hal_rcc.o
 .debug_aranges
                0x00000ec8       0xf8 ./Drivers/STM32H7xx_HAL_Driver/Src/stm32h7xx_hal_rcc_ex.o
 .debug_aranges
                0x00000fc0      0x248 ./Drivers/STM32H7xx_HAL_Driver/Src/stm32h7xx_hal_uart.o
 .debug_aranges
                0x00001208       0xa8 ./Drivers/STM32H7xx_HAL_Driver/Src/stm32h7xx_hal_uart_ex.o

.debug_rnglists
                0x00000000      0xe8c
 .debug_rnglists
                0x00000000       0x7e ./Core/Src/main.o
 .debug_rnglists
                0x0000007e       0x53 ./Core/Src/pca9685.o
 .debug_rnglists
                0x000000d1       0x3b ./Core/Src/stm32h7xx_hal_msp.o
 .debug_rnglists
                0x0000010c       0x43 ./Core/Src/stm32h7xx_it.o
 .debug_rnglists
                0x0000014f       0x79 ./Core/Src/syscalls.o
 .debug_rnglists
                0x000001c8       0x13 ./Core/Src/sysmem.o
 .debug_rnglists
                0x000001db       0x21 ./Core/Src/system_stm32h7xx.o
 .debug_rnglists
                0x000001fc       0x19 ./Core/Startup/startup_stm32h743zitx.o
 .debug_rnglists
                0x00000215      0x131 ./Drivers/STM32H7xx_HAL_Driver/Src/stm32h7xx_hal.o
 .debug_rnglists
                0x00000346      0x1af ./Drivers/STM32H7xx_HAL_Driver/Src/stm32h7xx_hal_adc.o
 .debug_rnglists
                0x000004f5      0x175 ./Drivers/STM32H7xx_HAL_Driver/Src/stm32h7xx_hal_adc_ex.o
 .debug_rnglists
                0x0000066a       0xe0 ./Drivers/STM32H7xx_HAL_Driver/Src/stm32h7xx_hal_cortex.o
 .debug_rnglists
                0x0000074a       0x3f ./Drivers/STM32H7xx_HAL_Driver/Src/stm32h7xx_hal_gpio.o
 .debug_rnglists
                0x00000789      0x22a ./Drivers/STM32H7xx_HAL_Driver/Src/stm32h7xx_hal_i2c.o
 .debug_rnglists
                0x000009b3       0x35 ./Drivers/STM32H7xx_HAL_Driver/Src/stm32h7xx_hal_i2c_ex.o
 .debug_rnglists
                0x000009e8      0x103 ./Drivers/STM32H7xx_HAL_Driver/Src/stm32h7xx_hal_pwr_ex.o
 .debug_rnglists
                0x00000aeb       0x68 ./Drivers/STM32H7xx_HAL_Driver/Src/stm32h7xx_hal_rcc.o
 .debug_rnglists
                0x00000b53       0xc0 ./Drivers/STM32H7xx_HAL_Driver/Src/stm32h7xx_hal_rcc_ex.o
 .debug_rnglists
                0x00000c13      0x1fa ./Drivers/STM32H7xx_HAL_Driver/Src/stm32h7xx_hal_uart.o
 .debug_rnglists
                0x00000e0d       0x7f ./Drivers/STM32H7xx_HAL_Driver/Src/stm32h7xx_hal_uart_ex.o

.debug_macro    0x00000000    0x37cdf
 .debug_macro   0x00000000      0x366 ./Core/Src/main.o
 .debug_macro   0x00000366      0x238 ./Core/Src/main.o
 .debug_macro   0x0000059e       0x2e ./Core/Src/main.o
 .debug_macro   0x000005cc       0x3b ./Core/Src/main.o
 .debug_macro   0x00000607       0x1c ./Core/Src/main.o
 .debug_macro   0x00000623       0x22 ./Core/Src/main.o
 .debug_macro   0x00000645       0xfb ./Core/Src/main.o
 .debug_macro   0x00000740     0x1305 ./Core/Src/main.o
 .debug_macro   0x00001a45      0x11f ./Core/Src/main.o
 .debug_macro   0x00001b64       0x27 ./Core/Src/main.o
 .debug_macro   0x00001b8b    0x25b9b ./Core/Src/main.o
 .debug_macro   0x00027726       0x6d ./Core/Src/main.o
 .debug_macro   0x00027793     0x3d79 ./Core/Src/main.o
 .debug_macro   0x0002b50c       0x5d ./Core/Src/main.o
 .debug_macro   0x0002b569     0x2382 ./Core/Src/main.o
 .debug_macro   0x0002d8eb     0x102c ./Core/Src/main.o
 .debug_macro   0x0002e917      0x154 ./Core/Src/main.o
 .debug_macro   0x0002ea6b      0x114 ./Core/Src/main.o
 .debug_macro   0x0002eb7f      0x3b6 ./Core/Src/main.o
 .debug_macro   0x0002ef35       0xac ./Core/Src/main.o
 .debug_macro   0x0002efe1      0x72d ./Core/Src/main.o
 .debug_macro   0x0002f70e      0x228 ./Core/Src/main.o
 .debug_macro   0x0002f936       0x66 ./Core/Src/main.o
 .debug_macro   0x0002f99c      0x3bb ./Core/Src/main.o
 .debug_macro   0x0002fd57      0x3e4 ./Core/Src/main.o
 .debug_macro   0x0003013b      0x275 ./Core/Src/main.o
 .debug_macro   0x000303b0     0x1044 ./Core/Src/main.o
 .debug_macro   0x000313f4      0x6cc ./Core/Src/main.o
 .debug_macro   0x00031ac0      0x383 ./Core/Src/main.o
 .debug_macro   0x00031e43      0x3ca ./Core/Src/main.o
 .debug_macro   0x0003220d      0x408 ./Core/Src/main.o
 .debug_macro   0x00032615       0x51 ./Core/Src/main.o
 .debug_macro   0x00032666       0x4a ./Core/Src/main.o
 .debug_macro   0x000326b0      0x22c ./Core/Src/main.o
 .debug_macro   0x000328dc       0x67 ./Core/Src/main.o
 .debug_macro   0x00032943       0xa5 ./Core/Src/main.o
 .debug_macro   0x000329e8      0x1c4 ./Core/Src/main.o
 .debug_macro   0x00032bac      0x25e ./Core/Src/main.o
 .debug_macro   0x00032e0a       0x35 ./Core/Src/main.o
 .debug_macro   0x00032e3f      0x693 ./Core/Src/main.o
 .debug_macro   0x000334d2       0xa6 ./Core/Src/main.o
 .debug_macro   0x00033578      0x5ac ./Core/Src/main.o
 .debug_macro   0x00033b24      0x11e ./Core/Src/main.o
 .debug_macro   0x00033c42       0x58 ./Core/Src/main.o
 .debug_macro   0x00033c9a       0x1c ./Core/Src/main.o
 .debug_macro   0x00033cb6       0x3c ./Core/Src/main.o
 .debug_macro   0x00033cf2       0x10 ./Core/Src/main.o
 .debug_macro   0x00033d02       0x1c ./Core/Src/main.o
 .debug_macro   0x00033d1e       0x16 ./Core/Src/main.o
 .debug_macro   0x00033d34      0x146 ./Core/Src/main.o
 .debug_macro   0x00033e7a       0x16 ./Core/Src/main.o
 .debug_macro   0x00033e90       0x20 ./Core/Src/main.o
 .debug_macro   0x00033eb0       0x16 ./Core/Src/main.o
 .debug_macro   0x00033ec6       0x16 ./Core/Src/main.o
 .debug_macro   0x00033edc       0x29 ./Core/Src/main.o
 .debug_macro   0x00033f05      0x2ce ./Core/Src/pca9685.o
 .debug_macro   0x000341d3       0x52 ./Core/Src/pca9685.o
 .debug_macro   0x00034225       0x76 ./Core/Src/pca9685.o
 .debug_macro   0x0003429b      0x2c5 ./Core/Src/stm32h7xx_hal_msp.o
 .debug_macro   0x00034560      0x2cf ./Core/Src/stm32h7xx_it.o
 .debug_macro   0x0003482f      0x274 ./Core/Src/syscalls.o
 .debug_macro   0x00034aa3       0x5b ./Core/Src/syscalls.o
 .debug_macro   0x00034afe       0x94 ./Core/Src/syscalls.o
 .debug_macro   0x00034b92       0x57 ./Core/Src/syscalls.o
 .debug_macro   0x00034be9       0x10 ./Core/Src/syscalls.o
 .debug_macro   0x00034bf9       0x10 ./Core/Src/syscalls.o
 .debug_macro   0x00034c09       0x10 ./Core/Src/syscalls.o
 .debug_macro   0x00034c19       0x10 ./Core/Src/syscalls.o
 .debug_macro   0x00034c29       0x1c ./Core/Src/syscalls.o
 .debug_macro   0x00034c45       0x52 ./Core/Src/syscalls.o
 .debug_macro   0x00034c97       0x22 ./Core/Src/syscalls.o
 .debug_macro   0x00034cb9       0x10 ./Core/Src/syscalls.o
 .debug_macro   0x00034cc9       0x52 ./Core/Src/syscalls.o
 .debug_macro   0x00034d1b       0xcf ./Core/Src/syscalls.o
 .debug_macro   0x00034dea       0x1c ./Core/Src/syscalls.o
 .debug_macro   0x00034e06       0x3d ./Core/Src/syscalls.o
 .debug_macro   0x00034e43       0x35 ./Core/Src/syscalls.o
 .debug_macro   0x00034e78      0x12c ./Core/Src/syscalls.o
 .debug_macro   0x00034fa4       0x10 ./Core/Src/syscalls.o
 .debug_macro   0x00034fb4      0x242 ./Core/Src/syscalls.o
 .debug_macro   0x000351f6       0x10 ./Core/Src/syscalls.o
 .debug_macro   0x00035206      0x18a ./Core/Src/syscalls.o
 .debug_macro   0x00035390       0x16 ./Core/Src/syscalls.o
 .debug_macro   0x000353a6       0xce ./Core/Src/syscalls.o
 .debug_macro   0x00035474      0x112 ./Core/Src/sysmem.o
 .debug_macro   0x00035586      0x23c ./Core/Src/sysmem.o
 .debug_macro   0x000357c2      0x2b6 ./Core/Src/system_stm32h7xx.o
 .debug_macro   0x00035a78      0x2e0 ./Drivers/STM32H7xx_HAL_Driver/Src/stm32h7xx_hal.o
 .debug_macro   0x00035d58      0x2da ./Drivers/STM32H7xx_HAL_Driver/Src/stm32h7xx_hal_adc.o
 .debug_macro   0x00036032      0x2c2 ./Drivers/STM32H7xx_HAL_Driver/Src/stm32h7xx_hal_adc_ex.o
 .debug_macro   0x000362f4      0x2b6 ./Drivers/STM32H7xx_HAL_Driver/Src/stm32h7xx_hal_cortex.o