Archive member included to satisfy reference by file (symbol)

/opt/st/stm32cubeide_2.0.0_3/plugins/com.st.stm32cube.ide.mcu.externaltools.gnu-tools-for-stm32.13.3.rel1.linux64_1.0.100.202509120712/tools/bin/../lib/gcc/arm-none-eabi/13.3.1/../../../../arm-none-eabi/lib/thumb/v7e-m+dp/hard/libc_nano.a(libc_a-exit.o)
                              /opt/st/stm32cubeide_2.0.0_3/plugins/com.st.stm32cube.ide.mcu.externaltools.gnu-tools-for-stm32.13.3.rel1.linux64_1.0.100.202509120712/tools/bin/../lib/gcc/arm-none-eabi/13.3.1/../../../../arm-none-eabi/lib/thumb/v7e-m+dp/hard/crt0.o (exit)
/opt/st/stm32cubeide_2.0.0_3/plugins/com.st.stm32cube.ide.mcu.externaltools.gnu-tools-for-stm32.13.3.rel1.linux64_1.0.100.202509120712/tools/bin/../lib/gcc/arm-none-eabi/13.3.1/../../../../arm-none-eabi/lib/thumb/v7e-m+dp/hard/libc_nano.a(libc_a-findfp.o)
                              /opt/st/stm32cubeide_2.0.0_3/plugins/com.st.stm32cube.ide.mcu.externaltools.gnu-tools-for-stm32.13.3.rel1.linux64_1.0.100.202509120712/tools/bin/../lib/gcc/arm-none-eabi/13.3.1/../../../../arm-none-eabi/lib/thumb/v7e-m+dp/hard/libc_nano.a(libc_a-exit.o) (__stdio_exit_handler)
/opt/st/stm32cubeide_2.0.0_3/plugins/com.st.stm32cube.ide.mcu.externaltools.gnu-tools-for-stm32.13.3.rel1.linux64_1.0.100.202509120712/tools/bin/../lib/gcc/arm-none-eabi/13.3.1/../../../../arm-none-eabi/lib/thumb/v7e-m+dp/hard/libc_nano.a(libc_a-fwalk.o)
                              /opt/st/stm32cubeide_2.0.0_3/plugins/com.st.stm32cube.ide.mcu.externaltools.gnu-tools-for-stm32.13.3.rel1.linux64_1.0.100.202509120712/tools/bin/../lib/gcc/arm-none-eabi/13.3.1/../../../../arm-none-eabi/lib/thumb/v7e-m+dp/hard/libc_nano.a(libc_a-findfp.o) (_fwalk_sglue)
/opt/st/stm32cubeide_2.0.0_3/plugins/com.st.stm32cube.ide.mcu.externaltools.gnu-tools-for-stm32.13.3.rel1.linux64_1.0.100.202509120712/tools/bin/../lib/gcc/arm-none-eabi/13.3.1/../../../../arm-none-eabi/lib/thumb/v7e-m+dp/hard/libc_nano.a(libc_a-printf.o)
                              ./Core/Src/main.o (printf)
/opt/st/stm32cubeide_2.0.0_3/plugins/com.st.stm32cube.ide.mcu.externaltools.gnu-tools-for-stm32.13.3.rel1.linux64_1.0.100.202509120712/tools/bin/../lib/gcc/arm-none-eabi/13.3.1/../../../../arm-none-eabi/lib/thumb/v7e-m+dp/hard/libc_nano.a(libc_a-puts.o)
                              ./Core/Src/main.o (puts)
/opt/st/stm32cubeide_2.0.0_3/plugins/com.st.stm32cube.ide.mcu.externaltools.gnu-tools-for-stm32.13.3.rel1.linux64_1.0.100.202509120712/tools/bin/../lib/gcc/arm-none-eabi/13.3.1/../../../../arm-none-eabi/lib/thumb/v7e-m+dp/hard/libc_nano.a(libc_a-setvbuf.o)
                              ./Core/Src/main.o (setvbuf)
/opt/st/stm32cubeide_2.0.0_3/plugins/com.st.stm32cube.ide.mcu.externaltools.gnu-tools-for-stm32.13.3.rel1.linux64_1.0.100.202509120712/tools/bin/../lib/gcc/arm-none-eabi/13.3.1/../../../../arm-none-eabi/lib/thumb/v7e-m+dp/hard/libc_nano.a(libc_a-stdio.o)
                              /opt/st/stm32cubeide_2.0.0_3/plugins/com.st.stm32cube.ide.mcu.externaltools.gnu-tools-for-stm32.13.3.rel1.linux64_1.0.100.202509120712/tools/bin/../lib/gcc/arm-none-eabi/13.3.1/../../../../arm-none-eabi/lib/thumb/v7e-m+dp/hard/libc_nano.a(libc_a-findfp.o) (__sread)
/opt/st/stm32cubeide_2.0.0_3/plugins/com.st.stm32cube.ide.mcu.externaltools.gnu-tools-for-stm32.13.3.rel1.linux64_1.0.100.202509120712/tools/bin/../lib/gcc/arm-none-eabi/13.3.1/../../../../arm-none-eabi/lib/thumb/v7e-m+dp/hard/libc_nano.a(libc_a-wbuf.o)
                              /opt/st/stm32cubeide_2.0.0_3/plugins/com.st.stm32cube.ide.mcu.externaltools.gnu-tools-for-stm32.13.3.rel1.linux64_1.0.100.202509120712/tools/bin/../lib/gcc/arm-none-eabi/13.3.1/../../../../arm-none-eabi/lib/thumb/v7e-m+dp/hard/libc_nano.a(libc_a-puts.o) (__swbuf_r)
/opt/st/stm32cubeide_2.0.0_3/plugins/com.st.stm32cube.ide.mcu.externaltools.gnu-tools-for-stm32.13.3.rel1.linux64_1.0.100.202509120712/tools/bin/../lib/gcc/arm-none-eabi/13.3.1/../../../../arm-none-eabi/lib/thumb/v7e-m+dp/hard/libc_nano.a(libc_a-wsetup.o)
                              /opt/st/stm32cubeide_2.0.0_3/plugins/com.st.stm32cube.ide.mcu.externaltools.gnu-tools-for-stm32.13.3.rel1.linux64_1.0.100.202509120712/tools/bin/../lib/gcc/arm-none-eabi/13.3.1/../../../../arm-none-eabi/lib/thumb/v7e-m+dp/hard/libc_nano.a(libc_a-puts.o) (__swsetup_r)
/opt/st/stm32cubeide_2.0.0_3/plugins/com.st.stm32cube.ide.mcu.externaltools.gnu-tools-for-stm32.13.3.rel1.linux64_1.0.100.202509120712/tools/bin/../lib/gcc/arm-none-eabi/13.3.1/../../../../arm-none-eabi/lib/thumb/v7e-m+dp/hard/libc_nano.a(libc_a-memset.o)
                              /opt/st/stm32cubeide_2.0.0_3/plugins/com.st.stm32cube.ide.mcu.externaltools.gnu-tools-for-stm32.13.3.rel1.linux64_1.0.100.202509120712/tools/bin/../lib/gcc/arm-none-eabi/13.3.1/../../../../arm-none-eabi/lib/thumb/v7e-m+dp/hard/crt0.o (memset)
[...]
Memory Configuration

Name             Origin             Length             Attributes
FLASH            0x08000000         0x00200000         xr
DTCMRAM          0x20000000         0x00020000         xrw
RAM_D1           0x24000000         0x00080000         xrw
RAM_D2           0x30000000         0x00048000         xrw
RAM_D3           0x38000000         0x00010000         xrw
ITCMRAM          0x00000000         0x00010000         xrw
*default*        0x00000000         0xffffffff

Linker script and memory map

LOAD /opt/st/stm32cubeide_2.0.0_3/plugins/com.st.stm32cube.ide.mcu.externaltools.gnu-tools-for-stm32.13.3.rel1.linux64_1.0.100.202509120712/tools/bin/../lib/gcc/arm-none-eabi/13.3.1/thumb/v7e-m+dp/hard/crti.o
LOAD /opt/st/stm32cubeide_2.0.0_3/plugins/com.st.stm32cube.ide.mcu.externaltools.gnu-tools-for-stm32.13.3.rel1.linux64_1.0.100.202509120712/tools/bin/../lib/gcc/arm-none-eabi/13.3.1/thumb/v7e-m+dp/hard/crtbegin.o
LOAD /opt/st/stm32cubeide_2.0.0_3/plugins/com.st.stm32cube.ide.mcu.externaltools.gnu-tools-for-stm32.13.3.rel1.linux64_1.0.100.202509120712/tools/bin/../lib/gcc/arm-none-eabi/13.3.1/../../../../arm-none-eabi/lib/thumb/v7e-m+dp/hard/crt0.o
LOAD ./Core/Src/lsm6dso_reg.o
LOAD ./Core/Src/main.o
LOAD ./Core/Src/stm32h7xx_hal_msp.o
LOAD ./Core/Src/stm32h7xx_it.o
LOAD ./Core/Src/syscalls.o
LOAD ./Core/Src/sysmem.o
LOAD ./Core/Src/system_stm32h7xx.o
LOAD ./Core/Startup/startup_stm32h743zitx.o
LOAD ./Drivers/STM32H7xx_HAL_Driver/Src/stm32h7xx_hal.o
LOAD ./Drivers/STM32H7xx_HAL_Driver/Src/stm32h7xx_hal_adc.o
LOAD ./Drivers/STM32H7xx_HAL_Driver/Src/stm32h7xx_hal_adc_ex.o
LOAD ./Drivers/STM32H7xx_HAL_Driver/Src/stm32h7xx_hal_cortex.o
LOAD ./Drivers/STM32H7xx_HAL_Driver/Src/stm32h7xx_hal_dma.o
LOAD ./Drivers/STM32H7xx_HAL_Driver/Src/stm32h7xx_hal_dma_ex.o
LOAD ./Drivers/STM32H7xx_HAL_Driver/Src/stm32h7xx_hal_exti.o
LOAD ./Drivers/STM32H7xx_HAL_Driver/Src/stm32h7xx_hal_flash.o
LOAD ./Drivers/STM32H7xx_HAL_Driver/Src/stm32h7xx_hal_flash_ex.o
LOAD ./Drivers/STM32H7xx_HAL_Driver/Src/stm32h7xx_hal_gpio.o
LOAD ./Drivers/STM32H7xx_HAL_Driver/Src/stm32h7xx_hal_hsem.o
LOAD ./Drivers/STM32H7xx_HAL_Driver/Src/stm32h7xx_hal_i2c.o
LOAD ./Drivers/STM32H7xx_HAL_Driver/Src/stm32h7xx_hal_i2c_ex.o
LOAD ./Drivers/STM32H7xx_HAL_Driver/Src/stm32h7xx_hal_mdma.o
LOAD ./Drivers/STM32H7xx_HAL_Driver/Src/stm32h7xx_hal_pwr.o
LOAD ./Drivers/STM32H7xx_HAL_Driver/Src/stm32h7xx_hal_pwr_ex.o
LOAD ./Drivers/STM32H7xx_HAL_Driver/Src/stm32h7xx_hal_rcc.o
LOAD ./Drivers/STM32H7xx_HAL_Driver/Src/stm32h7xx_hal_rcc_ex.o
LOAD ./Drivers/STM32H7xx_HAL_Driver/Src/stm32h7xx_hal_tim.o
LOAD ./Drivers/STM32H7xx_HAL_Driver/Src/stm32h7xx_hal_tim_ex.o
LOAD ./Drivers/STM32H7xx_HAL_Driver/Src/stm32h7xx_hal_uart.o
LOAD ./Drivers/STM32H7xx_HAL_Driver/Src/stm32h7xx_hal_uart_ex.o
START GROUP
LOAD /opt/st/stm32cubeide_2.0.0_3/plugins/com.st.stm32cube.ide.mcu.externaltools.gnu-tools-for-stm32.13.3.rel1.linux64_1.0.100.202509120712/tools/bin/../lib/gcc/arm-none-eabi/13.3.1/../../../../arm-none-eabi/lib/thumb/v7e-m+dp/hard/libc_nano.a
LOAD /opt/st/stm32cubeide_2.0.0_3/plugins/com.st.stm32cube.ide.mcu.externaltools.gnu-tools-for-stm32.13.3.rel1.linux64_1.0.100.202509120712/tools/bin/../lib/gcc/arm-none-eabi/13.3.1/../../../../arm-none-eabi/lib/thumb/v7e-m+dp/hard/libm.a
END GROUP
START GROUP
LOAD /opt/st/stm32cubeide_2.0.0_3/plugins/com.st.stm32cube.ide.mcu.externaltools.gnu-tools-for-stm32.13.3.rel1.linux64_1.0.100.202509120712/tools/bin/../lib/gcc/arm-none-eabi/13.3.1/thumb/v7e-m+dp/hard/libgcc.a
LOAD /opt/st/stm32cubeide_2.0.0_3/plugins/com.st.stm32cube.ide.mcu.externaltools.gnu-tools-for-stm32.13.3.rel1.linux64_1.0.100.202509120712/tools/bin/../lib/gcc/arm-none-eabi/13.3.1/../../../../arm-none-eabi/lib/thumb/v7e-m+dp/hard/libc_nano.a
END GROUP
START GROUP
LOAD /opt/st/stm32cubeide_2.0.0_3/plugins/com.st.stm32cube.ide.mcu.externaltools.gnu-tools-for-stm32.13.3.rel1.linux64_1.0.100.202509120712/tools/bin/../lib/gcc/arm-none-eabi/13.3.1/thumb/v7e-m+dp/hard/libgcc.a
LOAD /opt/st/stm32cubeide_2.0.0_3/plugins/com.st.stm32cube.ide.mcu.externaltools.gnu-tools-for-stm32.13.3.rel1.linux64_1.0.100.202509120712/tools/bin/../lib/gcc/arm-none-eabi/13.3.1/../../../../arm-none-eabi/lib/thumb/v7e-m+dp/hard/libc_nano.a
LOAD /opt/st/stm32cubeide_2.0.0_3/plugins/com.st.stm32cube.ide.mcu.externaltools.gnu-tools-for-stm32.13.3.rel1.linux64_1.0.100.202509120712/tools/bin/../lib/gcc/arm-none-eabi/13.3.1/../../../../arm-none-eabi/lib/thumb/v7e-m+dp/hard/libnosys.a
END GROUP
START GROUP
LOAD /opt/st/stm32cubeide_2.0.0_3/plugins/com.st.stm32cube.ide.mcu.externaltools.gnu-tools-for-stm32.13.3.rel1.linux64_1.0.100.202509120712/tools/bin/../lib/gcc/arm-none-eabi/13.3.1/thumb/v7e-m+dp/hard/libgcc.a
LOAD /opt/st/stm32cubeide_2.0.0_3/plugins/com.st.stm32cube.ide.mcu.externaltools.gnu-tools-for-stm32.13.3.rel1.linux64_1.0.100.202509120712/tools/bin/../lib/gcc/arm-none-eabi/13.3.1/../../../../arm-none-eabi/lib/thumb/v7e-m+dp/hard/libc_nano.a
LOAD /opt/st/stm32cubeide_2.0.0_3/plugins/com.st.stm32cube.ide.mcu.externaltools.gnu-tools-for-stm32.13.3.rel1.linux64_1.0.100.202509120712/tools/bin/../lib/gcc/arm-none-eabi/13.3.1/../../../../arm-none-eabi/lib/thumb/v7e-m+dp/hard/libnosys.a
END GROUP
LOAD /opt/st/stm32cubeide_2.0.0_3/plugins/com.st.stm32cube.ide.mcu.externaltools.gnu-tools-for-stm32.13.3.rel1.linux64_1.0.100.202509120712/tools/bin/../lib/gcc/arm-none-eabi/13.3.1/thumb/v7e-m+dp/hard/crtend.o
LOAD /opt/st/stm32cubeide_2.0.0_3/plugins/com.st.stm32cube.ide.mcu.externaltools.gnu-tools-for-stm32.13.3.rel1.linux64_1.0.100.202509120712/tools/bin/../lib/gcc/arm-none-eabi/13.3.1/thumb/v7e-m+dp/hard/crtn.o
                0x24080000                        _estack = (ORIGIN (RAM_D1) + LENGTH (RAM_D1))
                0x00000200                        _Min_Heap_Size = 0x200
                0x00000400                        _Min_Stack_Size = 0x400

.isr_vector     0x08000000      0x298
                0x08000000                        . = ALIGN (0x4)
 *(.isr_vector)
 .isr_vector    0x08000000      0x298 ./Core/Startup/startup_stm32h743zitx.o
                0x08000000                g_pfnVectors
                0x08000298                        . = ALIGN (0x4)

.text           0x080002a0     0x9124
                0x080002a0                        . = ALIGN (0x4)
 *(.text)
 .text          0x080002a0       0x40 /opt/st/stm32cubeide_2.0.0_3/plugins/com.st.stm32cube.ide.mcu.externaltools.gnu-tools-for-stm32.13.3.rel1.linux64_1.0.100.202509120712/tools/bin/../lib/gcc/arm-none-eabi/13.3.1/thumb/v7e-m+dp/hard/crtbegin.o
 .text          0x080002e0       0xa0 /opt/st/stm32cubeide_2.0.0_3/plugins/com.st.stm32cube.ide.mcu.externaltools.gnu-tools-for-stm32.13.3.rel1.linux64_1.0.100.202509120712/tools/bin/../lib/gcc/arm-none-eabi/13.3.1/../../../../arm-none-eabi/lib/thumb/v7e-m+dp/hard/libc_nano.a(libc_a-memchr.o)
                0x080002e0                memchr
 .text          0x08000380       0x30 /opt/st/stm32cubeide_2.0.0_3/plugins/com.st.stm32cube.ide.mcu.externaltools.gnu-tools-for-stm32.13.3.rel1.linux64_1.0.100.202509120712/tools/bin/../lib/gcc/arm-none-eabi/13.3.1/thumb/v7e-m+dp/hard/libgcc.a(_aeabi_uldivmod.o)
                0x08000380                __aeabi_uldivmod
 .text          0x080003b0      0x2f8 /opt/st/stm32cubeide_2.0.0_3/plugins/com.st.stm32cube.ide.mcu.externaltools.gnu-tools-for-stm32.13.3.rel1.linux64_1.0.100.202509120712/tools/bin/../lib/gcc/arm-none-eabi/13.3.1/thumb/v7e-m+dp/hard/libgcc.a(_udivmoddi4.o)
                0x080003b0                __udivmoddi4
 .text          0x080006a8        0x4 /opt/st/stm32cubeide_2.0.0_3/plugins/com.st.stm32cube.ide.mcu.externaltools.gnu-tools-for-stm32.13.3.rel1.linux64_1.0.100.202509120712/tools/bin/../lib/gcc/arm-none-eabi/13.3.1/thumb/v7e-m+dp/hard/libgcc.a(_dvmd_tls.o)
                0x080006a8                __aeabi_ldiv0
                0x080006a8                __aeabi_idiv0
 *(.text*)
 .text._write   0x080006ac       0x2c ./Core/Src/main.o
                0x080006ac                _write
 .text.main     0x080006d8      0x124 ./Core/Src/main.o
                0x080006d8                main
 .text.SystemClock_Config
                0x080007fc       0xe8 ./Core/Src/main.o
                0x080007fc                SystemClock_Config
 .text.PeriphCommonClock_Config
                0x080008e4       0x5e ./Core/Src/main.o
                0x080008e4                PeriphCommonClock_Config
 *fill*         0x08000942        0x2 
 .text.MX_ADC1_Init
                0x08000944       0xf8 ./Core/Src/main.o
 .text.MX_ADC2_Init
                0x08000a3c       0xd4 ./Core/Src/main.o
 .text.MX_ADC3_Init
                0x08000b10       0xd4 ./Core/Src/main.o
 .text.MX_I2C1_Init
                0x08000be4       0x80 ./Core/Src/main.o
 .text.MX_USART1_UART_Init
                0x08000c64       0x98 ./Core/Src/main.o
 .text.MX_GPIO_Init
                0x08000cfc      0x228 ./Core/Src/main.o
 .text.MPU_Config
                0x08000f24       0x58 ./Core/Src/main.o
 .text.Error_Handler
                0x08000f7c        0xc ./Core/Src/main.o
                0x08000f7c                Error_Handler
 .text.HAL_MspInit
                0x08000f88       0x34 ./Core/Src/stm32h7xx_hal_msp.o
                0x08000f88                HAL_MspInit
 .text.HAL_ADC_MspInit
                0x08000fbc      0x184 ./Core/Src/stm32h7xx_hal_msp.o
                0x08000fbc                HAL_ADC_MspInit
 .text.HAL_I2C_MspInit
                0x08001140       0xd4 ./Core/Src/stm32h7xx_hal_msp.o
                0x08001140                HAL_I2C_MspInit
 .text.HAL_UART_MspInit
                0x08001214       0xd0 ./Core/Src/stm32h7xx_hal_msp.o
                0x08001214                HAL_UART_MspInit
 .text.NMI_Handler
                0x080012e4        0x8 ./Core/Src/stm32h7xx_it.o
                0x080012e4                NMI_Handler
 .text.HardFault_Handler
                0x080012ec        0x8 ./Core/Src/stm32h7xx_it.o
                0x080012ec                HardFault_Handler
 .text.MemManage_Handler
                0x080012f4        0x8 ./Core/Src/stm32h7xx_it.o
                0x080012f4                MemManage_Handler
 .text.BusFault_Handler
                0x080012fc        0x8 ./Core/Src/stm32h7xx_it.o
                0x080012fc                BusFault_Handler
 .text.UsageFault_Handler
                0x08001304        0x8 ./Core/Src/stm32h7xx_it.o
                0x08001304                UsageFault_Handler
 .text.SVC_Handler
                0x0800130c        0xe ./Core/Src/stm32h7xx_it.o
                0x0800130c                SVC_Handler
 .text.DebugMon_Handler
                0x0800131a        0xe ./Core/Src/stm32h7xx_it.o
                0x0800131a                DebugMon_Handler
 .text.PendSV_Handler
                0x08001328        0xe ./Core/Src/stm32h7xx_it.o
                0x08001328                PendSV_Handler
 .text.SysTick_Handler
                0x08001336        0xc ./Core/Src/stm32h7xx_it.o
                0x08001336                SysTick_Handler
 .text._read    0x08001342       0x3a ./Core/Src/syscalls.o
                0x08001342                _read
 .text._close   0x0800137c       0x18 ./Core/Src/syscalls.o
                0x0800137c                _close
 .text._fstat   0x08001394       0x20 ./Core/Src/syscalls.o
                0x08001394                _fstat
 .text._isatty  0x080013b4       0x16 ./Core/Src/syscalls.o
                0x080013b4                _isatty
 .text._lseek   0x080013ca       0x1a ./Core/Src/syscalls.o
                0x080013ca                _lseek
 .text._sbrk    0x080013e4       0x6c ./Core/Src/sysmem.o
                0x080013e4                _sbrk
 .text.SystemInit
                0x08001450      0x140 ./Core/Src/system_stm32h7xx.o
                0x08001450                SystemInit
 .text.ExitRun0Mode
                0x08001590       0x30 ./Core/Src/system_stm32h7xx.o
                0x08001590                ExitRun0Mode
 .text.Reset_Handler
                0x080015c0       0x54 ./Core/Startup/startup_stm32h743zitx.o
                0x080015c0                Reset_Handler
 .text.Default_Handler
                0x08001614        0x2 ./Core/Startup/startup_stm32h743zitx.o
                0x08001614                RTC_Alarm_IRQHandler
                0x08001614                EXTI2_IRQHandler
                0x08001614                TIM8_CC_IRQHandler
                0x08001614                HRTIM1_Master_IRQHandler
                0x08001614                UART8_IRQHandler
                0x08001614                SPI4_IRQHandler
                0x08001614                TIM1_CC_IRQHandler
                0x08001614                BDMA_Channel6_IRQHandler
                0x08001614                DMA2_Stream5_IRQHandler
                0x08001614                HRTIM1_FLT_IRQHandler
                0x08001614                JPEG_IRQHandler
                0x08001614                DMA1_Stream5_IRQHandler
                0x08001614                BDMA_Channel1_IRQHandler
                0x08001614                HRTIM1_TIMD_IRQHandler
                0x08001614                TAMP_STAMP_IRQHandler
                0x08001614                EXTI3_IRQHandler
                0x08001614                LPTIM4_IRQHandler
                0x08001614                TIM8_TRG_COM_TIM14_IRQHandler
                0x08001614                LPTIM2_IRQHandler
                0x08001614                DFSDM1_FLT1_IRQHandler
                0x08001614                DMAMUX2_OVR_IRQHandler
                0x08001614                TIM8_UP_TIM13_IRQHandler
                0x08001614                I2C3_ER_IRQHandler
                0x08001614                DFSDM1_FLT2_IRQHandler
                0x08001614                MDMA_IRQHandler
                0x08001614                LPTIM3_IRQHandler
                0x08001614                HSEM1_IRQHandler
                0x08001614                EXTI0_IRQHandler
                0x08001614                I2C2_EV_IRQHandler
                0x08001614                DMA1_Stream2_IRQHandler
                0x08001614                FPU_IRQHandler
                0x08001614                OTG_HS_WKUP_IRQHandler
                0x08001614                FDCAN1_IT1_IRQHandler
                0x08001614                LTDC_ER_IRQHandler
                0x08001614                DMA2_Stream2_IRQHandler
                0x08001614                HRTIM1_TIME_IRQHandler
                0x08001614                SPI1_IRQHandler
                0x08001614                TIM6_DAC_IRQHandler
                0x08001614                DCMI_IRQHandler
                0x08001614                HRTIM1_TIMC_IRQHandler
                0x08001614                DMA2_Stream3_IRQHandler
                0x08001614                SAI2_IRQHandler
                0x08001614                DFSDM1_FLT3_IRQHandler
                0x08001614                USART6_IRQHandler
                0x08001614                TIM17_IRQHandler
                0x08001614                USART3_IRQHandler
                0x08001614                BDMA_Channel7_IRQHandler
                0x08001614                LPTIM5_IRQHandler
                0x08001614                UART5_IRQHandler
                0x08001614                ADC3_IRQHandler
                0x08001614                DMA2_Stream0_IRQHandler
                0x08001614                TIM4_IRQHandler
                0x08001614                BDMA_Channel2_IRQHandler
                0x08001614                QUADSPI_IRQHandler
                0x08001614                I2C1_EV_IRQHandler
                0x08001614                DMA1_Stream6_IRQHandler
                0x08001614                DMAMUX1_OVR_IRQHandler
                0x08001614                DMA1_Stream1_IRQHandler
                0x08001614                TIM16_IRQHandler
                0x08001614                UART4_IRQHandler
                0x08001614                BDMA_Channel5_IRQHandler
                0x08001614                TIM3_IRQHandler
                0x08001614                RCC_IRQHandler
                0x08001614                TIM8_BRK_TIM12_IRQHandler
                0x08001614                TIM1_TRG_COM_IRQHandler
                0x08001614                Default_Handler
                0x08001614                ECC_IRQHandler
                0x08001614                CEC_IRQHandler
                0x08001614                EXTI15_10_IRQHandler
                0x08001614                BDMA_Channel0_IRQHandler
                0x08001614                ADC_IRQHandler
                0x08001614                DMA1_Stream7_IRQHandler
                0x08001614                HRTIM1_TIMA_IRQHandler
                0x08001614                SPI5_IRQHandler
                0x08001614                TIM7_IRQHandler
                0x08001614                SDMMC1_IRQHandler
                0x08001614                TIM5_IRQHandler
                0x08001614                DMA2_Stream7_IRQHandler
                0x08001614                TIM15_IRQHandler
                0x08001614                PVD_AVD_IRQHandler
                0x08001614                I2C3_EV_IRQHandler
                0x08001614                EXTI9_5_IRQHandler
                0x08001614                RTC_WKUP_IRQHandler
                0x08001614                LTDC_IRQHandler
                0x08001614                SAI3_IRQHandler
                0x08001614                ETH_WKUP_IRQHandler
                0x08001614                SPDIF_RX_IRQHandler
                0x08001614                SPI2_IRQHandler
                0x08001614                OTG_HS_EP1_IN_IRQHandler
                0x08001614                DMA1_Stream0_IRQHandler
                0x08001614                CRS_IRQHandler
                0x08001614                EXTI4_IRQHandler
                0x08001614                RNG_IRQHandler
                0x08001614                HRTIM1_TIMB_IRQHandler
                0x08001614                FDCAN2_IT1_IRQHandler
                0x08001614                ETH_IRQHandler
                0x08001614                TIM1_UP_IRQHandler
                0x08001614                BDMA_Channel4_IRQHandler
                0x08001614                OTG_HS_EP1_OUT_IRQHandler
                0x08001614                WWDG_IRQHandler
                0x08001614                SPI6_IRQHandler
                0x08001614                MDIOS_IRQHandler
                0x08001614                I2C4_EV_IRQHandler
                0x08001614                FDCAN2_IT0_IRQHandler
                0x08001614                LPUART1_IRQHandler
                0x08001614                FDCAN1_IT0_IRQHandler
                0x08001614                TIM2_IRQHandler
                0x08001614                OTG_FS_WKUP_IRQHandler
                0x08001614                OTG_HS_IRQHandler
                0x08001614                DMA2D_IRQHandler
                0x08001614                TIM1_BRK_IRQHandler
                0x08001614                EXTI1_IRQHandler
                0x08001614                SDMMC2_IRQHandler
                0x08001614                OTG_FS_EP1_OUT_IRQHandler
                0x08001614                BDMA_Channel3_IRQHandler
                0x08001614                UART7_IRQHandler
                0x08001614                MDIOS_WKUP_IRQHandler
                0x08001614                USART2_IRQHandler
                0x08001614                DFSDM1_FLT0_IRQHandler
                0x08001614                SAI4_IRQHandler
                0x08001614                I2C2_ER_IRQHandler
                0x08001614                DMA2_Stream1_IRQHandler
                0x08001614                FLASH_IRQHandler
                0x08001614                DMA2_Stream4_IRQHandler
                0x08001614                USART1_IRQHandler
                0x08001614                OTG_FS_IRQHandler
                0x08001614                SPI3_IRQHandler
                0x08001614                WAKEUP_PIN_IRQHandler
                0x08001614                DMA1_Stream4_IRQHandler
                0x08001614                OTG_FS_EP1_IN_IRQHandler
                0x08001614                I2C1_ER_IRQHandler
                0x08001614                FMC_IRQHandler
                0x08001614                FDCAN_CAL_IRQHandler
                0x08001614                SWPMI1_IRQHandler
                0x08001614                COMP1_IRQHandler
                0x08001614                LPTIM1_IRQHandler
                0x08001614                I2C4_ER_IRQHandler
                0x08001614                DMA2_Stream6_IRQHandler
                0x08001614                SAI1_IRQHandler
                0x08001614                DMA1_Stream3_IRQHandler
 *fill*         0x08001616        0x2 
 .text.HAL_Init
                0x08001618       0x78 ./Drivers/STM32H7xx_HAL_Driver/Src/stm32h7xx_hal.o
                0x08001618                HAL_Init
 .text.HAL_InitTick
                0x08001690       0x6c ./Drivers/STM32H7xx_HAL_Driver/Src/stm32h7xx_hal.o
                0x08001690                HAL_InitTick
 .text.HAL_IncTick
                0x080016fc       0x28 ./Drivers/STM32H7xx_HAL_Driver/Src/stm32h7xx_hal.o
                0x080016fc                HAL_IncTick
 .text.HAL_GetTick
                0x08001724       0x18 ./Drivers/STM32H7xx_HAL_Driver/Src/stm32h7xx_hal.o
                0x08001724                HAL_GetTick
 .text.HAL_Delay
                0x0800173c       0x48 ./Drivers/STM32H7xx_HAL_Driver/Src/stm32h7xx_hal.o
                0x0800173c                HAL_Delay
 .text.HAL_GetREVID
                0x08001784       0x18 ./Drivers/STM32H7xx_HAL_Driver/Src/stm32h7xx_hal.o
                0x08001784                HAL_GetREVID
 .text.LL_ADC_SetCommonClock
                0x0800179c       0x26 ./Drivers/STM32H7xx_HAL_Driver/Src/stm32h7xx_hal_adc.o
 .text.LL_ADC_SetCommonPathInternalCh
                0x080017c2       0x26 ./Drivers/STM32H7xx_HAL_Driver/Src/stm32h7xx_hal_adc.o
 .text.LL_ADC_GetCommonPathInternalCh
                0x080017e8       0x1c ./Drivers/STM32H7xx_HAL_Driver/Src/stm32h7xx_hal_adc.o
 .text.LL_ADC_SetChannelPreselection
                0x08001804       0x66 ./Drivers/STM32H7xx_HAL_Driver/Src/stm32h7xx_hal_adc.o
 .text.LL_ADC_SetOffset
                0x0800186a       0x40 ./Drivers/STM32H7xx_HAL_Driver/Src/stm32h7xx_hal_adc.o
 .text.LL_ADC_SetDataRightShift
                0x080018aa       0x32 ./Drivers/STM32H7xx_HAL_Driver/Src/stm32h7xx_hal_adc.o
 .text.LL_ADC_SetOffsetSignedSaturation
                0x080018dc       0x36 ./Drivers/STM32H7xx_HAL_Driver/Src/stm32h7xx_hal_adc.o
 .text.LL_ADC_REG_SetSequencerRanks
                0x08001912       0x58 ./Drivers/STM32H7xx_HAL_Driver/Src/stm32h7xx_hal_adc.o
 .text.LL_ADC_SetChannelSamplingTime
                0x0800196a       0x56 ./Drivers/STM32H7xx_HAL_Driver/Src/stm32h7xx_hal_adc.o
 .text.LL_ADC_SetChannelSingleDiff
                0x080019c0       0x48 ./Drivers/STM32H7xx_HAL_Driver/Src/stm32h7xx_hal_adc.o
 .text.LL_ADC_DisableDeepPowerDown
                0x08001a08       0x24 ./Drivers/STM32H7xx_HAL_Driver/Src/stm32h7xx_hal_adc.o
 .text.LL_ADC_IsDeepPowerDownEnabled
                0x08001a2c       0x28 ./Drivers/STM32H7xx_HAL_Driver/Src/stm32h7xx_hal_adc.o
 .text.LL_ADC_EnableInternalRegulator
                0x08001a54       0x28 ./Drivers/STM32H7xx_HAL_Driver/Src/stm32h7xx_hal_adc.o
 .text.LL_ADC_IsInternalRegulatorEnabled
                0x08001a7c       0x28 ./Drivers/STM32H7xx_HAL_Driver/Src/stm32h7xx_hal_adc.o
 .text.LL_ADC_IsEnabled
                0x08001aa4       0x26 ./Drivers/STM32H7xx_HAL_Driver/Src/stm32h7xx_hal_adc.o
 .text.LL_ADC_REG_IsConversionOngoing
                0x08001aca       0x26 ./Drivers/STM32H7xx_HAL_Driver/Src/stm32h7xx_hal_adc.o
 .text.LL_ADC_INJ_IsConversionOngoing
                0x08001af0       0x26 ./Drivers/STM32H7xx_HAL_Driver/Src/stm32h7xx_hal_adc.o
 *fill*         0x08001b16        0x2 
 .text.HAL_ADC_Init
                0x08001b18      0x344 ./Drivers/STM32H7xx_HAL_Driver/Src/stm32h7xx_hal_adc.o
                0x08001b18                HAL_ADC_Init
 .text.HAL_ADC_ConfigChannel
                0x08001e5c      0x5e0 ./Drivers/STM32H7xx_HAL_Driver/Src/stm32h7xx_hal_adc.o
                0x08001e5c                HAL_ADC_ConfigChannel
 .text.ADC_ConfigureBoostMode
                0x0800243c      0x218 ./Drivers/STM32H7xx_HAL_Driver/Src/stm32h7xx_hal_adc.o
                0x0800243c                ADC_ConfigureBoostMode
 .text.LL_ADC_IsEnabled
                0x08002654       0x26 ./Drivers/STM32H7xx_HAL_Driver/Src/stm32h7xx_hal_adc_ex.o
 .text.LL_ADC_REG_IsConversionOngoing
                0x0800267a       0x26 ./Drivers/STM32H7xx_HAL_Driver/Src/stm32h7xx_hal_adc_ex.o
 .text.HAL_ADCEx_MultiModeConfigChannel
                0x080026a0      0x1bc ./Drivers/STM32H7xx_HAL_Driver/Src/stm32h7xx_hal_adc_ex.o
                0x080026a0                HAL_ADCEx_MultiModeConfigChannel
 .text.__NVIC_SetPriorityGrouping
                0x0800285c       0x48 ./Drivers/STM32H7xx_HAL_Driver/Src/stm32h7xx_hal_cortex.o
 .text.__NVIC_GetPriorityGrouping
                0x080028a4       0x1c ./Drivers/STM32H7xx_HAL_Driver/Src/stm32h7xx_hal_cortex.o
 .text.__NVIC_SetPriority
                0x080028c0       0x54 ./Drivers/STM32H7xx_HAL_Driver/Src/stm32h7xx_hal_cortex.o
 .text.NVIC_EncodePriority
                0x08002914       0x66 ./Drivers/STM32H7xx_HAL_Driver/Src/stm32h7xx_hal_cortex.o
 *fill*         0x0800297a        0x2 
 .text.SysTick_Config
                0x0800297c       0x44 ./Drivers/STM32H7xx_HAL_Driver/Src/stm32h7xx_hal_cortex.o
 .text.HAL_NVIC_SetPriorityGrouping
                0x080029c0       0x16 ./Drivers/STM32H7xx_HAL_Driver/Src/stm32h7xx_hal_cortex.o
                0x080029c0                HAL_NVIC_SetPriorityGrouping
 .text.HAL_NVIC_SetPriority
                0x080029d6       0x34 ./Drivers/STM32H7xx_HAL_Driver/Src/stm32h7xx_hal_cortex.o
                0x080029d6                HAL_NVIC_SetPriority
 .text.HAL_SYSTICK_Config
                0x08002a0a       0x18 ./Drivers/STM32H7xx_HAL_Driver/Src/stm32h7xx_hal_cortex.o
                0x08002a0a                HAL_SYSTICK_Config
 *fill*         0x08002a22        0x2 
 .text.HAL_MPU_Disable
                0x08002a24       0x30 ./Drivers/STM32H7xx_HAL_Driver/Src/stm32h7xx_hal_cortex.o
                0x08002a24                HAL_MPU_Disable
 .text.HAL_MPU_Enable
                0x08002a54       0x40 ./Drivers/STM32H7xx_HAL_Driver/Src/stm32h7xx_hal_cortex.o
                0x08002a54                HAL_MPU_Enable
 .text.HAL_MPU_ConfigRegion
                0x08002a94       0x80 ./Drivers/STM32H7xx_HAL_Driver/Src/stm32h7xx_hal_cortex.o
                0x08002a94                HAL_MPU_ConfigRegion
 .text.HAL_GPIO_Init
                0x08002b14      0x360 ./Drivers/STM32H7xx_HAL_Driver/Src/stm32h7xx_hal_gpio.o
                0x08002b14                HAL_GPIO_Init
 .text.HAL_GPIO_WritePin
                0x08002e74       0x32 ./Drivers/STM32H7xx_HAL_Driver/Src/stm32h7xx_hal_gpio.o
                0x08002e74                HAL_GPIO_WritePin
 .text.HAL_GPIO_TogglePin
                0x08002ea6       0x34 ./Drivers/STM32H7xx_HAL_Driver/Src/stm32h7xx_hal_gpio.o
                0x08002ea6                HAL_GPIO_TogglePin
 *fill*         0x08002eda        0x2 
 .text.HAL_I2C_Init
                0x08002edc      0x138 ./Drivers/STM32H7xx_HAL_Driver/Src/stm32h7xx_hal_i2c.o
                0x08002edc                HAL_I2C_Init
 .text.HAL_I2C_IsDeviceReady
                0x08003014      0x20c ./Drivers/STM32H7xx_HAL_Driver/Src/stm32h7xx_hal_i2c.o
                0x08003014                HAL_I2C_IsDeviceReady
 .text.I2C_Flush_TXDR
                0x08003220       0x48 ./Drivers/STM32H7xx_HAL_Driver/Src/stm32h7xx_hal_i2c.o
 .text.I2C_WaitOnFlagUntilTimeout
                0x08003268       0xb2 ./Drivers/STM32H7xx_HAL_Driver/Src/stm32h7xx_hal_i2c.o
 *fill*         0x0800331a        0x2 
 .text.I2C_IsErrorOccurred
                0x0800331c      0x1c0 ./Drivers/STM32H7xx_HAL_Driver/Src/stm32h7xx_hal_i2c.o
 .text.HAL_I2CEx_ConfigAnalogFilter
                0x080034dc       0x96 ./Drivers/STM32H7xx_HAL_Driver/Src/stm32h7xx_hal_i2c_ex.o
                0x080034dc                HAL_I2CEx_ConfigAnalogFilter
 .text.HAL_I2CEx_ConfigDigitalFilter
                0x08003572       0x98 ./Drivers/STM32H7xx_HAL_Driver/Src/stm32h7xx_hal_i2c_ex.o
                0x08003572                HAL_I2CEx_ConfigDigitalFilter
 *fill*         0x0800360a        0x2 
 .text.HAL_PWREx_ConfigSupply
                0x0800360c       0x74 ./Drivers/STM32H7xx_HAL_Driver/Src/stm32h7xx_hal_pwr_ex.o
                0x0800360c                HAL_PWREx_ConfigSupply
 .text.HAL_RCC_OscConfig
                0x08003680      0x8b4 ./Drivers/STM32H7xx_HAL_Driver/Src/stm32h7xx_hal_rcc.o
                0x08003680                HAL_RCC_OscConfig
 .text.HAL_RCC_ClockConfig
                0x08003f34      0x36c ./Drivers/STM32H7xx_HAL_Driver/Src/stm32h7xx_hal_rcc.o
                0x08003f34                HAL_RCC_ClockConfig
 .text.HAL_RCC_GetSysClockFreq
                0x080042a0      0x2f4 ./Drivers/STM32H7xx_HAL_Driver/Src/stm32h7xx_hal_rcc.o
                0x080042a0                HAL_RCC_GetSysClockFreq
 .text.HAL_RCC_GetHCLKFreq
                0x08004594       0x60 ./Drivers/STM32H7xx_HAL_Driver/Src/stm32h7xx_hal_rcc.o
                0x08004594                HAL_RCC_GetHCLKFreq
 .text.HAL_RCC_GetPCLK1Freq
                0x080045f4       0x2c ./Drivers/STM32H7xx_HAL_Driver/Src/stm32h7xx_hal_rcc.o
                0x080045f4                HAL_RCC_GetPCLK1Freq
 .text.HAL_RCC_GetPCLK2Freq
                0x08004620       0x2c ./Drivers/STM32H7xx_HAL_Driver/Src/stm32h7xx_hal_rcc.o
                0x08004620                HAL_RCC_GetPCLK2Freq
 .text.HAL_RCCEx_PeriphCLKConfig
                0x0800464c     0x1414 ./Drivers/STM32H7xx_HAL_Driver/Src/stm32h7xx_hal_rcc_ex.o
                0x0800464c                HAL_RCCEx_PeriphCLKConfig
 .text.HAL_RCCEx_GetPeriphCLKFreq
                0x08005a60      0xb00 ./Drivers/STM32H7xx_HAL_Driver/Src/stm32h7xx_hal_rcc_ex.o
                0x08005a60                HAL_RCCEx_GetPeriphCLKFreq
 .text.HAL_RCCEx_GetD3PCLK1Freq
                0x08006560       0x2c ./Drivers/STM32H7xx_HAL_Driver/Src/stm32h7xx_hal_rcc_ex.o
                0x08006560                HAL_RCCEx_GetD3PCLK1Freq
 .text.HAL_RCCEx_GetPLL2ClockFreq
                0x0800658c      0x2a8 ./Drivers/STM32H7xx_HAL_Driver/Src/stm32h7xx_hal_rcc_ex.o
                0x0800658c                HAL_RCCEx_GetPLL2ClockFreq
 .text.HAL_RCCEx_GetPLL3ClockFreq
                0x08006834      0x2a8 ./Drivers/STM32H7xx_HAL_Driver/Src/stm32h7xx_hal_rcc_ex.o
                0x08006834                HAL_RCCEx_GetPLL3ClockFreq
 .text.HAL_RCCEx_GetPLL1ClockFreq
                0x08006adc      0x2a4 ./Drivers/STM32H7xx_HAL_Driver/Src/stm32h7xx_hal_rcc_ex.o
                0x08006adc                HAL_RCCEx_GetPLL1ClockFreq
 .text.RCCEx_PLL2_Config
                0x08006d80      0x164 ./Drivers/STM32H7xx_HAL_Driver/Src/stm32h7xx_hal_rcc_ex.o
 .text.RCCEx_PLL3_Config
                0x08006ee4      0x164 ./Drivers/STM32H7xx_HAL_Driver/Src/stm32h7xx_hal_rcc_ex.o
 .text.HAL_UART_Init
                0x08007048       0xa0 ./Drivers/STM32H7xx_HAL_Driver/Src/stm32h7xx_hal_uart.o
                0x08007048                HAL_UART_Init
 .text.HAL_UART_Transmit
                0x080070e8      0x11c ./Drivers/STM32H7xx_HAL_Driver/Src/stm32h7xx_hal_uart.o
                0x080070e8                HAL_UART_Transmit
 .text.UART_SetConfig
                0x08007204      0xad0 ./Drivers/STM32H7xx_HAL_Driver/Src/stm32h7xx_hal_uart.o
                0x08007204                UART_SetConfig
 .text.UART_AdvFeatureConfig
                0x08007cd4      0x144 ./Drivers/STM32H7xx_HAL_Driver/Src/stm32h7xx_hal_uart.o
                0x08007cd4                UART_AdvFeatureConfig
 .text.UART_CheckIdleState
                0x08007e18      0x154 ./Drivers/STM32H7xx_HAL_Driver/Src/stm32h7xx_hal_uart.o
                0x08007e18                UART_CheckIdleState
 .text.UART_WaitOnFlagUntilTimeout
                0x08007f6c       0xda ./Drivers/STM32H7xx_HAL_Driver/Src/stm32h7xx_hal_uart.o
                0x08007f6c                UART_WaitOnFlagUntilTimeout
 *fill*         0x08008046        0x2 
 .text.UART_EndRxTransfer
                0x08008048       0xcc ./Drivers/STM32H7xx_HAL_Driver/Src/stm32h7xx_hal_uart.o
 .text.HAL_UARTEx_DisableFifoMode
                0x08008114       0x72 ./Drivers/STM32H7xx_HAL_Driver/Src/stm32h7xx_hal_uart_ex.o
                0x08008114                HAL_UARTEx_DisableFifoMode
 .text.HAL_UARTEx_SetTxFifoThreshold
                0x08008186       0x7c ./Drivers/STM32H7xx_HAL_Driver/Src/stm32h7xx_hal_uart_ex.o
                0x08008186                HAL_UARTEx_SetTxFifoThreshold
 .text.HAL_UARTEx_SetRxFifoThreshold
                0x08008202       0x7c ./Drivers/STM32H7xx_HAL_Driver/Src/stm32h7xx_hal_uart_ex.o
                0x08008202                HAL_UARTEx_SetRxFifoThreshold
 *fill*         0x0800827e        0x2 
 .text.UARTEx_SetNbDataToProcess
                0x08008280       0x9c ./Drivers/STM32H7xx_HAL_Driver/Src/stm32h7xx_hal_uart_ex.o
 .text.std      0x0800831c       0x6c /opt/st/stm32cubeide_2.0.0_3/plugins/com.st.stm32cube.ide.mcu.externaltools.gnu-tools-for-stm32.13.3.rel1.linux64_1.0.100.202509120712/tools/bin/../lib/gcc/arm-none-eabi/13.3.1/../../../../arm-none-eabi/lib/thumb/v7e-m+dp/hard/libc_nano.a(libc_a-findfp.o)
 .text.stdio_exit_handler
                0x08008388       0x18 /opt/st/stm32cubeide_2.0.0_3/plugins/com.st.stm32cube.ide.mcu.externaltools.gnu-tools-for-stm32.13.3.rel1.linux64_1.0.100.202509120712/tools/bin/../lib/gcc/arm-none-eabi/13.3.1/../../../../arm-none-eabi/lib/thumb/v7e-m+dp/hard/libc_nano.a(libc_a-findfp.o)
 .text.cleanup_stdio
                0x080083a0       0x40 /opt/st/stm32cubeide_2.0.0_3/plugins/com.st.stm32cube.ide.mcu.externaltools.gnu-tools-for-stm32.13.3.rel1.linux64_1.0.100.202509120712/tools/bin/../lib/gcc/arm-none-eabi/13.3.1/../../../../arm-none-eabi/lib/thumb/v7e-m+dp/hard/libc_nano.a(libc_a-findfp.o)
 .text.global_stdio_init.part.0
                0x080083e0       0x3c /opt/st/stm32cubeide_2.0.0_3/plugins/com.st.stm32cube.ide.mcu.externaltools.gnu-tools-for-stm32.13.3.rel1.linux64_1.0.100.202509120712/tools/bin/../lib/gcc/arm-none-eabi/13.3.1/../../../../arm-none-eabi/lib/thumb/v7e-m+dp/hard/libc_nano.a(libc_a-findfp.o)
 .text.__sfp_lock_acquire
                0x0800841c        0xc /opt/st/stm32cubeide_2.0.0_3/plugins/com.st.stm32cube.ide.mcu.externaltools.gnu-tools-for-stm32.13.3.rel1.linux64_1.0.100.202509120712/tools/bin/../lib/gcc/arm-none-eabi/13.3.1/../../../../arm-none-eabi/lib/thumb/v7e-m+dp/hard/libc_nano.a(libc_a-findfp.o)
                0x0800841c                __sfp_lock_acquire
 .text.__sfp_lock_release
                0x08008428        0xc /opt/st/stm32cubeide_2.0.0_3/plugins/com.st.stm32cube.ide.mcu.externaltools.gnu-tools-for-stm32.13.3.rel1.linux64_1.0.100.202509120712/tools/bin/../lib/gcc/arm-none-eabi/13.3.1/../../../../arm-none-eabi/lib/thumb/v7e-m+dp/hard/libc_nano.a(libc_a-findfp.o)
                0x08008428                __sfp_lock_release
 .text.__sinit  0x08008434       0x30 /opt/st/stm32cubeide_2.0.0_3/plugins/com.st.stm32cube.ide.mcu.externaltools.gnu-tools-for-stm32.13.3.rel1.linux64_1.0.100.202509120712/tools/bin/../lib/gcc/arm-none-eabi/13.3.1/../../../../arm-none-eabi/lib/thumb/v7e-m+dp/hard/libc_nano.a(libc_a-findfp.o)
                0x08008434                __sinit
 .text._fwalk_sglue
                0x08008464       0x3c /opt/st/stm32cubeide_2.0.0_3/plugins/com.st.stm32cube.ide.mcu.externaltools.gnu-tools-for-stm32.13.3.rel1.linux64_1.0.100.202509120712/tools/bin/../lib/gcc/arm-none-eabi/13.3.1/../../../../arm-none-eabi/lib/thumb/v7e-m+dp/hard/libc_nano.a(libc_a-fwalk.o)
                0x08008464                _fwalk_sglue
 .text.printf   0x080084a0       0x24 /opt/st/stm32cubeide_2.0.0_3/plugins/com.st.stm32cube.ide.mcu.externaltools.gnu-tools-for-stm32.13.3.rel1.linux64_1.0.100.202509120712/tools/bin/../lib/gcc/arm-none-eabi/13.3.1/../../../../arm-none-eabi/lib/thumb/v7e-m+dp/hard/libc_nano.a(libc_a-printf.o)
                0x080084a0                printf
                0x080084a0                iprintf
 .text._puts_r  0x080084c4       0xaa /opt/st/stm32cubeide_2.0.0_3/plugins/com.st.stm32cube.ide.mcu.externaltools.gnu-tools-for-stm32.13.3.rel1.linux64_1.0.100.202509120712/tools/bin/../lib/gcc/arm-none-eabi/13.3.1/../../../../arm-none-eabi/lib/thumb/v7e-m+dp/hard/libc_nano.a(libc_a-puts.o)
                0x080084c4                _puts_r
 *fill*         0x0800856e        0x2 
 .text.puts     0x08008570       0x10 /opt/st/stm32cubeide_2.0.0_3/plugins/com.st.stm32cube.ide.mcu.externaltools.gnu-tools-for-stm32.13.3.rel1.linux64_1.0.100.202509120712/tools/bin/../lib/gcc/arm-none-eabi/13.3.1/../../../../arm-none-eabi/lib/thumb/v7e-m+dp/hard/libc_nano.a(libc_a-puts.o)
                0x08008570                puts
 .text.setvbuf  0x08008580      0x168 /opt/st/stm32cubeide_2.0.0_3/plugins/com.st.stm32cube.ide.mcu.externaltools.gnu-tools-for-stm32.13.3.rel1.linux64_1.0.100.202509120712/tools/bin/../lib/gcc/arm-none-eabi/13.3.1/../../../../arm-none-eabi/lib/thumb/v7e-m+dp/hard/libc_nano.a(libc_a-setvbuf.o)
                0x08008580                setvbuf
 .text.__sread  0x080086e8       0x22 /opt/st/stm32cubeide_2.0.0_3/plugins/com.st.stm32cube.ide.mcu.externaltools.gnu-tools-for-stm32.13.3.rel1.linux64_1.0.100.202509120712/tools/bin/../lib/gcc/arm-none-eabi/13.3.1/../../../../arm-none-eabi/lib/thumb/v7e-m+dp/hard/libc_nano.a(libc_a-stdio.o)
                0x080086e8                __sread
 .text.__swrite
                0x0800870a       0x38 /opt/st/stm32cubeide_2.0.0_3/plugins/com.st.stm32cube.ide.mcu.externaltools.gnu-tools-for-stm32.13.3.rel1.linux64_1.0.100.202509120712/tools/bin/../lib/gcc/arm-none-eabi/13.3.1/../../../../arm-none-eabi/lib/thumb/v7e-m+dp/hard/libc_nano.a(libc_a-stdio.o)
                0x0800870a                __swrite
 .text.__sseek  0x08008742       0x24 /opt/st/stm32cubeide_2.0.0_3/plugins/com.st.stm32cube.ide.mcu.externaltools.gnu-tools-for-stm32.13.3.rel1.linux64_1.0.100.202509120712/tools/bin/../lib/gcc/arm-none-eabi/13.3.1/../../../../arm-none-eabi/lib/thumb/v7e-m+dp/hard/libc_nano.a(libc_a-stdio.o)
                0x08008742                __sseek
 .text.__sclose
                0x08008766        0x8 /opt/st/stm32cubeide_2.0.0_3/plugins/com.st.stm32cube.ide.mcu.externaltools.gnu-tools-for-stm32.13.3.rel1.linux64_1.0.100.202509120712/tools/bin/../lib/gcc/arm-none-eabi/13.3.1/../../../../arm-none-eabi/lib/thumb/v7e-m+dp/hard/libc_nano.a(libc_a-stdio.o)
                0x08008766                __sclose
 .text.__swbuf_r
                0x0800876e       0x7c /opt/st/stm32cubeide_2.0.0_3/plugins/com.st.stm32cube.ide.mcu.externaltools.gnu-tools-for-stm32.13.3.rel1.linux64_1.0.100.202509120712/tools/bin/../lib/gcc/arm-none-eabi/13.3.1/../../../../arm-none-eabi/lib/thumb/v7e-m+dp/hard/libc_nano.a(libc_a-wbuf.o)
                0x0800876e                __swbuf_r
 *fill*         0x080087ea        0x2 
 .text.__swsetup_r
                0x080087ec       0xac /opt/st/stm32cubeide_2.0.0_3/plugins/com.st.stm32cube.ide.mcu.externaltools.gnu-tools-for-stm32.13.3.rel1.linux64_1.0.100.202509120712/tools/bin/../lib/gcc/arm-none-eabi/13.3.1/../../../../arm-none-eabi/lib/thumb/v7e-m+dp/hard/libc_nano.a(libc_a-wsetup.o)
                0x080087ec                __swsetup_r
 .text.memset   0x08008898       0x10 /opt/st/stm32cubeide_2.0.0_3/plugins/com.st.stm32cube.ide.mcu.externaltools.gnu-tools-for-stm32.13.3.rel1.linux64_1.0.100.202509120712/tools/bin/../lib/gcc/arm-none-eabi/13.3.1/../../../../arm-none-eabi/lib/thumb/v7e-m+dp/hard/libc_nano.a(libc_a-memset.o)
                0x08008898                memset
 .text._close_r
                0x080088a8       0x20 /opt/st/stm32cubeide_2.0.0_3/plugins/com.st.stm32cube.ide.mcu.externaltools.gnu-tools-for-stm32.13.3.rel1.linux64_1.0.100.202509120712/tools/bin/../lib/gcc/arm-none-eabi/13.3.1/../../../../arm-none-eabi/lib/thumb/v7e-m+dp/hard/libc_nano.a(libc_a-closer.o)
                0x080088a8                _close_r
 .text._lseek_r
                0x080088c8       0x24 /opt/st/stm32cubeide_2.0.0_3/plugins/com.st.stm32cube.ide.mcu.externaltools.gnu-tools-for-stm32.13.3.rel1.linux64_1.0.100.202509120712/tools/bin/../lib/gcc/arm-none-eabi/13.3.1/../../../../arm-none-eabi/lib/thumb/v7e-m+dp/hard/libc_nano.a(libc_a-lseekr.o)
                0x080088c8                _lseek_r
 .text._read_r  0x080088ec       0x24 /opt/st/stm32cubeide_2.0.0_3/plugins/com.st.stm32cube.ide.mcu.externaltools.gnu-tools-for-stm32.13.3.rel1.linux64_1.0.100.202509120712/tools/bin/../lib/gcc/arm-none-eabi/13.3.1/../../../../arm-none-eabi/lib/thumb/v7e-m+dp/hard/libc_nano.a(libc_a-readr.o)
                0x080088ec                _read_r
 .text._write_r
                0x08008910       0x24 /opt/st/stm32cubeide_2.0.0_3/plugins/com.st.stm32cube.ide.mcu.externaltools.gnu-tools-for-stm32.13.3.rel1.linux64_1.0.100.202509120712/tools/bin/../lib/gcc/arm-none-eabi/13.3.1/../../../../arm-none-eabi/lib/thumb/v7e-m+dp/hard/libc_nano.a(libc_a-writer.o)
                0x08008910                _write_r
 .text.__errno  0x08008934        0xc /opt/st/stm32cubeide_2.0.0_3/plugins/com.st.stm32cube.ide.mcu.externaltools.gnu-tools-for-stm32.13.3.rel1.linux64_1.0.100.202509120712/tools/bin/../lib/gcc/arm-none-eabi/13.3.1/../../../../arm-none-eabi/lib/thumb/v7e-m+dp/hard/libc_nano.a(libc_a-errno.o)
                0x08008934                __errno
 .text.__libc_init_array
                0x08008940       0x48 /opt/st/stm32cubeide_2.0.0_3/plugins/com.st.stm32cube.ide.mcu.externaltools.gnu-tools-for-stm32.13.3.rel1.linux64_1.0.100.202509120712/tools/bin/../lib/gcc/arm-none-eabi/13.3.1/../../../../arm-none-eabi/lib/thumb/v7e-m+dp/hard/libc_nano.a(libc_a-init.o)
                0x08008940                __libc_init_array
 .text.__retarget_lock_init_recursive
                0x08008988        0x2 /opt/st/stm32cubeide_2.0.0_3/plugins/com.st.stm32cube.ide.mcu.externaltools.gnu-tools-for-stm32.13.3.rel1.linux64_1.0.100.202509120712/tools/bin/../lib/gcc/arm-none-eabi/13.3.1/../../../../arm-none-eabi/lib/thumb/v7e-m+dp/hard/libc_nano.a(libc_a-lock.o)
                0x08008988                __retarget_lock_init_recursive
 .text.__retarget_lock_acquire_recursive
                0x0800898a        0x2 /opt/st/stm32cubeide_2.0.0_3/plugins/com.st.stm32cube.ide.mcu.externaltools.gnu-tools-for-stm32.13.3.rel1.linux64_1.0.100.202509120712/tools/bin/../lib/gcc/arm-none-eabi/13.3.1/../../../../arm-none-eabi/lib/thumb/v7e-m+dp/hard/libc_nano.a(libc_a-lock.o)
                0x0800898a                __retarget_lock_acquire_recursive
 .text.__retarget_lock_release_recursive
                0x0800898c        0x2 /opt/st/stm32cubeide_2.0.0_3/plugins/com.st.stm32cube.ide.mcu.externaltools.gnu-tools-for-stm32.13.3.rel1.linux64_1.0.100.202509120712/tools/bin/../lib/gcc/arm-none-eabi/13.3.1/../../../../arm-none-eabi/lib/thumb/v7e-m+dp/hard/libc_nano.a(libc_a-lock.o)
                0x0800898c                __retarget_lock_release_recursive
 *fill*         0x0800898e        0x2 
 .text._free_r  0x08008990       0x94 /opt/st/stm32cubeide_2.0.0_3/plugins/com.st.stm32cube.ide.mcu.externaltools.gnu-tools-for-stm32.13.3.rel1.linux64_1.0.100.202509120712/tools/bin/../lib/gcc/arm-none-eabi/13.3.1/../../../../arm-none-eabi/lib/thumb/v7e-m+dp/hard/libc_nano.a(libc_a-freer.o)
                0x08008990                _free_r
 .text.malloc   0x08008a24       0x10 /opt/st/stm32cubeide_2.0.0_3/plugins/com.st.stm32cube.ide.mcu.externaltools.gnu-tools-for-stm32.13.3.rel1.linux64_1.0.100.202509120712/tools/bin/../lib/gcc/arm-none-eabi/13.3.1/../../../../arm-none-eabi/lib/thumb/v7e-m+dp/hard/libc_nano.a(libc_a-malloc.o)
                0x08008a24                malloc
 .text.sbrk_aligned
                0x08008a34       0x44 /opt/st/stm32cubeide_2.0.0_3/plugins/com.st.stm32cube.ide.mcu.externaltools.gnu-tools-for-stm32.13.3.rel1.linux64_1.0.100.202509120712/tools/bin/../lib/gcc/arm-none-eabi/13.3.1/../../../../arm-none-eabi/lib/thumb/v7e-m+dp/hard/libc_nano.a(libc_a-mallocr.o)
 .text._malloc_r
                0x08008a78      0x100 /opt/st/stm32cubeide_2.0.0_3/plugins/com.st.stm32cube.ide.mcu.externaltools.gnu-tools-for-stm32.13.3.rel1.linux64_1.0.100.202509120712/tools/bin/../lib/gcc/arm-none-eabi/13.3.1/../../../../arm-none-eabi/lib/thumb/v7e-m+dp/hard/libc_nano.a(libc_a-mallocr.o)
                0x08008a78                _malloc_r
 .text.__malloc_lock
                0x08008b78        0xc /opt/st/stm32cubeide_2.0.0_3/plugins/com.st.stm32cube.ide.mcu.externaltools.gnu-tools-for-stm32.13.3.rel1.linux64_1.0.100.202509120712/tools/bin/../lib/gcc/arm-none-eabi/13.3.1/../../../../arm-none-eabi/lib/thumb/v7e-m+dp/hard/libc_nano.a(libc_a-mlock.o)
                0x08008b78                __malloc_lock
 .text.__malloc_unlock
                0x08008b84        0xc /opt/st/stm32cubeide_2.0.0_3/plugins/com.st.stm32cube.ide.mcu.externaltools.gnu-tools-for-stm32.13.3.rel1.linux64_1.0.100.202509120712/tools/bin/../lib/gcc/arm-none-eabi/13.3.1/../../../../arm-none-eabi/lib/thumb/v7e-m+dp/hard/libc_nano.a(libc_a-mlock.o)
                0x08008b84                __malloc_unlock
 .text.__sfputc_r
                0x08008b90       0x2e /opt/st/stm32cubeide_2.0.0_3/plugins/com.st.stm32cube.ide.mcu.externaltools.gnu-tools-for-stm32.13.3.rel1.linux64_1.0.100.202509120712/tools/bin/../lib/gcc/arm-none-eabi/13.3.1/../../../../arm-none-eabi/lib/thumb/v7e-m+dp/hard/libc_nano.a(libc_a-nano-vfprintf.o)
 .text.__sfputs_r
                0x08008bbe       0x24 /opt/st/stm32cubeide_2.0.0_3/plugins/com.st.stm32cube.ide.mcu.externaltools.gnu-tools-for-stm32.13.3.rel1.linux64_1.0.100.202509120712/tools/bin/../lib/gcc/arm-none-eabi/13.3.1/../../../../arm-none-eabi/lib/thumb/v7e-m+dp/hard/libc_nano.a(libc_a-nano-vfprintf.o)
                0x08008bbe                __sfputs_r
 *fill*         0x08008be2        0x2 
 .text._vfprintf_r
                0x08008be4      0x230 /opt/st/stm32cubeide_2.0.0_3/plugins/com.st.stm32cube.ide.mcu.externaltools.gnu-tools-for-stm32.13.3.rel1.linux64_1.0.100.202509120712/tools/bin/../lib/gcc/arm-none-eabi/13.3.1/../../../../arm-none-eabi/lib/thumb/v7e-m+dp/hard/libc_nano.a(libc_a-nano-vfprintf.o)
                0x08008be4                _vfiprintf_r
                0x08008be4                _vfprintf_r
 .text._printf_common
                0x08008e14       0xda /opt/st/stm32cubeide_2.0.0_3/plugins/com.st.stm32cube.ide.mcu.externaltools.gnu-tools-for-stm32.13.3.rel1.linux64_1.0.100.202509120712/tools/bin/../lib/gcc/arm-none-eabi/13.3.1/../../../../arm-none-eabi/lib/thumb/v7e-m+dp/hard/libc_nano.a(libc_a-nano-vfprintf_i.o)
                0x08008e14                _printf_common
 *fill*         0x08008eee        0x2 
 .text._printf_i
                0x08008ef0      0x23c /opt/st/stm32cubeide_2.0.0_3/plugins/com.st.stm32cube.ide.mcu.externaltools.gnu-tools-for-stm32.13.3.rel1.linux64_1.0.100.202509120712/tools/bin/../lib/gcc/arm-none-eabi/13.3.1/../../../../arm-none-eabi/lib/thumb/v7e-m+dp/hard/libc_nano.a(libc_a-nano-vfprintf_i.o)
                0x08008ef0                _printf_i
 .text.__sflush_r
                0x0800912c      0x108 /opt/st/stm32cubeide_2.0.0_3/plugins/com.st.stm32cube.ide.mcu.externaltools.gnu-tools-for-stm32.13.3.rel1.linux64_1.0.100.202509120712/tools/bin/../lib/gcc/arm-none-eabi/13.3.1/../../../../arm-none-eabi/lib/thumb/v7e-m+dp/hard/libc_nano.a(libc_a-fflush.o)
                0x0800912c                __sflush_r
 .text._fflush_r
                0x08009234       0x50 /opt/st/stm32cubeide_2.0.0_3/plugins/com.st.stm32cube.ide.mcu.externaltools.gnu-tools-for-stm32.13.3.rel1.linux64_1.0.100.202509120712/tools/bin/../lib/gcc/arm-none-eabi/13.3.1/../../../../arm-none-eabi/lib/thumb/v7e-m+dp/hard/libc_nano.a(libc_a-fflush.o)
                0x08009234                _fflush_r
 .text.__swhatbuf_r
                0x08009284       0x4c /opt/st/stm32cubeide_2.0.0_3/plugins/com.st.stm32cube.ide.mcu.externaltools.gnu-tools-for-stm32.13.3.rel1.linux64_1.0.100.202509120712/tools/bin/../lib/gcc/arm-none-eabi/13.3.1/../../../../arm-none-eabi/lib/thumb/v7e-m+dp/hard/libc_nano.a(libc_a-makebuf.o)
                0x08009284                __swhatbuf_r
 .text.__smakebuf_r
                0x080092d0       0x78 /opt/st/stm32cubeide_2.0.0_3/plugins/com.st.stm32cube.ide.mcu.externaltools.gnu-tools-for-stm32.13.3.rel1.linux64_1.0.100.202509120712/tools/bin/../lib/gcc/arm-none-eabi/13.3.1/../../../../arm-none-eabi/lib/thumb/v7e-m+dp/hard/libc_nano.a(libc_a-makebuf.o)
                0x080092d0                __smakebuf_r
 .text._fstat_r
                0x08009348       0x24 /opt/st/stm32cubeide_2.0.0_3/plugins/com.st.stm32cube.ide.mcu.externaltools.gnu-tools-for-stm32.13.3.rel1.linux64_1.0.100.202509120712/tools/bin/../lib/gcc/arm-none-eabi/13.3.1/../../../../arm-none-eabi/lib/thumb/v7e-m+dp/hard/libc_nano.a(libc_a-fstatr.o)
                0x08009348                _fstat_r
 .text._isatty_r
                0x0800936c       0x20 /opt/st/stm32cubeide_2.0.0_3/plugins/com.st.stm32cube.ide.mcu.externaltools.gnu-tools-for-stm32.13.3.rel1.linux64_1.0.100.202509120712/tools/bin/../lib/gcc/arm-none-eabi/13.3.1/../../../../arm-none-eabi/lib/thumb/v7e-m+dp/hard/libc_nano.a(libc_a-isattyr.o)
                0x0800936c                _isatty_r
 .text._sbrk_r  0x0800938c       0x20 /opt/st/stm32cubeide_2.0.0_3/plugins/com.st.stm32cube.ide.mcu.externaltools.gnu-tools-for-stm32.13.3.rel1.linux64_1.0.100.202509120712/tools/bin/../lib/gcc/arm-none-eabi/13.3.1/../../../../arm-none-eabi/lib/thumb/v7e-m+dp/hard/libc_nano.a(libc_a-sbrkr.o)
                0x0800938c                _sbrk_r
 *(.glue_7)
 .glue_7        0x080093ac        0x0 linker stubs
 *(.glue_7t)
 .glue_7t       0x080093ac        0x0 linker stubs
 *(.eh_frame)
 .eh_frame      0x080093ac        0x0 /opt/st/stm32cubeide_2.0.0_3/plugins/com.st.stm32cube.ide.mcu.externaltools.gnu-tools-for-stm32.13.3.rel1.linux64_1.0.100.202509120712/tools/bin/../lib/gcc/arm-none-eabi/13.3.1/thumb/v7e-m+dp/hard/crtbegin.o
 *(.init)
 .init          0x080093ac        0x4 /opt/st/stm32cubeide_2.0.0_3/plugins/com.st.stm32cube.ide.mcu.externaltools.gnu-tools-for-stm32.13.3.rel1.linux64_1.0.100.202509120712/tools/bin/../lib/gcc/arm-none-eabi/13.3.1/thumb/v7e-m+dp/hard/crti.o
                0x080093ac                _init
 .init          0x080093b0        0x8 /opt/st/stm32cubeide_2.0.0_3/plugins/com.st.stm32cube.ide.mcu.externaltools.gnu-tools-for-stm32.13.3.rel1.linux64_1.0.100.202509120712/tools/bin/../lib/gcc/arm-none-eabi/13.3.1/thumb/v7e-m+dp/hard/crtn.o
 *(.fini)
 .fini          0x080093b8        0x4 /opt/st/stm32cubeide_2.0.0_3/plugins/com.st.stm32cube.ide.mcu.externaltools.gnu-tools-for-stm32.13.3.rel1.linux64_1.0.100.202509120712/tools/bin/../lib/gcc/arm-none-eabi/13.3.1/thumb/v7e-m+dp/hard/crti.o
                0x080093b8                _fini
 .fini          0x080093bc        0x8 /opt/st/stm32cubeide_2.0.0_3/plugins/com.st.stm32cube.ide.mcu.externaltools.gnu-tools-for-stm32.13.3.rel1.linux64_1.0.100.202509120712/tools/bin/../lib/gcc/arm-none-eabi/13.3.1/thumb/v7e-m+dp/hard/crtn.o
                0x080093c4                        . = ALIGN (0x4)
                0x080093c4                        _etext = .

.vfp11_veneer   0x080093c4        0x0
 .vfp11_veneer  0x080093c4        0x0 linker stubs

.v4_bx          0x080093c4        0x0
 .v4_bx         0x080093c4        0x0 linker stubs

.iplt           0x080093c4        0x0
 .iplt          0x080093c4        0x0 /opt/st/stm32cubeide_2.0.0_3/plugins/com.st.stm32cube.ide.mcu.externaltools.gnu-tools-for-stm32.13.3.rel1.linux64_1.0.100.202509120712/tools/bin/../lib/gcc/arm-none-eabi/13.3.1/thumb/v7e-m+dp/hard/crtbegin.o

.rodata         0x080093c4      0x118
                0x080093c4                        . = ALIGN (0x4)
 *(.rodata)
 .rodata        0x080093c4       0xa9 ./Core/Src/main.o
 *(.rodata*)
 *fill*         0x0800946d        0x3 
 .rodata.D1CorePrescTable
                0x08009470       0x10 ./Core/Src/system_stm32h7xx.o
                0x08009470                D1CorePrescTable
 .rodata.UARTPrescTable
                0x08009480       0x18 ./Drivers/STM32H7xx_HAL_Driver/Src/stm32h7xx_hal_uart.o
                0x08009480                UARTPrescTable
 .rodata.numerator.1
                0x08009498        0x8 ./Drivers/STM32H7xx_HAL_Driver/Src/stm32h7xx_hal_uart_ex.o
 .rodata.denominator.0
                0x080094a0        0x8 ./Drivers/STM32H7xx_HAL_Driver/Src/stm32h7xx_hal_uart_ex.o
 .rodata._vfprintf_r.str1.1
                0x080094a8       0x33 /opt/st/stm32cubeide_2.0.0_3/plugins/com.st.stm32cube.ide.mcu.externaltools.gnu-tools-for-stm32.13.3.rel1.linux64_1.0.100.202509120712/tools/bin/../lib/gcc/arm-none-eabi/13.3.1/../../../../arm-none-eabi/lib/thumb/v7e-m+dp/hard/libc_nano.a(libc_a-nano-vfprintf.o)
                                 0x11 (size before relaxing)
 .rodata._printf_i.str1.1
                0x080094db        0x0 /opt/st/stm32cubeide_2.0.0_3/plugins/com.st.stm32cube.ide.mcu.externaltools.gnu-tools-for-stm32.13.3.rel1.linux64_1.0.100.202509120712/tools/bin/../lib/gcc/arm-none-eabi/13.3.1/../../../../arm-none-eabi/lib/thumb/v7e-m+dp/hard/libc_nano.a(libc_a-nano-vfprintf_i.o)
                                 0x22 (size before relaxing)
                0x080094dc                        . = ALIGN (0x4)
 *fill*         0x080094db        0x1 

.ARM.extab
 *(.ARM.extab* .gnu.linkonce.armextab.*)

.ARM            0x080094dc        0x8
                0x080094dc                        __exidx_start = .
 *(.ARM.exidx*)
 .ARM.exidx     0x080094dc        0x8 /opt/st/stm32cubeide_2.0.0_3/plugins/com.st.stm32cube.ide.mcu.externaltools.gnu-tools-for-stm32.13.3.rel1.linux64_1.0.100.202509120712/tools/bin/../lib/gcc/arm-none-eabi/13.3.1/../../../../arm-none-eabi/lib/thumb/v7e-m+dp/hard/libc_nano.a(libc_a-memchr.o)
 .ARM.exidx     0x080094e4        0x0 /opt/st/stm32cubeide_2.0.0_3/plugins/com.st.stm32cube.ide.mcu.externaltools.gnu-tools-for-stm32.13.3.rel1.linux64_1.0.100.202509120712/tools/bin/../lib/gcc/arm-none-eabi/13.3.1/thumb/v7e-m+dp/hard/libgcc.a(_udivmoddi4.o)
                                  0x8 (size before relaxing)
                0x080094e4                        __exidx_end = .

.preinit_array  0x080094e4        0x0
                0x080094e4                        PROVIDE (__preinit_array_start = .)
 *(.preinit_array*)
                0x080094e4                        PROVIDE (__preinit_array_end = .)

.init_array     0x080094e4        0x4
                0x080094e4                        PROVIDE (__init_array_start = .)
 *(SORT_BY_NAME(.init_array.*))
 *(.init_array*)
 .init_array    0x080094e4        0x4 /opt/st/stm32cubeide_2.0.0_3/plugins/com.st.stm32cube.ide.mcu.externaltools.gnu-tools-for-stm32.13.3.rel1.linux64_1.0.100.202509120712/tools/bin/../lib/gcc/arm-none-eabi/13.3.1/thumb/v7e-m+dp/hard/crtbegin.o
                0x080094e8                        PROVIDE (__init_array_end = .)

.fini_array     0x080094e8        0x4
                [!provide]                        PROVIDE (__fini_array_start = .)
 *(SORT_BY_NAME(.fini_array.*))
 *(.fini_array*)
 .fini_array    0x080094e8        0x4 /opt/st/stm32cubeide_2.0.0_3/plugins/com.st.stm32cube.ide.mcu.externaltools.gnu-tools-for-stm32.13.3.rel1.linux64_1.0.100.202509120712/tools/bin/../lib/gcc/arm-none-eabi/13.3.1/thumb/v7e-m+dp/hard/crtbegin.o
                [!provide]                        PROVIDE (__fini_array_end = .)
                0x080094ec                        _sidata = LOADADDR (.data)

.rel.dyn        0x080094ec        0x0
 .rel.iplt      0x080094ec        0x0 /opt/st/stm32cubeide_2.0.0_3/plugins/com.st.stm32cube.ide.mcu.externaltools.gnu-tools-for-stm32.13.3.rel1.linux64_1.0.100.202509120712/tools/bin/../lib/gcc/arm-none-eabi/13.3.1/thumb/v7e-m+dp/hard/crtbegin.o

.data           0x24000000       0x6c load address 0x080094ec
                0x24000000                        . = ALIGN (0x4)
                0x24000000                        _sdata = .
 *(.data)
 *(.data*)
 .data.SystemCoreClock
                0x24000000        0x4 ./Core/Src/system_stm32h7xx.o
                0x24000000                SystemCoreClock
 .data.SystemD2Clock
                0x24000004        0x4 ./Core/Src/system_stm32h7xx.o
                0x24000004                SystemD2Clock
 .data.uwTickPrio
                0x24000008        0x4 ./Drivers/STM32H7xx_HAL_Driver/Src/stm32h7xx_hal.o
                0x24000008                uwTickPrio
 .data.uwTickFreq
                0x2400000c        0x1 ./Drivers/STM32H7xx_HAL_Driver/Src/stm32h7xx_hal.o
                0x2400000c                uwTickFreq
 *fill*         0x2400000d        0x3 
 .data.__sglue  0x24000010        0xc /opt/st/stm32cubeide_2.0.0_3/plugins/com.st.stm32cube.ide.mcu.externaltools.gnu-tools-for-stm32.13.3.rel1.linux64_1.0.100.202509120712/tools/bin/../lib/gcc/arm-none-eabi/13.3.1/../../../../arm-none-eabi/lib/thumb/v7e-m+dp/hard/libc_nano.a(libc_a-findfp.o)
                0x24000010                __sglue
 .data._impure_ptr
                0x2400001c        0x4 /opt/st/stm32cubeide_2.0.0_3/plugins/com.st.stm32cube.ide.mcu.externaltools.gnu-tools-for-stm32.13.3.rel1.linux64_1.0.100.202509120712/tools/bin/../lib/gcc/arm-none-eabi/13.3.1/../../../../arm-none-eabi/lib/thumb/v7e-m+dp/hard/libc_nano.a(libc_a-impure.o)
                0x2400001c                _impure_ptr
 .data._impure_data
                0x24000020       0x4c /opt/st/stm32cubeide_2.0.0_3/plugins/com.st.stm32cube.ide.mcu.externaltools.gnu-tools-for-stm32.13.3.rel1.linux64_1.0.100.202509120712/tools/bin/../lib/gcc/arm-none-eabi/13.3.1/../../../../arm-none-eabi/lib/thumb/v7e-m+dp/hard/libc_nano.a(libc_a-impure.o)
                0x24000020                _impure_data
 *(.RamFunc)
 *(.RamFunc*)
                0x2400006c                        . = ALIGN (0x4)
                0x2400006c                        _edata = .

.igot.plt       0x2400006c        0x0 load address 0x08009558
 .igot.plt      0x2400006c        0x0 /opt/st/stm32cubeide_2.0.0_3/plugins/com.st.stm32cube.ide.mcu.externaltools.gnu-tools-for-stm32.13.3.rel1.linux64_1.0.100.202509120712/tools/bin/../lib/gcc/arm-none-eabi/13.3.1/thumb/v7e-m+dp/hard/crtbegin.o
                0x2400006c                        . = ALIGN (0x4)

.bss            0x2400006c      0x388 load address 0x08009558
                0x2400006c                        _sbss = .
                0x2400006c                        __bss_start__ = _sbss
 *(.bss)
 .bss           0x2400006c       0x1c /opt/st/stm32cubeide_2.0.0_3/plugins/com.st.stm32cube.ide.mcu.externaltools.gnu-tools-for-stm32.13.3.rel1.linux64_1.0.100.202509120712/tools/bin/../lib/gcc/arm-none-eabi/13.3.1/thumb/v7e-m+dp/hard/crtbegin.o
 *(.bss*)
 .bss.hadc1     0x24000088       0x64 ./Core/Src/main.o
                0x24000088                hadc1
 .bss.hadc2     0x240000ec       0x64 ./Core/Src/main.o
                0x240000ec                hadc2
 .bss.hadc3     0x24000150       0x64 ./Core/Src/main.o
                0x24000150                hadc3
 .bss.hi2c1     0x240001b4       0x54 ./Core/Src/main.o
                0x240001b4                hi2c1
 .bss.huart1    0x24000208       0x94 ./Core/Src/main.o
                0x24000208                huart1
 .bss.HAL_RCC_ADC12_CLK_ENABLED
                0x2400029c        0x4 ./Core/Src/stm32h7xx_hal_msp.o
 .bss.__sbrk_heap_end
                0x240002a0        0x4 ./Core/Src/sysmem.o
 .bss.uwTick    0x240002a4        0x4 ./Drivers/STM32H7xx_HAL_Driver/Src/stm32h7xx_hal.o
                0x240002a4                uwTick
 .bss.__sf      0x240002a8      0x138 /opt/st/stm32cubeide_2.0.0_3/plugins/com.st.stm32cube.ide.mcu.externaltools.gnu-tools-for-stm32.13.3.rel1.linux64_1.0.100.202509120712/tools/bin/../lib/gcc/arm-none-eabi/13.3.1/../../../../arm-none-eabi/lib/thumb/v7e-m+dp/hard/libc_nano.a(libc_a-findfp.o)
                0x240002a8                __sf
 .bss.__stdio_exit_handler
                0x240003e0        0x4 /opt/st/stm32cubeide_2.0.0_3/plugins/com.st.stm32cube.ide.mcu.externaltools.gnu-tools-for-stm32.13.3.rel1.linux64_1.0.100.202509120712/tools/bin/../lib/gcc/arm-none-eabi/13.3.1/../../../../arm-none-eabi/lib/thumb/v7e-m+dp/hard/libc_nano.a(libc_a-findfp.o)
                0x240003e0                __stdio_exit_handler
 .bss.errno     0x240003e4        0x4 /opt/st/stm32cubeide_2.0.0_3/plugins/com.st.stm32cube.ide.mcu.externaltools.gnu-tools-for-stm32.13.3.rel1.linux64_1.0.100.202509120712/tools/bin/../lib/gcc/arm-none-eabi/13.3.1/../../../../arm-none-eabi/lib/thumb/v7e-m+dp/hard/libc_nano.a(libc_a-reent.o)
                0x240003e4                errno
 .bss.__lock___malloc_recursive_mutex
                0x240003e8        0x1 /opt/st/stm32cubeide_2.0.0_3/plugins/com.st.stm32cube.ide.mcu.externaltools.gnu-tools-for-stm32.13.3.rel1.linux64_1.0.100.202509120712/tools/bin/../lib/gcc/arm-none-eabi/13.3.1/../../../../arm-none-eabi/lib/thumb/v7e-m+dp/hard/libc_nano.a(libc_a-lock.o)
                0x240003e8                __lock___malloc_recursive_mutex
 .bss.__lock___sfp_recursive_mutex
                0x240003e9        0x1 /opt/st/stm32cubeide_2.0.0_3/plugins/com.st.stm32cube.ide.mcu.externaltools.gnu-tools-for-stm32.13.3.rel1.linux64_1.0.100.202509120712/tools/bin/../lib/gcc/arm-none-eabi/13.3.1/../../../../arm-none-eabi/lib/thumb/v7e-m+dp/hard/libc_nano.a(libc_a-lock.o)
                0x240003e9                __lock___sfp_recursive_mutex
 *fill*         0x240003ea        0x2 
 .bss.__malloc_sbrk_start
                0x240003ec        0x4 /opt/st/stm32cubeide_2.0.0_3/plugins/com.st.stm32cube.ide.mcu.externaltools.gnu-tools-for-stm32.13.3.rel1.linux64_1.0.100.202509120712/tools/bin/../lib/gcc/arm-none-eabi/13.3.1/../../../../arm-none-eabi/lib/thumb/v7e-m+dp/hard/libc_nano.a(libc_a-mallocr.o)
                0x240003ec                __malloc_sbrk_start
 .bss.__malloc_free_list
                0x240003f0        0x4 /opt/st/stm32cubeide_2.0.0_3/plugins/com.st.stm32cube.ide.mcu.externaltools.gnu-tools-for-stm32.13.3.rel1.linux64_1.0.100.202509120712/tools/bin/../lib/gcc/arm-none-eabi/13.3.1/../../../../arm-none-eabi/lib/thumb/v7e-m+dp/hard/libc_nano.a(libc_a-mallocr.o)
                0x240003f0                __malloc_free_list
 *(COMMON)
                0x240003f4                        . = ALIGN (0x4)
                0x240003f4                        _ebss = .
                0x240003f4                        __bss_end__ = _ebss

._user_heap_stack
                0x240003f4      0x604 load address 0x08009558
                0x240003f8                        . = ALIGN (0x8)
 *fill*         0x240003f4        0x4 
                [!provide]                        PROVIDE (end = .)
                0x240003f8                        PROVIDE (_end = .)
                0x240005f8                        . = (. + _Min_Heap_Size)
 *fill*         0x240003f8      0x200 
                0x240009f8                        . = (. + _Min_Stack_Size)
 *fill*         0x240005f8      0x400 
                0x240009f8                        . = ALIGN (0x8)

/DISCARD/
 libc.a(*)
 libm.a(*)
 libgcc.a(*)

.ARM.attributes
                0x00000000       0x2e
 *(.ARM.attributes)
 .ARM.attributes
                0x00000000       0x20 /opt/st/stm32cubeide_2.0.0_3/plugins/com.st.stm32cube.ide.mcu.externaltools.gnu-tools-for-stm32.13.3.rel1.linux64_1.0.100.202509120712/tools/bin/../lib/gcc/arm-none-eabi/13.3.1/thumb/v7e-m+dp/hard/crti.o
 .ARM.attributes
                0x00000020       0x32 /opt/st/stm32cubeide_2.0.0_3/plugins/com.st.stm32cube.ide.mcu.externaltools.gnu-tools-for-stm32.13.3.rel1.linux64_1.0.100.202509120712/tools/bin/../lib/gcc/arm-none-eabi/13.3.1/thumb/v7e-m+dp/hard/crtbegin.o
 .ARM.attributes
                0x00000052       0x32 ./Core/Src/main.o
 .ARM.attributes
                0x00000084       0x32 ./Core/Src/stm32h7xx_hal_msp.o
 .ARM.attributes
                0x000000b6       0x32 ./Core/Src/stm32h7xx_it.o
 .ARM.attributes
                0x000000e8       0x32 ./Core/Src/syscalls.o
 .ARM.attributes
                0x0000011a       0x32 ./Core/Src/sysmem.o
 .ARM.attributes
                0x0000014c       0x32 ./Core/Src/system_stm32h7xx.o
 .ARM.attributes
                0x0000017e       0x21 ./Core/Startup/startup_stm32h743zitx.o
 .ARM.attributes
                0x0000019f       0x32 ./Drivers/STM32H7xx_HAL_Driver/Src/stm32h7xx_hal.o
 .ARM.attributes
                0x000001d1       0x32 ./Drivers/STM32H7xx_HAL_Driver/Src/stm32h7xx_hal_adc.o
 .ARM.attributes
                0x00000203       0x32 ./Drivers/STM32H7xx_HAL_Driver/Src/stm32h7xx_hal_adc_ex.o
 .ARM.attributes
                0x00000235       0x32 ./Drivers/STM32H7xx_HAL_Driver/Src/stm32h7xx_hal_cortex.o
 .ARM.attributes
                0x00000267       0x32 ./Drivers/STM32H7xx_HAL_Driver/Src/stm32h7xx_hal_gpio.o
 .ARM.attributes
                0x00000299       0x32 ./Drivers/STM32H7xx_HAL_Driver/Src/stm32h7xx_hal_i2c.o
 .ARM.attributes
                0x000002cb       0x32 ./Drivers/STM32H7xx_HAL_Driver/Src/stm32h7xx_hal_i2c_ex.o
 .ARM.attributes
                0x000002fd       0x32 ./Drivers/STM32H7xx_HAL_Driver/Src/stm32h7xx_hal_pwr_ex.o
 .ARM.attributes
                0x0000032f       0x32 ./Drivers/STM32H7xx_HAL_Driver/Src/stm32h7xx_hal_rcc.o
 .ARM.attributes
                0x00000361       0x32 ./Drivers/STM32H7xx_HAL_Driver/Src/stm32h7xx_hal_rcc_ex.o
 .ARM.attributes
                0x00000393       0x32 ./Drivers/STM32H7xx_HAL_Driver/Src/stm32h7xx_hal_uart.o
 .ARM.attributes
                0x000003c5       0x32 ./Drivers/STM32H7xx_HAL_Driver/Src/stm32h7xx_hal_uart_ex.o
 .ARM.attributes
                0x000003f7       0x32 /opt/st/stm32cubeide_2.0.0_3/plugins/com.st.stm32cube.ide.mcu.externaltools.gnu-tools-for-stm32.13.3.rel1.linux64_1.0.100.202509120712/tools/bin/../lib/gcc/arm-none-eabi/13.3.1/../../../../arm-none-eabi/lib/thumb/v7e-m+dp/hard/libc_nano.a(libc_a-findfp.o)
 .ARM.attributes
                0x00000429       0x32 /opt/st/stm32cubeide_2.0.0_3/plugins/com.st.stm32cube.ide.mcu.externaltools.gnu-tools-for-stm32.13.3.rel1.linux64_1.0.100.202509120712/tools/bin/../lib/gcc/arm-none-eabi/13.3.1/../../../../arm-none-eabi/lib/thumb/v7e-m+dp/hard/libc_nano.a(libc_a-fwalk.o)
 .ARM.attributes
                0x0000045b       0x32 /opt/st/stm32cubeide_2.0.0_3/plugins/com.st.stm32cube.ide.mcu.externaltools.gnu-tools-for-stm32.13.3.rel1.linux64_1.0.100.202509120712/tools/bin/../lib/gcc/arm-none-eabi/13.3.1/../../../../arm-none-eabi/lib/thumb/v7e-m+dp/hard/libc_nano.a(libc_a-printf.o)
 .ARM.attributes
                0x0000048d       0x32 /opt/st/stm32cubeide_2.0.0_3/plugins/com.st.stm32cube.ide.mcu.externaltools.gnu-tools-for-stm32.13.3.rel1.linux64_1.0.100.202509120712/tools/bin/../lib/gcc/arm-none-eabi/13.3.1/../../../../arm-none-eabi/lib/thumb/v7e-m+dp/hard/libc_nano.a(libc_a-puts.o)
 .ARM.attributes
                0x000004bf       0x32 /opt/st/stm32cubeide_2.0.0_3/plugins/com.st.stm32cube.ide.mcu.externaltools.gnu-tools-for-stm32.13.3.rel1.linux64_1.0.100.202509120712/tools/bin/../lib/gcc/arm-none-eabi/13.3.1/../../../../arm-none-eabi/lib/thumb/v7e-m+dp/hard/libc_nano.a(libc_a-setvbuf.o)
 .ARM.attributes
                0x000004f1       0x32 /opt/st/stm32cubeide_2.0.0_3/plugins/com.st.stm32cube.ide.mcu.externaltools.gnu-tools-for-stm32.13.3.rel1.linux64_1.0.100.202509120712/tools/bin/../lib/gcc/arm-none-eabi/13.3.1/../../../../arm-none-eabi/lib/thumb/v7e-m+dp/hard/libc_nano.a(libc_a-stdio.o)
 .ARM.attributes
                0x00000523       0x32 /opt/st/stm32cubeide_2.0.0_3/plugins/com.st.stm32cube.ide.mcu.externaltools.gnu-tools-for-stm32.13.3.rel1.linux64_1.0.100.202509120712/tools/bin/../lib/gcc/arm-none-eabi/13.3.1/../../../../arm-none-eabi/lib/thumb/v7e-m+dp/hard/libc_nano.a(libc_a-wbuf.o)
 .ARM.attributes
                0x00000555       0x32 /opt/st/stm32cubeide_2.0.0_3/plugins/com.st.stm32cube.ide.mcu.externaltools.gnu-tools-for-stm32.13.3.rel1.linux64_1.0.100.202509120712/tools/bin/../lib/gcc/arm-none-eabi/13.3.1/../../../../arm-none-eabi/lib/thumb/v7e-m+dp/hard/libc_nano.a(libc_a-wsetup.o)
 .ARM.attributes
                0x00000587       0x32 /opt/st/stm32cubeide_2.0.0_3/plugins/com.st.stm32cube.ide.mcu.externaltools.gnu-tools-for-stm32.13.3.rel1.linux64_1.0.100.202509120712/tools/bin/../lib/gcc/arm-none-eabi/13.3.1/../../../../arm-none-eabi/lib/thumb/v7e-m+dp/hard/libc_nano.a(libc_a-memset.o)
 .ARM.attributes
                0x000005b9       0x32 /opt/st/stm32cubeide_2.0.0_3/plugins/com.st.stm32cube.ide.mcu.externaltools.gnu-tools-for-stm32.13.3.rel1.linux64_1.0.100.202509120712/tools/bin/../lib/gcc/arm-none-eabi/13.3.1/../../../../arm-none-eabi/lib/thumb/v7e-m+dp/hard/libc_nano.a(libc_a-closer.o)
 .ARM.attributes
                0x000005eb       0x32 /opt/st/stm32cubeide_2.0.0_3/plugins/com.st.stm32cube.ide.mcu.externaltools.gnu-tools-for-stm32.13.3.rel1.linux64_1.0.100.202509120712/tools/bin/../lib/gcc/arm-none-eabi/13.3.1/../../../../arm-none-eabi/lib/thumb/v7e-m+dp/hard/libc_nano.a(libc_a-reent.o)
 .ARM.attributes
                0x0000061d       0x32 /opt/st/stm32cubeide_2.0.0_3/plugins/com.st.stm32cube.ide.mcu.externaltools.gnu-tools-for-stm32.13.3.rel1.linux64_1.0.100.202509120712/tools/bin/../lib/gcc/arm-none-eabi/13.3.1/../../../../arm-none-eabi/lib/thumb/v7e-m+dp/hard/libc_nano.a(libc_a-impure.o)
 .ARM.attributes
                0x0000064f       0x32 /opt/st/stm32cubeide_2.0.0_3/plugins/com.st.stm32cube.ide.mcu.externaltools.gnu-tools-for-stm32.13.3.rel1.linux64_1.0.100.202509120712/tools/bin/../lib/gcc/arm-none-eabi/13.3.1/../../../../arm-none-eabi/lib/thumb/v7e-m+dp/hard/libc_nano.a(libc_a-lseekr.o)
 .ARM.attributes
                0x00000681       0x32 /opt/st/stm32cubeide_2.0.0_3/plugins/com.st.stm32cube.ide.mcu.externaltools.gnu-tools-for-stm32.13.3.rel1.linux64_1.0.100.202509120712/tools/bin/../lib/gcc/arm-none-eabi/13.3.1/../../../../arm-none-eabi/lib/thumb/v7e-m+dp/hard/libc_nano.a(libc_a-readr.o)
 .ARM.attributes
                0x000006b3       0x32 /opt/st/stm32cubeide_2.0.0_3/plugins/com.st.stm32cube.ide.mcu.externaltools.gnu-tools-for-stm32.13.3.rel1.linux64_1.0.100.202509120712/tools/bin/../lib/gcc/arm-none-eabi/13.3.1/../../../../arm-none-eabi/lib/thumb/v7e-m+dp/hard/libc_nano.a(libc_a-writer.o)
 .ARM.attributes
                0x000006e5       0x32 /opt/st/stm32cubeide_2.0.0_3/plugins/com.st.stm32cube.ide.mcu.externaltools.gnu-tools-for-stm32.13.3.rel1.linux64_1.0.100.202509120712/tools/bin/../lib/gcc/arm-none-eabi/13.3.1/../../../../arm-none-eabi/lib/thumb/v7e-m+dp/hard/libc_nano.a(libc_a-errno.o)
 .ARM.attributes
                0x00000717       0x32 /opt/st/stm32cubeide_2.0.0_3/plugins/com.st.stm32cube.ide.mcu.externaltools.gnu-tools-for-stm32.13.3.rel1.linux64_1.0.100.202509120712/tools/bin/../lib/gcc/arm-none-eabi/13.3.1/../../../../arm-none-eabi/lib/thumb/v7e-m+dp/hard/libc_nano.a(libc_a-init.o)
 .ARM.attributes
                0x00000749       0x32 /opt/st/stm32cubeide_2.0.0_3/plugins/com.st.stm32cube.ide.mcu.externaltools.gnu-tools-for-stm32.13.3.rel1.linux64_1.0.100.202509120712/tools/bin/../lib/gcc/arm-none-eabi/13.3.1/../../../../arm-none-eabi/lib/thumb/v7e-m+dp/hard/libc_nano.a(libc_a-lock.o)
 .ARM.attributes
                0x0000077b       0x32 /opt/st/stm32cubeide_2.0.0_3/plugins/com.st.stm32cube.ide.mcu.externaltools.gnu-tools-for-stm32.13.3.rel1.linux64_1.0.100.202509120712/tools/bin/../lib/gcc/arm-none-eabi/13.3.1/../../../../arm-none-eabi/lib/thumb/v7e-m+dp/hard/libc_nano.a(libc_a-freer.o)
 .ARM.attributes
                0x000007ad       0x32 /opt/st/stm32cubeide_2.0.0_3/plugins/com.st.stm32cube.ide.mcu.externaltools.gnu-tools-for-stm32.13.3.rel1.linux64_1.0.100.202509120712/tools/bin/../lib/gcc/arm-none-eabi/13.3.1/../../../../arm-none-eabi/lib/thumb/v7e-m+dp/hard/libc_nano.a(libc_a-malloc.o)
 .ARM.attributes
                0x000007df       0x32 /opt/st/stm32cubeide_2.0.0_3/plugins/com.st.stm32cube.ide.mcu.externaltools.gnu-tools-for-stm32.13.3.rel1.linux64_1.0.100.202509120712/tools/bin/../lib/gcc/arm-none-eabi/13.3.1/../../../../arm-none-eabi/lib/thumb/v7e-m+dp/hard/libc_nano.a(libc_a-mallocr.o)
 .ARM.attributes
                0x00000811       0x32 /opt/st/stm32cubeide_2.0.0_3/plugins/com.st.stm32cube.ide.mcu.externaltools.gnu-tools-for-stm32.13.3.rel1.linux64_1.0.100.202509120712/tools/bin/../lib/gcc/arm-none-eabi/13.3.1/../../../../arm-none-eabi/lib/thumb/v7e-m+dp/hard/libc_nano.a(libc_a-mlock.o)
 .ARM.attributes
                0x00000843       0x32 /opt/st/stm32cubeide_2.0.0_3/plugins/com.st.stm32cube.ide.mcu.externaltools.gnu-tools-for-stm32.13.3.rel1.linux64_1.0.100.202509120712/tools/bin/../lib/gcc/arm-none-eabi/13.3.1/../../../../arm-none-eabi/lib/thumb/v7e-m+dp/hard/libc_nano.a(libc_a-nano-vfprintf.o)
 .ARM.attributes
                0x00000875       0x32 /opt/st/stm32cubeide_2.0.0_3/plugins/com.st.stm32cube.ide.mcu.externaltools.gnu-tools-for-stm32.13.3.rel1.linux64_1.0.100.202509120712/tools/bin/../lib/gcc/arm-none-eabi/13.3.1/../../../../arm-none-eabi/lib/thumb/v7e-m+dp/hard/libc_nano.a(libc_a-nano-vfprintf_i.o)
 .ARM.attributes
                0x000008a7       0x32 /opt/st/stm32cubeide_2.0.0_3/plugins/com.st.stm32cube.ide.mcu.externaltools.gnu-tools-for-stm32.13.3.rel1.linux64_1.0.100.202509120712/tools/bin/../lib/gcc/arm-none-eabi/13.3.1/../../../../arm-none-eabi/lib/thumb/v7e-m+dp/hard/libc_nano.a(libc_a-fflush.o)
 .ARM.attributes
                0x000008d9       0x32 /opt/st/stm32cubeide_2.0.0_3/plugins/com.st.stm32cube.ide.mcu.externaltools.gnu-tools-for-stm32.13.3.rel1.linux64_1.0.100.202509120712/tools/bin/../lib/gcc/arm-none-eabi/13.3.1/../../../../arm-none-eabi/lib/thumb/v7e-m+dp/hard/libc_nano.a(libc_a-makebuf.o)
 .ARM.attributes
                0x0000090b       0x32 /opt/st/stm32cubeide_2.0.0_3/plugins/com.st.stm32cube.ide.mcu.externaltools.gnu-tools-for-stm32.13.3.rel1.linux64_1.0.100.202509120712/tools/bin/../lib/gcc/arm-none-eabi/13.3.1/../../../../arm-none-eabi/lib/thumb/v7e-m+dp/hard/libc_nano.a(libc_a-fstatr.o)
 .ARM.attributes
                0x0000093d       0x32 /opt/st/stm32cubeide_2.0.0_3/plugins/com.st.stm32cube.ide.mcu.externaltools.gnu-tools-for-stm32.13.3.rel1.linux64_1.0.100.202509120712/tools/bin/../lib/gcc/arm-none-eabi/13.3.1/../../../../arm-none-eabi/lib/thumb/v7e-m+dp/hard/libc_nano.a(libc_a-isattyr.o)
 .ARM.attributes
                0x0000096f       0x32 /opt/st/stm32cubeide_2.0.0_3/plugins/com.st.stm32cube.ide.mcu.externaltools.gnu-tools-for-stm32.13.3.rel1.linux64_1.0.100.202509120712/tools/bin/../lib/gcc/arm-none-eabi/13.3.1/../../../../arm-none-eabi/lib/thumb/v7e-m+dp/hard/libc_nano.a(libc_a-sbrkr.o)
 .ARM.attributes
                0x000009a1       0x1c /opt/st/stm32cubeide_2.0.0_3/plugins/com.st.stm32cube.ide.mcu.externaltools.gnu-tools-for-stm32.13.3.rel1.linux64_1.0.100.202509120712/tools/bin/../lib/gcc/arm-none-eabi/13.3.1/../../../../arm-none-eabi/lib/thumb/v7e-m+dp/hard/libc_nano.a(libc_a-memchr.o)
 .ARM.attributes
                0x000009bd       0x20 /opt/st/stm32cubeide_2.0.0_3/plugins/com.st.stm32cube.ide.mcu.externaltools.gnu-tools-for-stm32.13.3.rel1.linux64_1.0.100.202509120712/tools/bin/../lib/gcc/arm-none-eabi/13.3.1/thumb/v7e-m+dp/hard/libgcc.a(_aeabi_uldivmod.o)
 .ARM.attributes
                0x000009dd       0x32 /opt/st/stm32cubeide_2.0.0_3/plugins/com.st.stm32cube.ide.mcu.externaltools.gnu-tools-for-stm32.13.3.rel1.linux64_1.0.100.202509120712/tools/bin/../lib/gcc/arm-none-eabi/13.3.1/thumb/v7e-m+dp/hard/libgcc.a(_udivmoddi4.o)
 .ARM.attributes
                0x00000a0f       0x20 /opt/st/stm32cubeide_2.0.0_3/plugins/com.st.stm32cube.ide.mcu.externaltools.gnu-tools-for-stm32.13.3.rel1.linux64_1.0.100.202509120712/tools/bin/../lib/gcc/arm-none-eabi/13.3.1/thumb/v7e-m+dp/hard/libgcc.a(_dvmd_tls.o)
 .ARM.attributes
                0x00000a2f       0x20 /opt/st/stm32cubeide_2.0.0_3/plugins/com.st.stm32cube.ide.mcu.externaltools.gnu-tools-for-stm32.13.3.rel1.linux64_1.0.100.202509120712/tools/bin/../lib/gcc/arm-none-eabi/13.3.1/thumb/v7e-m+dp/hard/crtn.o
OUTPUT(i2c_scanner.elf elf32-littlearm)
LOAD linker stubs
LOAD /opt/st/stm32cubeide_2.0.0_3/plugins/com.st.stm32cube.ide.mcu.externaltools.gnu-tools-for-stm32.13.3.rel1.linux64_1.0.100.202509120712/tools/bin/../lib/gcc/arm-none-eabi/13.3.1/../../../../arm-none-eabi/lib/thumb/v7e-m+dp/hard/libc.a
LOAD /opt/st/stm32cubeide_2.0.0_3/plugins/com.st.stm32cube.ide.mcu.externaltools.gnu-tools-for-stm32.13.3.rel1.linux64_1.0.100.202509120712/tools/bin/../lib/gcc/arm-none-eabi/13.3.1/../../../../arm-none-eabi/lib/thumb/v7e-m+dp/hard/libm.a
LOAD /opt/st/stm32cubeide_2.0.0_3/plugins/com.st.stm32cube.ide.mcu.externaltools.gnu-tools-for-stm32.13.3.rel1.linux64_1.0.100.202509120712/tools/bin/../lib/gcc/arm-none-eabi/13.3.1/thumb/v7e-m+dp/hard/libgcc.a

.debug_info     0x00000000    0x18381
 .debug_info    0x00000000     0x28f6 ./Core/Src/main.o
 .debug_info    0x000028f6     0x193d ./Core/Src/stm32h7xx_hal_msp.o
 .debug_info    0x00004233      0x128 ./Core/Src/stm32h7xx_it.o
 .debug_info    0x0000435b      0x6a3 ./Core/Src/syscalls.o
 .debug_info    0x000049fe      0x168 ./Core/Src/sysmem.o
 .debug_info    0x00004b66      0xdb2 ./Core/Src/system_stm32h7xx.o
 .debug_info    0x00005918       0x30 ./Core/Startup/startup_stm32h743zitx.o
 .debug_info    0x00005948     0x153b ./Drivers/STM32H7xx_HAL_Driver/Src/stm32h7xx_hal.o
 .debug_info    0x00006e83     0x1d84 ./Drivers/STM32H7xx_HAL_Driver/Src/stm32h7xx_hal_adc.o
 .debug_info    0x00008c07     0x1ea5 ./Drivers/STM32H7xx_HAL_Driver/Src/stm32h7xx_hal_adc_ex.o
 .debug_info    0x0000aaac     0x10b1 ./Drivers/STM32H7xx_HAL_Driver/Src/stm32h7xx_hal_cortex.o
 .debug_info    0x0000bb5d      0xc5a ./Drivers/STM32H7xx_HAL_Driver/Src/stm32h7xx_hal_gpio.o
 .debug_info    0x0000c7b7     0x22c9 ./Drivers/STM32H7xx_HAL_Driver/Src/stm32h7xx_hal_i2c.o
 .debug_info    0x0000ea80      0xd84 ./Drivers/STM32H7xx_HAL_Driver/Src/stm32h7xx_hal_i2c_ex.o
 .debug_info    0x0000f804     0x1012 ./Drivers/STM32H7xx_HAL_Driver/Src/stm32h7xx_hal_pwr_ex.o
 .debug_info    0x00010816      0xe6a ./Drivers/STM32H7xx_HAL_Driver/Src/stm32h7xx_hal_rcc.o
 .debug_info    0x00011680     0x1225 ./Drivers/STM32H7xx_HAL_Driver/Src/stm32h7xx_hal_rcc_ex.o
 .debug_info    0x000128a5     0x4b1d ./Drivers/STM32H7xx_HAL_Driver/Src/stm32h7xx_hal_uart.o
 .debug_info    0x000173c2      0xfbf ./Drivers/STM32H7xx_HAL_Driver/Src/stm32h7xx_hal_uart_ex.o

.debug_abbrev   0x00000000     0x2a36
 .debug_abbrev  0x00000000      0x381 ./Core/Src/main.o
 .debug_abbrev  0x00000381      0x250 ./Core/Src/stm32h7xx_hal_msp.o
 .debug_abbrev  0x000005d1       0x73 ./Core/Src/stm32h7xx_it.o
 .debug_abbrev  0x00000644      0x1b6 ./Core/Src/syscalls.o
 .debug_abbrev  0x000007fa       0xbc ./Core/Src/sysmem.o
 .debug_abbrev  0x000008b6      0x165 ./Core/Src/system_stm32h7xx.o
 .debug_abbrev  0x00000a1b       0x24 ./Core/Startup/startup_stm32h743zitx.o
 .debug_abbrev  0x00000a3f      0x295 ./Drivers/STM32H7xx_HAL_Driver/Src/stm32h7xx_hal.o
 .debug_abbrev  0x00000cd4      0x2d1 ./Drivers/STM32H7xx_HAL_Driver/Src/stm32h7xx_hal_adc.o
 .debug_abbrev  0x00000fa5      0x31a ./Drivers/STM32H7xx_HAL_Driver/Src/stm32h7xx_hal_adc_ex.o
 .debug_abbrev  0x000012bf      0x339 ./Drivers/STM32H7xx_HAL_Driver/Src/stm32h7xx_hal_cortex.o
 .debug_abbrev  0x000015f8      0x205 ./Drivers/STM32H7xx_HAL_Driver/Src/stm32h7xx_hal_gpio.o
 .debug_abbrev  0x000017fd      0x25d ./Drivers/STM32H7xx_HAL_Driver/Src/stm32h7xx_hal_i2c.o
 .debug_abbrev  0x00001a5a      0x1f5 ./Drivers/STM32H7xx_HAL_Driver/Src/stm32h7xx_hal_i2c_ex.o
 .debug_abbrev  0x00001c4f      0x2a7 ./Drivers/STM32H7xx_HAL_Driver/Src/stm32h7xx_hal_pwr_ex.o
 .debug_abbrev  0x00001ef6      0x2c8 ./Drivers/STM32H7xx_HAL_Driver/Src/stm32h7xx_hal_rcc.o
 .debug_abbrev  0x000021be      0x269 ./Drivers/STM32H7xx_HAL_Driver/Src/stm32h7xx_hal_rcc_ex.o
 .debug_abbrev  0x00002427      0x33d ./Drivers/STM32H7xx_HAL_Driver/Src/stm32h7xx_hal_uart.o
 .debug_abbrev  0x00002764      0x2d2 ./Drivers/STM32H7xx_HAL_Driver/Src/stm32h7xx_hal_uart_ex.o

.debug_aranges  0x00000000     0x1228
 .debug_aranges
                0x00000000       0x78 ./Core/Src/main.o
 .debug_aranges
                0x00000078       0x50 ./Core/Src/stm32h7xx_hal_msp.o
 .debug_aranges
                0x000000c8       0x60 ./Core/Src/stm32h7xx_it.o
 .debug_aranges
                0x00000128       0xa8 ./Core/Src/syscalls.o
 .debug_aranges
                0x000001d0       0x20 ./Core/Src/sysmem.o
 .debug_aranges
                0x000001f0       0x30 ./Core/Src/system_stm32h7xx.o
 .debug_aranges
                0x00000220       0x28 ./Core/Startup/startup_stm32h743zitx.o
 .debug_aranges
                0x00000248      0x198 ./Drivers/STM32H7xx_HAL_Driver/Src/stm32h7xx_hal.o
 .debug_aranges
                0x000003e0      0x230 ./Drivers/STM32H7xx_HAL_Driver/Src/stm32h7xx_hal_adc.o
 .debug_aranges
                0x00000610      0x1e0 ./Drivers/STM32H7xx_HAL_Driver/Src/stm32h7xx_hal_adc_ex.o
 .debug_aranges
                0x000007f0      0x130 ./Drivers/STM32H7xx_HAL_Driver/Src/stm32h7xx_hal_cortex.o
 .debug_aranges
                0x00000920       0x58 ./Drivers/STM32H7xx_HAL_Driver/Src/stm32h7xx_hal_gpio.o
 .debug_aranges
                0x00000978      0x2a0 ./Drivers/STM32H7xx_HAL_Driver/Src/stm32h7xx_hal_i2c.o
 .debug_aranges
                0x00000c18       0x48 ./Drivers/STM32H7xx_HAL_Driver/Src/stm32h7xx_hal_i2c_ex.o
 .debug_aranges
                0x00000c60      0x158 ./Drivers/STM32H7xx_HAL_Driver/Src/stm32h7xx_hal_pwr_ex.o
 .debug_aranges
                0x00000db8       0x88 ./Drivers/STM32H7xx_HAL_Driver/Src/stm32h7xx_hal_rcc.o
 .debug_aranges
                0x00000e40       0xf8 ./Drivers/STM32H7xx_HAL_Driver/Src/stm32h7xx_hal_rcc_ex.o
 .debug_aranges
                0x00000f38      0x248 ./Drivers/STM32H7xx_HAL_Driver/Src/stm32h7xx_hal_uart.o
 .debug_aranges
                0x00001180       0xa8 ./Drivers/STM32H7xx_HAL_Driver/Src/stm32h7xx_hal_uart_ex.o

.debug_rnglists
                0x00000000      0xe18
 .debug_rnglists
                0x00000000       0x5d ./Core/Src/main.o
 .debug_rnglists
                0x0000005d       0x3b ./Core/Src/stm32h7xx_hal_msp.o
 .debug_rnglists
                0x00000098       0x43 ./Core/Src/stm32h7xx_it.o
 .debug_rnglists
                0x000000db       0x79 ./Core/Src/syscalls.o
 .debug_rnglists
                0x00000154       0x13 ./Core/Src/sysmem.o
 .debug_rnglists
                0x00000167       0x21 ./Core/Src/system_stm32h7xx.o
 .debug_rnglists
                0x00000188       0x19 ./Core/Startup/startup_stm32h743zitx.o
 .debug_rnglists
                0x000001a1      0x131 ./Drivers/STM32H7xx_HAL_Driver/Src/stm32h7xx_hal.o
 .debug_rnglists
                0x000002d2      0x1af ./Drivers/STM32H7xx_HAL_Driver/Src/stm32h7xx_hal_adc.o
 .debug_rnglists
                0x00000481      0x175 ./Drivers/STM32H7xx_HAL_Driver/Src/stm32h7xx_hal_adc_ex.o
 .debug_rnglists
                0x000005f6       0xe0 ./Drivers/STM32H7xx_HAL_Driver/Src/stm32h7xx_hal_cortex.o
 .debug_rnglists
                0x000006d6       0x3f ./Drivers/STM32H7xx_HAL_Driver/Src/stm32h7xx_hal_gpio.o
 .debug_rnglists
                0x00000715      0x22a ./Drivers/STM32H7xx_HAL_Driver/Src/stm32h7xx_hal_i2c.o
 .debug_rnglists
                0x0000093f       0x35 ./Drivers/STM32H7xx_HAL_Driver/Src/stm32h7xx_hal_i2c_ex.o
 .debug_rnglists
                0x00000974      0x103 ./Drivers/STM32H7xx_HAL_Driver/Src/stm32h7xx_hal_pwr_ex.o
 .debug_rnglists
                0x00000a77       0x68 ./Drivers/STM32H7xx_HAL_Driver/Src/stm32h7xx_hal_rcc.o
 .debug_rnglists
                0x00000adf       0xc0 ./Drivers/STM32H7xx_HAL_Driver/Src/stm32h7xx_hal_rcc_ex.o
 .debug_rnglists
                0x00000b9f      0x1fa ./Drivers/STM32H7xx_HAL_Driver/Src/stm32h7xx_hal_uart.o
 .debug_rnglists
                0x00000d99       0x7f ./Drivers/STM32H7xx_HAL_Driver/Src/stm32h7xx_hal_uart_ex.o

.debug_macro    0x00000000    0x3784e
 .debug_macro   0x00000000      0x2f9 ./Core/Src/main.o
 .debug_macro   0x000002f9      0x238 ./Core/Src/main.o
 .debug_macro   0x00000531       0x2e ./Core/Src/main.o
 .debug_macro   0x0000055f       0x3b ./Core/Src/main.o
 .debug_macro   0x0000059a       0x1c ./Core/Src/main.o
 .debug_macro   0x000005b6       0x22 ./Core/Src/main.o
 .debug_macro   0x000005d8       0xfb ./Core/Src/main.o
 .debug_macro   0x000006d3     0x1305 ./Core/Src/main.o
 .debug_macro   0x000019d8      0x11f ./Core/Src/main.o
 .debug_macro   0x00001af7       0x27 ./Core/Src/main.o
 .debug_macro   0x00001b1e    0x25b9b ./Core/Src/main.o
 .debug_macro   0x000276b9       0x6d ./Core/Src/main.o
 .debug_macro   0x00027726     0x3d79 ./Core/Src/main.o
 .debug_macro   0x0002b49f       0x5d ./Core/Src/main.o
 .debug_macro   0x0002b4fc     0x2382 ./Core/Src/main.o
 .debug_macro   0x0002d87e     0x102c ./Core/Src/main.o
 .debug_macro   0x0002e8aa      0x154 ./Core/Src/main.o
 .debug_macro   0x0002e9fe      0x114 ./Core/Src/main.o
 .debug_macro   0x0002eb12      0x3b6 ./Core/Src/main.o
 .debug_macro   0x0002eec8       0xac ./Core/Src/main.o
 .debug_macro   0x0002ef74      0x72d ./Core/Src/main.o
 .debug_macro   0x0002f6a1      0x228 ./Core/Src/main.o
 .debug_macro   0x0002f8c9       0x66 ./Core/Src/main.o
 .debug_macro   0x0002f92f      0x3bb ./Core/Src/main.o
 .debug_macro   0x0002fcea      0x3e4 ./Core/Src/main.o
 .debug_macro   0x000300ce      0x275 ./Core/Src/main.o
 .debug_macro   0x00030343     0x1044 ./Core/Src/main.o
 .debug_macro   0x00031387      0x6cc ./Core/Src/main.o
 .debug_macro   0x00031a53      0x383 ./Core/Src/main.o
 .debug_macro   0x00031dd6      0x3ca ./Core/Src/main.o
 .debug_macro   0x000321a0      0x408 ./Core/Src/main.o
 .debug_macro   0x000325a8       0x51 ./Core/Src/main.o
 .debug_macro   0x000325f9       0x4a ./Core/Src/main.o
 .debug_macro   0x00032643      0x22c ./Core/Src/main.o
 .debug_macro   0x0003286f       0x67 ./Core/Src/main.o
 .debug_macro   0x000328d6       0xa5 ./Core/Src/main.o
 .debug_macro   0x0003297b      0x1c4 ./Core/Src/main.o
 .debug_macro   0x00032b3f      0x25e ./Core/Src/main.o
 .debug_macro   0x00032d9d       0x35 ./Core/Src/main.o
 .debug_macro   0x00032dd2      0x693 ./Core/Src/main.o
 .debug_macro   0x00033465       0xa6 ./Core/Src/main.o
 .debug_macro   0x0003350b      0x5ac ./Core/Src/main.o
 .debug_macro   0x00033ab7      0x11e ./Core/Src/main.o
 .debug_macro   0x00033bd5       0x1c ./Core/Src/main.o
 .debug_macro   0x00033bf1       0x3c ./Core/Src/main.o
 .debug_macro   0x00033c2d       0x10 ./Core/Src/main.o
 .debug_macro   0x00033c3d       0x1c ./Core/Src/main.o
 .debug_macro   0x00033c59       0x16 ./Core/Src/main.o
 .debug_macro   0x00033c6f      0x146 ./Core/Src/main.o
 .debug_macro   0x00033db5      0x2c5 ./Core/Src/stm32h7xx_hal_msp.o
 .debug_macro   0x0003407a      0x2cf ./Core/Src/stm32h7xx_it.o
 .debug_macro   0x00034349      0x274 ./Core/Src/syscalls.o
 .debug_macro   0x000345bd       0x5b ./Core/Src/syscalls.o
 .debug_macro   0x00034618       0x94 ./Core/Src/syscalls.o
 .debug_macro   0x000346ac       0x57 ./Core/Src/syscalls.o
 .debug_macro   0x00034703       0x10 ./Core/Src/syscalls.o
 .debug_macro   0x00034713       0x10 ./Core/Src/syscalls.o
 .debug_macro   0x00034723       0x10 ./Core/Src/syscalls.o
 .debug_macro   0x00034733       0x10 ./Core/Src/syscalls.o
 .debug_macro   0x00034743       0x1c ./Core/Src/syscalls.o
 .debug_macro   0x0003475f       0x52 ./Core/Src/syscalls.o
 .debug_macro   0x000347b1       0x22 ./Core/Src/syscalls.o
 .debug_macro   0x000347d3       0x10 ./Core/Src/syscalls.o
 .debug_macro   0x000347e3       0x52 ./Core/Src/syscalls.o
 .debug_macro   0x00034835       0xcf ./Core/Src/syscalls.o
 .debug_macro   0x00034904       0x1c ./Core/Src/syscalls.o
 .debug_macro   0x00034920       0x3d ./Core/Src/syscalls.o
 .debug_macro   0x0003495d       0x35 ./Core/Src/syscalls.o
 .debug_macro   0x00034992      0x12c ./Core/Src/syscalls.o
 .debug_macro   0x00034abe       0x16 ./Core/Src/syscalls.o
 .debug_macro   0x00034ad4       0x16 ./Core/Src/syscalls.o
 .debug_macro   0x00034aea       0x29 ./Core/Src/syscalls.o
 .debug_macro   0x00034b13       0x10 ./Core/Src/syscalls.o
 .debug_macro   0x00034b23      0x242 ./Core/Src/syscalls.o
 .debug_macro   0x00034d65       0x10 ./Core/Src/syscalls.o
 .debug_macro   0x00034d75      0x18a ./Core/Src/syscalls.o
 .debug_macro   0x00034eff       0x16 ./Core/Src/syscalls.o
 .debug_macro   0x00034f15       0xce ./Core/Src/syscalls.o
 .debug_macro   0x00034fe3      0x112 ./Core/Src/sysmem.o
 .debug_macro   0x000350f5      0x23c ./Core/Src/sysmem.o
 .debug_macro   0x00035331      0x2b6 ./Core/Src/system_stm32h7xx.o
 .debug_macro   0x000355e7      0x2e0 ./Drivers/STM32H7xx_HAL_Driver/Src/stm32h7xx_hal.o
 .debug_macro   0x000358c7      0x2da ./Drivers/STM32H7xx_HAL_Driver/Src/stm32h7xx_hal_adc.o
 .debug_macro   0x00035ba1      0x2c2 ./Drivers/STM32H7xx_HAL_Driver/Src/stm32h7xx_hal_adc_ex.o
 .debug_macro   0x00035e63      0x2b6 ./Drivers/STM32H7xx_HAL_Driver/Src/stm32h7xx_hal_cortex.o
 .debug_macro   0x00036119      0x2bd ./Drivers/STM32H7xx_HAL_Driver/Src/stm32h7xx_hal_gpio.o
 .debug_macro   0x000363d6      0x382 ./Drivers/STM32H7xx_HAL_Driver/Src/stm32h7xx_hal_i2c.o
 .debug_macro   0x00036758      0x2b6 ./Drivers/STM32H7xx_HAL_Driver/Src/stm32h7xx_hal_i2c_ex.o
 .debug_macro   0x00036a0e      0x2ef ./Drivers/STM32H7xx_HAL_Driver/Src/stm32h7xx_hal_pwr_ex.o
 .debug_macro   0x00036cfd      0x2da ./Drivers/STM32H7xx_HAL_Driver/Src/stm32h7xx_hal_rcc.o
 .debug_macro   0x00036fd7      0x2d4 ./Drivers/STM32H7xx_HAL_Driver/Src/stm32h7xx_hal_rcc_ex.o
 .debug_macro   0x000372ab      0x2e1 ./Drivers/STM32H7xx_HAL_Driver/Src/stm32h7xx_hal_uart.o
 .debug_macro   0x0003758c      0x2c2 ./Drivers/STM32H7xx_HAL_Driver/Src/stm32h7xx_hal_uart_ex.o

.debug_line     0x00000000    0x16df2
 .debug_line    0x00000000      0xc77 ./Core/Src/main.o
 .debug_line    0x00000c77      0x9c3 ./Core/Src/stm32h7xx_hal_msp.o
 .debug_line    0x0000163a      0x8e3 ./Core/Src/stm32h7xx_it.o
 .debug_line    0x00001f1d      0x7f0 ./Core/Src/syscalls.o
 .debug_line    0x0000270d      0x4cc ./Core/Src/sysmem.o
 .debug_line    0x00002bd9      0xa33 ./Core/Src/system_stm32h7xx.o
 .debug_line    0x0000360c       0x7b ./Core/Startup/startup_stm32h743zitx.o
 .debug_line    0x00003687      0xe0c ./Drivers/STM32H7xx_HAL_Driver/Src/stm32h7xx_hal.o
 .debug_line    0x00004493     0x22da ./Drivers/STM32H7xx_HAL_Driver/Src/stm32h7xx_hal_adc.o
 .debug_line    0x0000676d     0x1ea6 ./Drivers/STM32H7xx_HAL_Driver/Src/stm32h7xx_hal_adc_ex.o
 .debug_line    0x00008613      0xdf6 ./Drivers/STM32H7xx_HAL_Driver/Src/stm32h7xx_hal_cortex.o
 .debug_line    0x00009409      0xc95 ./Drivers/STM32H7xx_HAL_Driver/Src/stm32h7xx_hal_gpio.o
 .debug_line    0x0000a09e     0x3b83 ./Drivers/STM32H7xx_HAL_Driver/Src/stm32h7xx_hal_i2c.o
 .debug_line    0x0000dc21      0x99a ./Drivers/STM32H7xx_HAL_Driver/Src/stm32h7xx_hal_i2c_ex.o
 .debug_line    0x0000e5bb      0xf90 ./Drivers/STM32H7xx_HAL_Driver/Src/stm32h7xx_hal_pwr_ex.o
 .debug_line    0x0000f54b     0x14b3 ./Drivers/STM32H7xx_HAL_Driver/Src/stm32h7xx_hal_rcc.o
 .debug_line    0x000109fe     0x1dbf ./Drivers/STM32H7xx_HAL_Driver/Src/stm32h7xx_hal_rcc_ex.o
 .debug_line    0x000127bd     0x3893 ./Drivers/STM32H7xx_HAL_Driver/Src/stm32h7xx_hal_uart.o
 .debug_line    0x00016050      0xda2 ./Drivers/STM32H7xx_HAL_Driver/Src/stm32h7xx_hal_uart_ex.o

.debug_str      0x00000000   0x16f458
 .debug_str     0x00000000   0x16f458 ./Core/Src/main.o
                             0x168793 (size before relaxing)
 .debug_str     0x0016f458        0x0 ./Core/Src/stm32h7xx_hal_msp.o
                             0x1678a4 (size before relaxing)
 .debug_str     0x0016f458        0x0 ./Core/Src/stm32h7xx_it.o
                             0x166786 (size before relaxing)
 .debug_str     0x0016f458        0x0 ./Core/Src/syscalls.o
                               0x9a3d (size before relaxing)
 .debug_str     0x0016f458        0x0 ./Core/Src/sysmem.o
                               0x77db (size before relaxing)
 .debug_str     0x0016f458        0x0 ./Core/Src/system_stm32h7xx.o
                             0x16666d (size before relaxing)
 .debug_str     0x0016f458        0x0 ./Core/Startup/startup_stm32h743zitx.o
                                 0x7f (size before relaxing)
 .debug_str     0x0016f458        0x0 ./Drivers/STM32H7xx_HAL_Driver/Src/stm32h7xx_hal.o
                             0x167544 (size before relaxing)
 .debug_str     0x0016f458        0x0 ./Drivers/STM32H7xx_HAL_Driver/Src/stm32h7xx_hal_adc.o
                             0x1673eb (size before relaxing)
 .debug_str     0x0016f458        0x0 ./Drivers/STM32H7xx_HAL_Driver/Src/stm32h7xx_hal_adc_ex.o
                             0x16742a (size before relaxing)
 .debug_str     0x0016f458        0x0 ./Drivers/STM32H7xx_HAL_Driver/Src/stm32h7xx_hal_cortex.o
                             0x166f7f (size before relaxing)
 .debug_str     0x0016f458        0x0 ./Drivers/STM32H7xx_HAL_Driver/Src/stm32h7xx_hal_gpio.o
                             0x1665e5 (size before relaxing)
 .debug_str     0x0016f458        0x0 ./Drivers/STM32H7xx_HAL_Driver/Src/stm32h7xx_hal_i2c.o
                             0x167686 (size before relaxing)
 .debug_str     0x0016f458        0x0 ./Drivers/STM32H7xx_HAL_Driver/Src/stm32h7xx_hal_i2c_ex.o
                             0x166a2a (size before relaxing)
 .debug_str     0x0016f458        0x0 ./Drivers/STM32H7xx_HAL_Driver/Src/stm32h7xx_hal_pwr_ex.o
                             0x166aa6 (size before relaxing)
 .debug_str     0x0016f458        0x0 ./Drivers/STM32H7xx_HAL_Driver/Src/stm32h7xx_hal_rcc.o
                             0x1669c9 (size before relaxing)
 .debug_str     0x0016f458        0x0 ./Drivers/STM32H7xx_HAL_Driver/Src/stm32h7xx_hal_rcc_ex.o
                             0x166eaa (size before relaxing)
 .debug_str     0x0016f458        0x0 ./Drivers/STM32H7xx_HAL_Driver/Src/stm32h7xx_hal_uart.o
                             0x16750a (size before relaxing)
 .debug_str     0x0016f458        0x0 ./Drivers/STM32H7xx_HAL_Driver/Src/stm32h7xx_hal_uart_ex.o
                             0x166aca (size before relaxing)

.comment        0x00000000       0x43
 .comment       0x00000000       0x43 ./Core/Src/main.o
                                 0x44 (size before relaxing)
 .comment       0x00000043        0x0 ./Core/Src/stm32h7xx_hal_msp.o