../Core/Inc/hexapod/ServoDriver.hpp:17:16:PCA9685_t* ServoDriver::handle()	16	static
../Core/Inc/hexapod/IMUSensor.hpp:8:5:IMUSensor::IMUSensor()	16	static
../Core/Inc/hexapod/IMUSensor.hpp:14:23:const IMU_Data_t& IMUSensor::data() const	16	static
../Core/Inc/hexapod/ToFSensor.hpp:7:5:ToFSensor::ToFSensor()	16	static
../Core/Inc/hexapod/ToFSensor.hpp:12:14:uint16_t ToFSensor::distanceMm() const	16	static
../Core/Inc/loko_input.h:106:21:float loko_axis(const LokoInputPad*, LokoInputID)	16	static
../Core/Inc/hexapod/Controller.hpp:7:14:Controller::Controller(LokoInputPad&)	16	static
../Core/Inc/hexapod/Controller.hpp:9:11:void Controller::update(const float*)	16	static
../Core/Inc/hexapod/Controller.hpp:18:11:float Controller::axis(LokoInputID) const	16	static
../Core/Inc/hexapod/Locomotion.hpp:11:5:Locomotion::Locomotion()	16	static
../Core/Inc/hexapod/Locomotion.hpp:27:23:Controller& Locomotion::controller()	16	static
../Core/Inc/hexapod/Locomotion.hpp:30:22:LokoState& Locomotion::raw()	16	static
../Core/Src/hexapod/HexapodRobot.cpp:14:1:HexapodRobot::HexapodRobot(I2C_HandleTypeDef*, TIM_HandleTypeDef*, UART_HandleTypeDef*, ADC_HandleTypeDef*, ADC_HandleTypeDef*, ADC_HandleTypeDef*)	32	static
../Core/Src/hexapod/HexapodRobot.cpp:30:6:bool HexapodRobot::init()	56	static
../Core/Src/hexapod/HexapodRobot.cpp:89:6:void HexapodRobot::update(float)	152	static
