../Core/Inc/loko_input.h:102:21:loko_axis	16	static
../Core/Src/main.c:81:10:tof_get_distance_mm	4	static
../Core/Src/main.c:117:13:I2C_BusClear	40	static
../Core/Src/main.c:185:13:I2C1_Init	8	static
../Core/Src/main.c:202:13:center_all_servos	16	static
../Core/Src/main.c:216:5:main	192	static
../Core/Src/main.c:508:6:SystemClock_Config	120	static
../Core/Src/main.c:566:6:PeriphCommonClock_Config	200	static
../Core/Src/main.c:593:13:MX_ADC1_Init	48	static
../Core/Src/main.c:662:13:MX_ADC2_Init	40	static
../Core/Src/main.c:722:13:MX_ADC3_Init	40	static
../Core/Src/main.c:782:13:MX_TIM1_Init	112	static
../Core/Src/main.c:866:13:MX_USART1_UART_Init	8	static
../Core/Src/main.c:912:13:MX_DMA_Init	16	static
../Core/Src/main.c:936:13:MX_GPIO_Init	64	static
../Core/Src/main.c:1036:6:MPU_Config	24	static
../Core/Src/main.c:1067:6:Error_Handler	4	static,ignoring_inline_asm
