../Core/Src/uart_protocol.c:50:5:_write	24	static
../Core/Src/uart_protocol.c:55:5:__io_putchar	24	static
../Core/Src/uart_protocol.c:63:12:parse_floats	48	static
../Core/Src/uart_protocol.c:82:12:parse_ints	48	static
../Core/Src/uart_protocol.c:102:13:handle_servo	96	static
../Core/Src/uart_protocol.c:125:13:handle_stream	16	static
../Core/Src/uart_protocol.c:132:6:handle_current	88	static
../Core/Src/uart_protocol.c:155:13:handle_battery	16	static
../Core/Src/uart_protocol.c:165:13:handle_led_r	72	static
../Core/Src/uart_protocol.c:178:13:handle_led_l	72	static
../Core/Src/uart_protocol.c:191:13:handle_tof	16	static
../Core/Src/uart_protocol.c:197:13:handle_imu	80	static
../Core/Src/uart_protocol.c:207:13:handle_mode	24	static
../Core/Src/uart_protocol.c:222:13:handle_stab	24	static
../Core/Src/uart_protocol.c:237:13:handle_tilt	32	static
../Core/Src/uart_protocol.c:247:13:handle_state	16	static
../Core/Src/uart_protocol.c:264:13:handle_controll	56	static
../Core/Src/uart_protocol.c:282:13:handle_ledc	32	static
../Core/Src/uart_protocol.c:296:13:dispatch_line	32	static
../Core/Src/uart_protocol.c:330:13:rx_poll	16	static
../Core/Src/uart_protocol.c:369:6:UART_Protocol_RX_Callback	16	static
../Core/Src/uart_protocol.c:393:13:stream_tick	96	static
../Core/Src/uart_protocol.c:419:6:UART_Protocol_Init	24	static
../Core/Src/uart_protocol.c:441:6:UART_Update	8	static
../Core/Src/uart_protocol.c:447:31:UART_GetController	4	static
../Core/Src/uart_protocol.c:448:31:UART_GetState	4	static
../Core/Src/uart_protocol.c:449:31:UART_GetRightLEDs	4	static
../Core/Src/uart_protocol.c:450:31:UART_GetLeftLEDs	4	static
../Core/Src/uart_protocol.c:451:31:UART_GetControllerLED	4	static
