../Core/Src/ws2812b.c:27:6:ws2812_init	32	static
../Core/Src/ws2812b.c:63:6:ws2812_set_pixel	16	static
../Core/Src/ws2812b.c:72:6:ws2812_clear	16	static
../Core/Src/ws2812b.c:77:13:ws_encode	48	static
../Core/Src/ws2812b.c:98:6:ws2812_show	16	static
../Core/Src/ws2812b.c:135:6:ws2812_is_busy	16	static
../Core/Src/ws2812b.c:142:13:hsv_to_rgb	32	static
../Core/Src/ws2812b.c:162:6:ws2812_set_pixel_hsv	40	static
../Core/Src/ws2812b.c:179:17:sine16	40	static
../Core/Src/ws2812b.c:247:13:ws_switch_mode	16	static
../Core/Src/ws2812b.c:254:6:ws2812_mode_off	8	static
../Core/Src/ws2812b.c:259:6:ws2812_mode_solid	16	static
../Core/Src/ws2812b.c:265:6:ws2812_mode_morph	16	static
../Core/Src/ws2812b.c:270:6:ws2812_mode_morph_red	8	static
../Core/Src/ws2812b.c:271:6:ws2812_mode_morph_green	8	static
../Core/Src/ws2812b.c:272:6:ws2812_mode_morph_blue	8	static
../Core/Src/ws2812b.c:274:6:ws2812_mode_pulse	16	static
../Core/Src/ws2812b.c:279:6:ws2812_mode_pulse_red	8	static
../Core/Src/ws2812b.c:281:6:ws2812_mode_loading	8	static
../Core/Src/ws2812b.c:293:6:ws2812_mode_hue_cycle	16	static
../Core/Src/ws2812b.c:301:6:ws2812_mode_cycle_blues	8	static
../Core/Src/ws2812b.c:306:6:ws2812_mode_cycle_warms	8	static
../Core/Src/ws2812b.c:311:6:ws2812_mode_cycle_greens	8	static
../Core/Src/ws2812b.c:319:13:render_solid	32	static
../Core/Src/ws2812b.c:331:13:render_morph	32	static
../Core/Src/ws2812b.c:347:13:render_pulse	56	static
../Core/Src/ws2812b.c:371:13:load_pos_to_sl	24	static
../Core/Src/ws2812b.c:382:13:render_loading	40	static
../Core/Src/ws2812b.c:408:17:hue_lerp	24	static
../Core/Src/ws2812b.c:419:13:render_hue_cycle	56	static
../Core/Src/ws2812b.c:450:6:ws2812_tick	16	static
../Core/Src/ws2812b.c:484:6:HAL_TIM_PWM_PulseFinishedCallback	16	static
