../Core/Src/ws2812b.c:27:6:ws2812_init	32	static
../Core/Src/ws2812b.c:63:6:ws2812_set_pixel	16	static
../Core/Src/ws2812b.c:72:6:ws2812_clear	16	static
../Core/Src/ws2812b.c:77:13:ws_encode	48	static
../Core/Src/ws2812b.c:98:6:ws2812_show	16	static
../Core/Src/ws2812b.c:135:6:ws2812_is_busy	16	static
../Core/Src/ws2812b.c:142:13:hsv_to_rgb	32	static
../Core/Src/ws2812b.c:162:6:ws2812_set_pixel_hsv	40	static
../Core/Src/ws2812b.c:179:17:sine16	40	static
../Core/Src/ws2812b.c:254:13:ws_switch_mode	40	static
../Core/Src/ws2812b.c:267:6:ws2812_mode_off	8	static
../Core/Src/ws2812b.c:272:6:ws2812_mode_solid	16	static
../Core/Src/ws2812b.c:278:6:ws2812_mode_morph	16	static
../Core/Src/ws2812b.c:283:6:ws2812_mode_morph_red	8	static
../Core/Src/ws2812b.c:284:6:ws2812_mode_morph_green	8	static
../Core/Src/ws2812b.c:285:6:ws2812_mode_morph_blue	8	static
../Core/Src/ws2812b.c:287:6:ws2812_mode_pulse	16	static
../Core/Src/ws2812b.c:292:6:ws2812_mode_pulse_red	8	static
../Core/Src/ws2812b.c:294:6:ws2812_mode_loading	8	static
../Core/Src/ws2812b.c:306:6:ws2812_mode_hue_cycle	16	static
../Core/Src/ws2812b.c:314:6:ws2812_mode_cycle_blues	8	static
../Core/Src/ws2812b.c:319:6:ws2812_mode_cycle_warms	8	static
../Core/Src/ws2812b.c:324:6:ws2812_mode_cycle_greens	8	static
../Core/Src/ws2812b.c:332:13:render_solid	32	static
../Core/Src/ws2812b.c:351:13:render_morph	32	static
../Core/Src/ws2812b.c:370:13:render_pulse	56	static
../Core/Src/ws2812b.c:394:13:load_pos_to_sl	24	static
../Core/Src/ws2812b.c:405:13:render_loading	64	static
../Core/Src/ws2812b.c:442:17:hue_lerp	24	static
../Core/Src/ws2812b.c:453:13:render_hue_cycle	56	static
../Core/Src/ws2812b.c:484:6:ws2812_tick	56	static
../Core/Src/ws2812b.c:538:6:HAL_TIM_PWM_PulseFinishedCallback	16	static
