../Core/Src/ws2812b.cpp:27:6:void ws2812_init(TIM_HandleTypeDef*)	32	static
../Core/Src/ws2812b.cpp:63:6:void ws2812_set_pixel(ws2812_strip_t, uint8_t, uint8_t, uint8_t, uint8_t)	16	static
../Core/Src/ws2812b.cpp:72:6:void ws2812_clear(ws2812_strip_t)	16	static
../Core/Src/ws2812b.cpp:77:13:void ws_encode(ws2812_strip_t)	48	static
../Core/Src/ws2812b.cpp:98:6:bool ws2812_show(ws2812_strip_t)	16	static
../Core/Src/ws2812b.cpp:135:6:bool ws2812_is_busy(ws2812_strip_t)	16	static
../Core/Src/ws2812b.cpp:142:13:void hsv_to_rgb(uint16_t, uint8_t, uint8_t*, uint8_t*, uint8_t*)	32	static
../Core/Src/ws2812b.cpp:162:6:void ws2812_set_pixel_hsv(ws2812_strip_t, uint8_t, uint16_t, uint8_t)	40	static
../Core/Src/ws2812b.cpp:179:17:uint16_t sine16(uint16_t)	40	static
../Core/Src/ws2812b.cpp:254:13:void ws_switch_mode(ws_mode_t)	40	static
../Core/Src/ws2812b.cpp:267:6:void ws2812_mode_off()	8	static
../Core/Src/ws2812b.cpp:272:6:void ws2812_mode_solid(uint8_t, uint8_t, uint8_t)	16	static
../Core/Src/ws2812b.cpp:278:6:void ws2812_mode_morph(uint16_t)	16	static
../Core/Src/ws2812b.cpp:283:6:void ws2812_mode_morph_red()	8	static
../Core/Src/ws2812b.cpp:284:6:void ws2812_mode_morph_green()	8	static
../Core/Src/ws2812b.cpp:285:6:void ws2812_mode_morph_blue()	8	static
../Core/Src/ws2812b.cpp:287:6:void ws2812_mode_pulse(uint8_t, uint8_t, uint8_t)	16	static
../Core/Src/ws2812b.cpp:292:6:void ws2812_mode_pulse_red()	8	static
../Core/Src/ws2812b.cpp:294:6:void ws2812_mode_loading()	8	static
../Core/Src/ws2812b.cpp:306:6:void ws2812_mode_hue_cycle(const uint16_t*, uint8_t)	16	static
../Core/Src/ws2812b.cpp:314:6:void ws2812_mode_cycle_blues()	8	static
../Core/Src/ws2812b.cpp:319:6:void ws2812_mode_cycle_warms()	8	static
../Core/Src/ws2812b.cpp:324:6:void ws2812_mode_cycle_greens()	8	static
../Core/Src/ws2812b.cpp:332:13:void render_solid()	32	static
../Core/Src/ws2812b.cpp:351:13:void render_morph(uint32_t)	32	static
../Core/Src/ws2812b.cpp:370:13:void render_pulse(uint32_t)	56	static
../Core/Src/ws2812b.cpp:394:13:void load_pos_to_sl(uint8_t, ws2812_strip_t*, uint8_t*)	24	static
../Core/Src/ws2812b.cpp:405:13:void render_loading(uint32_t)	64	static
../Core/Src/ws2812b.cpp:442:17:uint16_t hue_lerp(uint16_t, uint16_t, uint8_t)	24	static
../Core/Src/ws2812b.cpp:453:13:void render_hue_cycle(uint32_t)	56	static
../Core/Src/ws2812b.cpp:484:6:void ws2812_tick()	56	static
../Core/Src/ws2812b.cpp:538:6:void HAL_TIM_PWM_PulseFinishedCallback(TIM_HandleTypeDef*)	16	static
