../Core/Src/main.c:44:5:_write	24	static
../Core/Src/main.c:66:13:set_servo	24	static
../Core/Src/main.c:82:13:print_calibration	16	static
../Core/Src/main.c:98:13:uart_process_byte	32	static
../Core/Src/main.c:128:5:main	24	static
../Core/Src/main.c:195:6:SystemClock_Config	120	static
../Core/Src/main.c:224:6:PeriphCommonClock_Config	200	static
../Core/Src/main.c:240:13:MX_ADC1_Init	48	static
../Core/Src/main.c:273:13:MX_ADC2_Init	40	static
../Core/Src/main.c:303:13:MX_ADC3_Init	40	static
../Core/Src/main.c:333:13:MX_I2C1_Init	8	static
../Core/Src/main.c:349:13:MX_USART1_UART_Init	8	static
../Core/Src/main.c:368:13:MX_GPIO_Init	56	static
../Core/Src/main.c:428:6:MPU_Config	24	static
../Core/Src/main.c:447:6:Error_Handler	4	static,ignoring_inline_asm
