../Core/Src/main.c:35:5:_write	24	static
../Core/Src/main.c:42:5:main	16	static
../Core/Src/main.c:121:6:SystemClock_Config	120	static
../Core/Src/main.c:175:6:PeriphCommonClock_Config	200	static
../Core/Src/main.c:202:13:MX_ADC1_Init	48	static
../Core/Src/main.c:271:13:MX_ADC2_Init	40	static
../Core/Src/main.c:331:13:MX_ADC3_Init	40	static
../Core/Src/main.c:391:13:MX_I2C1_Init	8	static
../Core/Src/main.c:439:13:MX_USART1_UART_Init	8	static
../Core/Src/main.c:487:13:MX_GPIO_Init	56	static
../Core/Src/main.c:584:6:MPU_Config	24	static
../Core/Src/main.c:615:6:Error_Handler	4	static,ignoring_inline_asm
